yarn run v1.22.22
$ vitest run

[1m[46m RUN [49m[22m [36mv4.0.18 [39m[90mC:/Users/fmaiocch/runnable/SELFCARE/selfcare-onboarding-frontend[39m

[90mstdout[2m | src/views/onboardingProduct/__tests__/OnboardingProduct.interop.test.tsx
[22m[39m🌐 i18next is maintained with support from Locize — consider powering your project with managed localization (AI, CDN, integrations): https://locize.com 💙

[90mstdout[2m | src/views/onboardingUser/__tests__/OnboardingUser.test.tsx
[22m[39m🌐 i18next is maintained with support from Locize — consider powering your project with managed localization (AI, CDN, integrations): https://locize.com 💙

[90mstdout[2m | src/views/onboardingProduct/__tests__/OnboardingProduct.general.test.tsx
[22m[39m🌐 i18next is maintained with support from Locize — consider powering your project with managed localization (AI, CDN, integrations): https://locize.com 💙

[90mstdout[2m | src/views/onboardingProduct/__tests__/OnboardingProduct.pagopa.test.tsx
[22m[39m🌐 i18next is maintained with support from Locize — consider powering your project with managed localization (AI, CDN, integrations): https://locize.com 💙

[90mstdout[2m | src/views/onboardingProduct/__tests__/OnboardingProduct.idpay-merchant.test.tsx
[22m[39m🌐 i18next is maintained with support from Locize — consider powering your project with managed localization (AI, CDN, integrations): https://locize.com 💙

[90mstdout[2m | src/views/onboardingPremium/__tests__/OnboardingPremium.test.tsx
[22m[39m🌐 i18next is maintained with support from Locize — consider powering your project with managed localization (AI, CDN, integrations): https://locize.com 💙

[90mstdout[2m | src/views/onboardingProduct/__tests__/OnboardingProduct.ced.test.tsx
[22m[39m🌐 i18next is maintained with support from Locize — consider powering your project with managed localization (AI, CDN, integrations): https://locize.com 💙

[90mstdout[2m | src/views/onboardingProduct/__tests__/OnboardingProduct.io.test.tsx
[22m[39m🌐 i18next is maintained with support from Locize — consider powering your project with managed localization (AI, CDN, integrations): https://locize.com 💙

[90mstdout[2m | src/components/onboardingFormData/taxonomy/__tests__/GeoTaxonomySection.test.tsx
[22m[39m🌐 i18next is maintained with support from Locize — consider powering your project with managed localization (AI, CDN, integrations): https://locize.com 💙

[90mstdout[2m | src/views/onboardingRequest/cancel/__tests__/CancelRequestComponent.test.tsx
[22m[39m🌐 i18next is maintained with support from Locize — consider powering your project with managed localization (AI, CDN, integrations): https://locize.com 💙

[90mstdout[2m | src/views/onboardingRequest/complete/__tests__/CompleteRequestComponent.test.tsx
[22m[39m🌐 i18next is maintained with support from Locize — consider powering your project with managed localization (AI, CDN, integrations): https://locize.com 💙

[90mstdout[2m | src/components/onboardingFormData/taxonomy/__tests__/GeoTaxonomySection.test.tsx[2m > [22m[2mshould render GeoTaxonomySection with empty retrievedTaxonomies
[22m[39museHistory { value: [] }

[90mstdout[2m | src/views/onboardingUser/__tests__/OnboardingUser.test.tsx[2m > [22m[2mTest: Successfull added new user for a party who has already onboarded to the PagoPA platform product
[22m[39mTesting step add manager..

[90mstdout[2m | src/views/onboardingPremium/__tests__/OnboardingPremium.test.tsx[2m > [22m[2mTest: Error retrieving onboarding info for prod-io-premium
[22m[39mTesting step select institution..

[90mstdout[2m | src/components/onboardingFormData/taxonomy/__tests__/GeoTaxonomySection.test.tsx[2m > [22m[2mshould render GeoTaxonomySection with mocked retrievedTaxonomies and click on local radio button for changing the value of autocomplete
[22m[39museHistory { value: [] }
useHistory { value: [ { code: [32m'ITA'[39m, desc: [32m'ITALIA'[39m } ] }
useHistory { value: [ { code: [32m''[39m, desc: [32m''[39m } ] }

[90mstdout[2m | src/views/onboardingPremium/__tests__/OnboardingPremium.test.tsx[2m > [22m[2mTest: Successfully complete onboarding request for prod-io-premium
[22m[39mTesting step select institution..

[90mstdout[2m | src/views/onboardingRequest/complete/__tests__/CompleteRequestComponent.test.tsx[2m > [22m[2mTest: The jwt exist and the request is correctly retrieved and waiting for upload/download contract, starting the upload flow
[22m[39museHistory { value: [33m1[39m }
useHistory { value: [] }

 [31m❯[39m src/views/onboardingRequest/cancel/__tests__/CancelRequestComponent.test.tsx [2m([22m[2m6 tests[22m[2m | [22m[31m4 failed[39m[2m)[22m[33m 10461[2mms[22m[39m
   [33m[2m✓[22m[39m Test: The onboarding request can't be cancel because is not found (jwt queryparam is empty) [33m 4088[2mms[22m[39m
[31m   [31m×[31m Test: The onboarding request can't be cancel because is not found (not found the request jwt)[39m[33m 1509[2mms[22m[39m
[31m   [31m×[31m Test: The onboarding request can't be cancel because is already approved[39m[33m 1458[2mms[22m[39m
[31m   [31m×[31m Test: The onboarding request can't be cancel because is expired[39m[33m 1461[2mms[22m[39m
[31m   [31m×[31m Test: The jwt exist and the request is correctly retrieved, cancel onboarding request flow is started and correcly deleted[39m[33m 1050[2mms[22m[39m
   [33m[2m✓[22m[39m Test: The jwt exist and the request is correctly retrieved, cancel onboarding request flow is started and NOT correcly deleted [33m 879[2mms[22m[39m
[90mstdout[2m | src/components/onboardingFormData/taxonomy/__tests__/GeoTaxonomySection.test.tsx[2m > [22m[2mshould render GeoTaxonomySection with mocked retrievedTaxonomies and click on national radio button
[22m[39museHistory { value: [] }
useHistory { value: [ { code: [32m'ITA'[39m, desc: [32m'ITALIA'[39m } ] }

 [31m❯[39m src/views/onboardingRequest/complete/__tests__/CompleteRequestComponent.test.tsx [2m([22m[2m5 tests[22m[2m | [22m[31m3 failed[39m[2m)[22m[33m 10370[2mms[22m[39m
   [33m[2m✓[22m[39m Test: The jwt is not present and the onboarding request is not retrieved, so the error page is showed [33m 3271[2mms[22m[39m
[31m   [31m×[31m Test: The jwt is non-existent and the onboarding request is not retrieved, so the error page is showed[39m[33m 1236[2mms[22m[39m
[31m   [31m×[31m Test: The jwt exist and the request is correct retrieved, but it is already approved[39m[33m 1116[2mms[22m[39m
[31m   [31m×[31m Test: The jwt exist but is expired[39m[33m 1142[2mms[22m[39m
   [33m[2m✓[22m[39m Test: The jwt exist and the request is correctly retrieved and waiting for upload/download contract, starting the upload flow [33m 3590[2mms[22m[39m
[90mstdout[2m | src/views/onboardingUser/__tests__/OnboardingUser.test.tsx[2m > [22m[2mTest: Successfull added new user for a party who has already onboarded to the PagoPA platform product
[22m[39mTesting step add admin..
ADD USER FLOW [33mtrue[39m

[90mstdout[2m | src/components/onboardingFormData/taxonomy/__tests__/GeoTaxonomySection.test.tsx[2m > [22m[2mshould render GeoTaxonomySection with mocked retrievedTaxonomies and code !== ITA
[22m[39museHistory { value: [] }
useHistory {
  value: [
    {
      code: [32m'not ita'[39m,
      desc: [32m'ITALIA'[39m,
      region: [32m'12'[39m,
      province: [32m'058'[39m,
      provinceAbbreviation: [32m'RM'[39m,
      country: [32m'ITA'[39m,
      countryAbbreviation: [32m'IT'[39m,
      startDate: [32m'1871-01-15'[39m,
      endDate: [1mnull[22m,
      enable: [33mtrue[39m
    },
    {
      code: [32m'015143'[39m,
      desc: [32m'Milano - Comune'[39m,
      region: [32m'03'[39m,
      province: [32m'015'[39m,
      provinceAbbreviation: [32m'MI'[39m,
      country: [32m'ITA'[39m,
      countryAbbreviation: [32m'IT'[39m,
      startDate: [32m'1861-03-18'[39m,
      endDate: [1mnull[22m,
      enable: [33mtrue[39m
    }
  ]
}

 [31m❯[39m src/components/onboardingFormData/taxonomy/__tests__/GeoTaxonomySection.test.tsx [2m([22m[2m4 tests[22m[2m | [22m[31m1 failed[39m[2m)[22m[33m 8678[2mms[22m[39m
   [33m[2m✓[22m[39m should render GeoTaxonomySection with empty retrievedTaxonomies [33m 1455[2mms[22m[39m
[31m   [31m×[31m should render GeoTaxonomySection with mocked retrievedTaxonomies and click on local radio button for changing the value of autocomplete[39m[33m 6754[2mms[22m[39m
   [32m✓[39m should render GeoTaxonomySection with mocked retrievedTaxonomies and click on national radio button[32m 220[2mms[22m[39m
   [32m✓[39m should render GeoTaxonomySection with mocked retrievedTaxonomies and code !== ITA[32m 235[2mms[22m[39m
[90mstdout[2m | src/views/onboardingUser/__tests__/OnboardingUser.test.tsx[2m > [22m[2mTest: Successfull added new user for a party who has already onboarded to the PagoPA platform product
[22m[39museHistory { value: [33mfalse[39m }
useHistory {
  value: {
    [32m'manager-initial'[39m: {
      name: [32m'NAME'[39m,
      role: [32m'MANAGER'[39m,
      surname: [32m'SURNAME'[39m,
      taxCode: [32m'SRNNMA80A01A794F'[39m,
      email: [32m'b@b.BB'[39m
    }
  }
}

[90mstdout[2m | src/views/onboardingPremium/__tests__/OnboardingPremium.test.tsx[2m > [22m[2mTest: Successfully complete onboarding request for prod-dashboard-psp
[22m[39mTesting step select institution..

 [31m❯[39m src/views/onboardingProduct/__tests__/OnboardingProduct.ced.test.tsx [2m([22m[2m2 tests[22m[2m | [22m[31m2 failed[39m[2m)[22m[33m 6891[2mms[22m[39m
[31m   [31m×[31m Test: Successfull complete onboarding request of PA party for prod-ced search by business name[39m[33m 5037[2mms[22m[39m
[31m   [31m×[31m Test: Successfull complete onboarding request of PRV for product prod-ced skipping step search party[39m[33m 1833[2mms[22m[39m
[90mstdout[2m | src/views/onboardingUser/__tests__/OnboardingUser.test.tsx[2m > [22m[2mTest: Successfull added new user for a party who has already onboarded to the PagoPA platform product
[22m[39museHistory { value: [33mfalse[39m }
useHistory { value: {} }
useHistory { value: [] }

[90mstdout[2m | src/views/onboardingUser/__tests__/OnboardingUser.test.tsx[2m > [22m[2mTest: Successfull added new user for a party who has already onboarded to the PagoPA platform product
[22m[39museHistory { value: [33mfalse[39m }
useHistory {
  value: {
    [32m'manager-initial'[39m: {
      name: [32m'NAME'[39m,
      role: [32m'MANAGER'[39m,
      surname: [32m'SURNAME'[39m,
      taxCode: [32m'SRNNMA80A01A794F'[39m,
      email: [32m'b@b.BB'[39m
    }
  }
}

[90mstdout[2m | src/views/onboardingPremium/__tests__/OnboardingPremium.test.tsx[2m > [22m[2mTest: Complete onboarding request with error on submit
[22m[39mTesting step select institution..

[90mstdout[2m | src/views/onboardingProduct/__tests__/OnboardingProduct.io-sign.test.tsx
[22m[39m🌐 i18next is maintained with support from Locize — consider powering your project with managed localization (AI, CDN, integrations): https://locize.com 💙

[90mstdout[2m | src/__tests__/App.test.tsx
[22m[39m🌐 i18next is maintained with support from Locize — consider powering your project with managed localization (AI, CDN, integrations): https://locize.com 💙

[90mstdout[2m | src/components/onboardingFormData/__tests__/PersonalAndBillingDataSection.test.tsx
[22m[39m🌐 i18next is maintained with support from Locize — consider powering your project with managed localization (AI, CDN, integrations): https://locize.com 💙

[90mstdout[2m | src/views/onboardingUser/__tests__/OnboardingUser.test.tsx[2m > [22m[2mTest: Successfull added new user for a party who has already onboarded to the PagoPA platform product
[22m[39museHistory { value: [33mtrue[39m }
useHistory {
  value: {
    [32m'delegate-initial'[39m: {
      uid: [32m'0'[39m,
      taxCode: [32m'LGGLGD80A01B354S'[39m,
      name: [32m'loggedName'[39m,
      surname: [32m'loggedSurname'[39m,
      email: [32m'a@a.aa'[39m,
      role: [32m'DELEGATE'[39m
    }
  }
}
useHistory { value: [] }

[90mstdout[2m | src/views/onboardingPremium/__tests__/OnboardingPremium.test.tsx[2m > [22m[2mTest: exiting during flow with unload event
[22m[39mTesting step select institution..

[90mstdout[2m | src/views/onboardingUser/__tests__/OnboardingUser.test.tsx[2m > [22m[2mTest: NOT successfull added new user for a party who has already onboarded to the IO product
[22m[39mTesting step add manager..

[90mstdout[2m | src/components/__tests__/StepInstitutionType.test.tsx
[22m[39m🌐 i18next is maintained with support from Locize — consider powering your project with managed localization (AI, CDN, integrations): https://locize.com 💙

 [31m❯[39m src/views/onboardingProduct/__tests__/OnboardingProduct.io.test.tsx [2m([22m[2m4 tests[22m[2m | [22m[31m4 failed[39m[2m)[22m[33m 9372[2mms[22m[39m
[31m   [31m×[31m Test: Successfull complete onboarding request of PA party for prod-io search by business name[39m[33m 4945[2mms[22m[39m
[31m   [31m×[31m Test: Successfull complete onboarding request of PA party for prod-io search by tax code[39m[33m 1921[2mms[22m[39m
[31m   [31m×[31m Test: Successfull complete onboarding request of PA aggregator party for prod-io search by business name[39m[33m 1274[2mms[22m[39m
[31m   [31m×[31m Test: Error on submit onboarding request of PA party for prod-io search by business name[39m[33m 1213[2mms[22m[39m
 [31m❯[39m src/views/onboardingPremium/__tests__/OnboardingPremium.test.tsx [2m([22m[2m7 tests[22m[2m | [22m[31m7 failed[39m[2m)[22m[33m 12776[2mms[22m[39m
[31m   [31m×[31m Test: Bad productId and subProductId for prod-io-premium[39m[33m 4333[2mms[22m[39m
[31m   [31m×[31m Test: Bad productId and subProductId for prod-dashboard-psp[39m[33m 1829[2mms[22m[39m
[31m   [31m×[31m Test: Error retrieving onboarding info for prod-io-premium[39m[33m 1830[2mms[22m[39m
[31m   [31m×[31m Test: Successfully complete onboarding request for prod-io-premium[39m[33m 1428[2mms[22m[39m
[31m   [31m×[31m Test: Successfully complete onboarding request for prod-dashboard-psp[39m[33m 1104[2mms[22m[39m
[31m   [31m×[31m Test: Complete onboarding request with error on submit[39m[33m 1124[2mms[22m[39m
[31m   [31m×[31m Test: exiting during flow with unload event[39m[33m 1106[2mms[22m[39m
[90mstdout[2m | src/views/onboardingUser/__tests__/OnboardingUser.test.tsx[2m > [22m[2mTest: NOT successfull added new user for a party who has already onboarded to the IO product
[22m[39mTesting step add admin..
ADD USER FLOW [33mtrue[39m

[90mstdout[2m | src/views/onboardingUser/__tests__/OnboardingUser.test.tsx[2m > [22m[2mTest: NOT successfull added new user for a party who has already onboarded to the IO product
[22m[39museHistory { value: [33mfalse[39m }
useHistory {
  value: {
    [32m'manager-initial'[39m: {
      name: [32m'NAME'[39m,
      role: [32m'MANAGER'[39m,
      surname: [32m'SURNAME'[39m,
      taxCode: [32m'SRNNMA80A01A794F'[39m,
      email: [32m'b@b.BB'[39m
    }
  }
}

 [31m❯[39m src/views/onboardingProduct/__tests__/OnboardingProduct.general.test.tsx [2m([22m[2m7 tests[22m[2m | [22m[31m7 failed[39m[2m)[22m[33m 13448[2mms[22m[39m
[31m   [31m×[31m Test: Party already onboarded for a product that allow add new user, so the link is available[39m[33m 4482[2mms[22m[39m
[31m   [31m×[31m Test: Error retrieving onboarding info[39m[33m 2131[2mms[22m[39m
[31m   [31m×[31m Test: Invalid productId[39m[33m 1486[2mms[22m[39m
[31m   [31m×[31m Test: Exiting during flow with unload event[39m[33m 1557[2mms[22m[39m
[31m   [31m×[31m Test: Exiting during flow with logout[39m[33m 1226[2mms[22m[39m
[31m   [31m×[31m Test: Search trying to type invalid characters[39m[33m 1188[2mms[22m[39m
[31m   [31m×[31m Test: RecipientCode input client validation[39m[33m 1363[2mms[22m[39m
[90mstdout[2m | src/views/onboardingUser/__tests__/OnboardingUser.test.tsx[2m > [22m[2mTest: NOT successfull added new user for a party who has already onboarded to the IO product
[22m[39museHistory { value: [33mfalse[39m }
useHistory { value: {} }
useHistory { value: [] }

 [31m❯[39m src/views/onboardingProduct/__tests__/OnboardingProduct.pagopa.test.tsx [2m([22m[2m6 tests[22m[2m | [22m[31m6 failed[39m[2m)[22m[33m 11773[2mms[22m[39m
[31m   [31m×[31m Test: Successfull complete onboarding request of GSP party searching from IPA source for product prod-pagopa[39m[33m 4800[2mms[22m[39m
[31m   [31m×[31m Test: Successfull complete onboarding request of GSP party without searching on IPA source for product prod-pagopa[39m[33m 1911[2mms[22m[39m
[31m   [31m×[31m Test: Successfull complete onboarding request of GPU for product prod-pagopa[39m[33m 1240[2mms[22m[39m
[31m   [31m×[31m Test: Successfull complete onboarding request of PT for product prod-pagopa[39m[33m 1200[2mms[22m[39m
[31m   [31m×[31m Test: Successfull complete onboarding request of PSP for product prod-pagopa[39m[33m 1318[2mms[22m[39m
[31m   [31m×[31m Test: Successfull complete onboarding request of PRV for product prod-pagopa skipping step search party[39m[33m 1290[2mms[22m[39m
[90mstdout[2m | src/views/__tests__/NoProductPage.test.tsx
[22m[39m🌐 i18next is maintained with support from Locize — consider powering your project with managed localization (AI, CDN, integrations): https://locize.com 💙

[90mstdout[2m | src/views/onboardingUser/__tests__/OnboardingUser.test.tsx[2m > [22m[2mTest: NOT successfull added new user for a party who has already onboarded to the IO product
[22m[39museHistory { value: [33mfalse[39m }
useHistory {
  value: {
    [32m'manager-initial'[39m: {
      name: [32m'NAME'[39m,
      role: [32m'MANAGER'[39m,
      surname: [32m'SURNAME'[39m,
      taxCode: [32m'SRNNMA80A01A794F'[39m,
      email: [32m'b@b.BB'[39m
    }
  }
}

[90mstdout[2m | src/services/__tests__/requestStatusServices.test.ts
[22m[39m🌐 i18next is maintained with support from Locize — consider powering your project with managed localization (AI, CDN, integrations): https://locize.com 💙

[90mstdout[2m | src/views/onboardingUser/__tests__/OnboardingUser.test.tsx[2m > [22m[2mTest: NOT successfull added new user for a party who has already onboarded to the IO product
[22m[39museHistory { value: [33mtrue[39m }
useHistory {
  value: {
    [32m'delegate-initial'[39m: {
      uid: [32m'0'[39m,
      taxCode: [32m'LGGLGD80A01B354S'[39m,
      name: [32m'loggedName'[39m,
      surname: [32m'loggedSurname'[39m,
      email: [32m'a@a.aa'[39m,
      role: [32m'DELEGATE'[39m
    }
  }
}
useHistory { value: [] }

[90mstdout[2m | src/services/__tests__/onboardingServices.test.ts
[22m[39m🌐 i18next is maintained with support from Locize — consider powering your project with managed localization (AI, CDN, integrations): https://locize.com 💙

[90mstdout[2m | src/services/__tests__/institutionServices.test.ts
[22m[39m🌐 i18next is maintained with support from Locize — consider powering your project with managed localization (AI, CDN, integrations): https://locize.com 💙

 [31m❯[39m src/views/onboardingProduct/__tests__/OnboardingProduct.interop.test.tsx [2m([22m[2m8 tests[22m[2m | [22m[31m8 failed[39m[2m)[22m[33m 14730[2mms[22m[39m
[31m   [31m×[31m Test: Successfull complete onboarding request of AOO party for product prod-interop[39m[33m 5011[2mms[22m[39m
[31m   [31m×[31m Test: Successfull complete onboarding request of SA for product prod-interop search by business name[39m[33m 1925[2mms[22m[39m
[31m   [31m×[31m Test: Successfull complete onboarding request of SA for product prod-interop search by tax code[39m[33m 1258[2mms[22m[39m
[31m   [31m×[31m Test: Successfull complete onboarding request of foreign AS for product prod-interop search by business name[39m[33m 1216[2mms[22m[39m
[31m   [31m×[31m Test: Successfull complete onboarding request of italian AS for product prod-interop search by ivass code[39m[33m 1415[2mms[22m[39m
[31m   [31m×[31m Test: Successfull complete onboarding request of italian AS without tax code for product prod-interop search by ivass code[39m[33m 1332[2mms[22m[39m
[31m   [31m×[31m Test: Successfull complete onboarding request of SCP for product prod-interop search with tax code[39m[33m 1228[2mms[22m[39m
[31m   [31m×[31m Test: Successfull complete onboarding request of PRV for product prod-interop search from infocamere with tax code[39m[33m 1327[2mms[22m[39m
[90mstdout[2m | src/views/onboardingUser/__tests__/OnboardingUser.test.tsx[2m > [22m[2mTest: Successfull added new user for a party who has already onboarded to the SEND product
[22m[39mTesting step add manager..

[90mstdout[2m | src/views/onboardingUser/__tests__/OnboardingUser.test.tsx[2m > [22m[2mTest: Successfull added new user for a party who has already onboarded to the SEND product
[22m[39mTesting step add admin..
ADD USER FLOW [33mtrue[39m

[90mstdout[2m | src/views/onboardingUser/__tests__/OnboardingUser.test.tsx[2m > [22m[2mTest: Successfull added new user for a party who has already onboarded to the SEND product
[22m[39museHistory { value: [33mfalse[39m }
useHistory {
  value: {
    [32m'manager-initial'[39m: {
      name: [32m'NAME'[39m,
      role: [32m'MANAGER'[39m,
      surname: [32m'SURNAME'[39m,
      taxCode: [32m'SRNNMA80A01A794F'[39m,
      email: [32m'b@b.BB'[39m
    }
  }
}

[90mstdout[2m | src/services/__tests__/managerServices.test.ts
[22m[39m🌐 i18next is maintained with support from Locize — consider powering your project with managed localization (AI, CDN, integrations): https://locize.com 💙

 [31m❯[39m src/views/onboardingProduct/__tests__/OnboardingProduct.idpay-merchant.test.tsx [2m([22m[2m3 tests[22m[2m | [22m[31m3 failed[39m[2m)[22m[33m 18027[2mms[22m[39m
[31m   [31m×[31m Test: Successfull complete onboarding request of PRV party for prod-idpay-merchant search by taxCode[39m[33m 7582[2mms[22m[39m
[31m   [31m×[31m Test: Successfull complete onboarding request of PRV party for prod-idpay-merchant search by reaCode[39m[33m 5188[2mms[22m[39m
[31m   [31m×[31m Test: Successfull complete onboarding request of PRV_PF party for prod-idpay-merchant search by personalTaxCode[39m[33m 5244[2mms[22m[39m
 [32m✓[39m src/services/__tests__/managerServices.test.ts [2m([22m[2m5 tests[22m[2m)[22m[32m 48[2mms[22m[39m
[90mstdout[2m | src/views/onboardingUser/__tests__/OnboardingUser.test.tsx[2m > [22m[2mTest: Successfull added new user for a party who has already onboarded to the SEND product
[22m[39museHistory { value: [33mfalse[39m }
useHistory { value: {} }
useHistory { value: [] }

[90mstdout[2m | src/views/onboardingUser/__tests__/OnboardingUser.test.tsx[2m > [22m[2mTest: Successfull added new user for a party who has already onboarded to the SEND product
[22m[39museHistory { value: [33mfalse[39m }
useHistory {
  value: {
    [32m'manager-initial'[39m: {
      name: [32m'NAME'[39m,
      role: [32m'MANAGER'[39m,
      surname: [32m'SURNAME'[39m,
      taxCode: [32m'SRNNMA80A01A794F'[39m,
      email: [32m'b@b.BB'[39m
    }
  }
}

[90mstdout[2m | src/services/__tests__/tokenServices.test.ts
[22m[39m🌐 i18next is maintained with support from Locize — consider powering your project with managed localization (AI, CDN, integrations): https://locize.com 💙

 [32m✓[39m src/services/__tests__/tokenServices.test.ts [2m([22m[2m8 tests[22m[2m)[22m[32m 11[2mms[22m[39m
[90mstdout[2m | src/services/__tests__/validationServices.test.ts
[22m[39m🌐 i18next is maintained with support from Locize — consider powering your project with managed localization (AI, CDN, integrations): https://locize.com 💙

[90mstdout[2m | src/views/onboardingUser/__tests__/OnboardingUser.test.tsx[2m > [22m[2mTest: Successfull added new user for a party who has already onboarded to the SEND product
[22m[39museHistory { value: [33mtrue[39m }
useHistory {
  value: {
    [32m'delegate-initial'[39m: {
      uid: [32m'0'[39m,
      taxCode: [32m'LGGLGD80A01B354S'[39m,
      name: [32m'loggedName'[39m,
      surname: [32m'loggedSurname'[39m,
      email: [32m'a@a.aa'[39m,
      role: [32m'DELEGATE'[39m
    }
  }
}
useHistory { value: [] }

[90mstdout[2m | src/views/onboardingUser/__tests__/OnboardingUser.test.tsx[2m > [22m[2mTest: Successfull added new user for a party who has already onboarded to product prod-interop
[22m[39mTesting step add manager..

[90mstdout[2m | src/views/onboardingUser/__tests__/OnboardingUser.test.tsx[2m > [22m[2mTest: Successfull added new user for a party who has already onboarded to product prod-interop
[22m[39mTesting step add admin..
ADD USER FLOW [33mtrue[39m

[90mstdout[2m | src/views/onboardingUser/__tests__/OnboardingUser.test.tsx[2m > [22m[2mTest: Successfull added new user for a party who has already onboarded to product prod-interop
[22m[39museHistory { value: [33mfalse[39m }
useHistory {
  value: {
    [32m'manager-initial'[39m: {
      name: [32m'NAME'[39m,
      role: [32m'MANAGER'[39m,
      surname: [32m'SURNAME'[39m,
      taxCode: [32m'SRNNMA80A01A794F'[39m,
      email: [32m'b@b.BB'[39m
    }
  }
}

[90mstdout[2m | src/services/__tests__/geoTaxonomyServices.test.ts
[22m[39m🌐 i18next is maintained with support from Locize — consider powering your project with managed localization (AI, CDN, integrations): https://locize.com 💙

[90mstdout[2m | src/views/onboardingUser/__tests__/OnboardingUser.test.tsx[2m > [22m[2mTest: Successfull added new user for a party who has already onboarded to product prod-interop
[22m[39museHistory { value: [33mfalse[39m }
useHistory { value: {} }
useHistory { value: [] }

[90mstdout[2m | src/views/onboardingUser/__tests__/OnboardingUser.test.tsx[2m > [22m[2mTest: Successfull added new user for a party who has already onboarded to product prod-interop
[22m[39museHistory { value: [33mfalse[39m }
useHistory {
  value: {
    [32m'manager-initial'[39m: {
      name: [32m'NAME'[39m,
      role: [32m'MANAGER'[39m,
      surname: [32m'SURNAME'[39m,
      taxCode: [32m'SRNNMA80A01A794F'[39m,
      email: [32m'b@b.BB'[39m
    }
  }
}

[90mstdout[2m | src/views/onboardingUser/__tests__/OnboardingUser.test.tsx[2m > [22m[2mTest: Successfull added new user for a party who has already onboarded to product prod-interop
[22m[39museHistory { value: [33mtrue[39m }
useHistory {
  value: {
    [32m'delegate-initial'[39m: {
      uid: [32m'0'[39m,
      taxCode: [32m'LGGLGD80A01B354S'[39m,
      name: [32m'loggedName'[39m,
      surname: [32m'loggedSurname'[39m,
      email: [32m'a@a.aa'[39m,
      role: [32m'DELEGATE'[39m
    }
  }
}
useHistory { value: [] }

[90mstdout[2m | src/views/onboardingUser/__tests__/OnboardingUser.test.tsx[2m > [22m[2mTest: Added new user for a party with select product prod-io-sign and search onboarded party with taxcode
[22m[39mTesting step select product..

[90mstdout[2m | src/views/onboardingUser/__tests__/OnboardingUser.test.tsx[2m > [22m[2mTest: Added new user for a party with select product prod-pn and search onboarded party with taxcode
[22m[39mTesting step select product..

[90mstdout[2m | src/views/onboardingUser/__tests__/OnboardingUser.test.tsx[2m > [22m[2mTest: Added new user for a party with select product prod-io-sign and search onboarded party with aoo code
[22m[39mTesting step select product..

[90mstdout[2m | src/views/onboardingUser/__tests__/OnboardingUser.test.tsx[2m > [22m[2mTest: Added new user for a party with select product prod-io-sign and search onboarded party with uo code
[22m[39mTesting step select product..

[90mstdout[2m | src/views/onboardingUser/__tests__/OnboardingUser.test.tsx[2m > [22m[2mTest: Added new user for a party with select product prod-interop and search onboarded party with taxcode
[22m[39mTesting step select product..

[90mstdout[2m | src/views/onboardingUser/__tests__/OnboardingUser.test.tsx[2m > [22m[2mTest: Added new user for a party with select product prod-interop and search onboarded party with aoo code
[22m[39mTesting step select product..

[90mstdout[2m | src/views/onboardingUser/__tests__/OnboardingUser.test.tsx[2m > [22m[2mTest: Added new user for a party with select product prod-pagopa and search onboarded party with taxcode
[22m[39mTesting step select product..

[90mstdout[2m | src/views/onboardingUser/__tests__/OnboardingUser.test.tsx[2m > [22m[2mTest: Added new user for a party with select product prod-io and search onboarded party with taxcode
[22m[39mTesting step select product..

[90mstdout[2m | src/views/onboardingUser/__tests__/OnboardingUser.test.tsx[2m > [22m[2mTest: Added new user for a party with select product prod-idpay-merchant and search onboarded party with taxcode
[22m[39mTesting step select product..

[90mstdout[2m | src/views/onboardingUser/__tests__/OnboardingUser.test.tsx[2m > [22m[2mTest: Added new user for a party with select product prod-idpay-merchant and search onboarded party with personal taxcode
[22m[39mTesting step select product..

[90mstdout[2m | src/views/onboardingUser/__tests__/OnboardingUser.test.tsx[2m > [22m[2mTest: Back navigation from search party step resets product selection
[22m[39mTesting step select product..

 [31m❯[39m src/views/onboardingUser/__tests__/OnboardingUser.test.tsx [2m([22m[2m15 tests[22m[2m | [22m[31m12 failed[39m[2m)[22m[33m 33642[2mms[22m[39m
   [33m[2m✓[22m[39m Test: Successfull added new user for a party who has already onboarded to the PagoPA platform product [33m 11758[2mms[22m[39m
[31m   [31m×[31m Test: NOT successfull added new user for a party who has already onboarded to the IO product[39m[33m 5761[2mms[22m[39m
   [33m[2m✓[22m[39m Test: Successfull added new user for a party who has already onboarded to the SEND product [33m 6345[2mms[22m[39m
   [33m[2m✓[22m[39m Test: Successfull added new user for a party who has already onboarded to product prod-interop [33m 7129[2mms[22m[39m
[31m   [31m×[31m Test: Added new user for a party with select product prod-io-sign and search onboarded party with taxcode[39m[32m 282[2mms[22m[39m
[31m   [31m×[31m Test: Added new user for a party with select product prod-pn and search onboarded party with taxcode[39m[32m 246[2mms[22m[39m
[31m   [31m×[31m Test: Added new user for a party with select product prod-io-sign and search onboarded party with aoo code[39m[32m 267[2mms[22m[39m
[31m   [31m×[31m Test: Added new user for a party with select product prod-io-sign and search onboarded party with uo code[39m[32m 209[2mms[22m[39m
[31m   [31m×[31m Test: Added new user for a party with select product prod-interop and search onboarded party with taxcode[39m[32m 251[2mms[22m[39m
[31m   [31m×[31m Test: Added new user for a party with select product prod-interop and search onboarded party with aoo code[39m[32m 228[2mms[22m[39m
[31m   [31m×[31m Test: Added new user for a party with select product prod-pagopa and search onboarded party with taxcode[39m[32m 213[2mms[22m[39m
[31m   [31m×[31m Test: Added new user for a party with select product prod-io and search onboarded party with taxcode[39m[32m 196[2mms[22m[39m
[31m   [31m×[31m Test: Added new user for a party with select product prod-idpay-merchant and search onboarded party with taxcode[39m[32m 224[2mms[22m[39m
[31m   [31m×[31m Test: Added new user for a party with select product prod-idpay-merchant and search onboarded party with personal taxcode[39m[32m 275[2mms[22m[39m
[31m   [31m×[31m Test: Back navigation from search party step resets product selection[39m[32m 238[2mms[22m[39m
[90mstdout[2m | src/services/__tests__/subProductServices.test.ts
[22m[39m🌐 i18next is maintained with support from Locize — consider powering your project with managed localization (AI, CDN, integrations): https://locize.com 💙

 [32m✓[39m src/views/__tests__/NoProductPage.test.tsx [2m([22m[2m1 test[22m[2m)[22m[33m 496[2mms[22m[39m
   [33m[2m✓[22m[39m test [33m 489[2mms[22m[39m
[90mstdout[2m | src/services/__tests__/billingDataServices.test.ts
[22m[39m🌐 i18next is maintained with support from Locize — consider powering your project with managed localization (AI, CDN, integrations): https://locize.com 💙

 [31m❯[39m src/views/onboardingProduct/__tests__/OnboardingProduct.io-sign.test.tsx [2m([22m[2m1 test[22m[2m | [22m[31m1 failed[39m[2m)[22m[33m 3832[2mms[22m[39m
[31m   [31m×[31m Test: Successfull complete onboarding request of UO party for product prod-io-sign[39m[33m 3820[2mms[22m[39m
[90mstdout[2m | src/__tests__/App.test.tsx[2m > [22m[2mtest not served path
[22m[39mRoute change {
  pathname: [32m'/some/bad/route'[39m,
  search: [32m''[39m,
  hash: [32m''[39m,
  state: [90mundefined[39m,
  key: [32m'o94ind'[39m
}
Route change {
  pathname: [32m'/onboarding/'[39m,
  search: [32m''[39m,
  hash: [32m''[39m,
  state: [90mundefined[39m,
  key: [32m'fagbie'[39m
}

[90mstdout[2m | src/__tests__/App.test.tsx[2m > [22m[2mtest OnBoarding
[22m[39mRoute change {
  pathname: [32m'/onboarding/PRODUCTID'[39m,
  search: [32m''[39m,
  hash: [32m''[39m,
  state: [90mundefined[39m,
  key: [32m'iyf47l'[39m
}

[90mstdout[2m | src/__tests__/App.test.tsx[2m > [22m[2mtest Reject OnBoarding
[22m[39mRoute change {
  pathname: [32m'/onboarding/cancel'[39m,
  search: [32m''[39m,
  hash: [32m''[39m,
  state: [90mundefined[39m,
  key: [32m'fyi7jo'[39m
}

[90mstdout[2m | src/__tests__/App.test.tsx[2m > [22m[2mtest Confirm OnBoarding
[22m[39mRoute change {
  pathname: [32m'/onboarding/confirm'[39m,
  search: [32m''[39m,
  hash: [32m''[39m,
  state: [90mundefined[39m,
  key: [32m'e1c0sn'[39m
}

 [32m✓[39m src/__tests__/App.test.tsx [2m([22m[2m4 tests[22m[2m)[22m[33m 3838[2mms[22m[39m
   [33m[2m✓[22m[39m test not served path [33m 2515[2mms[22m[39m
   [33m[2m✓[22m[39m test OnBoarding [33m 473[2mms[22m[39m
   [33m[2m✓[22m[39m test Reject OnBoarding [33m 482[2mms[22m[39m
   [33m[2m✓[22m[39m test Confirm OnBoarding [33m 350[2mms[22m[39m
 [32m✓[39m src/components/onboardingFormData/__tests__/PersonalAndBillingDataSection.test.tsx [2m([22m[2m1 test[22m[2m)[22m[33m 2463[2mms[22m[39m
   [33m[2m✓[22m[39m Test: Rendered PersonalAndBillingDataSection component with all possible business cases [33m 2449[2mms[22m[39m
 [32m✓[39m src/components/__tests__/StepInstitutionType.test.tsx [2m([22m[2m2 tests[22m[2m)[22m[33m 1794[2mms[22m[39m
   [33m[2m✓[22m[39m Test: Render test [33m 881[2mms[22m[39m
   [33m[2m✓[22m[39m Test: The correct institution types with the expected descriptions, can be selected based on the product [33m 905[2mms[22m[39m
 [32m✓[39m src/services/__tests__/requestStatusServices.test.ts [2m([22m[2m3 tests[22m[2m)[22m[32m 126[2mms[22m[39m
 [32m✓[39m src/services/__tests__/onboardingServices.test.ts [2m([22m[2m13 tests[22m[2m)[22m[32m 10[2mms[22m[39m
 [32m✓[39m src/services/__tests__/institutionServices.test.ts [2m([22m[2m9 tests[22m[2m)[22m[32m 9[2mms[22m[39m
 [32m✓[39m src/services/__tests__/validationServices.test.ts [2m([22m[2m4 tests[22m[2m)[22m[32m 9[2mms[22m[39m
 [32m✓[39m src/services/__tests__/subProductServices.test.ts [2m([22m[2m5 tests[22m[2m)[22m[32m 25[2mms[22m[39m
 [32m✓[39m src/services/__tests__/geoTaxonomyServices.test.ts [2m([22m[2m9 tests[22m[2m)[22m[32m 28[2mms[22m[39m
 [32m✓[39m src/services/__tests__/billingDataServices.test.ts [2m([22m[2m5 tests[22m[2m)[22m[32m 25[2mms[22m[39m

[31m⎯⎯⎯⎯⎯⎯[39m[1m[41m Failed Tests 58 [49m[22m[31m⎯⎯⎯⎯⎯⎯⎯[39m

[41m[1m FAIL [22m[49m src/views/onboardingPremium/__tests__/OnboardingPremium.test.tsx[2m > [22mTest: Bad productId and subProductId for prod-io-premium
[31m[1mAssertionError[22m[39m: expected "fetchWithLogs" to be called 4 times, but got 1 times

Ignored nodes: comments, script, style
[36m<html>[39m
  [36m<head />[39m
  [36m<body[39m
    [33mstyle[39m=[32m""[39m
  [36m>[39m
    [36m<div>[39m
      [36m<button>[39m
        [0mLOGOUT[0m
      [36m</button>[39m
      [36m<div[39m
        [33mclass[39m=[32m"MuiContainer-root MuiContainer-maxWidthLg css-1tkdzw2-MuiContainer-root"[39m
      [36m>[39m
        [36m<div[39m
          [33mclass[39m=[32m"MuiGrid-root MuiGrid-container MuiGrid-direction-xs-column css-tuaemk-MuiGrid-root"[39m
        [36m>[39m
          [36m<div[39m
            [33mclass[39m=[32m"MuiGrid-root MuiGrid-container MuiGrid-item css-1h16bbz-MuiGrid-root"[39m
          [36m>[39m
            [36m<div[39m
              [33mclass[39m=[32m"MuiGrid-root MuiGrid-item MuiGrid-grid-xs-12 css-1idn90j-MuiGrid-root"[39m
            [36m>[39m
              [36m<h2[39m
                [33mclass[39m=[32m"MuiTypography-root MuiTypography-h3 MuiTypography-alignCenter css-1g51zyk-MuiTypography-root"[39m
              [36m>[39m
                [0mNessuno dei tuoi enti può [0m
                [36m<br />[39m
                [0m aderire[0m
              [36m</h2>[39m
            [36m</div>[39m
          [36m</div>[39m
          [36m<div[39m
            [33mclass[39m=[32m"MuiGrid-root MuiGrid-container MuiGrid-item css-4gm0iv-MuiGrid-root"[39m
          [36m>[39m
            [36m<div[39m
              [33mclass[39m=[32m"MuiGrid-root MuiGrid-item MuiGrid-grid-xs-12 css-1idn90j-MuiGrid-root"[39m
            [36m>[39m
              [36m<p[39m
                [33mclass[39m=[32m"MuiTypography-root MuiTypography-body1 MuiTypography-alignCenter css-y3ensx-MuiTypography-root"[39m
              [36m>[39m
                [0mSe non vedi enti disponibili nella lista, l'ente cercato potrebbe [0m
                [36m<br />[39m
                [0m aver già aderito a [0m
                [36m<strong />[39m
              [36m</p>[39m
            [36m</div>[39m
          [36m</div>[39m
          [36m<div[39m
            [33mclass[39m=[32m"MuiGrid-root MuiGrid-container MuiGrid-item css-2pgqpg-MuiGrid-root"[39m
          [36m>[39m
            [36m<div[39m
              [33mclass[39m=[32m"MuiPaper-root MuiPaper-elevation MuiPaper-rounded MuiPaper-elevation8 css-1hto99q-MuiPaper-root"[39m
            [36m>[39m
              [36m<div[39m
                [33mclass[39m=[32m"MuiBox-root css-1smy4sj"[39m
              [36m>[39m
                [36m<p[39m
                  [33mclass[39m=[32m"MuiTypography-root MuiTypography-body1 css-8msdip-MuiTypography-root"[39m
                [36m>[39m
                  [0mNessun ente disponibile[0m
                [36m</p>[39m
              [36m</div>[39m
            [36m</div>[39m
          [36m</div>[39m
          [36m<div[39m
            [33mclass[39m=[32m"MuiGrid-root MuiGrid-container MuiGrid-item css-1h16bbz-MuiGrid-root"[39m
          [36m>[39m
            [36m<div[39m
              [33mclass[39m=[32m"MuiGrid-root MuiGrid-item MuiGrid-grid-xs-6 css-1osj8n2-MuiGrid-root"[39m
            [36m>[39m
              [36m<div[39m
                [33mclass[39m=[32m"MuiBox-root css-1jm1mo8"[39m
              [36m>[39m
                [36m<span[39m
                  [33maria-label[39m=[32m"Non trovi il tuo ente? Scopri perché"[39m
                  [33mclass[39m=[32m"MuiTypography-root MuiTypography-caption css-il8o2f-MuiTypography-root"[39m
                [36m>[39m
                  [0mIl tuo ente ha aderito ma non è disponibile? [0m
                  [36m<a[39m
                    [33mclass[39m=[32m"MuiTypography-root MuiTypography-inherit MuiLink-root MuiLink-underlineAlways css-10kyizu-MuiTypography-root-MuiLink-root"[39m
                  [36m>[39m
                    [0mScopri perché[0m
                  [36m</a>[39m
                [36m</span>[39m
              [36m</div>[39m
            [36m</div>[39m
          [36m</div>[39m
          [36m<div[39m
            [33mclass[39m=[32m"MuiGrid-root MuiGrid-item css-wea51-MuiGrid-root"[39m
          [36m>[39m
            [36m<div[39m
              [33mclass[39m=[32m"MuiGrid-root MuiGrid-container MuiGrid-spacing-xs-2 css-7pgsh3-MuiGrid-root"[39m
            [36m>[39m
              [36m<div[39m
                [33mclass[39m=[32m"MuiGrid-root MuiGrid-item css-13i4rnv-MuiGrid-root"[39m
              [36m>[39m
                [36m<button[39m
                  [33mclass[39m=[32m"MuiButtonBase-root MuiButton-root MuiButton-outlined MuiButton-outlinedPrimary MuiButton-sizeMedium MuiButton-outlinedSizeMedium MuiButton-colorPrimary MuiButton-root MuiButton-outlined MuiButton-outlinedPrimary MuiButton-sizeMedium MuiButton-outlinedSizeMedium MuiButton-colorPrimary css-1bwvi6l-MuiButtonBase-root-MuiButton-root"[39m
                  [33mtabindex[39m=[32m"0"[39m
                  [33mtype[39m=[32m"button"[39m
                [36m>[39m
                  [0mIndietro[0m
                  [36m<span[39m
                    [33mclass[39m=[32m"MuiTouchRipple-root css-8je8zh-MuiTouchRipple-root"[39m
                  [36m/>[39m
                [36m</button>[39m
              [36m</div>[39m
            [36m</div>[39m
          [36m</div>[39m
        [36m</div>[39m
      [36m</div>[39m
    [36m</div>[39m
  [36m</body>[39m
[36m</html>[39m...
[36m [2m❯[22m src/views/onboardingPremium/__tests__/OnboardingPremium.test.tsx:[2m125:30[22m[39m
    [90m123| [39m  [34mrenderComponent[39m([33mPRODUCT_IDS[39m[33m.[39m[33mIO[39m[33m,[39m [33mPRODUCT_IDS[39m[33m.[39m[33mIO[39m)[33m;[39m
    [90m124| [39m  [35mawait[39m [34mwaitFor[39m(() [33m=>[39m {
    [90m125| [39m    [34mexpect[39m(fetchWithLogsSpy)[33m.[39m[34mtoHaveBeenCalledTimes[39m([34m4[39m)[33m;[39m
    [90m   | [39m                             [31m^[39m
    [90m126| [39m    screen[33m.[39m[34mfindByText[39m([32m'Qualcosa è andato storto'[39m)[33m;[39m
    [90m127| [39m  })[33m;[39m
[90m [2m❯[22m runWithExpensiveErrorDiagnosticsDisabled node_modules/@testing-library/dom/dist/config.js:[2m47:12[22m[39m
[90m [2m❯[22m checkCallback node_modules/@testing-library/dom/dist/wait-for.js:[2m124:77[22m[39m
[90m [2m❯[22m Timeout.checkRealTimersCallback node_modules/@testing-library/dom/dist/wait-for.js:[2m118:16[22m[39m

[31m[2m⎯⎯⎯⎯⎯⎯⎯⎯⎯⎯⎯⎯⎯⎯⎯⎯⎯⎯⎯⎯⎯⎯⎯[1/58]⎯[22m[39m

[41m[1m FAIL [22m[49m src/views/onboardingPremium/__tests__/OnboardingPremium.test.tsx[2m > [22mTest: Bad productId and subProductId for prod-dashboard-psp
[31m[1mAssertionError[22m[39m: expected "fetchWithLogs" to be called 4 times, but got 1 times

Ignored nodes: comments, script, style
[36m<html>[39m
  [36m<head />[39m
  [36m<body[39m
    [33mstyle[39m=[32m""[39m
  [36m>[39m
    [36m<div>[39m
      [36m<button>[39m
        [0mLOGOUT[0m
      [36m</button>[39m
      [36m<div[39m
        [33mclass[39m=[32m"MuiContainer-root MuiContainer-maxWidthLg css-1tkdzw2-MuiContainer-root"[39m
      [36m>[39m
        [36m<div[39m
          [33mclass[39m=[32m"MuiGrid-root MuiGrid-container MuiGrid-direction-xs-column css-tuaemk-MuiGrid-root"[39m
        [36m>[39m
          [36m<div[39m
            [33mclass[39m=[32m"MuiGrid-root MuiGrid-container MuiGrid-item css-1h16bbz-MuiGrid-root"[39m
          [36m>[39m
            [36m<div[39m
              [33mclass[39m=[32m"MuiGrid-root MuiGrid-item MuiGrid-grid-xs-12 css-1idn90j-MuiGrid-root"[39m
            [36m>[39m
              [36m<h2[39m
                [33mclass[39m=[32m"MuiTypography-root MuiTypography-h3 MuiTypography-alignCenter css-1g51zyk-MuiTypography-root"[39m
              [36m>[39m
                [0mNessuno dei tuoi enti può [0m
                [36m<br />[39m
                [0m aderire[0m
              [36m</h2>[39m
            [36m</div>[39m
          [36m</div>[39m
          [36m<div[39m
            [33mclass[39m=[32m"MuiGrid-root MuiGrid-container MuiGrid-item css-4gm0iv-MuiGrid-root"[39m
          [36m>[39m
            [36m<div[39m
              [33mclass[39m=[32m"MuiGrid-root MuiGrid-item MuiGrid-grid-xs-12 css-1idn90j-MuiGrid-root"[39m
            [36m>[39m
              [36m<p[39m
                [33mclass[39m=[32m"MuiTypography-root MuiTypography-body1 MuiTypography-alignCenter css-y3ensx-MuiTypography-root"[39m
              [36m>[39m
                [0mSe non vedi enti disponibili nella lista, l'ente cercato potrebbe [0m
                [36m<br />[39m
                [0m aver già aderito a [0m
                [36m<strong />[39m
              [36m</p>[39m
            [36m</div>[39m
          [36m</div>[39m
          [36m<div[39m
            [33mclass[39m=[32m"MuiGrid-root MuiGrid-container MuiGrid-item css-2pgqpg-MuiGrid-root"[39m
          [36m>[39m
            [36m<div[39m
              [33mclass[39m=[32m"MuiPaper-root MuiPaper-elevation MuiPaper-rounded MuiPaper-elevation8 css-1hto99q-MuiPaper-root"[39m
            [36m>[39m
              [36m<div[39m
                [33mclass[39m=[32m"MuiBox-root css-1smy4sj"[39m
              [36m>[39m
                [36m<p[39m
                  [33mclass[39m=[32m"MuiTypography-root MuiTypography-body1 css-8msdip-MuiTypography-root"[39m
                [36m>[39m
                  [0mNessun ente disponibile[0m
                [36m</p>[39m
              [36m</div>[39m
            [36m</div>[39m
          [36m</div>[39m
          [36m<div[39m
            [33mclass[39m=[32m"MuiGrid-root MuiGrid-container MuiGrid-item css-1h16bbz-MuiGrid-root"[39m
          [36m>[39m
            [36m<div[39m
              [33mclass[39m=[32m"MuiGrid-root MuiGrid-item MuiGrid-grid-xs-6 css-1osj8n2-MuiGrid-root"[39m
            [36m>[39m
              [36m<div[39m
                [33mclass[39m=[32m"MuiBox-root css-1jm1mo8"[39m
              [36m>[39m
                [36m<span[39m
                  [33maria-label[39m=[32m"Non trovi il tuo ente? Scopri perché"[39m
                  [33mclass[39m=[32m"MuiTypography-root MuiTypography-caption css-il8o2f-MuiTypography-root"[39m
                [36m>[39m
                  [0mIl tuo ente ha aderito ma non è disponibile? [0m
                  [36m<a[39m
                    [33mclass[39m=[32m"MuiTypography-root MuiTypography-inherit MuiLink-root MuiLink-underlineAlways css-10kyizu-MuiTypography-root-MuiLink-root"[39m
                  [36m>[39m
                    [0mScopri perché[0m
                  [36m</a>[39m
                [36m</span>[39m
              [36m</div>[39m
            [36m</div>[39m
          [36m</div>[39m
          [36m<div[39m
            [33mclass[39m=[32m"MuiGrid-root MuiGrid-item css-wea51-MuiGrid-root"[39m
          [36m>[39m
            [36m<div[39m
              [33mclass[39m=[32m"MuiGrid-root MuiGrid-container MuiGrid-spacing-xs-2 css-7pgsh3-MuiGrid-root"[39m
            [36m>[39m
              [36m<div[39m
                [33mclass[39m=[32m"MuiGrid-root MuiGrid-item css-13i4rnv-MuiGrid-root"[39m
              [36m>[39m
                [36m<button[39m
                  [33mclass[39m=[32m"MuiButtonBase-root MuiButton-root MuiButton-outlined MuiButton-outlinedPrimary MuiButton-sizeMedium MuiButton-outlinedSizeMedium MuiButton-colorPrimary MuiButton-root MuiButton-outlined MuiButton-outlinedPrimary MuiButton-sizeMedium MuiButton-outlinedSizeMedium MuiButton-colorPrimary css-1bwvi6l-MuiButtonBase-root-MuiButton-root"[39m
                  [33mtabindex[39m=[32m"0"[39m
                  [33mtype[39m=[32m"button"[39m
                [36m>[39m
                  [0mIndietro[0m
                  [36m<span[39m
                    [33mclass[39m=[32m"MuiTouchRipple-root css-8je8zh-MuiTouchRipple-root"[39m
                  [36m/>[39m
                [36m</button>[39m
              [36m</div>[39m
            [36m</div>[39m
          [36m</div>[39m
        [36m</div>[39m
      [36m</div>[39m
    [36m</div>[39m
  [36m</body>[39m
[36m</html>[39m...
[36m [2m❯[22m src/views/onboardingPremium/__tests__/OnboardingPremium.test.tsx:[2m133:30[22m[39m
    [90m131| [39m  [34mrenderComponent[39m([33mPRODUCT_IDS[39m[33m.[39m[33mPAGOPA[39m[33m,[39m [33mPRODUCT_IDS[39m[33m.[39m[33mPAGOPA[39m)[33m;[39m
    [90m132| [39m  [35mawait[39m [34mwaitFor[39m(() [33m=>[39m {
    [90m133| [39m    [34mexpect[39m(fetchWithLogsSpy)[33m.[39m[34mtoHaveBeenCalledTimes[39m([34m4[39m)[33m;[39m
    [90m   | [39m                             [31m^[39m
    [90m134| [39m    screen[33m.[39m[34mfindByText[39m([32m'Qualcosa è andato storto'[39m)[33m;[39m
    [90m135| [39m  })[33m;[39m
[90m [2m❯[22m runWithExpensiveErrorDiagnosticsDisabled node_modules/@testing-library/dom/dist/config.js:[2m47:12[22m[39m
[90m [2m❯[22m checkCallback node_modules/@testing-library/dom/dist/wait-for.js:[2m124:77[22m[39m
[90m [2m❯[22m Timeout.checkRealTimersCallback node_modules/@testing-library/dom/dist/wait-for.js:[2m118:16[22m[39m

[31m[2m⎯⎯⎯⎯⎯⎯⎯⎯⎯⎯⎯⎯⎯⎯⎯⎯⎯⎯⎯⎯⎯⎯⎯[2/58]⎯[22m[39m

[41m[1m FAIL [22m[49m src/views/onboardingPremium/__tests__/OnboardingPremium.test.tsx[2m > [22mTest: Error retrieving onboarding info for prod-io-premium
[31m[1mTestingLibraryElementError[22m[39m: Unable to find an element with the text: Seleziona il tuo ente. This could be because the text is broken up by multiple elements. In this case, you can provide a function for your text matcher to make your matcher more flexible.

Ignored nodes: comments, script, style
[36m<body[39m
  [33mstyle[39m=[32m""[39m
[36m>[39m
  [36m<div>[39m
    [36m<button>[39m
      [0mLOGOUT[0m
    [36m</button>[39m
    [36m<div[39m
      [33mclass[39m=[32m"MuiContainer-root MuiContainer-maxWidthLg css-1tkdzw2-MuiContainer-root"[39m
    [36m>[39m
      [36m<div[39m
        [33mclass[39m=[32m"MuiGrid-root MuiGrid-container MuiGrid-direction-xs-column css-tuaemk-MuiGrid-root"[39m
      [36m>[39m
        [36m<div[39m
          [33mclass[39m=[32m"MuiGrid-root MuiGrid-container MuiGrid-item css-1h16bbz-MuiGrid-root"[39m
        [36m>[39m
          [36m<div[39m
            [33mclass[39m=[32m"MuiGrid-root MuiGrid-item MuiGrid-grid-xs-12 css-1idn90j-MuiGrid-root"[39m
          [36m>[39m
            [36m<h2[39m
              [33mclass[39m=[32m"MuiTypography-root MuiTypography-h3 MuiTypography-alignCenter css-1g51zyk-MuiTypography-root"[39m
            [36m>[39m
              [0mNessuno dei tuoi enti può [0m
              [36m<br />[39m
              [0m aderire[0m
            [36m</h2>[39m
          [36m</div>[39m
        [36m</div>[39m
        [36m<div[39m
          [33mclass[39m=[32m"MuiGrid-root MuiGrid-container MuiGrid-item css-4gm0iv-MuiGrid-root"[39m
        [36m>[39m
          [36m<div[39m
            [33mclass[39m=[32m"MuiGrid-root MuiGrid-item MuiGrid-grid-xs-12 css-1idn90j-MuiGrid-root"[39m
          [36m>[39m
            [36m<p[39m
              [33mclass[39m=[32m"MuiTypography-root MuiTypography-body1 MuiTypography-alignCenter css-y3ensx-MuiTypography-root"[39m
            [36m>[39m
              [0mSe non vedi enti disponibili nella lista, l'ente cercato potrebbe [0m
              [36m<br />[39m
              [0m aver già aderito a [0m
              [36m<strong />[39m
            [36m</p>[39m
          [36m</div>[39m
        [36m</div>[39m
        [36m<div[39m
          [33mclass[39m=[32m"MuiGrid-root MuiGrid-container MuiGrid-item css-2pgqpg-MuiGrid-root"[39m
        [36m>[39m
          [36m<div[39m
            [33mclass[39m=[32m"MuiPaper-root MuiPaper-elevation MuiPaper-rounded MuiPaper-elevation8 css-1hto99q-MuiPaper-root"[39m
          [36m>[39m
            [36m<div[39m
              [33mclass[39m=[32m"MuiBox-root css-1smy4sj"[39m
            [36m>[39m
              [36m<p[39m
                [33mclass[39m=[32m"MuiTypography-root MuiTypography-body1 css-8msdip-MuiTypography-root"[39m
              [36m>[39m
                [0mNessun ente disponibile[0m
              [36m</p>[39m
            [36m</div>[39m
          [36m</div>[39m
        [36m</div>[39m
        [36m<div[39m
          [33mclass[39m=[32m"MuiGrid-root MuiGrid-container MuiGrid-item css-1h16bbz-MuiGrid-root"[39m
        [36m>[39m
          [36m<div[39m
            [33mclass[39m=[32m"MuiGrid-root MuiGrid-item MuiGrid-grid-xs-6 css-1osj8n2-MuiGrid-root"[39m
          [36m>[39m
            [36m<div[39m
              [33mclass[39m=[32m"MuiBox-root css-1jm1mo8"[39m
            [36m>[39m
              [36m<span[39m
                [33maria-label[39m=[32m"Non trovi il tuo ente? Scopri perché"[39m
                [33mclass[39m=[32m"MuiTypography-root MuiTypography-caption css-il8o2f-MuiTypography-root"[39m
              [36m>[39m
                [0mIl tuo ente ha aderito ma non è disponibile? [0m
                [36m<a[39m
                  [33mclass[39m=[32m"MuiTypography-root MuiTypography-inherit MuiLink-root MuiLink-underlineAlways css-10kyizu-MuiTypography-root-MuiLink-root"[39m
                [36m>[39m
                  [0mScopri perché[0m
                [36m</a>[39m
              [36m</span>[39m
            [36m</div>[39m
          [36m</div>[39m
        [36m</div>[39m
        [36m<div[39m
          [33mclass[39m=[32m"MuiGrid-root MuiGrid-item css-wea51-MuiGrid-root"[39m
        [36m>[39m
          [36m<div[39m
            [33mclass[39m=[32m"MuiGrid-root MuiGrid-container MuiGrid-spacing-xs-2 css-7pgsh3-MuiGrid-root"[39m
          [36m>[39m
            [36m<div[39m
              [33mclass[39m=[32m"MuiGrid-root MuiGrid-item css-13i4rnv-MuiGrid-root"[39m
            [36m>[39m
              [36m<button[39m
                [33mclass[39m=[32m"MuiButtonBase-root MuiButton-root MuiButton-outlined MuiButton-outlinedPrimary MuiButton-sizeMedium MuiButton-outlinedSizeMedium MuiButton-colorPrimary MuiButton-root MuiButton-outlined MuiButton-outlinedPrimary MuiButton-sizeMedium MuiButton-outlinedSizeMedium MuiButton-colorPrimary css-1bwvi6l-MuiButtonBase-root-MuiButton-root"[39m
                [33mtabindex[39m=[32m"0"[39m
                [33mtype[39m=[32m"button"[39m
              [36m>[39m
                [0mIndietro[0m
                [36m<span[39m
                  [33mclass[39m=[32m"MuiTouchRipple-root css-8je8zh-MuiTouchRipple-root"[39m
                [36m/>[39m
              [36m</button>[39m
            [36m</div>[39m
          [36m</div>[39m
        [36m</div>[39m
      [36m</div>[39m
    [36m</div>[39m
  [36m</div>[39m
[36m</body>[39m

Ignored nodes: comments, script, style
[36m<html>[39m
  [36m<head />[39m
  [36m<body[39m
    [33mstyle[39m=[32m""[39m
  [36m>[39m
    [36m<div>[39m
      [36m<button>[39m
        [0mLOGOUT[0m
      [36m</button>[39m
      [36m<div[39m
        [33mclass[39m=[32m"MuiContainer-root MuiContainer-maxWidthLg css-1tkdzw2-MuiContainer-root"[39m
      [36m>[39m
        [36m<div[39m
          [33mclass[39m=[32m"MuiGrid-root MuiGrid-container MuiGrid-direction-xs-column css-tuaemk-MuiGrid-root"[39m
        [36m>[39m
          [36m<div[39m
            [33mclass[39m=[32m"MuiGrid-root MuiGrid-container MuiGrid-item css-1h16bbz-MuiGrid-root"[39m
          [36m>[39m
            [36m<div[39m
              [33mclass[39m=[32m"MuiGrid-root MuiGrid-item MuiGrid-grid-xs-12 css-1idn90j-MuiGrid-root"[39m
            [36m>[39m
              [36m<h2[39m
                [33mclass[39m=[32m"MuiTypography-root MuiTypography-h3 MuiTypography-alignCenter css-1g51zyk-MuiTypography-root"[39m
              [36m>[39m
                [0mNessuno dei tuoi enti può [0m
                [36m<br />[39m
                [0m aderire[0m
              [36m</h2>[39m
            [36m</div>[39m
          [36m</div>[39m
          [36m<div[39m
            [33mclass[39m=[32m"MuiGrid-root MuiGrid-container MuiGrid-item css-4gm0iv-MuiGrid-root"[39m
          [36m>[39m
            [36m<div[39m
              [33mclass[39m=[32m"MuiGrid-root MuiGrid-item MuiGrid-grid-xs-12 css-1idn90j-MuiGrid-root"[39m
            [36m>[39m
              [36m<p[39m
                [33mclass[39m=[32m"MuiTypography-root MuiTypography-body1 MuiTypography-alignCenter css-y3ensx-MuiTypography-root"[39m
              [36m>[39m
                [0mSe non vedi enti disponibili nella lista, l'ente cercato potrebbe [0m
                [36m<br />[39m
                [0m aver già aderito a [0m
                [36m<strong />[39m
              [36m</p>[39m
            [36m</div>[39m
          [36m</div>[39m
          [36m<div[39m
            [33mclass[39m=[32m"MuiGrid-root MuiGrid-container MuiGrid-item css-2pgqpg-MuiGrid-root"[39m
          [36m>[39m
            [36m<div[39m
              [33mclass[39m=[32m"MuiPaper-root MuiPaper-elevation MuiPaper-rounded MuiPaper-elevation8 css-1hto99q-MuiPaper-root"[39m
            [36m>[39m
              [36m<div[39m
                [33mclass[39m=[32m"MuiBox-root css-1smy4sj"[39m
              [36m>[39m
                [36m<p[39m
                  [33mclass[39m=[32m"MuiTypography-root MuiTypography-body1 css-8msdip-MuiTypography-root"[39m
                [36m>[39m
                  [0mNessun ente disponibile[0m
                [36m</p>[39m
              [36m</div>[39m
            [36m</div>[39m
          [36m</div>[39m
          [36m<div[39m
            [33mclass[39m=[32m"MuiGrid-root MuiGrid-container MuiGrid-item css-1h16bbz-MuiGrid-root"[39m
          [36m>[39m
            [36m<div[39m
              [33mclass[39m=[32m"MuiGrid-root MuiGrid-item MuiGrid-grid-xs-6 css-1osj8n2-MuiGrid-root"[39m
            [36m>[39m
              [36m<div[39m
                [33mclass[39m=[32m"MuiBox-root css-1jm1mo8"[39m
              [36m>[39m
                [36m<span[39m
                  [33maria-label[39m=[32m"Non trovi il tuo ente? Scopri perché"[39m
                  [33mclass[39m=[32m"MuiTypography-root MuiTypography-caption css-il8o2f-MuiTypography-root"[39m
                [36m>[39m
                  [0mIl tuo ente ha aderito ma non è disponibile? [0m
                  [36m<a[39m
                    [33mclass[39m=[32m"MuiTypography-root MuiTypography-inherit MuiLink-root MuiLink-underlineAlways css-10kyizu-MuiTypography-root-MuiLink-root"[39m
                  [36m>[39m
                    [0mScopri perché[0m
                  [36m</a>[39m
                [36m</span>[39m
              [36m</div>[39m
            [36m</div>[39m
          [36m</div>[39m
          [36m<div[39m
            [33mclass[39m=[32m"MuiGrid-root MuiGrid-item css-wea51-MuiGrid-root"[39m
          [36m>[39m
            [36m<div[39m
              [33mclass[39m=[32m"MuiGrid-root MuiGrid-container MuiGrid-spacing-xs-2 css-7pgsh3-MuiGrid-root"[39m
            [36m>[39m
              [36m<div[39m
                [33mclass[39m=[32m"MuiGrid-root MuiGrid-item css-13i4rnv-MuiGrid-root"[39m
              [36m>[39m
                [36m<button[39m
                  [33mclass[39m=[32m"MuiButtonBase-root MuiButton-root MuiButton-outlined MuiButton-outlinedPrimary MuiButton-sizeMedium MuiButton-outlinedSizeMedium MuiButton-colorPrimary MuiButton-root MuiButton-outlined MuiButton-outlinedPrimary MuiButton-sizeMedium MuiButton-outlinedSizeMedium MuiButton-colorPrimary css-1bwvi6l-MuiButtonBase-root-MuiButton-root"[39m
                  [33mtabindex[39m=[32m"0"[39m
                  [33mtype[39m=[32m"button"[39m
                [36m>[39m
                  [0mIndietro[0m
                  [36m<span[39m
                    [33mclass[39m=[32m"MuiTouchRipple-root css-8je8zh-MuiTouchRipple-root"[39m
                  [36m/>[39m
                [36m</button>[39m
              [36m</div>[39m
            [36m</div>[39m
          [36m</div>[39m
        [36m</div>[39m
      [36m</div>[39m
    [36m</div>[39m
  [36m</body>[39m
[36m</html>[39m...
[90m [2m❯[22m Proxy.waitForWrapper node_modules/@testing-library/dom/dist/wait-for.js:[2m163:27[22m[39m
[36m [2m❯[22m executeStepSelectInstitution src/views/onboardingPremium/__tests__/OnboardingPremium.test.tsx:[2m187:9[22m[39m
    [90m185| [39m  console[33m.[39m[34mlog[39m([32m'Testing step select institution..'[39m)[33m;[39m
    [90m186| [39m
    [90m187| [39m  [35mawait[39m [34mwaitFor[39m(() [33m=>[39m screen[33m.[39m[34mgetByText[39m([32m'Seleziona il tuo ente'[39m))[33m;[39m
    [90m   | [39m        [31m^[39m
    [90m188| [39m  [35mconst[39m continueButton [33m=[39m screen[33m.[39m[34mgetByText[39m([32m'Continua'[39m)[33m;[39m
    [90m189| [39m  [34mexpect[39m(continueButton)[33m.[39m[34mtoBeDisabled[39m()[33m;[39m
[90m [2m❯[22m src/views/onboardingPremium/__tests__/OnboardingPremium.test.tsx:[2m141:9[22m[39m

[31m[2m⎯⎯⎯⎯⎯⎯⎯⎯⎯⎯⎯⎯⎯⎯⎯⎯⎯⎯⎯⎯⎯⎯⎯[3/58]⎯[22m[39m

[41m[1m FAIL [22m[49m src/views/onboardingPremium/__tests__/OnboardingPremium.test.tsx[2m > [22mTest: Successfully complete onboarding request for prod-io-premium
[31m[1mTestingLibraryElementError[22m[39m: Unable to find an element with the text: Seleziona il tuo ente. This could be because the text is broken up by multiple elements. In this case, you can provide a function for your text matcher to make your matcher more flexible.

Ignored nodes: comments, script, style
[36m<body[39m
  [33mstyle[39m=[32m""[39m
[36m>[39m
  [36m<div>[39m
    [36m<button>[39m
      [0mLOGOUT[0m
    [36m</button>[39m
    [36m<div[39m
      [33mclass[39m=[32m"MuiContainer-root MuiContainer-maxWidthLg css-1tkdzw2-MuiContainer-root"[39m
    [36m>[39m
      [36m<div[39m
        [33mclass[39m=[32m"MuiGrid-root MuiGrid-container MuiGrid-direction-xs-column css-tuaemk-MuiGrid-root"[39m
      [36m>[39m
        [36m<div[39m
          [33mclass[39m=[32m"MuiGrid-root MuiGrid-container MuiGrid-item css-1h16bbz-MuiGrid-root"[39m
        [36m>[39m
          [36m<div[39m
            [33mclass[39m=[32m"MuiGrid-root MuiGrid-item MuiGrid-grid-xs-12 css-1idn90j-MuiGrid-root"[39m
          [36m>[39m
            [36m<h2[39m
              [33mclass[39m=[32m"MuiTypography-root MuiTypography-h3 MuiTypography-alignCenter css-1g51zyk-MuiTypography-root"[39m
            [36m>[39m
              [0mNessuno dei tuoi enti può [0m
              [36m<br />[39m
              [0m aderire[0m
            [36m</h2>[39m
          [36m</div>[39m
        [36m</div>[39m
        [36m<div[39m
          [33mclass[39m=[32m"MuiGrid-root MuiGrid-container MuiGrid-item css-4gm0iv-MuiGrid-root"[39m
        [36m>[39m
          [36m<div[39m
            [33mclass[39m=[32m"MuiGrid-root MuiGrid-item MuiGrid-grid-xs-12 css-1idn90j-MuiGrid-root"[39m
          [36m>[39m
            [36m<p[39m
              [33mclass[39m=[32m"MuiTypography-root MuiTypography-body1 MuiTypography-alignCenter css-y3ensx-MuiTypography-root"[39m
            [36m>[39m
              [0mSe non vedi enti disponibili nella lista, l'ente cercato potrebbe [0m
              [36m<br />[39m
              [0m aver già aderito a [0m
              [36m<strong />[39m
            [36m</p>[39m
          [36m</div>[39m
        [36m</div>[39m
        [36m<div[39m
          [33mclass[39m=[32m"MuiGrid-root MuiGrid-container MuiGrid-item css-2pgqpg-MuiGrid-root"[39m
        [36m>[39m
          [36m<div[39m
            [33mclass[39m=[32m"MuiPaper-root MuiPaper-elevation MuiPaper-rounded MuiPaper-elevation8 css-1hto99q-MuiPaper-root"[39m
          [36m>[39m
            [36m<div[39m
              [33mclass[39m=[32m"MuiBox-root css-1smy4sj"[39m
            [36m>[39m
              [36m<p[39m
                [33mclass[39m=[32m"MuiTypography-root MuiTypography-body1 css-8msdip-MuiTypography-root"[39m
              [36m>[39m
                [0mNessun ente disponibile[0m
              [36m</p>[39m
            [36m</div>[39m
          [36m</div>[39m
        [36m</div>[39m
        [36m<div[39m
          [33mclass[39m=[32m"MuiGrid-root MuiGrid-container MuiGrid-item css-1h16bbz-MuiGrid-root"[39m
        [36m>[39m
          [36m<div[39m
            [33mclass[39m=[32m"MuiGrid-root MuiGrid-item MuiGrid-grid-xs-6 css-1osj8n2-MuiGrid-root"[39m
          [36m>[39m
            [36m<div[39m
              [33mclass[39m=[32m"MuiBox-root css-1jm1mo8"[39m
            [36m>[39m
              [36m<span[39m
                [33maria-label[39m=[32m"Non trovi il tuo ente? Scopri perché"[39m
                [33mclass[39m=[32m"MuiTypography-root MuiTypography-caption css-il8o2f-MuiTypography-root"[39m
              [36m>[39m
                [0mIl tuo ente ha aderito ma non è disponibile? [0m
                [36m<a[39m
                  [33mclass[39m=[32m"MuiTypography-root MuiTypography-inherit MuiLink-root MuiLink-underlineAlways css-10kyizu-MuiTypography-root-MuiLink-root"[39m
                [36m>[39m
                  [0mScopri perché[0m
                [36m</a>[39m
              [36m</span>[39m
            [36m</div>[39m
          [36m</div>[39m
        [36m</div>[39m
        [36m<div[39m
          [33mclass[39m=[32m"MuiGrid-root MuiGrid-item css-wea51-MuiGrid-root"[39m
        [36m>[39m
          [36m<div[39m
            [33mclass[39m=[32m"MuiGrid-root MuiGrid-container MuiGrid-spacing-xs-2 css-7pgsh3-MuiGrid-root"[39m
          [36m>[39m
            [36m<div[39m
              [33mclass[39m=[32m"MuiGrid-root MuiGrid-item css-13i4rnv-MuiGrid-root"[39m
            [36m>[39m
              [36m<button[39m
                [33mclass[39m=[32m"MuiButtonBase-root MuiButton-root MuiButton-outlined MuiButton-outlinedPrimary MuiButton-sizeMedium MuiButton-outlinedSizeMedium MuiButton-colorPrimary MuiButton-root MuiButton-outlined MuiButton-outlinedPrimary MuiButton-sizeMedium MuiButton-outlinedSizeMedium MuiButton-colorPrimary css-1bwvi6l-MuiButtonBase-root-MuiButton-root"[39m
                [33mtabindex[39m=[32m"0"[39m
                [33mtype[39m=[32m"button"[39m
              [36m>[39m
                [0mIndietro[0m
                [36m<span[39m
                  [33mclass[39m=[32m"MuiTouchRipple-root css-8je8zh-MuiTouchRipple-root"[39m
                [36m/>[39m
              [36m</button>[39m
            [36m</div>[39m
          [36m</div>[39m
        [36m</div>[39m
      [36m</div>[39m
    [36m</div>[39m
  [36m</div>[39m
[36m</body>[39m

Ignored nodes: comments, script, style
[36m<html>[39m
  [36m<head />[39m
  [36m<body[39m
    [33mstyle[39m=[32m""[39m
  [36m>[39m
    [36m<div>[39m
      [36m<button>[39m
        [0mLOGOUT[0m
      [36m</button>[39m
      [36m<div[39m
        [33mclass[39m=[32m"MuiContainer-root MuiContainer-maxWidthLg css-1tkdzw2-MuiContainer-root"[39m
      [36m>[39m
        [36m<div[39m
          [33mclass[39m=[32m"MuiGrid-root MuiGrid-container MuiGrid-direction-xs-column css-tuaemk-MuiGrid-root"[39m
        [36m>[39m
          [36m<div[39m
            [33mclass[39m=[32m"MuiGrid-root MuiGrid-container MuiGrid-item css-1h16bbz-MuiGrid-root"[39m
          [36m>[39m
            [36m<div[39m
              [33mclass[39m=[32m"MuiGrid-root MuiGrid-item MuiGrid-grid-xs-12 css-1idn90j-MuiGrid-root"[39m
            [36m>[39m
              [36m<h2[39m
                [33mclass[39m=[32m"MuiTypography-root MuiTypography-h3 MuiTypography-alignCenter css-1g51zyk-MuiTypography-root"[39m
              [36m>[39m
                [0mNessuno dei tuoi enti può [0m
                [36m<br />[39m
                [0m aderire[0m
              [36m</h2>[39m
            [36m</div>[39m
          [36m</div>[39m
          [36m<div[39m
            [33mclass[39m=[32m"MuiGrid-root MuiGrid-container MuiGrid-item css-4gm0iv-MuiGrid-root"[39m
          [36m>[39m
            [36m<div[39m
              [33mclass[39m=[32m"MuiGrid-root MuiGrid-item MuiGrid-grid-xs-12 css-1idn90j-MuiGrid-root"[39m
            [36m>[39m
              [36m<p[39m
                [33mclass[39m=[32m"MuiTypography-root MuiTypography-body1 MuiTypography-alignCenter css-y3ensx-MuiTypography-root"[39m
              [36m>[39m
                [0mSe non vedi enti disponibili nella lista, l'ente cercato potrebbe [0m
                [36m<br />[39m
                [0m aver già aderito a [0m
                [36m<strong />[39m
              [36m</p>[39m
            [36m</div>[39m
          [36m</div>[39m
          [36m<div[39m
            [33mclass[39m=[32m"MuiGrid-root MuiGrid-container MuiGrid-item css-2pgqpg-MuiGrid-root"[39m
          [36m>[39m
            [36m<div[39m
              [33mclass[39m=[32m"MuiPaper-root MuiPaper-elevation MuiPaper-rounded MuiPaper-elevation8 css-1hto99q-MuiPaper-root"[39m
            [36m>[39m
              [36m<div[39m
                [33mclass[39m=[32m"MuiBox-root css-1smy4sj"[39m
              [36m>[39m
                [36m<p[39m
                  [33mclass[39m=[32m"MuiTypography-root MuiTypography-body1 css-8msdip-MuiTypography-root"[39m
                [36m>[39m
                  [0mNessun ente disponibile[0m
                [36m</p>[39m
              [36m</div>[39m
            [36m</div>[39m
          [36m</div>[39m
          [36m<div[39m
            [33mclass[39m=[32m"MuiGrid-root MuiGrid-container MuiGrid-item css-1h16bbz-MuiGrid-root"[39m
          [36m>[39m
            [36m<div[39m
              [33mclass[39m=[32m"MuiGrid-root MuiGrid-item MuiGrid-grid-xs-6 css-1osj8n2-MuiGrid-root"[39m
            [36m>[39m
              [36m<div[39m
                [33mclass[39m=[32m"MuiBox-root css-1jm1mo8"[39m
              [36m>[39m
                [36m<span[39m
                  [33maria-label[39m=[32m"Non trovi il tuo ente? Scopri perché"[39m
                  [33mclass[39m=[32m"MuiTypography-root MuiTypography-caption css-il8o2f-MuiTypography-root"[39m
                [36m>[39m
                  [0mIl tuo ente ha aderito ma non è disponibile? [0m
                  [36m<a[39m
                    [33mclass[39m=[32m"MuiTypography-root MuiTypography-inherit MuiLink-root MuiLink-underlineAlways css-10kyizu-MuiTypography-root-MuiLink-root"[39m
                  [36m>[39m
                    [0mScopri perché[0m
                  [36m</a>[39m
                [36m</span>[39m
              [36m</div>[39m
            [36m</div>[39m
          [36m</div>[39m
          [36m<div[39m
            [33mclass[39m=[32m"MuiGrid-root MuiGrid-item css-wea51-MuiGrid-root"[39m
          [36m>[39m
            [36m<div[39m
              [33mclass[39m=[32m"MuiGrid-root MuiGrid-container MuiGrid-spacing-xs-2 css-7pgsh3-MuiGrid-root"[39m
            [36m>[39m
              [36m<div[39m
                [33mclass[39m=[32m"MuiGrid-root MuiGrid-item css-13i4rnv-MuiGrid-root"[39m
              [36m>[39m
                [36m<button[39m
                  [33mclass[39m=[32m"MuiButtonBase-root MuiButton-root MuiButton-outlined MuiButton-outlinedPrimary MuiButton-sizeMedium MuiButton-outlinedSizeMedium MuiButton-colorPrimary MuiButton-root MuiButton-outlined MuiButton-outlinedPrimary MuiButton-sizeMedium MuiButton-outlinedSizeMedium MuiButton-colorPrimary css-1bwvi6l-MuiButtonBase-root-MuiButton-root"[39m
                  [33mtabindex[39m=[32m"0"[39m
                  [33mtype[39m=[32m"button"[39m
                [36m>[39m
                  [0mIndietro[0m
                  [36m<span[39m
                    [33mclass[39m=[32m"MuiTouchRipple-root css-8je8zh-MuiTouchRipple-root"[39m
                  [36m/>[39m
                [36m</button>[39m
              [36m</div>[39m
            [36m</div>[39m
          [36m</div>[39m
        [36m</div>[39m
      [36m</div>[39m
    [36m</div>[39m
  [36m</body>[39m
[36m</html>[39m...
[90m [2m❯[22m Proxy.waitForWrapper node_modules/@testing-library/dom/dist/wait-for.js:[2m163:27[22m[39m
[36m [2m❯[22m executeStepSelectInstitution src/views/onboardingPremium/__tests__/OnboardingPremium.test.tsx:[2m187:9[22m[39m
    [90m185| [39m  console[33m.[39m[34mlog[39m([32m'Testing step select institution..'[39m)[33m;[39m
    [90m186| [39m
    [90m187| [39m  [35mawait[39m [34mwaitFor[39m(() [33m=>[39m screen[33m.[39m[34mgetByText[39m([32m'Seleziona il tuo ente'[39m))[33m;[39m
    [90m   | [39m        [31m^[39m
    [90m188| [39m  [35mconst[39m continueButton [33m=[39m screen[33m.[39m[34mgetByText[39m([32m'Continua'[39m)[33m;[39m
    [90m189| [39m  [34mexpect[39m(continueButton)[33m.[39m[34mtoBeDisabled[39m()[33m;[39m
[90m [2m❯[22m src/views/onboardingPremium/__tests__/OnboardingPremium.test.tsx:[2m148:9[22m[39m

[31m[2m⎯⎯⎯⎯⎯⎯⎯⎯⎯⎯⎯⎯⎯⎯⎯⎯⎯⎯⎯⎯⎯⎯⎯[4/58]⎯[22m[39m

[41m[1m FAIL [22m[49m src/views/onboardingPremium/__tests__/OnboardingPremium.test.tsx[2m > [22mTest: Successfully complete onboarding request for prod-dashboard-psp
[31m[1mTestingLibraryElementError[22m[39m: Unable to find an element with the text: Seleziona il tuo ente. This could be because the text is broken up by multiple elements. In this case, you can provide a function for your text matcher to make your matcher more flexible.

Ignored nodes: comments, script, style
[36m<body[39m
  [33mstyle[39m=[32m""[39m
[36m>[39m
  [36m<div>[39m
    [36m<button>[39m
      [0mLOGOUT[0m
    [36m</button>[39m
    [36m<div[39m
      [33mclass[39m=[32m"MuiContainer-root MuiContainer-maxWidthLg css-1tkdzw2-MuiContainer-root"[39m
    [36m>[39m
      [36m<div[39m
        [33mclass[39m=[32m"MuiGrid-root MuiGrid-container MuiGrid-direction-xs-column css-tuaemk-MuiGrid-root"[39m
      [36m>[39m
        [36m<div[39m
          [33mclass[39m=[32m"MuiGrid-root MuiGrid-container MuiGrid-item css-1h16bbz-MuiGrid-root"[39m
        [36m>[39m
          [36m<div[39m
            [33mclass[39m=[32m"MuiGrid-root MuiGrid-item MuiGrid-grid-xs-12 css-1idn90j-MuiGrid-root"[39m
          [36m>[39m
            [36m<h2[39m
              [33mclass[39m=[32m"MuiTypography-root MuiTypography-h3 MuiTypography-alignCenter css-1g51zyk-MuiTypography-root"[39m
            [36m>[39m
              [0mNessuno dei tuoi enti può [0m
              [36m<br />[39m
              [0m aderire[0m
            [36m</h2>[39m
          [36m</div>[39m
        [36m</div>[39m
        [36m<div[39m
          [33mclass[39m=[32m"MuiGrid-root MuiGrid-container MuiGrid-item css-4gm0iv-MuiGrid-root"[39m
        [36m>[39m
          [36m<div[39m
            [33mclass[39m=[32m"MuiGrid-root MuiGrid-item MuiGrid-grid-xs-12 css-1idn90j-MuiGrid-root"[39m
          [36m>[39m
            [36m<p[39m
              [33mclass[39m=[32m"MuiTypography-root MuiTypography-body1 MuiTypography-alignCenter css-y3ensx-MuiTypography-root"[39m
            [36m>[39m
              [0mSe non vedi enti disponibili nella lista, l'ente cercato potrebbe [0m
              [36m<br />[39m
              [0m aver già aderito a [0m
              [36m<strong />[39m
            [36m</p>[39m
          [36m</div>[39m
        [36m</div>[39m
        [36m<div[39m
          [33mclass[39m=[32m"MuiGrid-root MuiGrid-container MuiGrid-item css-2pgqpg-MuiGrid-root"[39m
        [36m>[39m
          [36m<div[39m
            [33mclass[39m=[32m"MuiPaper-root MuiPaper-elevation MuiPaper-rounded MuiPaper-elevation8 css-1hto99q-MuiPaper-root"[39m
          [36m>[39m
            [36m<div[39m
              [33mclass[39m=[32m"MuiBox-root css-1smy4sj"[39m
            [36m>[39m
              [36m<p[39m
                [33mclass[39m=[32m"MuiTypography-root MuiTypography-body1 css-8msdip-MuiTypography-root"[39m
              [36m>[39m
                [0mNessun ente disponibile[0m
              [36m</p>[39m
            [36m</div>[39m
          [36m</div>[39m
        [36m</div>[39m
        [36m<div[39m
          [33mclass[39m=[32m"MuiGrid-root MuiGrid-container MuiGrid-item css-1h16bbz-MuiGrid-root"[39m
        [36m>[39m
          [36m<div[39m
            [33mclass[39m=[32m"MuiGrid-root MuiGrid-item MuiGrid-grid-xs-6 css-1osj8n2-MuiGrid-root"[39m
          [36m>[39m
            [36m<div[39m
              [33mclass[39m=[32m"MuiBox-root css-1jm1mo8"[39m
            [36m>[39m
              [36m<span[39m
                [33maria-label[39m=[32m"Non trovi il tuo ente? Scopri perché"[39m
                [33mclass[39m=[32m"MuiTypography-root MuiTypography-caption css-il8o2f-MuiTypography-root"[39m
              [36m>[39m
                [0mIl tuo ente ha aderito ma non è disponibile? [0m
                [36m<a[39m
                  [33mclass[39m=[32m"MuiTypography-root MuiTypography-inherit MuiLink-root MuiLink-underlineAlways css-10kyizu-MuiTypography-root-MuiLink-root"[39m
                [36m>[39m
                  [0mScopri perché[0m
                [36m</a>[39m
              [36m</span>[39m
            [36m</div>[39m
          [36m</div>[39m
        [36m</div>[39m
        [36m<div[39m
          [33mclass[39m=[32m"MuiGrid-root MuiGrid-item css-wea51-MuiGrid-root"[39m
        [36m>[39m
          [36m<div[39m
            [33mclass[39m=[32m"MuiGrid-root MuiGrid-container MuiGrid-spacing-xs-2 css-7pgsh3-MuiGrid-root"[39m
          [36m>[39m
            [36m<div[39m
              [33mclass[39m=[32m"MuiGrid-root MuiGrid-item css-13i4rnv-MuiGrid-root"[39m
            [36m>[39m
              [36m<button[39m
                [33mclass[39m=[32m"MuiButtonBase-root MuiButton-root MuiButton-outlined MuiButton-outlinedPrimary MuiButton-sizeMedium MuiButton-outlinedSizeMedium MuiButton-colorPrimary MuiButton-root MuiButton-outlined MuiButton-outlinedPrimary MuiButton-sizeMedium MuiButton-outlinedSizeMedium MuiButton-colorPrimary css-1bwvi6l-MuiButtonBase-root-MuiButton-root"[39m
                [33mtabindex[39m=[32m"0"[39m
                [33mtype[39m=[32m"button"[39m
              [36m>[39m
                [0mIndietro[0m
                [36m<span[39m
                  [33mclass[39m=[32m"MuiTouchRipple-root css-8je8zh-MuiTouchRipple-root"[39m
                [36m/>[39m
              [36m</button>[39m
            [36m</div>[39m
          [36m</div>[39m
        [36m</div>[39m
      [36m</div>[39m
    [36m</div>[39m
  [36m</div>[39m
[36m</body>[39m

Ignored nodes: comments, script, style
[36m<html>[39m
  [36m<head />[39m
  [36m<body[39m
    [33mstyle[39m=[32m""[39m
  [36m>[39m
    [36m<div>[39m
      [36m<button>[39m
        [0mLOGOUT[0m
      [36m</button>[39m
      [36m<div[39m
        [33mclass[39m=[32m"MuiContainer-root MuiContainer-maxWidthLg css-1tkdzw2-MuiContainer-root"[39m
      [36m>[39m
        [36m<div[39m
          [33mclass[39m=[32m"MuiGrid-root MuiGrid-container MuiGrid-direction-xs-column css-tuaemk-MuiGrid-root"[39m
        [36m>[39m
          [36m<div[39m
            [33mclass[39m=[32m"MuiGrid-root MuiGrid-container MuiGrid-item css-1h16bbz-MuiGrid-root"[39m
          [36m>[39m
            [36m<div[39m
              [33mclass[39m=[32m"MuiGrid-root MuiGrid-item MuiGrid-grid-xs-12 css-1idn90j-MuiGrid-root"[39m
            [36m>[39m
              [36m<h2[39m
                [33mclass[39m=[32m"MuiTypography-root MuiTypography-h3 MuiTypography-alignCenter css-1g51zyk-MuiTypography-root"[39m
              [36m>[39m
                [0mNessuno dei tuoi enti può [0m
                [36m<br />[39m
                [0m aderire[0m
              [36m</h2>[39m
            [36m</div>[39m
          [36m</div>[39m
          [36m<div[39m
            [33mclass[39m=[32m"MuiGrid-root MuiGrid-container MuiGrid-item css-4gm0iv-MuiGrid-root"[39m
          [36m>[39m
            [36m<div[39m
              [33mclass[39m=[32m"MuiGrid-root MuiGrid-item MuiGrid-grid-xs-12 css-1idn90j-MuiGrid-root"[39m
            [36m>[39m
              [36m<p[39m
                [33mclass[39m=[32m"MuiTypography-root MuiTypography-body1 MuiTypography-alignCenter css-y3ensx-MuiTypography-root"[39m
              [36m>[39m
                [0mSe non vedi enti disponibili nella lista, l'ente cercato potrebbe [0m
                [36m<br />[39m
                [0m aver già aderito a [0m
                [36m<strong />[39m
              [36m</p>[39m
            [36m</div>[39m
          [36m</div>[39m
          [36m<div[39m
            [33mclass[39m=[32m"MuiGrid-root MuiGrid-container MuiGrid-item css-2pgqpg-MuiGrid-root"[39m
          [36m>[39m
            [36m<div[39m
              [33mclass[39m=[32m"MuiPaper-root MuiPaper-elevation MuiPaper-rounded MuiPaper-elevation8 css-1hto99q-MuiPaper-root"[39m
            [36m>[39m
              [36m<div[39m
                [33mclass[39m=[32m"MuiBox-root css-1smy4sj"[39m
              [36m>[39m
                [36m<p[39m
                  [33mclass[39m=[32m"MuiTypography-root MuiTypography-body1 css-8msdip-MuiTypography-root"[39m
                [36m>[39m
                  [0mNessun ente disponibile[0m
                [36m</p>[39m
              [36m</div>[39m
            [36m</div>[39m
          [36m</div>[39m
          [36m<div[39m
            [33mclass[39m=[32m"MuiGrid-root MuiGrid-container MuiGrid-item css-1h16bbz-MuiGrid-root"[39m
          [36m>[39m
            [36m<div[39m
              [33mclass[39m=[32m"MuiGrid-root MuiGrid-item MuiGrid-grid-xs-6 css-1osj8n2-MuiGrid-root"[39m
            [36m>[39m
              [36m<div[39m
                [33mclass[39m=[32m"MuiBox-root css-1jm1mo8"[39m
              [36m>[39m
                [36m<span[39m
                  [33maria-label[39m=[32m"Non trovi il tuo ente? Scopri perché"[39m
                  [33mclass[39m=[32m"MuiTypography-root MuiTypography-caption css-il8o2f-MuiTypography-root"[39m
                [36m>[39m
                  [0mIl tuo ente ha aderito ma non è disponibile? [0m
                  [36m<a[39m
                    [33mclass[39m=[32m"MuiTypography-root MuiTypography-inherit MuiLink-root MuiLink-underlineAlways css-10kyizu-MuiTypography-root-MuiLink-root"[39m
                  [36m>[39m
                    [0mScopri perché[0m
                  [36m</a>[39m
                [36m</span>[39m
              [36m</div>[39m
            [36m</div>[39m
          [36m</div>[39m
          [36m<div[39m
            [33mclass[39m=[32m"MuiGrid-root MuiGrid-item css-wea51-MuiGrid-root"[39m
          [36m>[39m
            [36m<div[39m
              [33mclass[39m=[32m"MuiGrid-root MuiGrid-container MuiGrid-spacing-xs-2 css-7pgsh3-MuiGrid-root"[39m
            [36m>[39m
              [36m<div[39m
                [33mclass[39m=[32m"MuiGrid-root MuiGrid-item css-13i4rnv-MuiGrid-root"[39m
              [36m>[39m
                [36m<button[39m
                  [33mclass[39m=[32m"MuiButtonBase-root MuiButton-root MuiButton-outlined MuiButton-outlinedPrimary MuiButton-sizeMedium MuiButton-outlinedSizeMedium MuiButton-colorPrimary MuiButton-root MuiButton-outlined MuiButton-outlinedPrimary MuiButton-sizeMedium MuiButton-outlinedSizeMedium MuiButton-colorPrimary css-1bwvi6l-MuiButtonBase-root-MuiButton-root"[39m
                  [33mtabindex[39m=[32m"0"[39m
                  [33mtype[39m=[32m"button"[39m
                [36m>[39m
                  [0mIndietro[0m
                  [36m<span[39m
                    [33mclass[39m=[32m"MuiTouchRipple-root css-8je8zh-MuiTouchRipple-root"[39m
                  [36m/>[39m
                [36m</button>[39m
              [36m</div>[39m
            [36m</div>[39m
          [36m</div>[39m
        [36m</div>[39m
      [36m</div>[39m
    [36m</div>[39m
  [36m</body>[39m
[36m</html>[39m...
[90m [2m❯[22m Proxy.waitForWrapper node_modules/@testing-library/dom/dist/wait-for.js:[2m163:27[22m[39m
[36m [2m❯[22m executeStepSelectInstitution src/views/onboardingPremium/__tests__/OnboardingPremium.test.tsx:[2m187:9[22m[39m
    [90m185| [39m  console[33m.[39m[34mlog[39m([32m'Testing step select institution..'[39m)[33m;[39m
    [90m186| [39m
    [90m187| [39m  [35mawait[39m [34mwaitFor[39m(() [33m=>[39m screen[33m.[39m[34mgetByText[39m([32m'Seleziona il tuo ente'[39m))[33m;[39m
    [90m   | [39m        [31m^[39m
    [90m188| [39m  [35mconst[39m continueButton [33m=[39m screen[33m.[39m[34mgetByText[39m([32m'Continua'[39m)[33m;[39m
    [90m189| [39m  [34mexpect[39m(continueButton)[33m.[39m[34mtoBeDisabled[39m()[33m;[39m
[90m [2m❯[22m src/views/onboardingPremium/__tests__/OnboardingPremium.test.tsx:[2m157:9[22m[39m

[31m[2m⎯⎯⎯⎯⎯⎯⎯⎯⎯⎯⎯⎯⎯⎯⎯⎯⎯⎯⎯⎯⎯⎯⎯[5/58]⎯[22m[39m

[41m[1m FAIL [22m[49m src/views/onboardingPremium/__tests__/OnboardingPremium.test.tsx[2m > [22mTest: Complete onboarding request with error on submit
[31m[1mTestingLibraryElementError[22m[39m: Unable to find an element with the text: Seleziona il tuo ente. This could be because the text is broken up by multiple elements. In this case, you can provide a function for your text matcher to make your matcher more flexible.

Ignored nodes: comments, script, style
[36m<body[39m
  [33mstyle[39m=[32m""[39m
[36m>[39m
  [36m<div>[39m
    [36m<button>[39m
      [0mLOGOUT[0m
    [36m</button>[39m
    [36m<div[39m
      [33mclass[39m=[32m"MuiContainer-root MuiContainer-maxWidthLg css-1tkdzw2-MuiContainer-root"[39m
    [36m>[39m
      [36m<div[39m
        [33mclass[39m=[32m"MuiGrid-root MuiGrid-container MuiGrid-direction-xs-column css-tuaemk-MuiGrid-root"[39m
      [36m>[39m
        [36m<div[39m
          [33mclass[39m=[32m"MuiGrid-root MuiGrid-container MuiGrid-item css-1h16bbz-MuiGrid-root"[39m
        [36m>[39m
          [36m<div[39m
            [33mclass[39m=[32m"MuiGrid-root MuiGrid-item MuiGrid-grid-xs-12 css-1idn90j-MuiGrid-root"[39m
          [36m>[39m
            [36m<h2[39m
              [33mclass[39m=[32m"MuiTypography-root MuiTypography-h3 MuiTypography-alignCenter css-1g51zyk-MuiTypography-root"[39m
            [36m>[39m
              [0mNessuno dei tuoi enti può [0m
              [36m<br />[39m
              [0m aderire[0m
            [36m</h2>[39m
          [36m</div>[39m
        [36m</div>[39m
        [36m<div[39m
          [33mclass[39m=[32m"MuiGrid-root MuiGrid-container MuiGrid-item css-4gm0iv-MuiGrid-root"[39m
        [36m>[39m
          [36m<div[39m
            [33mclass[39m=[32m"MuiGrid-root MuiGrid-item MuiGrid-grid-xs-12 css-1idn90j-MuiGrid-root"[39m
          [36m>[39m
            [36m<p[39m
              [33mclass[39m=[32m"MuiTypography-root MuiTypography-body1 MuiTypography-alignCenter css-y3ensx-MuiTypography-root"[39m
            [36m>[39m
              [0mSe non vedi enti disponibili nella lista, l'ente cercato potrebbe [0m
              [36m<br />[39m
              [0m aver già aderito a [0m
              [36m<strong />[39m
            [36m</p>[39m
          [36m</div>[39m
        [36m</div>[39m
        [36m<div[39m
          [33mclass[39m=[32m"MuiGrid-root MuiGrid-container MuiGrid-item css-2pgqpg-MuiGrid-root"[39m
        [36m>[39m
          [36m<div[39m
            [33mclass[39m=[32m"MuiPaper-root MuiPaper-elevation MuiPaper-rounded MuiPaper-elevation8 css-1hto99q-MuiPaper-root"[39m
          [36m>[39m
            [36m<div[39m
              [33mclass[39m=[32m"MuiBox-root css-1smy4sj"[39m
            [36m>[39m
              [36m<p[39m
                [33mclass[39m=[32m"MuiTypography-root MuiTypography-body1 css-8msdip-MuiTypography-root"[39m
              [36m>[39m
                [0mNessun ente disponibile[0m
              [36m</p>[39m
            [36m</div>[39m
          [36m</div>[39m
        [36m</div>[39m
        [36m<div[39m
          [33mclass[39m=[32m"MuiGrid-root MuiGrid-container MuiGrid-item css-1h16bbz-MuiGrid-root"[39m
        [36m>[39m
          [36m<div[39m
            [33mclass[39m=[32m"MuiGrid-root MuiGrid-item MuiGrid-grid-xs-6 css-1osj8n2-MuiGrid-root"[39m
          [36m>[39m
            [36m<div[39m
              [33mclass[39m=[32m"MuiBox-root css-1jm1mo8"[39m
            [36m>[39m
              [36m<span[39m
                [33maria-label[39m=[32m"Non trovi il tuo ente? Scopri perché"[39m
                [33mclass[39m=[32m"MuiTypography-root MuiTypography-caption css-il8o2f-MuiTypography-root"[39m
              [36m>[39m
                [0mIl tuo ente ha aderito ma non è disponibile? [0m
                [36m<a[39m
                  [33mclass[39m=[32m"MuiTypography-root MuiTypography-inherit MuiLink-root MuiLink-underlineAlways css-10kyizu-MuiTypography-root-MuiLink-root"[39m
                [36m>[39m
                  [0mScopri perché[0m
                [36m</a>[39m
              [36m</span>[39m
            [36m</div>[39m
          [36m</div>[39m
        [36m</div>[39m
        [36m<div[39m
          [33mclass[39m=[32m"MuiGrid-root MuiGrid-item css-wea51-MuiGrid-root"[39m
        [36m>[39m
          [36m<div[39m
            [33mclass[39m=[32m"MuiGrid-root MuiGrid-container MuiGrid-spacing-xs-2 css-7pgsh3-MuiGrid-root"[39m
          [36m>[39m
            [36m<div[39m
              [33mclass[39m=[32m"MuiGrid-root MuiGrid-item css-13i4rnv-MuiGrid-root"[39m
            [36m>[39m
              [36m<button[39m
                [33mclass[39m=[32m"MuiButtonBase-root MuiButton-root MuiButton-outlined MuiButton-outlinedPrimary MuiButton-sizeMedium MuiButton-outlinedSizeMedium MuiButton-colorPrimary MuiButton-root MuiButton-outlined MuiButton-outlinedPrimary MuiButton-sizeMedium MuiButton-outlinedSizeMedium MuiButton-colorPrimary css-1bwvi6l-MuiButtonBase-root-MuiButton-root"[39m
                [33mtabindex[39m=[32m"0"[39m
                [33mtype[39m=[32m"button"[39m
              [36m>[39m
                [0mIndietro[0m
                [36m<span[39m
                  [33mclass[39m=[32m"MuiTouchRipple-root css-8je8zh-MuiTouchRipple-root"[39m
                [36m/>[39m
              [36m</button>[39m
            [36m</div>[39m
          [36m</div>[39m
        [36m</div>[39m
      [36m</div>[39m
    [36m</div>[39m
  [36m</div>[39m
[36m</body>[39m

Ignored nodes: comments, script, style
[36m<html>[39m
  [36m<head />[39m
  [36m<body[39m
    [33mstyle[39m=[32m""[39m
  [36m>[39m
    [36m<div>[39m
      [36m<button>[39m
        [0mLOGOUT[0m
      [36m</button>[39m
      [36m<div[39m
        [33mclass[39m=[32m"MuiContainer-root MuiContainer-maxWidthLg css-1tkdzw2-MuiContainer-root"[39m
      [36m>[39m
        [36m<div[39m
          [33mclass[39m=[32m"MuiGrid-root MuiGrid-container MuiGrid-direction-xs-column css-tuaemk-MuiGrid-root"[39m
        [36m>[39m
          [36m<div[39m
            [33mclass[39m=[32m"MuiGrid-root MuiGrid-container MuiGrid-item css-1h16bbz-MuiGrid-root"[39m
          [36m>[39m
            [36m<div[39m
              [33mclass[39m=[32m"MuiGrid-root MuiGrid-item MuiGrid-grid-xs-12 css-1idn90j-MuiGrid-root"[39m
            [36m>[39m
              [36m<h2[39m
                [33mclass[39m=[32m"MuiTypography-root MuiTypography-h3 MuiTypography-alignCenter css-1g51zyk-MuiTypography-root"[39m
              [36m>[39m
                [0mNessuno dei tuoi enti può [0m
                [36m<br />[39m
                [0m aderire[0m
              [36m</h2>[39m
            [36m</div>[39m
          [36m</div>[39m
          [36m<div[39m
            [33mclass[39m=[32m"MuiGrid-root MuiGrid-container MuiGrid-item css-4gm0iv-MuiGrid-root"[39m
          [36m>[39m
            [36m<div[39m
              [33mclass[39m=[32m"MuiGrid-root MuiGrid-item MuiGrid-grid-xs-12 css-1idn90j-MuiGrid-root"[39m
            [36m>[39m
              [36m<p[39m
                [33mclass[39m=[32m"MuiTypography-root MuiTypography-body1 MuiTypography-alignCenter css-y3ensx-MuiTypography-root"[39m
              [36m>[39m
                [0mSe non vedi enti disponibili nella lista, l'ente cercato potrebbe [0m
                [36m<br />[39m
                [0m aver già aderito a [0m
                [36m<strong />[39m
              [36m</p>[39m
            [36m</div>[39m
          [36m</div>[39m
          [36m<div[39m
            [33mclass[39m=[32m"MuiGrid-root MuiGrid-container MuiGrid-item css-2pgqpg-MuiGrid-root"[39m
          [36m>[39m
            [36m<div[39m
              [33mclass[39m=[32m"MuiPaper-root MuiPaper-elevation MuiPaper-rounded MuiPaper-elevation8 css-1hto99q-MuiPaper-root"[39m
            [36m>[39m
              [36m<div[39m
                [33mclass[39m=[32m"MuiBox-root css-1smy4sj"[39m
              [36m>[39m
                [36m<p[39m
                  [33mclass[39m=[32m"MuiTypography-root MuiTypography-body1 css-8msdip-MuiTypography-root"[39m
                [36m>[39m
                  [0mNessun ente disponibile[0m
                [36m</p>[39m
              [36m</div>[39m
            [36m</div>[39m
          [36m</div>[39m
          [36m<div[39m
            [33mclass[39m=[32m"MuiGrid-root MuiGrid-container MuiGrid-item css-1h16bbz-MuiGrid-root"[39m
          [36m>[39m
            [36m<div[39m
              [33mclass[39m=[32m"MuiGrid-root MuiGrid-item MuiGrid-grid-xs-6 css-1osj8n2-MuiGrid-root"[39m
            [36m>[39m
              [36m<div[39m
                [33mclass[39m=[32m"MuiBox-root css-1jm1mo8"[39m
              [36m>[39m
                [36m<span[39m
                  [33maria-label[39m=[32m"Non trovi il tuo ente? Scopri perché"[39m
                  [33mclass[39m=[32m"MuiTypography-root MuiTypography-caption css-il8o2f-MuiTypography-root"[39m
                [36m>[39m
                  [0mIl tuo ente ha aderito ma non è disponibile? [0m
                  [36m<a[39m
                    [33mclass[39m=[32m"MuiTypography-root MuiTypography-inherit MuiLink-root MuiLink-underlineAlways css-10kyizu-MuiTypography-root-MuiLink-root"[39m
                  [36m>[39m
                    [0mScopri perché[0m
                  [36m</a>[39m
                [36m</span>[39m
              [36m</div>[39m
            [36m</div>[39m
          [36m</div>[39m
          [36m<div[39m
            [33mclass[39m=[32m"MuiGrid-root MuiGrid-item css-wea51-MuiGrid-root"[39m
          [36m>[39m
            [36m<div[39m
              [33mclass[39m=[32m"MuiGrid-root MuiGrid-container MuiGrid-spacing-xs-2 css-7pgsh3-MuiGrid-root"[39m
            [36m>[39m
              [36m<div[39m
                [33mclass[39m=[32m"MuiGrid-root MuiGrid-item css-13i4rnv-MuiGrid-root"[39m
              [36m>[39m
                [36m<button[39m
                  [33mclass[39m=[32m"MuiButtonBase-root MuiButton-root MuiButton-outlined MuiButton-outlinedPrimary MuiButton-sizeMedium MuiButton-outlinedSizeMedium MuiButton-colorPrimary MuiButton-root MuiButton-outlined MuiButton-outlinedPrimary MuiButton-sizeMedium MuiButton-outlinedSizeMedium MuiButton-colorPrimary css-1bwvi6l-MuiButtonBase-root-MuiButton-root"[39m
                  [33mtabindex[39m=[32m"0"[39m
                  [33mtype[39m=[32m"button"[39m
                [36m>[39m
                  [0mIndietro[0m
                  [36m<span[39m
                    [33mclass[39m=[32m"MuiTouchRipple-root css-8je8zh-MuiTouchRipple-root"[39m
                  [36m/>[39m
                [36m</button>[39m
              [36m</div>[39m
            [36m</div>[39m
          [36m</div>[39m
        [36m</div>[39m
      [36m</div>[39m
    [36m</div>[39m
  [36m</body>[39m
[36m</html>[39m...
[90m [2m❯[22m Proxy.waitForWrapper node_modules/@testing-library/dom/dist/wait-for.js:[2m163:27[22m[39m
[36m [2m❯[22m executeStepSelectInstitution src/views/onboardingPremium/__tests__/OnboardingPremium.test.tsx:[2m187:9[22m[39m
    [90m185| [39m  console[33m.[39m[34mlog[39m([32m'Testing step select institution..'[39m)[33m;[39m
    [90m186| [39m
    [90m187| [39m  [35mawait[39m [34mwaitFor[39m(() [33m=>[39m screen[33m.[39m[34mgetByText[39m([32m'Seleziona il tuo ente'[39m))[33m;[39m
    [90m   | [39m        [31m^[39m
    [90m188| [39m  [35mconst[39m continueButton [33m=[39m screen[33m.[39m[34mgetByText[39m([32m'Continua'[39m)[33m;[39m
    [90m189| [39m  [34mexpect[39m(continueButton)[33m.[39m[34mtoBeDisabled[39m()[33m;[39m
[90m [2m❯[22m src/views/onboardingPremium/__tests__/OnboardingPremium.test.tsx:[2m166:9[22m[39m

[31m[2m⎯⎯⎯⎯⎯⎯⎯⎯⎯⎯⎯⎯⎯⎯⎯⎯⎯⎯⎯⎯⎯⎯⎯[6/58]⎯[22m[39m

[41m[1m FAIL [22m[49m src/views/onboardingPremium/__tests__/OnboardingPremium.test.tsx[2m > [22mTest: exiting during flow with unload event
[31m[1mTestingLibraryElementError[22m[39m: Unable to find an element with the text: Seleziona il tuo ente. This could be because the text is broken up by multiple elements. In this case, you can provide a function for your text matcher to make your matcher more flexible.

Ignored nodes: comments, script, style
[36m<body[39m
  [33mstyle[39m=[32m""[39m
[36m>[39m
  [36m<div>[39m
    [36m<button>[39m
      [0mLOGOUT[0m
    [36m</button>[39m
    [36m<div[39m
      [33mclass[39m=[32m"MuiContainer-root MuiContainer-maxWidthLg css-1tkdzw2-MuiContainer-root"[39m
    [36m>[39m
      [36m<div[39m
        [33mclass[39m=[32m"MuiGrid-root MuiGrid-container MuiGrid-direction-xs-column css-tuaemk-MuiGrid-root"[39m
      [36m>[39m
        [36m<div[39m
          [33mclass[39m=[32m"MuiGrid-root MuiGrid-container MuiGrid-item css-1h16bbz-MuiGrid-root"[39m
        [36m>[39m
          [36m<div[39m
            [33mclass[39m=[32m"MuiGrid-root MuiGrid-item MuiGrid-grid-xs-12 css-1idn90j-MuiGrid-root"[39m
          [36m>[39m
            [36m<h2[39m
              [33mclass[39m=[32m"MuiTypography-root MuiTypography-h3 MuiTypography-alignCenter css-1g51zyk-MuiTypography-root"[39m
            [36m>[39m
              [0mNessuno dei tuoi enti può [0m
              [36m<br />[39m
              [0m aderire[0m
            [36m</h2>[39m
          [36m</div>[39m
        [36m</div>[39m
        [36m<div[39m
          [33mclass[39m=[32m"MuiGrid-root MuiGrid-container MuiGrid-item css-4gm0iv-MuiGrid-root"[39m
        [36m>[39m
          [36m<div[39m
            [33mclass[39m=[32m"MuiGrid-root MuiGrid-item MuiGrid-grid-xs-12 css-1idn90j-MuiGrid-root"[39m
          [36m>[39m
            [36m<p[39m
              [33mclass[39m=[32m"MuiTypography-root MuiTypography-body1 MuiTypography-alignCenter css-y3ensx-MuiTypography-root"[39m
            [36m>[39m
              [0mSe non vedi enti disponibili nella lista, l'ente cercato potrebbe [0m
              [36m<br />[39m
              [0m aver già aderito a [0m
              [36m<strong />[39m
            [36m</p>[39m
          [36m</div>[39m
        [36m</div>[39m
        [36m<div[39m
          [33mclass[39m=[32m"MuiGrid-root MuiGrid-container MuiGrid-item css-2pgqpg-MuiGrid-root"[39m
        [36m>[39m
          [36m<div[39m
            [33mclass[39m=[32m"MuiPaper-root MuiPaper-elevation MuiPaper-rounded MuiPaper-elevation8 css-1hto99q-MuiPaper-root"[39m
          [36m>[39m
            [36m<div[39m
              [33mclass[39m=[32m"MuiBox-root css-1smy4sj"[39m
            [36m>[39m
              [36m<p[39m
                [33mclass[39m=[32m"MuiTypography-root MuiTypography-body1 css-8msdip-MuiTypography-root"[39m
              [36m>[39m
                [0mNessun ente disponibile[0m
              [36m</p>[39m
            [36m</div>[39m
          [36m</div>[39m
        [36m</div>[39m
        [36m<div[39m
          [33mclass[39m=[32m"MuiGrid-root MuiGrid-container MuiGrid-item css-1h16bbz-MuiGrid-root"[39m
        [36m>[39m
          [36m<div[39m
            [33mclass[39m=[32m"MuiGrid-root MuiGrid-item MuiGrid-grid-xs-6 css-1osj8n2-MuiGrid-root"[39m
          [36m>[39m
            [36m<div[39m
              [33mclass[39m=[32m"MuiBox-root css-1jm1mo8"[39m
            [36m>[39m
              [36m<span[39m
                [33maria-label[39m=[32m"Non trovi il tuo ente? Scopri perché"[39m
                [33mclass[39m=[32m"MuiTypography-root MuiTypography-caption css-il8o2f-MuiTypography-root"[39m
              [36m>[39m
                [0mIl tuo ente ha aderito ma non è disponibile? [0m
                [36m<a[39m
                  [33mclass[39m=[32m"MuiTypography-root MuiTypography-inherit MuiLink-root MuiLink-underlineAlways css-10kyizu-MuiTypography-root-MuiLink-root"[39m
                [36m>[39m
                  [0mScopri perché[0m
                [36m</a>[39m
              [36m</span>[39m
            [36m</div>[39m
          [36m</div>[39m
        [36m</div>[39m
        [36m<div[39m
          [33mclass[39m=[32m"MuiGrid-root MuiGrid-item css-wea51-MuiGrid-root"[39m
        [36m>[39m
          [36m<div[39m
            [33mclass[39m=[32m"MuiGrid-root MuiGrid-container MuiGrid-spacing-xs-2 css-7pgsh3-MuiGrid-root"[39m
          [36m>[39m
            [36m<div[39m
              [33mclass[39m=[32m"MuiGrid-root MuiGrid-item css-13i4rnv-MuiGrid-root"[39m
            [36m>[39m
              [36m<button[39m
                [33mclass[39m=[32m"MuiButtonBase-root MuiButton-root MuiButton-outlined MuiButton-outlinedPrimary MuiButton-sizeMedium MuiButton-outlinedSizeMedium MuiButton-colorPrimary MuiButton-root MuiButton-outlined MuiButton-outlinedPrimary MuiButton-sizeMedium MuiButton-outlinedSizeMedium MuiButton-colorPrimary css-1bwvi6l-MuiButtonBase-root-MuiButton-root"[39m
                [33mtabindex[39m=[32m"0"[39m
                [33mtype[39m=[32m"button"[39m
              [36m>[39m
                [0mIndietro[0m
                [36m<span[39m
                  [33mclass[39m=[32m"MuiTouchRipple-root css-8je8zh-MuiTouchRipple-root"[39m
                [36m/>[39m
              [36m</button>[39m
            [36m</div>[39m
          [36m</div>[39m
        [36m</div>[39m
      [36m</div>[39m
    [36m</div>[39m
  [36m</div>[39m
[36m</body>[39m

Ignored nodes: comments, script, style
[36m<html>[39m
  [36m<head />[39m
  [36m<body[39m
    [33mstyle[39m=[32m""[39m
  [36m>[39m
    [36m<div>[39m
      [36m<button>[39m
        [0mLOGOUT[0m
      [36m</button>[39m
      [36m<div[39m
        [33mclass[39m=[32m"MuiContainer-root MuiContainer-maxWidthLg css-1tkdzw2-MuiContainer-root"[39m
      [36m>[39m
        [36m<div[39m
          [33mclass[39m=[32m"MuiGrid-root MuiGrid-container MuiGrid-direction-xs-column css-tuaemk-MuiGrid-root"[39m
        [36m>[39m
          [36m<div[39m
            [33mclass[39m=[32m"MuiGrid-root MuiGrid-container MuiGrid-item css-1h16bbz-MuiGrid-root"[39m
          [36m>[39m
            [36m<div[39m
              [33mclass[39m=[32m"MuiGrid-root MuiGrid-item MuiGrid-grid-xs-12 css-1idn90j-MuiGrid-root"[39m
            [36m>[39m
              [36m<h2[39m
                [33mclass[39m=[32m"MuiTypography-root MuiTypography-h3 MuiTypography-alignCenter css-1g51zyk-MuiTypography-root"[39m
              [36m>[39m
                [0mNessuno dei tuoi enti può [0m
                [36m<br />[39m
                [0m aderire[0m
              [36m</h2>[39m
            [36m</div>[39m
          [36m</div>[39m
          [36m<div[39m
            [33mclass[39m=[32m"MuiGrid-root MuiGrid-container MuiGrid-item css-4gm0iv-MuiGrid-root"[39m
          [36m>[39m
            [36m<div[39m
              [33mclass[39m=[32m"MuiGrid-root MuiGrid-item MuiGrid-grid-xs-12 css-1idn90j-MuiGrid-root"[39m
            [36m>[39m
              [36m<p[39m
                [33mclass[39m=[32m"MuiTypography-root MuiTypography-body1 MuiTypography-alignCenter css-y3ensx-MuiTypography-root"[39m
              [36m>[39m
                [0mSe non vedi enti disponibili nella lista, l'ente cercato potrebbe [0m
                [36m<br />[39m
                [0m aver già aderito a [0m
                [36m<strong />[39m
              [36m</p>[39m
            [36m</div>[39m
          [36m</div>[39m
          [36m<div[39m
            [33mclass[39m=[32m"MuiGrid-root MuiGrid-container MuiGrid-item css-2pgqpg-MuiGrid-root"[39m
          [36m>[39m
            [36m<div[39m
              [33mclass[39m=[32m"MuiPaper-root MuiPaper-elevation MuiPaper-rounded MuiPaper-elevation8 css-1hto99q-MuiPaper-root"[39m
            [36m>[39m
              [36m<div[39m
                [33mclass[39m=[32m"MuiBox-root css-1smy4sj"[39m
              [36m>[39m
                [36m<p[39m
                  [33mclass[39m=[32m"MuiTypography-root MuiTypography-body1 css-8msdip-MuiTypography-root"[39m
                [36m>[39m
                  [0mNessun ente disponibile[0m
                [36m</p>[39m
              [36m</div>[39m
            [36m</div>[39m
          [36m</div>[39m
          [36m<div[39m
            [33mclass[39m=[32m"MuiGrid-root MuiGrid-container MuiGrid-item css-1h16bbz-MuiGrid-root"[39m
          [36m>[39m
            [36m<div[39m
              [33mclass[39m=[32m"MuiGrid-root MuiGrid-item MuiGrid-grid-xs-6 css-1osj8n2-MuiGrid-root"[39m
            [36m>[39m
              [36m<div[39m
                [33mclass[39m=[32m"MuiBox-root css-1jm1mo8"[39m
              [36m>[39m
                [36m<span[39m
                  [33maria-label[39m=[32m"Non trovi il tuo ente? Scopri perché"[39m
                  [33mclass[39m=[32m"MuiTypography-root MuiTypography-caption css-il8o2f-MuiTypography-root"[39m
                [36m>[39m
                  [0mIl tuo ente ha aderito ma non è disponibile? [0m
                  [36m<a[39m
                    [33mclass[39m=[32m"MuiTypography-root MuiTypography-inherit MuiLink-root MuiLink-underlineAlways css-10kyizu-MuiTypography-root-MuiLink-root"[39m
                  [36m>[39m
                    [0mScopri perché[0m
                  [36m</a>[39m
                [36m</span>[39m
              [36m</div>[39m
            [36m</div>[39m
          [36m</div>[39m
          [36m<div[39m
            [33mclass[39m=[32m"MuiGrid-root MuiGrid-item css-wea51-MuiGrid-root"[39m
          [36m>[39m
            [36m<div[39m
              [33mclass[39m=[32m"MuiGrid-root MuiGrid-container MuiGrid-spacing-xs-2 css-7pgsh3-MuiGrid-root"[39m
            [36m>[39m
              [36m<div[39m
                [33mclass[39m=[32m"MuiGrid-root MuiGrid-item css-13i4rnv-MuiGrid-root"[39m
              [36m>[39m
                [36m<button[39m
                  [33mclass[39m=[32m"MuiButtonBase-root MuiButton-root MuiButton-outlined MuiButton-outlinedPrimary MuiButton-sizeMedium MuiButton-outlinedSizeMedium MuiButton-colorPrimary MuiButton-root MuiButton-outlined MuiButton-outlinedPrimary MuiButton-sizeMedium MuiButton-outlinedSizeMedium MuiButton-colorPrimary css-1bwvi6l-MuiButtonBase-root-MuiButton-root"[39m
                  [33mtabindex[39m=[32m"0"[39m
                  [33mtype[39m=[32m"button"[39m
                [36m>[39m
                  [0mIndietro[0m
                  [36m<span[39m
                    [33mclass[39m=[32m"MuiTouchRipple-root css-8je8zh-MuiTouchRipple-root"[39m
                  [36m/>[39m
                [36m</button>[39m
              [36m</div>[39m
            [36m</div>[39m
          [36m</div>[39m
        [36m</div>[39m
      [36m</div>[39m
    [36m</div>[39m
  [36m</body>[39m
[36m</html>[39m...
[90m [2m❯[22m Proxy.waitForWrapper node_modules/@testing-library/dom/dist/wait-for.js:[2m163:27[22m[39m
[36m [2m❯[22m executeStepSelectInstitution src/views/onboardingPremium/__tests__/OnboardingPremium.test.tsx:[2m187:9[22m[39m
    [90m185| [39m  console[33m.[39m[34mlog[39m([32m'Testing step select institution..'[39m)[33m;[39m
    [90m186| [39m
    [90m187| [39m  [35mawait[39m [34mwaitFor[39m(() [33m=>[39m screen[33m.[39m[34mgetByText[39m([32m'Seleziona il tuo ente'[39m))[33m;[39m
    [90m   | [39m        [31m^[39m
    [90m188| [39m  [35mconst[39m continueButton [33m=[39m screen[33m.[39m[34mgetByText[39m([32m'Continua'[39m)[33m;[39m
    [90m189| [39m  [34mexpect[39m(continueButton)[33m.[39m[34mtoBeDisabled[39m()[33m;[39m
[90m [2m❯[22m src/views/onboardingPremium/__tests__/OnboardingPremium.test.tsx:[2m174:9[22m[39m

[31m[2m⎯⎯⎯⎯⎯⎯⎯⎯⎯⎯⎯⎯⎯⎯⎯⎯⎯⎯⎯⎯⎯⎯⎯[7/58]⎯[22m[39m

[41m[1m FAIL [22m[49m src/views/onboardingProduct/__tests__/OnboardingProduct.ced.test.tsx[2m > [22mTest: Successfull complete onboarding request of PA party for prod-ced search by business name
[31m[1mTestingLibraryElementError[22m[39m: Unable to find an element with the text: Pubblica Amministrazione. This could be because the text is broken up by multiple elements. In this case, you can provide a function for your text matcher to make your matcher more flexible.

Ignored nodes: comments, script, style
[36m<body[39m
  [33mstyle[39m=[32m""[39m
[36m>[39m
  [36m<div>[39m
    [36m<button>[39m
      [0mLOGOUT[0m
    [36m</button>[39m
    [36m<div[39m
      [33mclass[39m=[32m"MuiContainer-root MuiContainer-maxWidthLg css-1oqqzyl-MuiContainer-root"[39m
    [36m>[39m
      [36m<div[39m
        [33mclass[39m=[32m"MuiGrid-root MuiGrid-container css-rm289v-MuiGrid-root"[39m
      [36m>[39m
        [36m<div[39m
          [33mclass[39m=[32m"MuiGrid-root MuiGrid-item MuiGrid-grid-xs-12 css-bj7xu4-MuiGrid-root"[39m
        [36m>[39m
          [36m<h3[39m
            [33mclass[39m=[32m"MuiTypography-root MuiTypography-h3 MuiTypography-alignCenter css-1ftkxk0-MuiTypography-root"[39m
          [36m>[39m
            [0mSeleziona il tipo di ente che [0m
            [36m<br />[39m
            [0m rappresenti[0m
          [36m</h3>[39m
        [36m</div>[39m
        [36m<div[39m
          [33mclass[39m=[32m"MuiGrid-root MuiGrid-item MuiGrid-grid-xs-12 css-bj7xu4-MuiGrid-root"[39m
        [36m>[39m
          [36m<p[39m
            [33mclass[39m=[32m"MuiTypography-root MuiTypography-body1 MuiTypography-alignCenter css-5v5l99-MuiTypography-root"[39m
          [36m>[39m
            [0mIndica il tipo di ente che aderirà a [0m
            [36m<strong />[39m
          [36m</p>[39m
        [36m</div>[39m
        [36m<div[39m
          [33mclass[39m=[32m"MuiGrid-root MuiGrid-item MuiGrid-grid-xs-12 css-bj7xu4-MuiGrid-root"[39m
        [36m>[39m
          [36m<div[39m
            [33mclass[39m=[32m"MuiPaper-root MuiPaper-elevation MuiPaper-rounded MuiPaper-elevation0 MuiAlert-root MuiAlert-colorInfo MuiAlert-standardInfo MuiAlert-standard css-5zts0j-MuiPaper-root-MuiAlert-root"[39m
            [33mrole[39m=[32m"alert"[39m
          [36m>[39m
            [36m<div[39m
              [33mclass[39m=[32m"MuiAlert-icon css-1ytlwq5-MuiAlert-icon"[39m
            [36m>[39m
              [36m<svg[39m
                [33maria-hidden[39m=[32m"true"[39m
                [33mclass[39m=[32m"MuiSvgIcon-root MuiSvgIcon-fontSizeInherit css-1vooibu-MuiSvgIcon-root"[39m
                [33mdata-testid[39m=[32m"InfoOutlinedIcon"[39m
                [33mfocusable[39m=[32m"false"[39m
                [33mviewBox[39m=[32m"0 0 24 24"[39m
              [36m>[39m
                [36m<path[39m
                  [33md[39m=[32m"M11,9H13V7H11M12,20C7.59,20 4,16.41 4,12C4,7.59 7.59,4 12,4C16.41,4 20,7.59 20, 12C20,16.41 16.41,20 12,20M12,2A10,10 0 0,0 2,12A10,10 0 0,0 12,22A10,10 0 0,0 22,12A10, 10 0 0,0 12,2M11,17H13V11H11V17Z"[39m
                [36m/>[39m
              [36m</svg>[39m
            [36m</div>[39m
            [36m<div[39m
              [33mclass[39m=[32m"MuiAlert-message css-1pxa9xg-MuiAlert-message"[39m
            [36m>[39m
              [0mPagoPA S.p.A. mette a disposizione la piattaforma per la gestione delle adesioni. Non partecipa alla Convenzione e non è responsabile della sua esecuzione.[0m
            [36m</div>[39m
          [36m</div>[39m
        [36m</div>[39m
        [36m<div[39m
          [33mclass[39m=[32m"MuiPaper-root MuiPaper-elevation MuiPaper-rounded MuiPaper-elevation8 css-1tchchv-MuiPaper-root"[39m
        [36m>[39m
          [36m<div[39m
            [33mclass[39m=[32m"MuiGrid-root MuiGrid-container MuiGrid-item css-1f064cs-MuiGrid-root"[39m
          [36m>[39m
            [36m<div[39m
              [33mclass[39m=[32m"MuiGrid-root MuiGrid-item MuiGrid-grid-xs-12 css-11x2j5o-MuiGrid-root"[39m
            [36m>[39m
              [36m<div[39m
                [33mclass[39m=[32m"MuiFormControl-root css-1nrlq1o-MuiFormControl-root"[39m
              [36m>[39m
                [36m<div[39m
                  [33mclass[39m=[32m"MuiFormGroup-root MuiRadioGroup-root css-dmmspl-MuiFormGroup-root"[39m
                  [33mrole[39m=[32m"radiogroup"[39m
                [36m/>[39m
              [36m</div>[39m
            [36m</div>[39m
          [36m</div>[39m
        [36m</div>[39m
        [36m<div[39m
          [33mclass[39m=[32m"MuiGrid-root MuiGrid-item MuiGrid-grid-xs-12 css-1hzi63y-MuiGrid-root"[39m
        [36m>[39m
          [36m<div[39m
            [33mclass[39m=[32m"MuiGrid-root MuiGrid-container MuiGrid-spacing-xs-2 css-7pgsh3-MuiGrid-root"[39m
          [36m>[39m
            [36m<div[39m
              [33mclass[39m=[32m"MuiGrid-root MuiGrid-item css-13i4rnv-MuiGrid-root"[39m
            [36m>[39m
              [36m<button[39m
                [33maria-label[39m=[32m"Continua"[39m
                [33mclass[39m=[32m"MuiButtonBase-root MuiButton-root MuiButton-contained MuiButton-containedPrimary MuiButton-sizeMedium MuiButton-containedSizeMedium MuiButton-colorPrimary Mui-disabled MuiButton-root MuiButton-contained MuiButton-containedPrimary MuiButton-sizeMedium MuiButton-containedSizeMedium MuiButton-colorPrimary css-1fu7jd5-MuiButtonBase-root-MuiButton-root"[39m
                [33mdisabled[39m=[32m""[39m
                [33mtabindex[39m=[32m"-1"[39m
                [33mtype[39m=[32m"button"[39m
              [36m>[39m
                [0mContinua[0m
              [36m</button>[39m
            [36m</div>[39m
          [36m</div>[39m
        [36m</div>[39m
      [36m</div>[39m
    [36m</div>[39m
  [36m</div>[39m
[36m</body>[39m

Ignored nodes: comments, script, style
[36m<html>[39m
  [36m<head />[39m
  [36m<body[39m
    [33mstyle[39m=[32m""[39m
  [36m>[39m
    [36m<div>[39m
      [36m<button>[39m
        [0mLOGOUT[0m
      [36m</button>[39m
      [36m<div[39m
        [33mclass[39m=[32m"MuiContainer-root MuiContainer-maxWidthLg css-1oqqzyl-MuiContainer-root"[39m
      [36m>[39m
        [36m<div[39m
          [33mclass[39m=[32m"MuiGrid-root MuiGrid-container css-rm289v-MuiGrid-root"[39m
        [36m>[39m
          [36m<div[39m
            [33mclass[39m=[32m"MuiGrid-root MuiGrid-item MuiGrid-grid-xs-12 css-bj7xu4-MuiGrid-root"[39m
          [36m>[39m
            [36m<h3[39m
              [33mclass[39m=[32m"MuiTypography-root MuiTypography-h3 MuiTypography-alignCenter css-1ftkxk0-MuiTypography-root"[39m
            [36m>[39m
              [0mSeleziona il tipo di ente che [0m
              [36m<br />[39m
              [0m rappresenti[0m
            [36m</h3>[39m
          [36m</div>[39m
          [36m<div[39m
            [33mclass[39m=[32m"MuiGrid-root MuiGrid-item MuiGrid-grid-xs-12 css-bj7xu4-MuiGrid-root"[39m
          [36m>[39m
            [36m<p[39m
              [33mclass[39m=[32m"MuiTypography-root MuiTypography-body1 MuiTypography-alignCenter css-5v5l99-MuiTypography-root"[39m
            [36m>[39m
              [0mIndica il tipo di ente che aderirà a [0m
              [36m<strong />[39m
            [36m</p>[39m
          [36m</div>[39m
          [36m<div[39m
            [33mclass[39m=[32m"MuiGrid-root MuiGrid-item MuiGrid-grid-xs-12 css-bj7xu4-MuiGrid-root"[39m
          [36m>[39m
            [36m<div[39m
              [33mclass[39m=[32m"MuiPaper-root MuiPaper-elevation MuiPaper-rounded MuiPaper-elevation0 MuiAlert-root MuiAlert-colorInfo MuiAlert-standardInfo MuiAlert-standard css-5zts0j-MuiPaper-root-MuiAlert-root"[39m
              [33mrole[39m=[32m"alert"[39m
            [36m>[39m
              [36m<div[39m
                [33mclass[39m=[32m"MuiAlert-icon css-1ytlwq5-MuiAlert-icon"[39m
              [36m>[39m
                [36m<svg[39m
                  [33maria-hidden[39m=[32m"true"[39m
                  [33mclass[39m=[32m"MuiSvgIcon-root MuiSvgIcon-fontSizeInherit css-1vooibu-MuiSvgIcon-root"[39m
                  [33mdata-testid[39m=[32m"InfoOutlinedIcon"[39m
                  [33mfocusable[39m=[32m"false"[39m
                  [33mviewBox[39m=[32m"0 0 24 24"[39m
                [36m>[39m
                  [36m<path[39m
                    [33md[39m=[32m"M11,9H13V7H11M12,20C7.59,20 4,16.41 4,12C4,7.59 7.59,4 12,4C16.41,4 20,7.59 20, 12C20,16.41 16.41,20 12,20M12,2A10,10 0 0,0 2,12A10,10 0 0,0 12,22A10,10 0 0,0 22,12A10, 10 0 0,0 12,2M11,17H13V11H11V17Z"[39m
                  [36m/>[39m
                [36m</svg>[39m
              [36m</div>[39m
              [36m<div[39m
                [33mclass[39m=[32m"MuiAlert-message css-1pxa9xg-MuiAlert-message"[39m
              [36m>[39m
                [0mPagoPA S.p.A. mette a disposizione la piattaforma per la gestione delle adesioni. Non partecipa alla Convenzione e non è responsabile della sua esecuzione.[0m
              [36m</div>[39m
            [36m</div>[39m
          [36m</div>[39m
          [36m<div[39m
            [33mclass[39m=[32m"MuiPaper-root MuiPaper-elevation MuiPaper-rounded MuiPaper-elevation8 css-1tchchv-MuiPaper-root"[39m
          [36m>[39m
            [36m<div[39m
              [33mclass[39m=[32m"MuiGrid-root MuiGrid-container MuiGrid-item css-1f064cs-MuiGrid-root"[39m
            [36m>[39m
              [36m<div[39m
                [33mclass[39m=[32m"MuiGrid-root MuiGrid-item MuiGrid-grid-xs-12 css-11x2j5o-MuiGrid-root"[39m
              [36m>[39m
                [36m<div[39m
                  [33mclass[39m=[32m"MuiFormControl-root css-1nrlq1o-MuiFormControl-root"[39m
                [36m>[39m
                  [36m<div[39m
                    [33mclass[39m=[32m"MuiFormGroup-root MuiRadioGroup-root css-dmmspl-MuiFormGroup-root"[39m
                    [33mrole[39m=[32m"radiogroup"[39m
                  [36m/>[39m
                [36m</div>[39m
              [36m</div>[39m
            [36m</div>[39m
          [36m</div>[39m
          [36m<div[39m
            [33mclass[39m=[32m"MuiGrid-root MuiGrid-item MuiGrid-grid-xs-12 css-1hzi63y-MuiGrid-root"[39m
          [36m>[39m
            [36m<div[39m
              [33mclass[39m=[32m"MuiGrid-root MuiGrid-container MuiGrid-spacing-xs-2 css-7pgsh3-MuiGrid-root"[39m
            [36m>[39m
              [36m<div[39m
                [33mclass[39m=[32m"MuiGrid-root MuiGrid-item css-13i4rnv-MuiGrid-root"[39m
              [36m>[39m
                [36m<button[39m
                  [33maria-label[39m=[32m"Continua"[39m
                  [33mclass[39m=[32m"MuiButtonBase-root MuiButton-root MuiButton-contained MuiButton-containedPrimary MuiButton-sizeMedium MuiButton-containedSizeMedium MuiButton-colorPrimary Mui-disabled MuiButton-root MuiButton-contained MuiButton-containedPrimary MuiButton-sizeMedium MuiButton-containedSizeMedium MuiButton-colorPrimary css-1fu7jd5-MuiButtonBase-root-MuiButton-root"[39m
                  [33mdisabled[39m=[32m""[39m
                  [33mtabindex[39m=[32m"-1"[39m
                  [33mtype[39m=[32m"button"[39m
                [36m>[39m
                  [0mContinua[0m
                [36m</button>[39m
              [36m</div>[39m
            [36m</div>[39m
          [36m</div>[39m
        [36m</div>[39m
      [36m</div>[39m
    [36m</div>[39m
  [36m</body>[39m
[36m</html>[39m...
[90m [2m❯[22m waitForWrapper node_modules/@testing-library/dom/dist/wait-for.js:[2m163:27[22m[39m
[36m [2m❯[22m Module.executeStepInstitutionType src/views/onboardingProduct/__tests__/shared/stepHelpers.tsx:[2m119:11[22m[39m
    [90m117| [39m    screen[33m.[39m[34mgetByText[39m([36m/Indica il tipo di ente che aderirà a/[39m)[33m;[39m
    [90m118| [39m
    [90m119| [39m    [35mawait[39m [34mwaitFor[39m(() [33m=>[39m {
    [90m   | [39m          [31m^[39m
    [90m120| [39m      [34mfillInstitutionTypeCheckbox[39m(institutionType[33m,[39m productSelected)[33m;[39m
    [90m121| [39m
[90m [2m❯[22m src/views/onboardingProduct/__tests__/OnboardingProduct.ced.test.tsx:[2m39:3[22m[39m

[31m[2m⎯⎯⎯⎯⎯⎯⎯⎯⎯⎯⎯⎯⎯⎯⎯⎯⎯⎯⎯⎯⎯⎯⎯[8/58]⎯[22m[39m

[41m[1m FAIL [22m[49m src/views/onboardingProduct/__tests__/OnboardingProduct.ced.test.tsx[2m > [22mTest: Successfull complete onboarding request of PRV for product prod-ced skipping step search party
[31m[1mTestingLibraryElementError[22m[39m: Unable to find an element with the text: Società Privata. This could be because the text is broken up by multiple elements. In this case, you can provide a function for your text matcher to make your matcher more flexible.

Ignored nodes: comments, script, style
[36m<body[39m
  [33mstyle[39m=[32m""[39m
[36m>[39m
  [36m<div>[39m
    [36m<button>[39m
      [0mLOGOUT[0m
    [36m</button>[39m
    [36m<div[39m
      [33mclass[39m=[32m"MuiContainer-root MuiContainer-maxWidthLg css-1oqqzyl-MuiContainer-root"[39m
    [36m>[39m
      [36m<div[39m
        [33mclass[39m=[32m"MuiGrid-root MuiGrid-container css-rm289v-MuiGrid-root"[39m
      [36m>[39m
        [36m<div[39m
          [33mclass[39m=[32m"MuiGrid-root MuiGrid-item MuiGrid-grid-xs-12 css-bj7xu4-MuiGrid-root"[39m
        [36m>[39m
          [36m<h3[39m
            [33mclass[39m=[32m"MuiTypography-root MuiTypography-h3 MuiTypography-alignCenter css-1ftkxk0-MuiTypography-root"[39m
          [36m>[39m
            [0mSeleziona il tipo di ente che [0m
            [36m<br />[39m
            [0m rappresenti[0m
          [36m</h3>[39m
        [36m</div>[39m
        [36m<div[39m
          [33mclass[39m=[32m"MuiGrid-root MuiGrid-item MuiGrid-grid-xs-12 css-bj7xu4-MuiGrid-root"[39m
        [36m>[39m
          [36m<p[39m
            [33mclass[39m=[32m"MuiTypography-root MuiTypography-body1 MuiTypography-alignCenter css-5v5l99-MuiTypography-root"[39m
          [36m>[39m
            [0mIndica il tipo di ente che aderirà a [0m
            [36m<strong />[39m
          [36m</p>[39m
        [36m</div>[39m
        [36m<div[39m
          [33mclass[39m=[32m"MuiGrid-root MuiGrid-item MuiGrid-grid-xs-12 css-bj7xu4-MuiGrid-root"[39m
        [36m>[39m
          [36m<div[39m
            [33mclass[39m=[32m"MuiPaper-root MuiPaper-elevation MuiPaper-rounded MuiPaper-elevation0 MuiAlert-root MuiAlert-colorInfo MuiAlert-standardInfo MuiAlert-standard css-5zts0j-MuiPaper-root-MuiAlert-root"[39m
            [33mrole[39m=[32m"alert"[39m
          [36m>[39m
            [36m<div[39m
              [33mclass[39m=[32m"MuiAlert-icon css-1ytlwq5-MuiAlert-icon"[39m
            [36m>[39m
              [36m<svg[39m
                [33maria-hidden[39m=[32m"true"[39m
                [33mclass[39m=[32m"MuiSvgIcon-root MuiSvgIcon-fontSizeInherit css-1vooibu-MuiSvgIcon-root"[39m
                [33mdata-testid[39m=[32m"InfoOutlinedIcon"[39m
                [33mfocusable[39m=[32m"false"[39m
                [33mviewBox[39m=[32m"0 0 24 24"[39m
              [36m>[39m
                [36m<path[39m
                  [33md[39m=[32m"M11,9H13V7H11M12,20C7.59,20 4,16.41 4,12C4,7.59 7.59,4 12,4C16.41,4 20,7.59 20, 12C20,16.41 16.41,20 12,20M12,2A10,10 0 0,0 2,12A10,10 0 0,0 12,22A10,10 0 0,0 22,12A10, 10 0 0,0 12,2M11,17H13V11H11V17Z"[39m
                [36m/>[39m
              [36m</svg>[39m
            [36m</div>[39m
            [36m<div[39m
              [33mclass[39m=[32m"MuiAlert-message css-1pxa9xg-MuiAlert-message"[39m
            [36m>[39m
              [0mPagoPA S.p.A. mette a disposizione la piattaforma per la gestione delle adesioni. Non partecipa alla Convenzione e non è responsabile della sua esecuzione.[0m
            [36m</div>[39m
          [36m</div>[39m
        [36m</div>[39m
        [36m<div[39m
          [33mclass[39m=[32m"MuiPaper-root MuiPaper-elevation MuiPaper-rounded MuiPaper-elevation8 css-1tchchv-MuiPaper-root"[39m
        [36m>[39m
          [36m<div[39m
            [33mclass[39m=[32m"MuiGrid-root MuiGrid-container MuiGrid-item css-1f064cs-MuiGrid-root"[39m
          [36m>[39m
            [36m<div[39m
              [33mclass[39m=[32m"MuiGrid-root MuiGrid-item MuiGrid-grid-xs-12 css-11x2j5o-MuiGrid-root"[39m
            [36m>[39m
              [36m<div[39m
                [33mclass[39m=[32m"MuiFormControl-root css-1nrlq1o-MuiFormControl-root"[39m
              [36m>[39m
                [36m<div[39m
                  [33mclass[39m=[32m"MuiFormGroup-root MuiRadioGroup-root css-dmmspl-MuiFormGroup-root"[39m
                  [33mrole[39m=[32m"radiogroup"[39m
                [36m/>[39m
              [36m</div>[39m
            [36m</div>[39m
          [36m</div>[39m
        [36m</div>[39m
        [36m<div[39m
          [33mclass[39m=[32m"MuiGrid-root MuiGrid-item MuiGrid-grid-xs-12 css-1hzi63y-MuiGrid-root"[39m
        [36m>[39m
          [36m<div[39m
            [33mclass[39m=[32m"MuiGrid-root MuiGrid-container MuiGrid-spacing-xs-2 css-7pgsh3-MuiGrid-root"[39m
          [36m>[39m
            [36m<div[39m
              [33mclass[39m=[32m"MuiGrid-root MuiGrid-item css-13i4rnv-MuiGrid-root"[39m
            [36m>[39m
              [36m<button[39m
                [33maria-label[39m=[32m"Continua"[39m
                [33mclass[39m=[32m"MuiButtonBase-root MuiButton-root MuiButton-contained MuiButton-containedPrimary MuiButton-sizeMedium MuiButton-containedSizeMedium MuiButton-colorPrimary Mui-disabled MuiButton-root MuiButton-contained MuiButton-containedPrimary MuiButton-sizeMedium MuiButton-containedSizeMedium MuiButton-colorPrimary css-1fu7jd5-MuiButtonBase-root-MuiButton-root"[39m
                [33mdisabled[39m=[32m""[39m
                [33mtabindex[39m=[32m"-1"[39m
                [33mtype[39m=[32m"button"[39m
              [36m>[39m
                [0mContinua[0m
              [36m</button>[39m
            [36m</div>[39m
          [36m</div>[39m
        [36m</div>[39m
      [36m</div>[39m
    [36m</div>[39m
  [36m</div>[39m
[36m</body>[39m

Ignored nodes: comments, script, style
[36m<html>[39m
  [36m<head />[39m
  [36m<body[39m
    [33mstyle[39m=[32m""[39m
  [36m>[39m
    [36m<div>[39m
      [36m<button>[39m
        [0mLOGOUT[0m
      [36m</button>[39m
      [36m<div[39m
        [33mclass[39m=[32m"MuiContainer-root MuiContainer-maxWidthLg css-1oqqzyl-MuiContainer-root"[39m
      [36m>[39m
        [36m<div[39m
          [33mclass[39m=[32m"MuiGrid-root MuiGrid-container css-rm289v-MuiGrid-root"[39m
        [36m>[39m
          [36m<div[39m
            [33mclass[39m=[32m"MuiGrid-root MuiGrid-item MuiGrid-grid-xs-12 css-bj7xu4-MuiGrid-root"[39m
          [36m>[39m
            [36m<h3[39m
              [33mclass[39m=[32m"MuiTypography-root MuiTypography-h3 MuiTypography-alignCenter css-1ftkxk0-MuiTypography-root"[39m
            [36m>[39m
              [0mSeleziona il tipo di ente che [0m
              [36m<br />[39m
              [0m rappresenti[0m
            [36m</h3>[39m
          [36m</div>[39m
          [36m<div[39m
            [33mclass[39m=[32m"MuiGrid-root MuiGrid-item MuiGrid-grid-xs-12 css-bj7xu4-MuiGrid-root"[39m
          [36m>[39m
            [36m<p[39m
              [33mclass[39m=[32m"MuiTypography-root MuiTypography-body1 MuiTypography-alignCenter css-5v5l99-MuiTypography-root"[39m
            [36m>[39m
              [0mIndica il tipo di ente che aderirà a [0m
              [36m<strong />[39m
            [36m</p>[39m
          [36m</div>[39m
          [36m<div[39m
            [33mclass[39m=[32m"MuiGrid-root MuiGrid-item MuiGrid-grid-xs-12 css-bj7xu4-MuiGrid-root"[39m
          [36m>[39m
            [36m<div[39m
              [33mclass[39m=[32m"MuiPaper-root MuiPaper-elevation MuiPaper-rounded MuiPaper-elevation0 MuiAlert-root MuiAlert-colorInfo MuiAlert-standardInfo MuiAlert-standard css-5zts0j-MuiPaper-root-MuiAlert-root"[39m
              [33mrole[39m=[32m"alert"[39m
            [36m>[39m
              [36m<div[39m
                [33mclass[39m=[32m"MuiAlert-icon css-1ytlwq5-MuiAlert-icon"[39m
              [36m>[39m
                [36m<svg[39m
                  [33maria-hidden[39m=[32m"true"[39m
                  [33mclass[39m=[32m"MuiSvgIcon-root MuiSvgIcon-fontSizeInherit css-1vooibu-MuiSvgIcon-root"[39m
                  [33mdata-testid[39m=[32m"InfoOutlinedIcon"[39m
                  [33mfocusable[39m=[32m"false"[39m
                  [33mviewBox[39m=[32m"0 0 24 24"[39m
                [36m>[39m
                  [36m<path[39m
                    [33md[39m=[32m"M11,9H13V7H11M12,20C7.59,20 4,16.41 4,12C4,7.59 7.59,4 12,4C16.41,4 20,7.59 20, 12C20,16.41 16.41,20 12,20M12,2A10,10 0 0,0 2,12A10,10 0 0,0 12,22A10,10 0 0,0 22,12A10, 10 0 0,0 12,2M11,17H13V11H11V17Z"[39m
                  [36m/>[39m
                [36m</svg>[39m
              [36m</div>[39m
              [36m<div[39m
                [33mclass[39m=[32m"MuiAlert-message css-1pxa9xg-MuiAlert-message"[39m
              [36m>[39m
                [0mPagoPA S.p.A. mette a disposizione la piattaforma per la gestione delle adesioni. Non partecipa alla Convenzione e non è responsabile della sua esecuzione.[0m
              [36m</div>[39m
            [36m</div>[39m
          [36m</div>[39m
          [36m<div[39m
            [33mclass[39m=[32m"MuiPaper-root MuiPaper-elevation MuiPaper-rounded MuiPaper-elevation8 css-1tchchv-MuiPaper-root"[39m
          [36m>[39m
            [36m<div[39m
              [33mclass[39m=[32m"MuiGrid-root MuiGrid-container MuiGrid-item css-1f064cs-MuiGrid-root"[39m
            [36m>[39m
              [36m<div[39m
                [33mclass[39m=[32m"MuiGrid-root MuiGrid-item MuiGrid-grid-xs-12 css-11x2j5o-MuiGrid-root"[39m
              [36m>[39m
                [36m<div[39m
                  [33mclass[39m=[32m"MuiFormControl-root css-1nrlq1o-MuiFormControl-root"[39m
                [36m>[39m
                  [36m<div[39m
                    [33mclass[39m=[32m"MuiFormGroup-root MuiRadioGroup-root css-dmmspl-MuiFormGroup-root"[39m
                    [33mrole[39m=[32m"radiogroup"[39m
                  [36m/>[39m
                [36m</div>[39m
              [36m</div>[39m
            [36m</div>[39m
          [36m</div>[39m
          [36m<div[39m
            [33mclass[39m=[32m"MuiGrid-root MuiGrid-item MuiGrid-grid-xs-12 css-1hzi63y-MuiGrid-root"[39m
          [36m>[39m
            [36m<div[39m
              [33mclass[39m=[32m"MuiGrid-root MuiGrid-container MuiGrid-spacing-xs-2 css-7pgsh3-MuiGrid-root"[39m
            [36m>[39m
              [36m<div[39m
                [33mclass[39m=[32m"MuiGrid-root MuiGrid-item css-13i4rnv-MuiGrid-root"[39m
              [36m>[39m
                [36m<button[39m
                  [33maria-label[39m=[32m"Continua"[39m
                  [33mclass[39m=[32m"MuiButtonBase-root MuiButton-root MuiButton-contained MuiButton-containedPrimary MuiButton-sizeMedium MuiButton-containedSizeMedium MuiButton-colorPrimary Mui-disabled MuiButton-root MuiButton-contained MuiButton-containedPrimary MuiButton-sizeMedium MuiButton-containedSizeMedium MuiButton-colorPrimary css-1fu7jd5-MuiButtonBase-root-MuiButton-root"[39m
                  [33mdisabled[39m=[32m""[39m
                  [33mtabindex[39m=[32m"-1"[39m
                  [33mtype[39m=[32m"button"[39m
                [36m>[39m
                  [0mContinua[0m
                [36m</button>[39m
              [36m</div>[39m
            [36m</div>[39m
          [36m</div>[39m
        [36m</div>[39m
      [36m</div>[39m
    [36m</div>[39m
  [36m</body>[39m
[36m</html>[39m...
[90m [2m❯[22m waitForWrapper node_modules/@testing-library/dom/dist/wait-for.js:[2m163:27[22m[39m
[36m [2m❯[22m Module.executeStepInstitutionType src/views/onboardingProduct/__tests__/shared/stepHelpers.tsx:[2m119:11[22m[39m
    [90m117| [39m    screen[33m.[39m[34mgetByText[39m([36m/Indica il tipo di ente che aderirà a/[39m)[33m;[39m
    [90m118| [39m
    [90m119| [39m    [35mawait[39m [34mwaitFor[39m(() [33m=>[39m {
    [90m   | [39m          [31m^[39m
    [90m120| [39m      [34mfillInstitutionTypeCheckbox[39m(institutionType[33m,[39m productSelected)[33m;[39m
    [90m121| [39m
[90m [2m❯[22m src/views/onboardingProduct/__tests__/OnboardingProduct.ced.test.tsx:[2m62:3[22m[39m

[31m[2m⎯⎯⎯⎯⎯⎯⎯⎯⎯⎯⎯⎯⎯⎯⎯⎯⎯⎯⎯⎯⎯⎯⎯[9/58]⎯[22m[39m

[41m[1m FAIL [22m[49m src/views/onboardingProduct/__tests__/OnboardingProduct.general.test.tsx[2m > [22mTest: Party already onboarded for a product that allow add new user, so the link is available
[31m[1mTestingLibraryElementError[22m[39m: Unable to find an element with the text: Pubblica Amministrazione. This could be because the text is broken up by multiple elements. In this case, you can provide a function for your text matcher to make your matcher more flexible.

Ignored nodes: comments, script, style
[36m<body[39m
  [33mstyle[39m=[32m""[39m
[36m>[39m
  [36m<div>[39m
    [36m<button>[39m
      [0mLOGOUT[0m
    [36m</button>[39m
    [36m<div[39m
      [33mclass[39m=[32m"MuiContainer-root MuiContainer-maxWidthLg css-1oqqzyl-MuiContainer-root"[39m
    [36m>[39m
      [36m<div[39m
        [33mclass[39m=[32m"MuiGrid-root MuiGrid-container css-rm289v-MuiGrid-root"[39m
      [36m>[39m
        [36m<div[39m
          [33mclass[39m=[32m"MuiGrid-root MuiGrid-item MuiGrid-grid-xs-12 css-bj7xu4-MuiGrid-root"[39m
        [36m>[39m
          [36m<h3[39m
            [33mclass[39m=[32m"MuiTypography-root MuiTypography-h3 MuiTypography-alignCenter css-1ftkxk0-MuiTypography-root"[39m
          [36m>[39m
            [0mSeleziona il tipo di ente che [0m
            [36m<br />[39m
            [0m rappresenti[0m
          [36m</h3>[39m
        [36m</div>[39m
        [36m<div[39m
          [33mclass[39m=[32m"MuiGrid-root MuiGrid-item MuiGrid-grid-xs-12 css-bj7xu4-MuiGrid-root"[39m
        [36m>[39m
          [36m<p[39m
            [33mclass[39m=[32m"MuiTypography-root MuiTypography-body1 MuiTypography-alignCenter css-5v5l99-MuiTypography-root"[39m
          [36m>[39m
            [0mIndica il tipo di ente che aderirà a [0m
            [36m<strong />[39m
          [36m</p>[39m
        [36m</div>[39m
        [36m<div[39m
          [33mclass[39m=[32m"MuiGrid-root MuiGrid-item MuiGrid-grid-xs-12 css-bj7xu4-MuiGrid-root"[39m
        [36m>[39m
          [36m<div[39m
            [33mclass[39m=[32m"MuiPaper-root MuiPaper-elevation MuiPaper-rounded MuiPaper-elevation0 MuiAlert-root MuiAlert-colorInfo MuiAlert-standardInfo MuiAlert-standard css-5zts0j-MuiPaper-root-MuiAlert-root"[39m
            [33mrole[39m=[32m"alert"[39m
          [36m>[39m
            [36m<div[39m
              [33mclass[39m=[32m"MuiAlert-icon css-1ytlwq5-MuiAlert-icon"[39m
            [36m>[39m
              [36m<svg[39m
                [33maria-hidden[39m=[32m"true"[39m
                [33mclass[39m=[32m"MuiSvgIcon-root MuiSvgIcon-fontSizeInherit css-1vooibu-MuiSvgIcon-root"[39m
                [33mdata-testid[39m=[32m"InfoOutlinedIcon"[39m
                [33mfocusable[39m=[32m"false"[39m
                [33mviewBox[39m=[32m"0 0 24 24"[39m
              [36m>[39m
                [36m<path[39m
                  [33md[39m=[32m"M11,9H13V7H11M12,20C7.59,20 4,16.41 4,12C4,7.59 7.59,4 12,4C16.41,4 20,7.59 20, 12C20,16.41 16.41,20 12,20M12,2A10,10 0 0,0 2,12A10,10 0 0,0 12,22A10,10 0 0,0 22,12A10, 10 0 0,0 12,2M11,17H13V11H11V17Z"[39m
                [36m/>[39m
              [36m</svg>[39m
            [36m</div>[39m
            [36m<div[39m
              [33mclass[39m=[32m"MuiAlert-message css-1pxa9xg-MuiAlert-message"[39m
            [36m>[39m
              [0mPagoPA S.p.A. mette a disposizione la piattaforma per la gestione delle adesioni. Non partecipa alla Convenzione e non è responsabile della sua esecuzione.[0m
            [36m</div>[39m
          [36m</div>[39m
        [36m</div>[39m
        [36m<div[39m
          [33mclass[39m=[32m"MuiPaper-root MuiPaper-elevation MuiPaper-rounded MuiPaper-elevation8 css-1tchchv-MuiPaper-root"[39m
        [36m>[39m
          [36m<div[39m
            [33mclass[39m=[32m"MuiGrid-root MuiGrid-container MuiGrid-item css-1f064cs-MuiGrid-root"[39m
          [36m>[39m
            [36m<div[39m
              [33mclass[39m=[32m"MuiGrid-root MuiGrid-item MuiGrid-grid-xs-12 css-11x2j5o-MuiGrid-root"[39m
            [36m>[39m
              [36m<div[39m
                [33mclass[39m=[32m"MuiFormControl-root css-1nrlq1o-MuiFormControl-root"[39m
              [36m>[39m
                [36m<div[39m
                  [33mclass[39m=[32m"MuiFormGroup-root MuiRadioGroup-root css-dmmspl-MuiFormGroup-root"[39m
                  [33mrole[39m=[32m"radiogroup"[39m
                [36m/>[39m
              [36m</div>[39m
            [36m</div>[39m
          [36m</div>[39m
        [36m</div>[39m
        [36m<div[39m
          [33mclass[39m=[32m"MuiGrid-root MuiGrid-item MuiGrid-grid-xs-12 css-1hzi63y-MuiGrid-root"[39m
        [36m>[39m
          [36m<div[39m
            [33mclass[39m=[32m"MuiGrid-root MuiGrid-container MuiGrid-spacing-xs-2 css-7pgsh3-MuiGrid-root"[39m
          [36m>[39m
            [36m<div[39m
              [33mclass[39m=[32m"MuiGrid-root MuiGrid-item css-13i4rnv-MuiGrid-root"[39m
            [36m>[39m
              [36m<button[39m
                [33maria-label[39m=[32m"Continua"[39m
                [33mclass[39m=[32m"MuiButtonBase-root MuiButton-root MuiButton-contained MuiButton-containedPrimary MuiButton-sizeMedium MuiButton-containedSizeMedium MuiButton-colorPrimary Mui-disabled MuiButton-root MuiButton-contained MuiButton-containedPrimary MuiButton-sizeMedium MuiButton-containedSizeMedium MuiButton-colorPrimary css-1fu7jd5-MuiButtonBase-root-MuiButton-root"[39m
                [33mdisabled[39m=[32m""[39m
                [33mtabindex[39m=[32m"-1"[39m
                [33mtype[39m=[32m"button"[39m
              [36m>[39m
                [0mContinua[0m
              [36m</button>[39m
            [36m</div>[39m
          [36m</div>[39m
        [36m</div>[39m
      [36m</div>[39m
    [36m</div>[39m
  [36m</div>[39m
[36m</body>[39m

Ignored nodes: comments, script, style
[36m<html>[39m
  [36m<head />[39m
  [36m<body[39m
    [33mstyle[39m=[32m""[39m
  [36m>[39m
    [36m<div>[39m
      [36m<button>[39m
        [0mLOGOUT[0m
      [36m</button>[39m
      [36m<div[39m
        [33mclass[39m=[32m"MuiContainer-root MuiContainer-maxWidthLg css-1oqqzyl-MuiContainer-root"[39m
      [36m>[39m
        [36m<div[39m
          [33mclass[39m=[32m"MuiGrid-root MuiGrid-container css-rm289v-MuiGrid-root"[39m
        [36m>[39m
          [36m<div[39m
            [33mclass[39m=[32m"MuiGrid-root MuiGrid-item MuiGrid-grid-xs-12 css-bj7xu4-MuiGrid-root"[39m
          [36m>[39m
            [36m<h3[39m
              [33mclass[39m=[32m"MuiTypography-root MuiTypography-h3 MuiTypography-alignCenter css-1ftkxk0-MuiTypography-root"[39m
            [36m>[39m
              [0mSeleziona il tipo di ente che [0m
              [36m<br />[39m
              [0m rappresenti[0m
            [36m</h3>[39m
          [36m</div>[39m
          [36m<div[39m
            [33mclass[39m=[32m"MuiGrid-root MuiGrid-item MuiGrid-grid-xs-12 css-bj7xu4-MuiGrid-root"[39m
          [36m>[39m
            [36m<p[39m
              [33mclass[39m=[32m"MuiTypography-root MuiTypography-body1 MuiTypography-alignCenter css-5v5l99-MuiTypography-root"[39m
            [36m>[39m
              [0mIndica il tipo di ente che aderirà a [0m
              [36m<strong />[39m
            [36m</p>[39m
          [36m</div>[39m
          [36m<div[39m
            [33mclass[39m=[32m"MuiGrid-root MuiGrid-item MuiGrid-grid-xs-12 css-bj7xu4-MuiGrid-root"[39m
          [36m>[39m
            [36m<div[39m
              [33mclass[39m=[32m"MuiPaper-root MuiPaper-elevation MuiPaper-rounded MuiPaper-elevation0 MuiAlert-root MuiAlert-colorInfo MuiAlert-standardInfo MuiAlert-standard css-5zts0j-MuiPaper-root-MuiAlert-root"[39m
              [33mrole[39m=[32m"alert"[39m
            [36m>[39m
              [36m<div[39m
                [33mclass[39m=[32m"MuiAlert-icon css-1ytlwq5-MuiAlert-icon"[39m
              [36m>[39m
                [36m<svg[39m
                  [33maria-hidden[39m=[32m"true"[39m
                  [33mclass[39m=[32m"MuiSvgIcon-root MuiSvgIcon-fontSizeInherit css-1vooibu-MuiSvgIcon-root"[39m
                  [33mdata-testid[39m=[32m"InfoOutlinedIcon"[39m
                  [33mfocusable[39m=[32m"false"[39m
                  [33mviewBox[39m=[32m"0 0 24 24"[39m
                [36m>[39m
                  [36m<path[39m
                    [33md[39m=[32m"M11,9H13V7H11M12,20C7.59,20 4,16.41 4,12C4,7.59 7.59,4 12,4C16.41,4 20,7.59 20, 12C20,16.41 16.41,20 12,20M12,2A10,10 0 0,0 2,12A10,10 0 0,0 12,22A10,10 0 0,0 22,12A10, 10 0 0,0 12,2M11,17H13V11H11V17Z"[39m
                  [36m/>[39m
                [36m</svg>[39m
              [36m</div>[39m
              [36m<div[39m
                [33mclass[39m=[32m"MuiAlert-message css-1pxa9xg-MuiAlert-message"[39m
              [36m>[39m
                [0mPagoPA S.p.A. mette a disposizione la piattaforma per la gestione delle adesioni. Non partecipa alla Convenzione e non è responsabile della sua esecuzione.[0m
              [36m</div>[39m
            [36m</div>[39m
          [36m</div>[39m
          [36m<div[39m
            [33mclass[39m=[32m"MuiPaper-root MuiPaper-elevation MuiPaper-rounded MuiPaper-elevation8 css-1tchchv-MuiPaper-root"[39m
          [36m>[39m
            [36m<div[39m
              [33mclass[39m=[32m"MuiGrid-root MuiGrid-container MuiGrid-item css-1f064cs-MuiGrid-root"[39m
            [36m>[39m
              [36m<div[39m
                [33mclass[39m=[32m"MuiGrid-root MuiGrid-item MuiGrid-grid-xs-12 css-11x2j5o-MuiGrid-root"[39m
              [36m>[39m
                [36m<div[39m
                  [33mclass[39m=[32m"MuiFormControl-root css-1nrlq1o-MuiFormControl-root"[39m
                [36m>[39m
                  [36m<div[39m
                    [33mclass[39m=[32m"MuiFormGroup-root MuiRadioGroup-root css-dmmspl-MuiFormGroup-root"[39m
                    [33mrole[39m=[32m"radiogroup"[39m
                  [36m/>[39m
                [36m</div>[39m
              [36m</div>[39m
            [36m</div>[39m
          [36m</div>[39m
          [36m<div[39m
            [33mclass[39m=[32m"MuiGrid-root MuiGrid-item MuiGrid-grid-xs-12 css-1hzi63y-MuiGrid-root"[39m
          [36m>[39m
            [36m<div[39m
              [33mclass[39m=[32m"MuiGrid-root MuiGrid-container MuiGrid-spacing-xs-2 css-7pgsh3-MuiGrid-root"[39m
            [36m>[39m
              [36m<div[39m
                [33mclass[39m=[32m"MuiGrid-root MuiGrid-item css-13i4rnv-MuiGrid-root"[39m
              [36m>[39m
                [36m<button[39m
                  [33maria-label[39m=[32m"Continua"[39m
                  [33mclass[39m=[32m"MuiButtonBase-root MuiButton-root MuiButton-contained MuiButton-containedPrimary MuiButton-sizeMedium MuiButton-containedSizeMedium MuiButton-colorPrimary Mui-disabled MuiButton-root MuiButton-contained MuiButton-containedPrimary MuiButton-sizeMedium MuiButton-containedSizeMedium MuiButton-colorPrimary css-1fu7jd5-MuiButtonBase-root-MuiButton-root"[39m
                  [33mdisabled[39m=[32m""[39m
                  [33mtabindex[39m=[32m"-1"[39m
                  [33mtype[39m=[32m"button"[39m
                [36m>[39m
                  [0mContinua[0m
                [36m</button>[39m
              [36m</div>[39m
            [36m</div>[39m
          [36m</div>[39m
        [36m</div>[39m
      [36m</div>[39m
    [36m</div>[39m
  [36m</body>[39m
[36m</html>[39m...
[90m [2m❯[22m waitForWrapper node_modules/@testing-library/dom/dist/wait-for.js:[2m163:27[22m[39m
[36m [2m❯[22m Module.executeStepInstitutionType src/views/onboardingProduct/__tests__/shared/stepHelpers.tsx:[2m119:11[22m[39m
    [90m117| [39m    screen[33m.[39m[34mgetByText[39m([36m/Indica il tipo di ente che aderirà a/[39m)[33m;[39m
    [90m118| [39m
    [90m119| [39m    [35mawait[39m [34mwaitFor[39m(() [33m=>[39m {
    [90m   | [39m          [31m^[39m
    [90m120| [39m      [34mfillInstitutionTypeCheckbox[39m(institutionType[33m,[39m productSelected)[33m;[39m
    [90m121| [39m
[90m [2m❯[22m src/views/onboardingProduct/__tests__/OnboardingProduct.general.test.tsx:[2m35:3[22m[39m

[31m[2m⎯⎯⎯⎯⎯⎯⎯⎯⎯⎯⎯⎯⎯⎯⎯⎯⎯⎯⎯⎯⎯⎯[10/58]⎯[22m[39m

[41m[1m FAIL [22m[49m src/views/onboardingProduct/__tests__/OnboardingProduct.general.test.tsx[2m > [22mTest: Error retrieving onboarding info
[31m[1mTestingLibraryElementError[22m[39m: Unable to find an element with the text: Pubblica Amministrazione. This could be because the text is broken up by multiple elements. In this case, you can provide a function for your text matcher to make your matcher more flexible.

Ignored nodes: comments, script, style
[36m<body[39m
  [33mstyle[39m=[32m""[39m
[36m>[39m
  [36m<div>[39m
    [36m<button>[39m
      [0mLOGOUT[0m
    [36m</button>[39m
    [36m<div[39m
      [33mclass[39m=[32m"MuiContainer-root MuiContainer-maxWidthLg css-1oqqzyl-MuiContainer-root"[39m
    [36m>[39m
      [36m<div[39m
        [33mclass[39m=[32m"MuiGrid-root MuiGrid-container css-rm289v-MuiGrid-root"[39m
      [36m>[39m
        [36m<div[39m
          [33mclass[39m=[32m"MuiGrid-root MuiGrid-item MuiGrid-grid-xs-12 css-bj7xu4-MuiGrid-root"[39m
        [36m>[39m
          [36m<h3[39m
            [33mclass[39m=[32m"MuiTypography-root MuiTypography-h3 MuiTypography-alignCenter css-1ftkxk0-MuiTypography-root"[39m
          [36m>[39m
            [0mSeleziona il tipo di ente che [0m
            [36m<br />[39m
            [0m rappresenti[0m
          [36m</h3>[39m
        [36m</div>[39m
        [36m<div[39m
          [33mclass[39m=[32m"MuiGrid-root MuiGrid-item MuiGrid-grid-xs-12 css-bj7xu4-MuiGrid-root"[39m
        [36m>[39m
          [36m<p[39m
            [33mclass[39m=[32m"MuiTypography-root MuiTypography-body1 MuiTypography-alignCenter css-5v5l99-MuiTypography-root"[39m
          [36m>[39m
            [0mIndica il tipo di ente che aderirà a [0m
            [36m<strong />[39m
          [36m</p>[39m
        [36m</div>[39m
        [36m<div[39m
          [33mclass[39m=[32m"MuiGrid-root MuiGrid-item MuiGrid-grid-xs-12 css-bj7xu4-MuiGrid-root"[39m
        [36m>[39m
          [36m<div[39m
            [33mclass[39m=[32m"MuiPaper-root MuiPaper-elevation MuiPaper-rounded MuiPaper-elevation0 MuiAlert-root MuiAlert-colorInfo MuiAlert-standardInfo MuiAlert-standard css-5zts0j-MuiPaper-root-MuiAlert-root"[39m
            [33mrole[39m=[32m"alert"[39m
          [36m>[39m
            [36m<div[39m
              [33mclass[39m=[32m"MuiAlert-icon css-1ytlwq5-MuiAlert-icon"[39m
            [36m>[39m
              [36m<svg[39m
                [33maria-hidden[39m=[32m"true"[39m
                [33mclass[39m=[32m"MuiSvgIcon-root MuiSvgIcon-fontSizeInherit css-1vooibu-MuiSvgIcon-root"[39m
                [33mdata-testid[39m=[32m"InfoOutlinedIcon"[39m
                [33mfocusable[39m=[32m"false"[39m
                [33mviewBox[39m=[32m"0 0 24 24"[39m
              [36m>[39m
                [36m<path[39m
                  [33md[39m=[32m"M11,9H13V7H11M12,20C7.59,20 4,16.41 4,12C4,7.59 7.59,4 12,4C16.41,4 20,7.59 20, 12C20,16.41 16.41,20 12,20M12,2A10,10 0 0,0 2,12A10,10 0 0,0 12,22A10,10 0 0,0 22,12A10, 10 0 0,0 12,2M11,17H13V11H11V17Z"[39m
                [36m/>[39m
              [36m</svg>[39m
            [36m</div>[39m
            [36m<div[39m
              [33mclass[39m=[32m"MuiAlert-message css-1pxa9xg-MuiAlert-message"[39m
            [36m>[39m
              [0mPagoPA S.p.A. mette a disposizione la piattaforma per la gestione delle adesioni. Non partecipa alla Convenzione e non è responsabile della sua esecuzione.[0m
            [36m</div>[39m
          [36m</div>[39m
        [36m</div>[39m
        [36m<div[39m
          [33mclass[39m=[32m"MuiPaper-root MuiPaper-elevation MuiPaper-rounded MuiPaper-elevation8 css-1tchchv-MuiPaper-root"[39m
        [36m>[39m
          [36m<div[39m
            [33mclass[39m=[32m"MuiGrid-root MuiGrid-container MuiGrid-item css-1f064cs-MuiGrid-root"[39m
          [36m>[39m
            [36m<div[39m
              [33mclass[39m=[32m"MuiGrid-root MuiGrid-item MuiGrid-grid-xs-12 css-11x2j5o-MuiGrid-root"[39m
            [36m>[39m
              [36m<div[39m
                [33mclass[39m=[32m"MuiFormControl-root css-1nrlq1o-MuiFormControl-root"[39m
              [36m>[39m
                [36m<div[39m
                  [33mclass[39m=[32m"MuiFormGroup-root MuiRadioGroup-root css-dmmspl-MuiFormGroup-root"[39m
                  [33mrole[39m=[32m"radiogroup"[39m
                [36m/>[39m
              [36m</div>[39m
            [36m</div>[39m
          [36m</div>[39m
        [36m</div>[39m
        [36m<div[39m
          [33mclass[39m=[32m"MuiGrid-root MuiGrid-item MuiGrid-grid-xs-12 css-1hzi63y-MuiGrid-root"[39m
        [36m>[39m
          [36m<div[39m
            [33mclass[39m=[32m"MuiGrid-root MuiGrid-container MuiGrid-spacing-xs-2 css-7pgsh3-MuiGrid-root"[39m
          [36m>[39m
            [36m<div[39m
              [33mclass[39m=[32m"MuiGrid-root MuiGrid-item css-13i4rnv-MuiGrid-root"[39m
            [36m>[39m
              [36m<button[39m
                [33maria-label[39m=[32m"Continua"[39m
                [33mclass[39m=[32m"MuiButtonBase-root MuiButton-root MuiButton-contained MuiButton-containedPrimary MuiButton-sizeMedium MuiButton-containedSizeMedium MuiButton-colorPrimary Mui-disabled MuiButton-root MuiButton-contained MuiButton-containedPrimary MuiButton-sizeMedium MuiButton-containedSizeMedium MuiButton-colorPrimary css-1fu7jd5-MuiButtonBase-root-MuiButton-root"[39m
                [33mdisabled[39m=[32m""[39m
                [33mtabindex[39m=[32m"-1"[39m
                [33mtype[39m=[32m"button"[39m
              [36m>[39m
                [0mContinua[0m
              [36m</button>[39m
            [36m</div>[39m
          [36m</div>[39m
        [36m</div>[39m
      [36m</div>[39m
    [36m</div>[39m
  [36m</div>[39m
[36m</body>[39m

Ignored nodes: comments, script, style
[36m<html>[39m
  [36m<head />[39m
  [36m<body[39m
    [33mstyle[39m=[32m""[39m
  [36m>[39m
    [36m<div>[39m
      [36m<button>[39m
        [0mLOGOUT[0m
      [36m</button>[39m
      [36m<div[39m
        [33mclass[39m=[32m"MuiContainer-root MuiContainer-maxWidthLg css-1oqqzyl-MuiContainer-root"[39m
      [36m>[39m
        [36m<div[39m
          [33mclass[39m=[32m"MuiGrid-root MuiGrid-container css-rm289v-MuiGrid-root"[39m
        [36m>[39m
          [36m<div[39m
            [33mclass[39m=[32m"MuiGrid-root MuiGrid-item MuiGrid-grid-xs-12 css-bj7xu4-MuiGrid-root"[39m
          [36m>[39m
            [36m<h3[39m
              [33mclass[39m=[32m"MuiTypography-root MuiTypography-h3 MuiTypography-alignCenter css-1ftkxk0-MuiTypography-root"[39m
            [36m>[39m
              [0mSeleziona il tipo di ente che [0m
              [36m<br />[39m
              [0m rappresenti[0m
            [36m</h3>[39m
          [36m</div>[39m
          [36m<div[39m
            [33mclass[39m=[32m"MuiGrid-root MuiGrid-item MuiGrid-grid-xs-12 css-bj7xu4-MuiGrid-root"[39m
          [36m>[39m
            [36m<p[39m
              [33mclass[39m=[32m"MuiTypography-root MuiTypography-body1 MuiTypography-alignCenter css-5v5l99-MuiTypography-root"[39m
            [36m>[39m
              [0mIndica il tipo di ente che aderirà a [0m
              [36m<strong />[39m
            [36m</p>[39m
          [36m</div>[39m
          [36m<div[39m
            [33mclass[39m=[32m"MuiGrid-root MuiGrid-item MuiGrid-grid-xs-12 css-bj7xu4-MuiGrid-root"[39m
          [36m>[39m
            [36m<div[39m
              [33mclass[39m=[32m"MuiPaper-root MuiPaper-elevation MuiPaper-rounded MuiPaper-elevation0 MuiAlert-root MuiAlert-colorInfo MuiAlert-standardInfo MuiAlert-standard css-5zts0j-MuiPaper-root-MuiAlert-root"[39m
              [33mrole[39m=[32m"alert"[39m
            [36m>[39m
              [36m<div[39m
                [33mclass[39m=[32m"MuiAlert-icon css-1ytlwq5-MuiAlert-icon"[39m
              [36m>[39m
                [36m<svg[39m
                  [33maria-hidden[39m=[32m"true"[39m
                  [33mclass[39m=[32m"MuiSvgIcon-root MuiSvgIcon-fontSizeInherit css-1vooibu-MuiSvgIcon-root"[39m
                  [33mdata-testid[39m=[32m"InfoOutlinedIcon"[39m
                  [33mfocusable[39m=[32m"false"[39m
                  [33mviewBox[39m=[32m"0 0 24 24"[39m
                [36m>[39m
                  [36m<path[39m
                    [33md[39m=[32m"M11,9H13V7H11M12,20C7.59,20 4,16.41 4,12C4,7.59 7.59,4 12,4C16.41,4 20,7.59 20, 12C20,16.41 16.41,20 12,20M12,2A10,10 0 0,0 2,12A10,10 0 0,0 12,22A10,10 0 0,0 22,12A10, 10 0 0,0 12,2M11,17H13V11H11V17Z"[39m
                  [36m/>[39m
                [36m</svg>[39m
              [36m</div>[39m
              [36m<div[39m
                [33mclass[39m=[32m"MuiAlert-message css-1pxa9xg-MuiAlert-message"[39m
              [36m>[39m
                [0mPagoPA S.p.A. mette a disposizione la piattaforma per la gestione delle adesioni. Non partecipa alla Convenzione e non è responsabile della sua esecuzione.[0m
              [36m</div>[39m
            [36m</div>[39m
          [36m</div>[39m
          [36m<div[39m
            [33mclass[39m=[32m"MuiPaper-root MuiPaper-elevation MuiPaper-rounded MuiPaper-elevation8 css-1tchchv-MuiPaper-root"[39m
          [36m>[39m
            [36m<div[39m
              [33mclass[39m=[32m"MuiGrid-root MuiGrid-container MuiGrid-item css-1f064cs-MuiGrid-root"[39m
            [36m>[39m
              [36m<div[39m
                [33mclass[39m=[32m"MuiGrid-root MuiGrid-item MuiGrid-grid-xs-12 css-11x2j5o-MuiGrid-root"[39m
              [36m>[39m
                [36m<div[39m
                  [33mclass[39m=[32m"MuiFormControl-root css-1nrlq1o-MuiFormControl-root"[39m
                [36m>[39m
                  [36m<div[39m
                    [33mclass[39m=[32m"MuiFormGroup-root MuiRadioGroup-root css-dmmspl-MuiFormGroup-root"[39m
                    [33mrole[39m=[32m"radiogroup"[39m
                  [36m/>[39m
                [36m</div>[39m
              [36m</div>[39m
            [36m</div>[39m
          [36m</div>[39m
          [36m<div[39m
            [33mclass[39m=[32m"MuiGrid-root MuiGrid-item MuiGrid-grid-xs-12 css-1hzi63y-MuiGrid-root"[39m
          [36m>[39m
            [36m<div[39m
              [33mclass[39m=[32m"MuiGrid-root MuiGrid-container MuiGrid-spacing-xs-2 css-7pgsh3-MuiGrid-root"[39m
            [36m>[39m
              [36m<div[39m
                [33mclass[39m=[32m"MuiGrid-root MuiGrid-item css-13i4rnv-MuiGrid-root"[39m
              [36m>[39m
                [36m<button[39m
                  [33maria-label[39m=[32m"Continua"[39m
                  [33mclass[39m=[32m"MuiButtonBase-root MuiButton-root MuiButton-contained MuiButton-containedPrimary MuiButton-sizeMedium MuiButton-containedSizeMedium MuiButton-colorPrimary Mui-disabled MuiButton-root MuiButton-contained MuiButton-containedPrimary MuiButton-sizeMedium MuiButton-containedSizeMedium MuiButton-colorPrimary css-1fu7jd5-MuiButtonBase-root-MuiButton-root"[39m
                  [33mdisabled[39m=[32m""[39m
                  [33mtabindex[39m=[32m"-1"[39m
                  [33mtype[39m=[32m"button"[39m
                [36m>[39m
                  [0mContinua[0m
                [36m</button>[39m
              [36m</div>[39m
            [36m</div>[39m
          [36m</div>[39m
        [36m</div>[39m
      [36m</div>[39m
    [36m</div>[39m
  [36m</body>[39m
[36m</html>[39m...
[90m [2m❯[22m waitForWrapper node_modules/@testing-library/dom/dist/wait-for.js:[2m163:27[22m[39m
[36m [2m❯[22m Module.executeStepInstitutionType src/views/onboardingProduct/__tests__/shared/stepHelpers.tsx:[2m119:11[22m[39m
    [90m117| [39m    screen[33m.[39m[34mgetByText[39m([36m/Indica il tipo di ente che aderirà a/[39m)[33m;[39m
    [90m118| [39m
    [90m119| [39m    [35mawait[39m [34mwaitFor[39m(() [33m=>[39m {
    [90m   | [39m          [31m^[39m
    [90m120| [39m      [34mfillInstitutionTypeCheckbox[39m(institutionType[33m,[39m productSelected)[33m;[39m
    [90m121| [39m
[90m [2m❯[22m src/views/onboardingProduct/__tests__/OnboardingProduct.general.test.tsx:[2m54:3[22m[39m

[31m[2m⎯⎯⎯⎯⎯⎯⎯⎯⎯⎯⎯⎯⎯⎯⎯⎯⎯⎯⎯⎯⎯⎯[11/58]⎯[22m[39m

[41m[1m FAIL [22m[49m src/views/onboardingProduct/__tests__/OnboardingProduct.general.test.tsx[2m > [22mTest: Invalid productId
[31m[1mAssertionError[22m[39m: expected "fetchWithLogs" to be called 2 times, but got 0 times

Ignored nodes: comments, script, style
[36m<html>[39m
  [36m<head />[39m
  [36m<body[39m
    [33mstyle[39m=[32m""[39m
  [36m>[39m
    [36m<div>[39m
      [36m<button>[39m
        [0mLOGOUT[0m
      [36m</button>[39m
      [36m<div[39m
        [33mclass[39m=[32m"MuiContainer-root MuiContainer-maxWidthLg css-1oqqzyl-MuiContainer-root"[39m
      [36m>[39m
        [36m<div[39m
          [33mclass[39m=[32m"MuiGrid-root MuiGrid-container css-rm289v-MuiGrid-root"[39m
        [36m>[39m
          [36m<div[39m
            [33mclass[39m=[32m"MuiGrid-root MuiGrid-item MuiGrid-grid-xs-12 css-bj7xu4-MuiGrid-root"[39m
          [36m>[39m
            [36m<h3[39m
              [33mclass[39m=[32m"MuiTypography-root MuiTypography-h3 MuiTypography-alignCenter css-1ftkxk0-MuiTypography-root"[39m
            [36m>[39m
              [0mSeleziona il tipo di ente che [0m
              [36m<br />[39m
              [0m rappresenti[0m
            [36m</h3>[39m
          [36m</div>[39m
          [36m<div[39m
            [33mclass[39m=[32m"MuiGrid-root MuiGrid-item MuiGrid-grid-xs-12 css-bj7xu4-MuiGrid-root"[39m
          [36m>[39m
            [36m<p[39m
              [33mclass[39m=[32m"MuiTypography-root MuiTypography-body1 MuiTypography-alignCenter css-5v5l99-MuiTypography-root"[39m
            [36m>[39m
              [0mIndica il tipo di ente che aderirà a [0m
              [36m<strong />[39m
            [36m</p>[39m
          [36m</div>[39m
          [36m<div[39m
            [33mclass[39m=[32m"MuiGrid-root MuiGrid-item MuiGrid-grid-xs-12 css-bj7xu4-MuiGrid-root"[39m
          [36m>[39m
            [36m<div[39m
              [33mclass[39m=[32m"MuiPaper-root MuiPaper-elevation MuiPaper-rounded MuiPaper-elevation0 MuiAlert-root MuiAlert-colorInfo MuiAlert-standardInfo MuiAlert-standard css-5zts0j-MuiPaper-root-MuiAlert-root"[39m
              [33mrole[39m=[32m"alert"[39m
            [36m>[39m
              [36m<div[39m
                [33mclass[39m=[32m"MuiAlert-icon css-1ytlwq5-MuiAlert-icon"[39m
              [36m>[39m
                [36m<svg[39m
                  [33maria-hidden[39m=[32m"true"[39m
                  [33mclass[39m=[32m"MuiSvgIcon-root MuiSvgIcon-fontSizeInherit css-1vooibu-MuiSvgIcon-root"[39m
                  [33mdata-testid[39m=[32m"InfoOutlinedIcon"[39m
                  [33mfocusable[39m=[32m"false"[39m
                  [33mviewBox[39m=[32m"0 0 24 24"[39m
                [36m>[39m
                  [36m<path[39m
                    [33md[39m=[32m"M11,9H13V7H11M12,20C7.59,20 4,16.41 4,12C4,7.59 7.59,4 12,4C16.41,4 20,7.59 20, 12C20,16.41 16.41,20 12,20M12,2A10,10 0 0,0 2,12A10,10 0 0,0 12,22A10,10 0 0,0 22,12A10, 10 0 0,0 12,2M11,17H13V11H11V17Z"[39m
                  [36m/>[39m
                [36m</svg>[39m
              [36m</div>[39m
              [36m<div[39m
                [33mclass[39m=[32m"MuiAlert-message css-1pxa9xg-MuiAlert-message"[39m
              [36m>[39m
                [0mPagoPA S.p.A. mette a disposizione la piattaforma per la gestione delle adesioni. Non partecipa alla Convenzione e non è responsabile della sua esecuzione.[0m
              [36m</div>[39m
            [36m</div>[39m
          [36m</div>[39m
          [36m<div[39m
            [33mclass[39m=[32m"MuiPaper-root MuiPaper-elevation MuiPaper-rounded MuiPaper-elevation8 css-1tchchv-MuiPaper-root"[39m
          [36m>[39m
            [36m<div[39m
              [33mclass[39m=[32m"MuiGrid-root MuiGrid-container MuiGrid-item css-1f064cs-MuiGrid-root"[39m
            [36m>[39m
              [36m<div[39m
                [33mclass[39m=[32m"MuiGrid-root MuiGrid-item MuiGrid-grid-xs-12 css-11x2j5o-MuiGrid-root"[39m
              [36m>[39m
                [36m<div[39m
                  [33mclass[39m=[32m"MuiFormControl-root css-1nrlq1o-MuiFormControl-root"[39m
                [36m>[39m
                  [36m<div[39m
                    [33mclass[39m=[32m"MuiFormGroup-root MuiRadioGroup-root css-dmmspl-MuiFormGroup-root"[39m
                    [33mrole[39m=[32m"radiogroup"[39m
                  [36m/>[39m
                [36m</div>[39m
              [36m</div>[39m
            [36m</div>[39m
          [36m</div>[39m
          [36m<div[39m
            [33mclass[39m=[32m"MuiGrid-root MuiGrid-item MuiGrid-grid-xs-12 css-1hzi63y-MuiGrid-root"[39m
          [36m>[39m
            [36m<div[39m
              [33mclass[39m=[32m"MuiGrid-root MuiGrid-container MuiGrid-spacing-xs-2 css-7pgsh3-MuiGrid-root"[39m
            [36m>[39m
              [36m<div[39m
                [33mclass[39m=[32m"MuiGrid-root MuiGrid-item css-13i4rnv-MuiGrid-root"[39m
              [36m>[39m
                [36m<button[39m
                  [33maria-label[39m=[32m"Continua"[39m
                  [33mclass[39m=[32m"MuiButtonBase-root MuiButton-root MuiButton-contained MuiButton-containedPrimary MuiButton-sizeMedium MuiButton-containedSizeMedium MuiButton-colorPrimary Mui-disabled MuiButton-root MuiButton-contained MuiButton-containedPrimary MuiButton-sizeMedium MuiButton-containedSizeMedium MuiButton-colorPrimary css-1fu7jd5-MuiButtonBase-root-MuiButton-root"[39m
                  [33mdisabled[39m=[32m""[39m
                  [33mtabindex[39m=[32m"-1"[39m
                  [33mtype[39m=[32m"button"[39m
                [36m>[39m
                  [0mContinua[0m
                [36m</button>[39m
              [36m</div>[39m
            [36m</div>[39m
          [36m</div>[39m
        [36m</div>[39m
      [36m</div>[39m
    [36m</div>[39m
  [36m</body>[39m
[36m</html>[39m...
[36m [2m❯[22m src/views/onboardingProduct/__tests__/OnboardingProduct.general.test.tsx:[2m73:48[22m[39m
    [90m 71| [39m[34mtest[39m([32m'Test: Invalid productId'[39m[33m,[39m [35masync[39m () [33m=>[39m {
    [90m 72| [39m  [34mrenderComponent[39m([32m'error'[39m)[33m;[39m
    [90m 73| [39m  await waitFor(() => expect(fetchWithLogsSpy).toHaveBeenCalledTimes(2…
    [90m   | [39m                                               [31m^[39m
    [90m 74| [39m  [35mawait[39m [34mwaitFor[39m(() [33m=>[39m {
    [90m 75| [39m    expect(screen.getByText('Impossibile individuare il prodotto desid…
[90m [2m❯[22m runWithExpensiveErrorDiagnosticsDisabled node_modules/@testing-library/dom/dist/config.js:[2m47:12[22m[39m
[90m [2m❯[22m checkCallback node_modules/@testing-library/dom/dist/wait-for.js:[2m124:77[22m[39m
[90m [2m❯[22m Timeout.checkRealTimersCallback node_modules/@testing-library/dom/dist/wait-for.js:[2m118:16[22m[39m

[31m[2m⎯⎯⎯⎯⎯⎯⎯⎯⎯⎯⎯⎯⎯⎯⎯⎯⎯⎯⎯⎯⎯⎯[12/58]⎯[22m[39m

[41m[1m FAIL [22m[49m src/views/onboardingProduct/__tests__/OnboardingProduct.general.test.tsx[2m > [22mTest: Exiting during flow with unload event
[31m[1mTestingLibraryElementError[22m[39m: Unable to find an element with the text: Pubblica Amministrazione. This could be because the text is broken up by multiple elements. In this case, you can provide a function for your text matcher to make your matcher more flexible.

Ignored nodes: comments, script, style
[36m<body[39m
  [33mstyle[39m=[32m""[39m
[36m>[39m
  [36m<div>[39m
    [36m<button>[39m
      [0mLOGOUT[0m
    [36m</button>[39m
    [36m<div[39m
      [33mclass[39m=[32m"MuiContainer-root MuiContainer-maxWidthLg css-1oqqzyl-MuiContainer-root"[39m
    [36m>[39m
      [36m<div[39m
        [33mclass[39m=[32m"MuiGrid-root MuiGrid-container css-rm289v-MuiGrid-root"[39m
      [36m>[39m
        [36m<div[39m
          [33mclass[39m=[32m"MuiGrid-root MuiGrid-item MuiGrid-grid-xs-12 css-bj7xu4-MuiGrid-root"[39m
        [36m>[39m
          [36m<h3[39m
            [33mclass[39m=[32m"MuiTypography-root MuiTypography-h3 MuiTypography-alignCenter css-1ftkxk0-MuiTypography-root"[39m
          [36m>[39m
            [0mSeleziona il tipo di ente che [0m
            [36m<br />[39m
            [0m rappresenti[0m
          [36m</h3>[39m
        [36m</div>[39m
        [36m<div[39m
          [33mclass[39m=[32m"MuiGrid-root MuiGrid-item MuiGrid-grid-xs-12 css-bj7xu4-MuiGrid-root"[39m
        [36m>[39m
          [36m<p[39m
            [33mclass[39m=[32m"MuiTypography-root MuiTypography-body1 MuiTypography-alignCenter css-5v5l99-MuiTypography-root"[39m
          [36m>[39m
            [0mIndica il tipo di ente che aderirà a [0m
            [36m<strong />[39m
          [36m</p>[39m
        [36m</div>[39m
        [36m<div[39m
          [33mclass[39m=[32m"MuiGrid-root MuiGrid-item MuiGrid-grid-xs-12 css-bj7xu4-MuiGrid-root"[39m
        [36m>[39m
          [36m<div[39m
            [33mclass[39m=[32m"MuiPaper-root MuiPaper-elevation MuiPaper-rounded MuiPaper-elevation0 MuiAlert-root MuiAlert-colorInfo MuiAlert-standardInfo MuiAlert-standard css-5zts0j-MuiPaper-root-MuiAlert-root"[39m
            [33mrole[39m=[32m"alert"[39m
          [36m>[39m
            [36m<div[39m
              [33mclass[39m=[32m"MuiAlert-icon css-1ytlwq5-MuiAlert-icon"[39m
            [36m>[39m
              [36m<svg[39m
                [33maria-hidden[39m=[32m"true"[39m
                [33mclass[39m=[32m"MuiSvgIcon-root MuiSvgIcon-fontSizeInherit css-1vooibu-MuiSvgIcon-root"[39m
                [33mdata-testid[39m=[32m"InfoOutlinedIcon"[39m
                [33mfocusable[39m=[32m"false"[39m
                [33mviewBox[39m=[32m"0 0 24 24"[39m
              [36m>[39m
                [36m<path[39m
                  [33md[39m=[32m"M11,9H13V7H11M12,20C7.59,20 4,16.41 4,12C4,7.59 7.59,4 12,4C16.41,4 20,7.59 20, 12C20,16.41 16.41,20 12,20M12,2A10,10 0 0,0 2,12A10,10 0 0,0 12,22A10,10 0 0,0 22,12A10, 10 0 0,0 12,2M11,17H13V11H11V17Z"[39m
                [36m/>[39m
              [36m</svg>[39m
            [36m</div>[39m
            [36m<div[39m
              [33mclass[39m=[32m"MuiAlert-message css-1pxa9xg-MuiAlert-message"[39m
            [36m>[39m
              [0mPagoPA S.p.A. mette a disposizione la piattaforma per la gestione delle adesioni. Non partecipa alla Convenzione e non è responsabile della sua esecuzione.[0m
            [36m</div>[39m
          [36m</div>[39m
        [36m</div>[39m
        [36m<div[39m
          [33mclass[39m=[32m"MuiPaper-root MuiPaper-elevation MuiPaper-rounded MuiPaper-elevation8 css-1tchchv-MuiPaper-root"[39m
        [36m>[39m
          [36m<div[39m
            [33mclass[39m=[32m"MuiGrid-root MuiGrid-container MuiGrid-item css-1f064cs-MuiGrid-root"[39m
          [36m>[39m
            [36m<div[39m
              [33mclass[39m=[32m"MuiGrid-root MuiGrid-item MuiGrid-grid-xs-12 css-11x2j5o-MuiGrid-root"[39m
            [36m>[39m
              [36m<div[39m
                [33mclass[39m=[32m"MuiFormControl-root css-1nrlq1o-MuiFormControl-root"[39m
              [36m>[39m
                [36m<div[39m
                  [33mclass[39m=[32m"MuiFormGroup-root MuiRadioGroup-root css-dmmspl-MuiFormGroup-root"[39m
                  [33mrole[39m=[32m"radiogroup"[39m
                [36m/>[39m
              [36m</div>[39m
            [36m</div>[39m
          [36m</div>[39m
        [36m</div>[39m
        [36m<div[39m
          [33mclass[39m=[32m"MuiGrid-root MuiGrid-item MuiGrid-grid-xs-12 css-1hzi63y-MuiGrid-root"[39m
        [36m>[39m
          [36m<div[39m
            [33mclass[39m=[32m"MuiGrid-root MuiGrid-container MuiGrid-spacing-xs-2 css-7pgsh3-MuiGrid-root"[39m
          [36m>[39m
            [36m<div[39m
              [33mclass[39m=[32m"MuiGrid-root MuiGrid-item css-13i4rnv-MuiGrid-root"[39m
            [36m>[39m
              [36m<button[39m
                [33maria-label[39m=[32m"Continua"[39m
                [33mclass[39m=[32m"MuiButtonBase-root MuiButton-root MuiButton-contained MuiButton-containedPrimary MuiButton-sizeMedium MuiButton-containedSizeMedium MuiButton-colorPrimary Mui-disabled MuiButton-root MuiButton-contained MuiButton-containedPrimary MuiButton-sizeMedium MuiButton-containedSizeMedium MuiButton-colorPrimary css-1fu7jd5-MuiButtonBase-root-MuiButton-root"[39m
                [33mdisabled[39m=[32m""[39m
                [33mtabindex[39m=[32m"-1"[39m
                [33mtype[39m=[32m"button"[39m
              [36m>[39m
                [0mContinua[0m
              [36m</button>[39m
            [36m</div>[39m
          [36m</div>[39m
        [36m</div>[39m
      [36m</div>[39m
    [36m</div>[39m
  [36m</div>[39m
[36m</body>[39m

Ignored nodes: comments, script, style
[36m<html>[39m
  [36m<head />[39m
  [36m<body[39m
    [33mstyle[39m=[32m""[39m
  [36m>[39m
    [36m<div>[39m
      [36m<button>[39m
        [0mLOGOUT[0m
      [36m</button>[39m
      [36m<div[39m
        [33mclass[39m=[32m"MuiContainer-root MuiContainer-maxWidthLg css-1oqqzyl-MuiContainer-root"[39m
      [36m>[39m
        [36m<div[39m
          [33mclass[39m=[32m"MuiGrid-root MuiGrid-container css-rm289v-MuiGrid-root"[39m
        [36m>[39m
          [36m<div[39m
            [33mclass[39m=[32m"MuiGrid-root MuiGrid-item MuiGrid-grid-xs-12 css-bj7xu4-MuiGrid-root"[39m
          [36m>[39m
            [36m<h3[39m
              [33mclass[39m=[32m"MuiTypography-root MuiTypography-h3 MuiTypography-alignCenter css-1ftkxk0-MuiTypography-root"[39m
            [36m>[39m
              [0mSeleziona il tipo di ente che [0m
              [36m<br />[39m
              [0m rappresenti[0m
            [36m</h3>[39m
          [36m</div>[39m
          [36m<div[39m
            [33mclass[39m=[32m"MuiGrid-root MuiGrid-item MuiGrid-grid-xs-12 css-bj7xu4-MuiGrid-root"[39m
          [36m>[39m
            [36m<p[39m
              [33mclass[39m=[32m"MuiTypography-root MuiTypography-body1 MuiTypography-alignCenter css-5v5l99-MuiTypography-root"[39m
            [36m>[39m
              [0mIndica il tipo di ente che aderirà a [0m
              [36m<strong />[39m
            [36m</p>[39m
          [36m</div>[39m
          [36m<div[39m
            [33mclass[39m=[32m"MuiGrid-root MuiGrid-item MuiGrid-grid-xs-12 css-bj7xu4-MuiGrid-root"[39m
          [36m>[39m
            [36m<div[39m
              [33mclass[39m=[32m"MuiPaper-root MuiPaper-elevation MuiPaper-rounded MuiPaper-elevation0 MuiAlert-root MuiAlert-colorInfo MuiAlert-standardInfo MuiAlert-standard css-5zts0j-MuiPaper-root-MuiAlert-root"[39m
              [33mrole[39m=[32m"alert"[39m
            [36m>[39m
              [36m<div[39m
                [33mclass[39m=[32m"MuiAlert-icon css-1ytlwq5-MuiAlert-icon"[39m
              [36m>[39m
                [36m<svg[39m
                  [33maria-hidden[39m=[32m"true"[39m
                  [33mclass[39m=[32m"MuiSvgIcon-root MuiSvgIcon-fontSizeInherit css-1vooibu-MuiSvgIcon-root"[39m
                  [33mdata-testid[39m=[32m"InfoOutlinedIcon"[39m
                  [33mfocusable[39m=[32m"false"[39m
                  [33mviewBox[39m=[32m"0 0 24 24"[39m
                [36m>[39m
                  [36m<path[39m
                    [33md[39m=[32m"M11,9H13V7H11M12,20C7.59,20 4,16.41 4,12C4,7.59 7.59,4 12,4C16.41,4 20,7.59 20, 12C20,16.41 16.41,20 12,20M12,2A10,10 0 0,0 2,12A10,10 0 0,0 12,22A10,10 0 0,0 22,12A10, 10 0 0,0 12,2M11,17H13V11H11V17Z"[39m
                  [36m/>[39m
                [36m</svg>[39m
              [36m</div>[39m
              [36m<div[39m
                [33mclass[39m=[32m"MuiAlert-message css-1pxa9xg-MuiAlert-message"[39m
              [36m>[39m
                [0mPagoPA S.p.A. mette a disposizione la piattaforma per la gestione delle adesioni. Non partecipa alla Convenzione e non è responsabile della sua esecuzione.[0m
              [36m</div>[39m
            [36m</div>[39m
          [36m</div>[39m
          [36m<div[39m
            [33mclass[39m=[32m"MuiPaper-root MuiPaper-elevation MuiPaper-rounded MuiPaper-elevation8 css-1tchchv-MuiPaper-root"[39m
          [36m>[39m
            [36m<div[39m
              [33mclass[39m=[32m"MuiGrid-root MuiGrid-container MuiGrid-item css-1f064cs-MuiGrid-root"[39m
            [36m>[39m
              [36m<div[39m
                [33mclass[39m=[32m"MuiGrid-root MuiGrid-item MuiGrid-grid-xs-12 css-11x2j5o-MuiGrid-root"[39m
              [36m>[39m
                [36m<div[39m
                  [33mclass[39m=[32m"MuiFormControl-root css-1nrlq1o-MuiFormControl-root"[39m
                [36m>[39m
                  [36m<div[39m
                    [33mclass[39m=[32m"MuiFormGroup-root MuiRadioGroup-root css-dmmspl-MuiFormGroup-root"[39m
                    [33mrole[39m=[32m"radiogroup"[39m
                  [36m/>[39m
                [36m</div>[39m
              [36m</div>[39m
            [36m</div>[39m
          [36m</div>[39m
          [36m<div[39m
            [33mclass[39m=[32m"MuiGrid-root MuiGrid-item MuiGrid-grid-xs-12 css-1hzi63y-MuiGrid-root"[39m
          [36m>[39m
            [36m<div[39m
              [33mclass[39m=[32m"MuiGrid-root MuiGrid-container MuiGrid-spacing-xs-2 css-7pgsh3-MuiGrid-root"[39m
            [36m>[39m
              [36m<div[39m
                [33mclass[39m=[32m"MuiGrid-root MuiGrid-item css-13i4rnv-MuiGrid-root"[39m
              [36m>[39m
                [36m<button[39m
                  [33maria-label[39m=[32m"Continua"[39m
                  [33mclass[39m=[32m"MuiButtonBase-root MuiButton-root MuiButton-contained MuiButton-containedPrimary MuiButton-sizeMedium MuiButton-containedSizeMedium MuiButton-colorPrimary Mui-disabled MuiButton-root MuiButton-contained MuiButton-containedPrimary MuiButton-sizeMedium MuiButton-containedSizeMedium MuiButton-colorPrimary css-1fu7jd5-MuiButtonBase-root-MuiButton-root"[39m
                  [33mdisabled[39m=[32m""[39m
                  [33mtabindex[39m=[32m"-1"[39m
                  [33mtype[39m=[32m"button"[39m
                [36m>[39m
                  [0mContinua[0m
                [36m</button>[39m
              [36m</div>[39m
            [36m</div>[39m
          [36m</div>[39m
        [36m</div>[39m
      [36m</div>[39m
    [36m</div>[39m
  [36m</body>[39m
[36m</html>[39m...
[90m [2m❯[22m waitForWrapper node_modules/@testing-library/dom/dist/wait-for.js:[2m163:27[22m[39m
[36m [2m❯[22m Module.executeStepInstitutionType src/views/onboardingProduct/__tests__/shared/stepHelpers.tsx:[2m119:11[22m[39m
    [90m117| [39m    screen[33m.[39m[34mgetByText[39m([36m/Indica il tipo di ente che aderirà a/[39m)[33m;[39m
    [90m118| [39m
    [90m119| [39m    [35mawait[39m [34mwaitFor[39m(() [33m=>[39m {
    [90m   | [39m          [31m^[39m
    [90m120| [39m      [34mfillInstitutionTypeCheckbox[39m(institutionType[33m,[39m productSelected)[33m;[39m
    [90m121| [39m
[90m [2m❯[22m src/views/onboardingProduct/__tests__/OnboardingProduct.general.test.tsx:[2m81:3[22m[39m

[31m[2m⎯⎯⎯⎯⎯⎯⎯⎯⎯⎯⎯⎯⎯⎯⎯⎯⎯⎯⎯⎯⎯⎯[13/58]⎯[22m[39m

[41m[1m FAIL [22m[49m src/views/onboardingProduct/__tests__/OnboardingProduct.general.test.tsx[2m > [22mTest: Exiting during flow with logout
[31m[1mTestingLibraryElementError[22m[39m: Unable to find an element with the text: Pubblica Amministrazione. This could be because the text is broken up by multiple elements. In this case, you can provide a function for your text matcher to make your matcher more flexible.

Ignored nodes: comments, script, style
[36m<body[39m
  [33mstyle[39m=[32m""[39m
[36m>[39m
  [36m<div>[39m
    [36m<button>[39m
      [0mLOGOUT[0m
    [36m</button>[39m
    [36m<div[39m
      [33mclass[39m=[32m"MuiContainer-root MuiContainer-maxWidthLg css-1oqqzyl-MuiContainer-root"[39m
    [36m>[39m
      [36m<div[39m
        [33mclass[39m=[32m"MuiGrid-root MuiGrid-container css-rm289v-MuiGrid-root"[39m
      [36m>[39m
        [36m<div[39m
          [33mclass[39m=[32m"MuiGrid-root MuiGrid-item MuiGrid-grid-xs-12 css-bj7xu4-MuiGrid-root"[39m
        [36m>[39m
          [36m<h3[39m
            [33mclass[39m=[32m"MuiTypography-root MuiTypography-h3 MuiTypography-alignCenter css-1ftkxk0-MuiTypography-root"[39m
          [36m>[39m
            [0mSeleziona il tipo di ente che [0m
            [36m<br />[39m
            [0m rappresenti[0m
          [36m</h3>[39m
        [36m</div>[39m
        [36m<div[39m
          [33mclass[39m=[32m"MuiGrid-root MuiGrid-item MuiGrid-grid-xs-12 css-bj7xu4-MuiGrid-root"[39m
        [36m>[39m
          [36m<p[39m
            [33mclass[39m=[32m"MuiTypography-root MuiTypography-body1 MuiTypography-alignCenter css-5v5l99-MuiTypography-root"[39m
          [36m>[39m
            [0mIndica il tipo di ente che aderirà a [0m
            [36m<strong />[39m
          [36m</p>[39m
        [36m</div>[39m
        [36m<div[39m
          [33mclass[39m=[32m"MuiGrid-root MuiGrid-item MuiGrid-grid-xs-12 css-bj7xu4-MuiGrid-root"[39m
        [36m>[39m
          [36m<div[39m
            [33mclass[39m=[32m"MuiPaper-root MuiPaper-elevation MuiPaper-rounded MuiPaper-elevation0 MuiAlert-root MuiAlert-colorInfo MuiAlert-standardInfo MuiAlert-standard css-5zts0j-MuiPaper-root-MuiAlert-root"[39m
            [33mrole[39m=[32m"alert"[39m
          [36m>[39m
            [36m<div[39m
              [33mclass[39m=[32m"MuiAlert-icon css-1ytlwq5-MuiAlert-icon"[39m
            [36m>[39m
              [36m<svg[39m
                [33maria-hidden[39m=[32m"true"[39m
                [33mclass[39m=[32m"MuiSvgIcon-root MuiSvgIcon-fontSizeInherit css-1vooibu-MuiSvgIcon-root"[39m
                [33mdata-testid[39m=[32m"InfoOutlinedIcon"[39m
                [33mfocusable[39m=[32m"false"[39m
                [33mviewBox[39m=[32m"0 0 24 24"[39m
              [36m>[39m
                [36m<path[39m
                  [33md[39m=[32m"M11,9H13V7H11M12,20C7.59,20 4,16.41 4,12C4,7.59 7.59,4 12,4C16.41,4 20,7.59 20, 12C20,16.41 16.41,20 12,20M12,2A10,10 0 0,0 2,12A10,10 0 0,0 12,22A10,10 0 0,0 22,12A10, 10 0 0,0 12,2M11,17H13V11H11V17Z"[39m
                [36m/>[39m
              [36m</svg>[39m
            [36m</div>[39m
            [36m<div[39m
              [33mclass[39m=[32m"MuiAlert-message css-1pxa9xg-MuiAlert-message"[39m
            [36m>[39m
              [0mPagoPA S.p.A. mette a disposizione la piattaforma per la gestione delle adesioni. Non partecipa alla Convenzione e non è responsabile della sua esecuzione.[0m
            [36m</div>[39m
          [36m</div>[39m
        [36m</div>[39m
        [36m<div[39m
          [33mclass[39m=[32m"MuiPaper-root MuiPaper-elevation MuiPaper-rounded MuiPaper-elevation8 css-1tchchv-MuiPaper-root"[39m
        [36m>[39m
          [36m<div[39m
            [33mclass[39m=[32m"MuiGrid-root MuiGrid-container MuiGrid-item css-1f064cs-MuiGrid-root"[39m
          [36m>[39m
            [36m<div[39m
              [33mclass[39m=[32m"MuiGrid-root MuiGrid-item MuiGrid-grid-xs-12 css-11x2j5o-MuiGrid-root"[39m
            [36m>[39m
              [36m<div[39m
                [33mclass[39m=[32m"MuiFormControl-root css-1nrlq1o-MuiFormControl-root"[39m
              [36m>[39m
                [36m<div[39m
                  [33mclass[39m=[32m"MuiFormGroup-root MuiRadioGroup-root css-dmmspl-MuiFormGroup-root"[39m
                  [33mrole[39m=[32m"radiogroup"[39m
                [36m/>[39m
              [36m</div>[39m
            [36m</div>[39m
          [36m</div>[39m
        [36m</div>[39m
        [36m<div[39m
          [33mclass[39m=[32m"MuiGrid-root MuiGrid-item MuiGrid-grid-xs-12 css-1hzi63y-MuiGrid-root"[39m
        [36m>[39m
          [36m<div[39m
            [33mclass[39m=[32m"MuiGrid-root MuiGrid-container MuiGrid-spacing-xs-2 css-7pgsh3-MuiGrid-root"[39m
          [36m>[39m
            [36m<div[39m
              [33mclass[39m=[32m"MuiGrid-root MuiGrid-item css-13i4rnv-MuiGrid-root"[39m
            [36m>[39m
              [36m<button[39m
                [33maria-label[39m=[32m"Continua"[39m
                [33mclass[39m=[32m"MuiButtonBase-root MuiButton-root MuiButton-contained MuiButton-containedPrimary MuiButton-sizeMedium MuiButton-containedSizeMedium MuiButton-colorPrimary Mui-disabled MuiButton-root MuiButton-contained MuiButton-containedPrimary MuiButton-sizeMedium MuiButton-containedSizeMedium MuiButton-colorPrimary css-1fu7jd5-MuiButtonBase-root-MuiButton-root"[39m
                [33mdisabled[39m=[32m""[39m
                [33mtabindex[39m=[32m"-1"[39m
                [33mtype[39m=[32m"button"[39m
              [36m>[39m
                [0mContinua[0m
              [36m</button>[39m
            [36m</div>[39m
          [36m</div>[39m
        [36m</div>[39m
      [36m</div>[39m
    [36m</div>[39m
  [36m</div>[39m
[36m</body>[39m

Ignored nodes: comments, script, style
[36m<html>[39m
  [36m<head />[39m
  [36m<body[39m
    [33mstyle[39m=[32m""[39m
  [36m>[39m
    [36m<div>[39m
      [36m<button>[39m
        [0mLOGOUT[0m
      [36m</button>[39m
      [36m<div[39m
        [33mclass[39m=[32m"MuiContainer-root MuiContainer-maxWidthLg css-1oqqzyl-MuiContainer-root"[39m
      [36m>[39m
        [36m<div[39m
          [33mclass[39m=[32m"MuiGrid-root MuiGrid-container css-rm289v-MuiGrid-root"[39m
        [36m>[39m
          [36m<div[39m
            [33mclass[39m=[32m"MuiGrid-root MuiGrid-item MuiGrid-grid-xs-12 css-bj7xu4-MuiGrid-root"[39m
          [36m>[39m
            [36m<h3[39m
              [33mclass[39m=[32m"MuiTypography-root MuiTypography-h3 MuiTypography-alignCenter css-1ftkxk0-MuiTypography-root"[39m
            [36m>[39m
              [0mSeleziona il tipo di ente che [0m
              [36m<br />[39m
              [0m rappresenti[0m
            [36m</h3>[39m
          [36m</div>[39m
          [36m<div[39m
            [33mclass[39m=[32m"MuiGrid-root MuiGrid-item MuiGrid-grid-xs-12 css-bj7xu4-MuiGrid-root"[39m
          [36m>[39m
            [36m<p[39m
              [33mclass[39m=[32m"MuiTypography-root MuiTypography-body1 MuiTypography-alignCenter css-5v5l99-MuiTypography-root"[39m
            [36m>[39m
              [0mIndica il tipo di ente che aderirà a [0m
              [36m<strong />[39m
            [36m</p>[39m
          [36m</div>[39m
          [36m<div[39m
            [33mclass[39m=[32m"MuiGrid-root MuiGrid-item MuiGrid-grid-xs-12 css-bj7xu4-MuiGrid-root"[39m
          [36m>[39m
            [36m<div[39m
              [33mclass[39m=[32m"MuiPaper-root MuiPaper-elevation MuiPaper-rounded MuiPaper-elevation0 MuiAlert-root MuiAlert-colorInfo MuiAlert-standardInfo MuiAlert-standard css-5zts0j-MuiPaper-root-MuiAlert-root"[39m
              [33mrole[39m=[32m"alert"[39m
            [36m>[39m
              [36m<div[39m
                [33mclass[39m=[32m"MuiAlert-icon css-1ytlwq5-MuiAlert-icon"[39m
              [36m>[39m
                [36m<svg[39m
                  [33maria-hidden[39m=[32m"true"[39m
                  [33mclass[39m=[32m"MuiSvgIcon-root MuiSvgIcon-fontSizeInherit css-1vooibu-MuiSvgIcon-root"[39m
                  [33mdata-testid[39m=[32m"InfoOutlinedIcon"[39m
                  [33mfocusable[39m=[32m"false"[39m
                  [33mviewBox[39m=[32m"0 0 24 24"[39m
                [36m>[39m
                  [36m<path[39m
                    [33md[39m=[32m"M11,9H13V7H11M12,20C7.59,20 4,16.41 4,12C4,7.59 7.59,4 12,4C16.41,4 20,7.59 20, 12C20,16.41 16.41,20 12,20M12,2A10,10 0 0,0 2,12A10,10 0 0,0 12,22A10,10 0 0,0 22,12A10, 10 0 0,0 12,2M11,17H13V11H11V17Z"[39m
                  [36m/>[39m
                [36m</svg>[39m
              [36m</div>[39m
              [36m<div[39m
                [33mclass[39m=[32m"MuiAlert-message css-1pxa9xg-MuiAlert-message"[39m
              [36m>[39m
                [0mPagoPA S.p.A. mette a disposizione la piattaforma per la gestione delle adesioni. Non partecipa alla Convenzione e non è responsabile della sua esecuzione.[0m
              [36m</div>[39m
            [36m</div>[39m
          [36m</div>[39m
          [36m<div[39m
            [33mclass[39m=[32m"MuiPaper-root MuiPaper-elevation MuiPaper-rounded MuiPaper-elevation8 css-1tchchv-MuiPaper-root"[39m
          [36m>[39m
            [36m<div[39m
              [33mclass[39m=[32m"MuiGrid-root MuiGrid-container MuiGrid-item css-1f064cs-MuiGrid-root"[39m
            [36m>[39m
              [36m<div[39m
                [33mclass[39m=[32m"MuiGrid-root MuiGrid-item MuiGrid-grid-xs-12 css-11x2j5o-MuiGrid-root"[39m
              [36m>[39m
                [36m<div[39m
                  [33mclass[39m=[32m"MuiFormControl-root css-1nrlq1o-MuiFormControl-root"[39m
                [36m>[39m
                  [36m<div[39m
                    [33mclass[39m=[32m"MuiFormGroup-root MuiRadioGroup-root css-dmmspl-MuiFormGroup-root"[39m
                    [33mrole[39m=[32m"radiogroup"[39m
                  [36m/>[39m
                [36m</div>[39m
              [36m</div>[39m
            [36m</div>[39m
          [36m</div>[39m
          [36m<div[39m
            [33mclass[39m=[32m"MuiGrid-root MuiGrid-item MuiGrid-grid-xs-12 css-1hzi63y-MuiGrid-root"[39m
          [36m>[39m
            [36m<div[39m
              [33mclass[39m=[32m"MuiGrid-root MuiGrid-container MuiGrid-spacing-xs-2 css-7pgsh3-MuiGrid-root"[39m
            [36m>[39m
              [36m<div[39m
                [33mclass[39m=[32m"MuiGrid-root MuiGrid-item css-13i4rnv-MuiGrid-root"[39m
              [36m>[39m
                [36m<button[39m
                  [33maria-label[39m=[32m"Continua"[39m
                  [33mclass[39m=[32m"MuiButtonBase-root MuiButton-root MuiButton-contained MuiButton-containedPrimary MuiButton-sizeMedium MuiButton-containedSizeMedium MuiButton-colorPrimary Mui-disabled MuiButton-root MuiButton-contained MuiButton-containedPrimary MuiButton-sizeMedium MuiButton-containedSizeMedium MuiButton-colorPrimary css-1fu7jd5-MuiButtonBase-root-MuiButton-root"[39m
                  [33mdisabled[39m=[32m""[39m
                  [33mtabindex[39m=[32m"-1"[39m
                  [33mtype[39m=[32m"button"[39m
                [36m>[39m
                  [0mContinua[0m
                [36m</button>[39m
              [36m</div>[39m
            [36m</div>[39m
          [36m</div>[39m
        [36m</div>[39m
      [36m</div>[39m
    [36m</div>[39m
  [36m</body>[39m
[36m</html>[39m...
[90m [2m❯[22m waitForWrapper node_modules/@testing-library/dom/dist/wait-for.js:[2m163:27[22m[39m
[36m [2m❯[22m Module.executeStepInstitutionType src/views/onboardingProduct/__tests__/shared/stepHelpers.tsx:[2m119:11[22m[39m
    [90m117| [39m    screen[33m.[39m[34mgetByText[39m([36m/Indica il tipo di ente che aderirà a/[39m)[33m;[39m
    [90m118| [39m
    [90m119| [39m    [35mawait[39m [34mwaitFor[39m(() [33m=>[39m {
    [90m   | [39m          [31m^[39m
    [90m120| [39m      [34mfillInstitutionTypeCheckbox[39m(institutionType[33m,[39m productSelected)[33m;[39m
    [90m121| [39m
[90m [2m❯[22m src/views/onboardingProduct/__tests__/OnboardingProduct.general.test.tsx:[2m100:3[22m[39m

[31m[2m⎯⎯⎯⎯⎯⎯⎯⎯⎯⎯⎯⎯⎯⎯⎯⎯⎯⎯⎯⎯⎯⎯[14/58]⎯[22m[39m

[41m[1m FAIL [22m[49m src/views/onboardingProduct/__tests__/OnboardingProduct.general.test.tsx[2m > [22mTest: Search trying to type invalid characters
[31m[1mTestingLibraryElementError[22m[39m: Unable to find an element with the text: Pubblica Amministrazione. This could be because the text is broken up by multiple elements. In this case, you can provide a function for your text matcher to make your matcher more flexible.

Ignored nodes: comments, script, style
[36m<body[39m
  [33mstyle[39m=[32m""[39m
[36m>[39m
  [36m<div>[39m
    [36m<button>[39m
      [0mLOGOUT[0m
    [36m</button>[39m
    [36m<div[39m
      [33mclass[39m=[32m"MuiContainer-root MuiContainer-maxWidthLg css-1oqqzyl-MuiContainer-root"[39m
    [36m>[39m
      [36m<div[39m
        [33mclass[39m=[32m"MuiGrid-root MuiGrid-container css-rm289v-MuiGrid-root"[39m
      [36m>[39m
        [36m<div[39m
          [33mclass[39m=[32m"MuiGrid-root MuiGrid-item MuiGrid-grid-xs-12 css-bj7xu4-MuiGrid-root"[39m
        [36m>[39m
          [36m<h3[39m
            [33mclass[39m=[32m"MuiTypography-root MuiTypography-h3 MuiTypography-alignCenter css-1ftkxk0-MuiTypography-root"[39m
          [36m>[39m
            [0mSeleziona il tipo di ente che [0m
            [36m<br />[39m
            [0m rappresenti[0m
          [36m</h3>[39m
        [36m</div>[39m
        [36m<div[39m
          [33mclass[39m=[32m"MuiGrid-root MuiGrid-item MuiGrid-grid-xs-12 css-bj7xu4-MuiGrid-root"[39m
        [36m>[39m
          [36m<p[39m
            [33mclass[39m=[32m"MuiTypography-root MuiTypography-body1 MuiTypography-alignCenter css-5v5l99-MuiTypography-root"[39m
          [36m>[39m
            [0mIndica il tipo di ente che aderirà a [0m
            [36m<strong />[39m
          [36m</p>[39m
        [36m</div>[39m
        [36m<div[39m
          [33mclass[39m=[32m"MuiGrid-root MuiGrid-item MuiGrid-grid-xs-12 css-bj7xu4-MuiGrid-root"[39m
        [36m>[39m
          [36m<div[39m
            [33mclass[39m=[32m"MuiPaper-root MuiPaper-elevation MuiPaper-rounded MuiPaper-elevation0 MuiAlert-root MuiAlert-colorInfo MuiAlert-standardInfo MuiAlert-standard css-5zts0j-MuiPaper-root-MuiAlert-root"[39m
            [33mrole[39m=[32m"alert"[39m
          [36m>[39m
            [36m<div[39m
              [33mclass[39m=[32m"MuiAlert-icon css-1ytlwq5-MuiAlert-icon"[39m
            [36m>[39m
              [36m<svg[39m
                [33maria-hidden[39m=[32m"true"[39m
                [33mclass[39m=[32m"MuiSvgIcon-root MuiSvgIcon-fontSizeInherit css-1vooibu-MuiSvgIcon-root"[39m
                [33mdata-testid[39m=[32m"InfoOutlinedIcon"[39m
                [33mfocusable[39m=[32m"false"[39m
                [33mviewBox[39m=[32m"0 0 24 24"[39m
              [36m>[39m
                [36m<path[39m
                  [33md[39m=[32m"M11,9H13V7H11M12,20C7.59,20 4,16.41 4,12C4,7.59 7.59,4 12,4C16.41,4 20,7.59 20, 12C20,16.41 16.41,20 12,20M12,2A10,10 0 0,0 2,12A10,10 0 0,0 12,22A10,10 0 0,0 22,12A10, 10 0 0,0 12,2M11,17H13V11H11V17Z"[39m
                [36m/>[39m
              [36m</svg>[39m
            [36m</div>[39m
            [36m<div[39m
              [33mclass[39m=[32m"MuiAlert-message css-1pxa9xg-MuiAlert-message"[39m
            [36m>[39m
              [0mPagoPA S.p.A. mette a disposizione la piattaforma per la gestione delle adesioni. Non partecipa alla Convenzione e non è responsabile della sua esecuzione.[0m
            [36m</div>[39m
          [36m</div>[39m
        [36m</div>[39m
        [36m<div[39m
          [33mclass[39m=[32m"MuiPaper-root MuiPaper-elevation MuiPaper-rounded MuiPaper-elevation8 css-1tchchv-MuiPaper-root"[39m
        [36m>[39m
          [36m<div[39m
            [33mclass[39m=[32m"MuiGrid-root MuiGrid-container MuiGrid-item css-1f064cs-MuiGrid-root"[39m
          [36m>[39m
            [36m<div[39m
              [33mclass[39m=[32m"MuiGrid-root MuiGrid-item MuiGrid-grid-xs-12 css-11x2j5o-MuiGrid-root"[39m
            [36m>[39m
              [36m<div[39m
                [33mclass[39m=[32m"MuiFormControl-root css-1nrlq1o-MuiFormControl-root"[39m
              [36m>[39m
                [36m<div[39m
                  [33mclass[39m=[32m"MuiFormGroup-root MuiRadioGroup-root css-dmmspl-MuiFormGroup-root"[39m
                  [33mrole[39m=[32m"radiogroup"[39m
                [36m/>[39m
              [36m</div>[39m
            [36m</div>[39m
          [36m</div>[39m
        [36m</div>[39m
        [36m<div[39m
          [33mclass[39m=[32m"MuiGrid-root MuiGrid-item MuiGrid-grid-xs-12 css-1hzi63y-MuiGrid-root"[39m
        [36m>[39m
          [36m<div[39m
            [33mclass[39m=[32m"MuiGrid-root MuiGrid-container MuiGrid-spacing-xs-2 css-7pgsh3-MuiGrid-root"[39m
          [36m>[39m
            [36m<div[39m
              [33mclass[39m=[32m"MuiGrid-root MuiGrid-item css-13i4rnv-MuiGrid-root"[39m
            [36m>[39m
              [36m<button[39m
                [33maria-label[39m=[32m"Continua"[39m
                [33mclass[39m=[32m"MuiButtonBase-root MuiButton-root MuiButton-contained MuiButton-containedPrimary MuiButton-sizeMedium MuiButton-containedSizeMedium MuiButton-colorPrimary Mui-disabled MuiButton-root MuiButton-contained MuiButton-containedPrimary MuiButton-sizeMedium MuiButton-containedSizeMedium MuiButton-colorPrimary css-1fu7jd5-MuiButtonBase-root-MuiButton-root"[39m
                [33mdisabled[39m=[32m""[39m
                [33mtabindex[39m=[32m"-1"[39m
                [33mtype[39m=[32m"button"[39m
              [36m>[39m
                [0mContinua[0m
              [36m</button>[39m
            [36m</div>[39m
          [36m</div>[39m
        [36m</div>[39m
      [36m</div>[39m
    [36m</div>[39m
  [36m</div>[39m
[36m</body>[39m

Ignored nodes: comments, script, style
[36m<html>[39m
  [36m<head />[39m
  [36m<body[39m
    [33mstyle[39m=[32m""[39m
  [36m>[39m
    [36m<div>[39m
      [36m<button>[39m
        [0mLOGOUT[0m
      [36m</button>[39m
      [36m<div[39m
        [33mclass[39m=[32m"MuiContainer-root MuiContainer-maxWidthLg css-1oqqzyl-MuiContainer-root"[39m
      [36m>[39m
        [36m<div[39m
          [33mclass[39m=[32m"MuiGrid-root MuiGrid-container css-rm289v-MuiGrid-root"[39m
        [36m>[39m
          [36m<div[39m
            [33mclass[39m=[32m"MuiGrid-root MuiGrid-item MuiGrid-grid-xs-12 css-bj7xu4-MuiGrid-root"[39m
          [36m>[39m
            [36m<h3[39m
              [33mclass[39m=[32m"MuiTypography-root MuiTypography-h3 MuiTypography-alignCenter css-1ftkxk0-MuiTypography-root"[39m
            [36m>[39m
              [0mSeleziona il tipo di ente che [0m
              [36m<br />[39m
              [0m rappresenti[0m
            [36m</h3>[39m
          [36m</div>[39m
          [36m<div[39m
            [33mclass[39m=[32m"MuiGrid-root MuiGrid-item MuiGrid-grid-xs-12 css-bj7xu4-MuiGrid-root"[39m
          [36m>[39m
            [36m<p[39m
              [33mclass[39m=[32m"MuiTypography-root MuiTypography-body1 MuiTypography-alignCenter css-5v5l99-MuiTypography-root"[39m
            [36m>[39m
              [0mIndica il tipo di ente che aderirà a [0m
              [36m<strong />[39m
            [36m</p>[39m
          [36m</div>[39m
          [36m<div[39m
            [33mclass[39m=[32m"MuiGrid-root MuiGrid-item MuiGrid-grid-xs-12 css-bj7xu4-MuiGrid-root"[39m
          [36m>[39m
            [36m<div[39m
              [33mclass[39m=[32m"MuiPaper-root MuiPaper-elevation MuiPaper-rounded MuiPaper-elevation0 MuiAlert-root MuiAlert-colorInfo MuiAlert-standardInfo MuiAlert-standard css-5zts0j-MuiPaper-root-MuiAlert-root"[39m
              [33mrole[39m=[32m"alert"[39m
            [36m>[39m
              [36m<div[39m
                [33mclass[39m=[32m"MuiAlert-icon css-1ytlwq5-MuiAlert-icon"[39m
              [36m>[39m
                [36m<svg[39m
                  [33maria-hidden[39m=[32m"true"[39m
                  [33mclass[39m=[32m"MuiSvgIcon-root MuiSvgIcon-fontSizeInherit css-1vooibu-MuiSvgIcon-root"[39m
                  [33mdata-testid[39m=[32m"InfoOutlinedIcon"[39m
                  [33mfocusable[39m=[32m"false"[39m
                  [33mviewBox[39m=[32m"0 0 24 24"[39m
                [36m>[39m
                  [36m<path[39m
                    [33md[39m=[32m"M11,9H13V7H11M12,20C7.59,20 4,16.41 4,12C4,7.59 7.59,4 12,4C16.41,4 20,7.59 20, 12C20,16.41 16.41,20 12,20M12,2A10,10 0 0,0 2,12A10,10 0 0,0 12,22A10,10 0 0,0 22,12A10, 10 0 0,0 12,2M11,17H13V11H11V17Z"[39m
                  [36m/>[39m
                [36m</svg>[39m
              [36m</div>[39m
              [36m<div[39m
                [33mclass[39m=[32m"MuiAlert-message css-1pxa9xg-MuiAlert-message"[39m
              [36m>[39m
                [0mPagoPA S.p.A. mette a disposizione la piattaforma per la gestione delle adesioni. Non partecipa alla Convenzione e non è responsabile della sua esecuzione.[0m
              [36m</div>[39m
            [36m</div>[39m
          [36m</div>[39m
          [36m<div[39m
            [33mclass[39m=[32m"MuiPaper-root MuiPaper-elevation MuiPaper-rounded MuiPaper-elevation8 css-1tchchv-MuiPaper-root"[39m
          [36m>[39m
            [36m<div[39m
              [33mclass[39m=[32m"MuiGrid-root MuiGrid-container MuiGrid-item css-1f064cs-MuiGrid-root"[39m
            [36m>[39m
              [36m<div[39m
                [33mclass[39m=[32m"MuiGrid-root MuiGrid-item MuiGrid-grid-xs-12 css-11x2j5o-MuiGrid-root"[39m
              [36m>[39m
                [36m<div[39m
                  [33mclass[39m=[32m"MuiFormControl-root css-1nrlq1o-MuiFormControl-root"[39m
                [36m>[39m
                  [36m<div[39m
                    [33mclass[39m=[32m"MuiFormGroup-root MuiRadioGroup-root css-dmmspl-MuiFormGroup-root"[39m
                    [33mrole[39m=[32m"radiogroup"[39m
                  [36m/>[39m
                [36m</div>[39m
              [36m</div>[39m
            [36m</div>[39m
          [36m</div>[39m
          [36m<div[39m
            [33mclass[39m=[32m"MuiGrid-root MuiGrid-item MuiGrid-grid-xs-12 css-1hzi63y-MuiGrid-root"[39m
          [36m>[39m
            [36m<div[39m
              [33mclass[39m=[32m"MuiGrid-root MuiGrid-container MuiGrid-spacing-xs-2 css-7pgsh3-MuiGrid-root"[39m
            [36m>[39m
              [36m<div[39m
                [33mclass[39m=[32m"MuiGrid-root MuiGrid-item css-13i4rnv-MuiGrid-root"[39m
              [36m>[39m
                [36m<button[39m
                  [33maria-label[39m=[32m"Continua"[39m
                  [33mclass[39m=[32m"MuiButtonBase-root MuiButton-root MuiButton-contained MuiButton-containedPrimary MuiButton-sizeMedium MuiButton-containedSizeMedium MuiButton-colorPrimary Mui-disabled MuiButton-root MuiButton-contained MuiButton-containedPrimary MuiButton-sizeMedium MuiButton-containedSizeMedium MuiButton-colorPrimary css-1fu7jd5-MuiButtonBase-root-MuiButton-root"[39m
                  [33mdisabled[39m=[32m""[39m
                  [33mtabindex[39m=[32m"-1"[39m
                  [33mtype[39m=[32m"button"[39m
                [36m>[39m
                  [0mContinua[0m
                [36m</button>[39m
              [36m</div>[39m
            [36m</div>[39m
          [36m</div>[39m
        [36m</div>[39m
      [36m</div>[39m
    [36m</div>[39m
  [36m</body>[39m
[36m</html>[39m...
[90m [2m❯[22m waitForWrapper node_modules/@testing-library/dom/dist/wait-for.js:[2m163:27[22m[39m
[36m [2m❯[22m Module.executeStepInstitutionType src/views/onboardingProduct/__tests__/shared/stepHelpers.tsx:[2m119:11[22m[39m
    [90m117| [39m    screen[33m.[39m[34mgetByText[39m([36m/Indica il tipo di ente che aderirà a/[39m)[33m;[39m
    [90m118| [39m
    [90m119| [39m    [35mawait[39m [34mwaitFor[39m(() [33m=>[39m {
    [90m   | [39m          [31m^[39m
    [90m120| [39m      [34mfillInstitutionTypeCheckbox[39m(institutionType[33m,[39m productSelected)[33m;[39m
    [90m121| [39m
[90m [2m❯[22m src/views/onboardingProduct/__tests__/OnboardingProduct.general.test.tsx:[2m126:3[22m[39m

[31m[2m⎯⎯⎯⎯⎯⎯⎯⎯⎯⎯⎯⎯⎯⎯⎯⎯⎯⎯⎯⎯⎯⎯[15/58]⎯[22m[39m

[41m[1m FAIL [22m[49m src/views/onboardingProduct/__tests__/OnboardingProduct.general.test.tsx[2m > [22mTest: RecipientCode input client validation
[31m[1mTestingLibraryElementError[22m[39m: Unable to find an element with the text: Pubblica Amministrazione. This could be because the text is broken up by multiple elements. In this case, you can provide a function for your text matcher to make your matcher more flexible.

Ignored nodes: comments, script, style
[36m<body[39m
  [33mstyle[39m=[32m""[39m
[36m>[39m
  [36m<div>[39m
    [36m<button>[39m
      [0mLOGOUT[0m
    [36m</button>[39m
    [36m<div[39m
      [33mclass[39m=[32m"MuiContainer-root MuiContainer-maxWidthLg css-1oqqzyl-MuiContainer-root"[39m
    [36m>[39m
      [36m<div[39m
        [33mclass[39m=[32m"MuiGrid-root MuiGrid-container css-rm289v-MuiGrid-root"[39m
      [36m>[39m
        [36m<div[39m
          [33mclass[39m=[32m"MuiGrid-root MuiGrid-item MuiGrid-grid-xs-12 css-bj7xu4-MuiGrid-root"[39m
        [36m>[39m
          [36m<h3[39m
            [33mclass[39m=[32m"MuiTypography-root MuiTypography-h3 MuiTypography-alignCenter css-1ftkxk0-MuiTypography-root"[39m
          [36m>[39m
            [0mSeleziona il tipo di ente che [0m
            [36m<br />[39m
            [0m rappresenti[0m
          [36m</h3>[39m
        [36m</div>[39m
        [36m<div[39m
          [33mclass[39m=[32m"MuiGrid-root MuiGrid-item MuiGrid-grid-xs-12 css-bj7xu4-MuiGrid-root"[39m
        [36m>[39m
          [36m<p[39m
            [33mclass[39m=[32m"MuiTypography-root MuiTypography-body1 MuiTypography-alignCenter css-5v5l99-MuiTypography-root"[39m
          [36m>[39m
            [0mIndica il tipo di ente che aderirà a [0m
            [36m<strong />[39m
          [36m</p>[39m
        [36m</div>[39m
        [36m<div[39m
          [33mclass[39m=[32m"MuiGrid-root MuiGrid-item MuiGrid-grid-xs-12 css-bj7xu4-MuiGrid-root"[39m
        [36m>[39m
          [36m<div[39m
            [33mclass[39m=[32m"MuiPaper-root MuiPaper-elevation MuiPaper-rounded MuiPaper-elevation0 MuiAlert-root MuiAlert-colorInfo MuiAlert-standardInfo MuiAlert-standard css-5zts0j-MuiPaper-root-MuiAlert-root"[39m
            [33mrole[39m=[32m"alert"[39m
          [36m>[39m
            [36m<div[39m
              [33mclass[39m=[32m"MuiAlert-icon css-1ytlwq5-MuiAlert-icon"[39m
            [36m>[39m
              [36m<svg[39m
                [33maria-hidden[39m=[32m"true"[39m
                [33mclass[39m=[32m"MuiSvgIcon-root MuiSvgIcon-fontSizeInherit css-1vooibu-MuiSvgIcon-root"[39m
                [33mdata-testid[39m=[32m"InfoOutlinedIcon"[39m
                [33mfocusable[39m=[32m"false"[39m
                [33mviewBox[39m=[32m"0 0 24 24"[39m
              [36m>[39m
                [36m<path[39m
                  [33md[39m=[32m"M11,9H13V7H11M12,20C7.59,20 4,16.41 4,12C4,7.59 7.59,4 12,4C16.41,4 20,7.59 20, 12C20,16.41 16.41,20 12,20M12,2A10,10 0 0,0 2,12A10,10 0 0,0 12,22A10,10 0 0,0 22,12A10, 10 0 0,0 12,2M11,17H13V11H11V17Z"[39m
                [36m/>[39m
              [36m</svg>[39m
            [36m</div>[39m
            [36m<div[39m
              [33mclass[39m=[32m"MuiAlert-message css-1pxa9xg-MuiAlert-message"[39m
            [36m>[39m
              [0mPagoPA S.p.A. mette a disposizione la piattaforma per la gestione delle adesioni. Non partecipa alla Convenzione e non è responsabile della sua esecuzione.[0m
            [36m</div>[39m
          [36m</div>[39m
        [36m</div>[39m
        [36m<div[39m
          [33mclass[39m=[32m"MuiPaper-root MuiPaper-elevation MuiPaper-rounded MuiPaper-elevation8 css-1tchchv-MuiPaper-root"[39m
        [36m>[39m
          [36m<div[39m
            [33mclass[39m=[32m"MuiGrid-root MuiGrid-container MuiGrid-item css-1f064cs-MuiGrid-root"[39m
          [36m>[39m
            [36m<div[39m
              [33mclass[39m=[32m"MuiGrid-root MuiGrid-item MuiGrid-grid-xs-12 css-11x2j5o-MuiGrid-root"[39m
            [36m>[39m
              [36m<div[39m
                [33mclass[39m=[32m"MuiFormControl-root css-1nrlq1o-MuiFormControl-root"[39m
              [36m>[39m
                [36m<div[39m
                  [33mclass[39m=[32m"MuiFormGroup-root MuiRadioGroup-root css-dmmspl-MuiFormGroup-root"[39m
                  [33mrole[39m=[32m"radiogroup"[39m
                [36m/>[39m
              [36m</div>[39m
            [36m</div>[39m
          [36m</div>[39m
        [36m</div>[39m
        [36m<div[39m
          [33mclass[39m=[32m"MuiGrid-root MuiGrid-item MuiGrid-grid-xs-12 css-1hzi63y-MuiGrid-root"[39m
        [36m>[39m
          [36m<div[39m
            [33mclass[39m=[32m"MuiGrid-root MuiGrid-container MuiGrid-spacing-xs-2 css-7pgsh3-MuiGrid-root"[39m
          [36m>[39m
            [36m<div[39m
              [33mclass[39m=[32m"MuiGrid-root MuiGrid-item css-13i4rnv-MuiGrid-root"[39m
            [36m>[39m
              [36m<button[39m
                [33maria-label[39m=[32m"Continua"[39m
                [33mclass[39m=[32m"MuiButtonBase-root MuiButton-root MuiButton-contained MuiButton-containedPrimary MuiButton-sizeMedium MuiButton-containedSizeMedium MuiButton-colorPrimary Mui-disabled MuiButton-root MuiButton-contained MuiButton-containedPrimary MuiButton-sizeMedium MuiButton-containedSizeMedium MuiButton-colorPrimary css-1fu7jd5-MuiButtonBase-root-MuiButton-root"[39m
                [33mdisabled[39m=[32m""[39m
                [33mtabindex[39m=[32m"-1"[39m
                [33mtype[39m=[32m"button"[39m
              [36m>[39m
                [0mContinua[0m
              [36m</button>[39m
            [36m</div>[39m
          [36m</div>[39m
        [36m</div>[39m
      [36m</div>[39m
    [36m</div>[39m
  [36m</div>[39m
[36m</body>[39m

Ignored nodes: comments, script, style
[36m<html>[39m
  [36m<head />[39m
  [36m<body[39m
    [33mstyle[39m=[32m""[39m
  [36m>[39m
    [36m<div>[39m
      [36m<button>[39m
        [0mLOGOUT[0m
      [36m</button>[39m
      [36m<div[39m
        [33mclass[39m=[32m"MuiContainer-root MuiContainer-maxWidthLg css-1oqqzyl-MuiContainer-root"[39m
      [36m>[39m
        [36m<div[39m
          [33mclass[39m=[32m"MuiGrid-root MuiGrid-container css-rm289v-MuiGrid-root"[39m
        [36m>[39m
          [36m<div[39m
            [33mclass[39m=[32m"MuiGrid-root MuiGrid-item MuiGrid-grid-xs-12 css-bj7xu4-MuiGrid-root"[39m
          [36m>[39m
            [36m<h3[39m
              [33mclass[39m=[32m"MuiTypography-root MuiTypography-h3 MuiTypography-alignCenter css-1ftkxk0-MuiTypography-root"[39m
            [36m>[39m
              [0mSeleziona il tipo di ente che [0m
              [36m<br />[39m
              [0m rappresenti[0m
            [36m</h3>[39m
          [36m</div>[39m
          [36m<div[39m
            [33mclass[39m=[32m"MuiGrid-root MuiGrid-item MuiGrid-grid-xs-12 css-bj7xu4-MuiGrid-root"[39m
          [36m>[39m
            [36m<p[39m
              [33mclass[39m=[32m"MuiTypography-root MuiTypography-body1 MuiTypography-alignCenter css-5v5l99-MuiTypography-root"[39m
            [36m>[39m
              [0mIndica il tipo di ente che aderirà a [0m
              [36m<strong />[39m
            [36m</p>[39m
          [36m</div>[39m
          [36m<div[39m
            [33mclass[39m=[32m"MuiGrid-root MuiGrid-item MuiGrid-grid-xs-12 css-bj7xu4-MuiGrid-root"[39m
          [36m>[39m
            [36m<div[39m
              [33mclass[39m=[32m"MuiPaper-root MuiPaper-elevation MuiPaper-rounded MuiPaper-elevation0 MuiAlert-root MuiAlert-colorInfo MuiAlert-standardInfo MuiAlert-standard css-5zts0j-MuiPaper-root-MuiAlert-root"[39m
              [33mrole[39m=[32m"alert"[39m
            [36m>[39m
              [36m<div[39m
                [33mclass[39m=[32m"MuiAlert-icon css-1ytlwq5-MuiAlert-icon"[39m
              [36m>[39m
                [36m<svg[39m
                  [33maria-hidden[39m=[32m"true"[39m
                  [33mclass[39m=[32m"MuiSvgIcon-root MuiSvgIcon-fontSizeInherit css-1vooibu-MuiSvgIcon-root"[39m
                  [33mdata-testid[39m=[32m"InfoOutlinedIcon"[39m
                  [33mfocusable[39m=[32m"false"[39m
                  [33mviewBox[39m=[32m"0 0 24 24"[39m
                [36m>[39m
                  [36m<path[39m
                    [33md[39m=[32m"M11,9H13V7H11M12,20C7.59,20 4,16.41 4,12C4,7.59 7.59,4 12,4C16.41,4 20,7.59 20, 12C20,16.41 16.41,20 12,20M12,2A10,10 0 0,0 2,12A10,10 0 0,0 12,22A10,10 0 0,0 22,12A10, 10 0 0,0 12,2M11,17H13V11H11V17Z"[39m
                  [36m/>[39m
                [36m</svg>[39m
              [36m</div>[39m
              [36m<div[39m
                [33mclass[39m=[32m"MuiAlert-message css-1pxa9xg-MuiAlert-message"[39m
              [36m>[39m
                [0mPagoPA S.p.A. mette a disposizione la piattaforma per la gestione delle adesioni. Non partecipa alla Convenzione e non è responsabile della sua esecuzione.[0m
              [36m</div>[39m
            [36m</div>[39m
          [36m</div>[39m
          [36m<div[39m
            [33mclass[39m=[32m"MuiPaper-root MuiPaper-elevation MuiPaper-rounded MuiPaper-elevation8 css-1tchchv-MuiPaper-root"[39m
          [36m>[39m
            [36m<div[39m
              [33mclass[39m=[32m"MuiGrid-root MuiGrid-container MuiGrid-item css-1f064cs-MuiGrid-root"[39m
            [36m>[39m
              [36m<div[39m
                [33mclass[39m=[32m"MuiGrid-root MuiGrid-item MuiGrid-grid-xs-12 css-11x2j5o-MuiGrid-root"[39m
              [36m>[39m
                [36m<div[39m
                  [33mclass[39m=[32m"MuiFormControl-root css-1nrlq1o-MuiFormControl-root"[39m
                [36m>[39m
                  [36m<div[39m
                    [33mclass[39m=[32m"MuiFormGroup-root MuiRadioGroup-root css-dmmspl-MuiFormGroup-root"[39m
                    [33mrole[39m=[32m"radiogroup"[39m
                  [36m/>[39m
                [36m</div>[39m
              [36m</div>[39m
            [36m</div>[39m
          [36m</div>[39m
          [36m<div[39m
            [33mclass[39m=[32m"MuiGrid-root MuiGrid-item MuiGrid-grid-xs-12 css-1hzi63y-MuiGrid-root"[39m
          [36m>[39m
            [36m<div[39m
              [33mclass[39m=[32m"MuiGrid-root MuiGrid-container MuiGrid-spacing-xs-2 css-7pgsh3-MuiGrid-root"[39m
            [36m>[39m
              [36m<div[39m
                [33mclass[39m=[32m"MuiGrid-root MuiGrid-item css-13i4rnv-MuiGrid-root"[39m
              [36m>[39m
                [36m<button[39m
                  [33maria-label[39m=[32m"Continua"[39m
                  [33mclass[39m=[32m"MuiButtonBase-root MuiButton-root MuiButton-contained MuiButton-containedPrimary MuiButton-sizeMedium MuiButton-containedSizeMedium MuiButton-colorPrimary Mui-disabled MuiButton-root MuiButton-contained MuiButton-containedPrimary MuiButton-sizeMedium MuiButton-containedSizeMedium MuiButton-colorPrimary css-1fu7jd5-MuiButtonBase-root-MuiButton-root"[39m
                  [33mdisabled[39m=[32m""[39m
                  [33mtabindex[39m=[32m"-1"[39m
                  [33mtype[39m=[32m"button"[39m
                [36m>[39m
                  [0mContinua[0m
                [36m</button>[39m
              [36m</div>[39m
            [36m</div>[39m
          [36m</div>[39m
        [36m</div>[39m
      [36m</div>[39m
    [36m</div>[39m
  [36m</body>[39m
[36m</html>[39m...
[90m [2m❯[22m waitForWrapper node_modules/@testing-library/dom/dist/wait-for.js:[2m163:27[22m[39m
[36m [2m❯[22m Module.executeStepInstitutionType src/views/onboardingProduct/__tests__/shared/stepHelpers.tsx:[2m119:11[22m[39m
    [90m117| [39m    screen[33m.[39m[34mgetByText[39m([36m/Indica il tipo di ente che aderirà a/[39m)[33m;[39m
    [90m118| [39m
    [90m119| [39m    [35mawait[39m [34mwaitFor[39m(() [33m=>[39m {
    [90m   | [39m          [31m^[39m
    [90m120| [39m      [34mfillInstitutionTypeCheckbox[39m(institutionType[33m,[39m productSelected)[33m;[39m
    [90m121| [39m
[90m [2m❯[22m src/views/onboardingProduct/__tests__/OnboardingProduct.general.test.tsx:[2m137:3[22m[39m

[31m[2m⎯⎯⎯⎯⎯⎯⎯⎯⎯⎯⎯⎯⎯⎯⎯⎯⎯⎯⎯⎯⎯⎯[16/58]⎯[22m[39m

[41m[1m FAIL [22m[49m src/views/onboardingProduct/__tests__/OnboardingProduct.idpay-merchant.test.tsx[2m > [22mTest: Successfull complete onboarding request of PRV party for prod-idpay-merchant search by taxCode
[31m[1mTestingLibraryElementError[22m[39m: Unable to find an element with the text: Cerca il tuo ente. This could be because the text is broken up by multiple elements. In this case, you can provide a function for your text matcher to make your matcher more flexible.

Ignored nodes: comments, script, style
[36m<body[39m
  [33mstyle[39m=[32m""[39m
[36m>[39m
  [36m<div>[39m
    [36m<button>[39m
      [0mLOGOUT[0m
    [36m</button>[39m
    [36m<div[39m
      [33mclass[39m=[32m"MuiContainer-root MuiContainer-maxWidthLg css-1oqqzyl-MuiContainer-root"[39m
    [36m>[39m
      [36m<div[39m
        [33mclass[39m=[32m"MuiGrid-root MuiGrid-container css-rm289v-MuiGrid-root"[39m
      [36m>[39m
        [36m<div[39m
          [33mclass[39m=[32m"MuiGrid-root MuiGrid-item MuiGrid-grid-xs-12 css-bj7xu4-MuiGrid-root"[39m
        [36m>[39m
          [36m<h3[39m
            [33mclass[39m=[32m"MuiTypography-root MuiTypography-h3 MuiTypography-alignCenter css-1ftkxk0-MuiTypography-root"[39m
          [36m>[39m
            [0mSeleziona il tipo di ente che [0m
            [36m<br />[39m
            [0m rappresenti[0m
          [36m</h3>[39m
        [36m</div>[39m
        [36m<div[39m
          [33mclass[39m=[32m"MuiGrid-root MuiGrid-item MuiGrid-grid-xs-12 css-bj7xu4-MuiGrid-root"[39m
        [36m>[39m
          [36m<p[39m
            [33mclass[39m=[32m"MuiTypography-root MuiTypography-body1 MuiTypography-alignCenter css-5v5l99-MuiTypography-root"[39m
          [36m>[39m
            [0mIndica il tipo di ente che aderirà a [0m
            [36m<strong />[39m
          [36m</p>[39m
        [36m</div>[39m
        [36m<div[39m
          [33mclass[39m=[32m"MuiGrid-root MuiGrid-item MuiGrid-grid-xs-12 css-bj7xu4-MuiGrid-root"[39m
        [36m>[39m
          [36m<div[39m
            [33mclass[39m=[32m"MuiPaper-root MuiPaper-elevation MuiPaper-rounded MuiPaper-elevation0 MuiAlert-root MuiAlert-colorInfo MuiAlert-standardInfo MuiAlert-standard css-5zts0j-MuiPaper-root-MuiAlert-root"[39m
            [33mrole[39m=[32m"alert"[39m
          [36m>[39m
            [36m<div[39m
              [33mclass[39m=[32m"MuiAlert-icon css-1ytlwq5-MuiAlert-icon"[39m
            [36m>[39m
              [36m<svg[39m
                [33maria-hidden[39m=[32m"true"[39m
                [33mclass[39m=[32m"MuiSvgIcon-root MuiSvgIcon-fontSizeInherit css-1vooibu-MuiSvgIcon-root"[39m
                [33mdata-testid[39m=[32m"InfoOutlinedIcon"[39m
                [33mfocusable[39m=[32m"false"[39m
                [33mviewBox[39m=[32m"0 0 24 24"[39m
              [36m>[39m
                [36m<path[39m
                  [33md[39m=[32m"M11,9H13V7H11M12,20C7.59,20 4,16.41 4,12C4,7.59 7.59,4 12,4C16.41,4 20,7.59 20, 12C20,16.41 16.41,20 12,20M12,2A10,10 0 0,0 2,12A10,10 0 0,0 12,22A10,10 0 0,0 22,12A10, 10 0 0,0 12,2M11,17H13V11H11V17Z"[39m
                [36m/>[39m
              [36m</svg>[39m
            [36m</div>[39m
            [36m<div[39m
              [33mclass[39m=[32m"MuiAlert-message css-1pxa9xg-MuiAlert-message"[39m
            [36m>[39m
              [0mPagoPA S.p.A. mette a disposizione la piattaforma per la gestione delle adesioni. Non partecipa alla Convenzione e non è responsabile della sua esecuzione.[0m
            [36m</div>[39m
          [36m</div>[39m
        [36m</div>[39m
        [36m<div[39m
          [33mclass[39m=[32m"MuiPaper-root MuiPaper-elevation MuiPaper-rounded MuiPaper-elevation8 css-1tchchv-MuiPaper-root"[39m
        [36m>[39m
          [36m<div[39m
            [33mclass[39m=[32m"MuiGrid-root MuiGrid-container MuiGrid-item css-1f064cs-MuiGrid-root"[39m
          [36m>[39m
            [36m<div[39m
              [33mclass[39m=[32m"MuiGrid-root MuiGrid-item MuiGrid-grid-xs-12 css-11x2j5o-MuiGrid-root"[39m
            [36m>[39m
              [36m<div[39m
                [33mclass[39m=[32m"MuiFormControl-root css-1nrlq1o-MuiFormControl-root"[39m
              [36m>[39m
                [36m<div[39m
                  [33mclass[39m=[32m"MuiFormGroup-root MuiRadioGroup-root css-dmmspl-MuiFormGroup-root"[39m
                  [33mrole[39m=[32m"radiogroup"[39m
                [36m/>[39m
              [36m</div>[39m
            [36m</div>[39m
          [36m</div>[39m
        [36m</div>[39m
        [36m<div[39m
          [33mclass[39m=[32m"MuiGrid-root MuiGrid-item MuiGrid-grid-xs-12 css-1hzi63y-MuiGrid-root"[39m
        [36m>[39m
          [36m<div[39m
            [33mclass[39m=[32m"MuiGrid-root MuiGrid-container MuiGrid-spacing-xs-2 css-7pgsh3-MuiGrid-root"[39m
          [36m>[39m
            [36m<div[39m
              [33mclass[39m=[32m"MuiGrid-root MuiGrid-item css-13i4rnv-MuiGrid-root"[39m
            [36m>[39m
              [36m<button[39m
                [33maria-label[39m=[32m"Continua"[39m
                [33mclass[39m=[32m"MuiButtonBase-root MuiButton-root MuiButton-contained MuiButton-containedPrimary MuiButton-sizeMedium MuiButton-containedSizeMedium MuiButton-colorPrimary Mui-disabled MuiButton-root MuiButton-contained MuiButton-containedPrimary MuiButton-sizeMedium MuiButton-containedSizeMedium MuiButton-colorPrimary css-1fu7jd5-MuiButtonBase-root-MuiButton-root"[39m
                [33mdisabled[39m=[32m""[39m
                [33mtabindex[39m=[32m"-1"[39m
                [33mtype[39m=[32m"button"[39m
              [36m>[39m
                [0mContinua[0m
              [36m</button>[39m
            [36m</div>[39m
          [36m</div>[39m
        [36m</div>[39m
      [36m</div>[39m
    [36m</div>[39m
  [36m</div>[39m
[36m</body>[39m

Ignored nodes: comments, script, style
[36m<html>[39m
  [36m<head />[39m
  [36m<body[39m
    [33mstyle[39m=[32m""[39m
  [36m>[39m
    [36m<div>[39m
      [36m<button>[39m
        [0mLOGOUT[0m
      [36m</button>[39m
      [36m<div[39m
        [33mclass[39m=[32m"MuiContainer-root MuiContainer-maxWidthLg css-1oqqzyl-MuiContainer-root"[39m
      [36m>[39m
        [36m<div[39m
          [33mclass[39m=[32m"MuiGrid-root MuiGrid-container css-rm289v-MuiGrid-root"[39m
        [36m>[39m
          [36m<div[39m
            [33mclass[39m=[32m"MuiGrid-root MuiGrid-item MuiGrid-grid-xs-12 css-bj7xu4-MuiGrid-root"[39m
          [36m>[39m
            [36m<h3[39m
              [33mclass[39m=[32m"MuiTypography-root MuiTypography-h3 MuiTypography-alignCenter css-1ftkxk0-MuiTypography-root"[39m
            [36m>[39m
              [0mSeleziona il tipo di ente che [0m
              [36m<br />[39m
              [0m rappresenti[0m
            [36m</h3>[39m
          [36m</div>[39m
          [36m<div[39m
            [33mclass[39m=[32m"MuiGrid-root MuiGrid-item MuiGrid-grid-xs-12 css-bj7xu4-MuiGrid-root"[39m
          [36m>[39m
            [36m<p[39m
              [33mclass[39m=[32m"MuiTypography-root MuiTypography-body1 MuiTypography-alignCenter css-5v5l99-MuiTypography-root"[39m
            [36m>[39m
              [0mIndica il tipo di ente che aderirà a [0m
              [36m<strong />[39m
            [36m</p>[39m
          [36m</div>[39m
          [36m<div[39m
            [33mclass[39m=[32m"MuiGrid-root MuiGrid-item MuiGrid-grid-xs-12 css-bj7xu4-MuiGrid-root"[39m
          [36m>[39m
            [36m<div[39m
              [33mclass[39m=[32m"MuiPaper-root MuiPaper-elevation MuiPaper-rounded MuiPaper-elevation0 MuiAlert-root MuiAlert-colorInfo MuiAlert-standardInfo MuiAlert-standard css-5zts0j-MuiPaper-root-MuiAlert-root"[39m
              [33mrole[39m=[32m"alert"[39m
            [36m>[39m
              [36m<div[39m
                [33mclass[39m=[32m"MuiAlert-icon css-1ytlwq5-MuiAlert-icon"[39m
              [36m>[39m
                [36m<svg[39m
                  [33maria-hidden[39m=[32m"true"[39m
                  [33mclass[39m=[32m"MuiSvgIcon-root MuiSvgIcon-fontSizeInherit css-1vooibu-MuiSvgIcon-root"[39m
                  [33mdata-testid[39m=[32m"InfoOutlinedIcon"[39m
                  [33mfocusable[39m=[32m"false"[39m
                  [33mviewBox[39m=[32m"0 0 24 24"[39m
                [36m>[39m
                  [36m<path[39m
                    [33md[39m=[32m"M11,9H13V7H11M12,20C7.59,20 4,16.41 4,12C4,7.59 7.59,4 12,4C16.41,4 20,7.59 20, 12C20,16.41 16.41,20 12,20M12,2A10,10 0 0,0 2,12A10,10 0 0,0 12,22A10,10 0 0,0 22,12A10, 10 0 0,0 12,2M11,17H13V11H11V17Z"[39m
                  [36m/>[39m
                [36m</svg>[39m
              [36m</div>[39m
              [36m<div[39m
                [33mclass[39m=[32m"MuiAlert-message css-1pxa9xg-MuiAlert-message"[39m
              [36m>[39m
                [0mPagoPA S.p.A. mette a disposizione la piattaforma per la gestione delle adesioni. Non partecipa alla Convenzione e non è responsabile della sua esecuzione.[0m
              [36m</div>[39m
            [36m</div>[39m
          [36m</div>[39m
          [36m<div[39m
            [33mclass[39m=[32m"MuiPaper-root MuiPaper-elevation MuiPaper-rounded MuiPaper-elevation8 css-1tchchv-MuiPaper-root"[39m
          [36m>[39m
            [36m<div[39m
              [33mclass[39m=[32m"MuiGrid-root MuiGrid-container MuiGrid-item css-1f064cs-MuiGrid-root"[39m
            [36m>[39m
              [36m<div[39m
                [33mclass[39m=[32m"MuiGrid-root MuiGrid-item MuiGrid-grid-xs-12 css-11x2j5o-MuiGrid-root"[39m
              [36m>[39m
                [36m<div[39m
                  [33mclass[39m=[32m"MuiFormControl-root css-1nrlq1o-MuiFormControl-root"[39m
                [36m>[39m
                  [36m<div[39m
                    [33mclass[39m=[32m"MuiFormGroup-root MuiRadioGroup-root css-dmmspl-MuiFormGroup-root"[39m
                    [33mrole[39m=[32m"radiogroup"[39m
                  [36m/>[39m
                [36m</div>[39m
              [36m</div>[39m
            [36m</div>[39m
          [36m</div>[39m
          [36m<div[39m
            [33mclass[39m=[32m"MuiGrid-root MuiGrid-item MuiGrid-grid-xs-12 css-1hzi63y-MuiGrid-root"[39m
          [36m>[39m
            [36m<div[39m
              [33mclass[39m=[32m"MuiGrid-root MuiGrid-container MuiGrid-spacing-xs-2 css-7pgsh3-MuiGrid-root"[39m
            [36m>[39m
              [36m<div[39m
                [33mclass[39m=[32m"MuiGrid-root MuiGrid-item css-13i4rnv-MuiGrid-root"[39m
              [36m>[39m
                [36m<button[39m
                  [33maria-label[39m=[32m"Continua"[39m
                  [33mclass[39m=[32m"MuiButtonBase-root MuiButton-root MuiButton-contained MuiButton-containedPrimary MuiButton-sizeMedium MuiButton-containedSizeMedium MuiButton-colorPrimary Mui-disabled MuiButton-root MuiButton-contained MuiButton-containedPrimary MuiButton-sizeMedium MuiButton-containedSizeMedium MuiButton-colorPrimary css-1fu7jd5-MuiButtonBase-root-MuiButton-root"[39m
                  [33mdisabled[39m=[32m""[39m
                  [33mtabindex[39m=[32m"-1"[39m
                  [33mtype[39m=[32m"button"[39m
                [36m>[39m
                  [0mContinua[0m
                [36m</button>[39m
              [36m</div>[39m
            [36m</div>[39m
          [36m</div>[39m
        [36m</div>[39m
      [36m</div>[39m
    [36m</div>[39m
  [36m</body>[39m
[36m</html>[39m...
[90m [2m❯[22m waitForWrapper node_modules/@testing-library/dom/dist/wait-for.js:[2m163:27[22m[39m
[36m [2m❯[22m Module.executeStepInstitutionType src/views/onboardingProduct/__tests__/shared/stepHelpers.tsx:[2m130:13[22m[39m
    [90m128| [39m  } [35melse[39m {
    [90m129| [39m    [35mif[39m (productSelected [33m===[39m [33mPRODUCT_IDS[39m[33m.[39m[33mIDPAY_MERCHANT[39m) {
    [90m130| [39m      await waitFor(() => screen.getByText('Cerca il tuo ente'), { tim…
    [90m   | [39m            [31m^[39m
    [90m131| [39m    } [35melse[39m {
    [90m132| [39m      [34mfillInstitutionTypeCheckbox[39m([32m'pa'[39m)[33m;[39m
[90m [2m❯[22m src/views/onboardingProduct/__tests__/OnboardingProduct.idpay-merchant.test.tsx:[2m40:9[22m[39m

[31m[2m⎯⎯⎯⎯⎯⎯⎯⎯⎯⎯⎯⎯⎯⎯⎯⎯⎯⎯⎯⎯⎯⎯[17/58]⎯[22m[39m

[41m[1m FAIL [22m[49m src/views/onboardingProduct/__tests__/OnboardingProduct.idpay-merchant.test.tsx[2m > [22mTest: Successfull complete onboarding request of PRV party for prod-idpay-merchant search by reaCode
[31m[1mTestingLibraryElementError[22m[39m: Unable to find an element with the text: Cerca il tuo ente. This could be because the text is broken up by multiple elements. In this case, you can provide a function for your text matcher to make your matcher more flexible.

Ignored nodes: comments, script, style
[36m<body[39m
  [33mstyle[39m=[32m""[39m
[36m>[39m
  [36m<div>[39m
    [36m<button>[39m
      [0mLOGOUT[0m
    [36m</button>[39m
    [36m<div[39m
      [33mclass[39m=[32m"MuiContainer-root MuiContainer-maxWidthLg css-1oqqzyl-MuiContainer-root"[39m
    [36m>[39m
      [36m<div[39m
        [33mclass[39m=[32m"MuiGrid-root MuiGrid-container css-rm289v-MuiGrid-root"[39m
      [36m>[39m
        [36m<div[39m
          [33mclass[39m=[32m"MuiGrid-root MuiGrid-item MuiGrid-grid-xs-12 css-bj7xu4-MuiGrid-root"[39m
        [36m>[39m
          [36m<h3[39m
            [33mclass[39m=[32m"MuiTypography-root MuiTypography-h3 MuiTypography-alignCenter css-1ftkxk0-MuiTypography-root"[39m
          [36m>[39m
            [0mSeleziona il tipo di ente che [0m
            [36m<br />[39m
            [0m rappresenti[0m
          [36m</h3>[39m
        [36m</div>[39m
        [36m<div[39m
          [33mclass[39m=[32m"MuiGrid-root MuiGrid-item MuiGrid-grid-xs-12 css-bj7xu4-MuiGrid-root"[39m
        [36m>[39m
          [36m<p[39m
            [33mclass[39m=[32m"MuiTypography-root MuiTypography-body1 MuiTypography-alignCenter css-5v5l99-MuiTypography-root"[39m
          [36m>[39m
            [0mIndica il tipo di ente che aderirà a [0m
            [36m<strong />[39m
          [36m</p>[39m
        [36m</div>[39m
        [36m<div[39m
          [33mclass[39m=[32m"MuiGrid-root MuiGrid-item MuiGrid-grid-xs-12 css-bj7xu4-MuiGrid-root"[39m
        [36m>[39m
          [36m<div[39m
            [33mclass[39m=[32m"MuiPaper-root MuiPaper-elevation MuiPaper-rounded MuiPaper-elevation0 MuiAlert-root MuiAlert-colorInfo MuiAlert-standardInfo MuiAlert-standard css-5zts0j-MuiPaper-root-MuiAlert-root"[39m
            [33mrole[39m=[32m"alert"[39m
          [36m>[39m
            [36m<div[39m
              [33mclass[39m=[32m"MuiAlert-icon css-1ytlwq5-MuiAlert-icon"[39m
            [36m>[39m
              [36m<svg[39m
                [33maria-hidden[39m=[32m"true"[39m
                [33mclass[39m=[32m"MuiSvgIcon-root MuiSvgIcon-fontSizeInherit css-1vooibu-MuiSvgIcon-root"[39m
                [33mdata-testid[39m=[32m"InfoOutlinedIcon"[39m
                [33mfocusable[39m=[32m"false"[39m
                [33mviewBox[39m=[32m"0 0 24 24"[39m
              [36m>[39m
                [36m<path[39m
                  [33md[39m=[32m"M11,9H13V7H11M12,20C7.59,20 4,16.41 4,12C4,7.59 7.59,4 12,4C16.41,4 20,7.59 20, 12C20,16.41 16.41,20 12,20M12,2A10,10 0 0,0 2,12A10,10 0 0,0 12,22A10,10 0 0,0 22,12A10, 10 0 0,0 12,2M11,17H13V11H11V17Z"[39m
                [36m/>[39m
              [36m</svg>[39m
            [36m</div>[39m
            [36m<div[39m
              [33mclass[39m=[32m"MuiAlert-message css-1pxa9xg-MuiAlert-message"[39m
            [36m>[39m
              [0mPagoPA S.p.A. mette a disposizione la piattaforma per la gestione delle adesioni. Non partecipa alla Convenzione e non è responsabile della sua esecuzione.[0m
            [36m</div>[39m
          [36m</div>[39m
        [36m</div>[39m
        [36m<div[39m
          [33mclass[39m=[32m"MuiPaper-root MuiPaper-elevation MuiPaper-rounded MuiPaper-elevation8 css-1tchchv-MuiPaper-root"[39m
        [36m>[39m
          [36m<div[39m
            [33mclass[39m=[32m"MuiGrid-root MuiGrid-container MuiGrid-item css-1f064cs-MuiGrid-root"[39m
          [36m>[39m
            [36m<div[39m
              [33mclass[39m=[32m"MuiGrid-root MuiGrid-item MuiGrid-grid-xs-12 css-11x2j5o-MuiGrid-root"[39m
            [36m>[39m
              [36m<div[39m
                [33mclass[39m=[32m"MuiFormControl-root css-1nrlq1o-MuiFormControl-root"[39m
              [36m>[39m
                [36m<div[39m
                  [33mclass[39m=[32m"MuiFormGroup-root MuiRadioGroup-root css-dmmspl-MuiFormGroup-root"[39m
                  [33mrole[39m=[32m"radiogroup"[39m
                [36m/>[39m
              [36m</div>[39m
            [36m</div>[39m
          [36m</div>[39m
        [36m</div>[39m
        [36m<div[39m
          [33mclass[39m=[32m"MuiGrid-root MuiGrid-item MuiGrid-grid-xs-12 css-1hzi63y-MuiGrid-root"[39m
        [36m>[39m
          [36m<div[39m
            [33mclass[39m=[32m"MuiGrid-root MuiGrid-container MuiGrid-spacing-xs-2 css-7pgsh3-MuiGrid-root"[39m
          [36m>[39m
            [36m<div[39m
              [33mclass[39m=[32m"MuiGrid-root MuiGrid-item css-13i4rnv-MuiGrid-root"[39m
            [36m>[39m
              [36m<button[39m
                [33maria-label[39m=[32m"Continua"[39m
                [33mclass[39m=[32m"MuiButtonBase-root MuiButton-root MuiButton-contained MuiButton-containedPrimary MuiButton-sizeMedium MuiButton-containedSizeMedium MuiButton-colorPrimary Mui-disabled MuiButton-root MuiButton-contained MuiButton-containedPrimary MuiButton-sizeMedium MuiButton-containedSizeMedium MuiButton-colorPrimary css-1fu7jd5-MuiButtonBase-root-MuiButton-root"[39m
                [33mdisabled[39m=[32m""[39m
                [33mtabindex[39m=[32m"-1"[39m
                [33mtype[39m=[32m"button"[39m
              [36m>[39m
                [0mContinua[0m
              [36m</button>[39m
            [36m</div>[39m
          [36m</div>[39m
        [36m</div>[39m
      [36m</div>[39m
    [36m</div>[39m
  [36m</div>[39m
[36m</body>[39m

Ignored nodes: comments, script, style
[36m<html>[39m
  [36m<head />[39m
  [36m<body[39m
    [33mstyle[39m=[32m""[39m
  [36m>[39m
    [36m<div>[39m
      [36m<button>[39m
        [0mLOGOUT[0m
      [36m</button>[39m
      [36m<div[39m
        [33mclass[39m=[32m"MuiContainer-root MuiContainer-maxWidthLg css-1oqqzyl-MuiContainer-root"[39m
      [36m>[39m
        [36m<div[39m
          [33mclass[39m=[32m"MuiGrid-root MuiGrid-container css-rm289v-MuiGrid-root"[39m
        [36m>[39m
          [36m<div[39m
            [33mclass[39m=[32m"MuiGrid-root MuiGrid-item MuiGrid-grid-xs-12 css-bj7xu4-MuiGrid-root"[39m
          [36m>[39m
            [36m<h3[39m
              [33mclass[39m=[32m"MuiTypography-root MuiTypography-h3 MuiTypography-alignCenter css-1ftkxk0-MuiTypography-root"[39m
            [36m>[39m
              [0mSeleziona il tipo di ente che [0m
              [36m<br />[39m
              [0m rappresenti[0m
            [36m</h3>[39m
          [36m</div>[39m
          [36m<div[39m
            [33mclass[39m=[32m"MuiGrid-root MuiGrid-item MuiGrid-grid-xs-12 css-bj7xu4-MuiGrid-root"[39m
          [36m>[39m
            [36m<p[39m
              [33mclass[39m=[32m"MuiTypography-root MuiTypography-body1 MuiTypography-alignCenter css-5v5l99-MuiTypography-root"[39m
            [36m>[39m
              [0mIndica il tipo di ente che aderirà a [0m
              [36m<strong />[39m
            [36m</p>[39m
          [36m</div>[39m
          [36m<div[39m
            [33mclass[39m=[32m"MuiGrid-root MuiGrid-item MuiGrid-grid-xs-12 css-bj7xu4-MuiGrid-root"[39m
          [36m>[39m
            [36m<div[39m
              [33mclass[39m=[32m"MuiPaper-root MuiPaper-elevation MuiPaper-rounded MuiPaper-elevation0 MuiAlert-root MuiAlert-colorInfo MuiAlert-standardInfo MuiAlert-standard css-5zts0j-MuiPaper-root-MuiAlert-root"[39m
              [33mrole[39m=[32m"alert"[39m
            [36m>[39m
              [36m<div[39m
                [33mclass[39m=[32m"MuiAlert-icon css-1ytlwq5-MuiAlert-icon"[39m
              [36m>[39m
                [36m<svg[39m
                  [33maria-hidden[39m=[32m"true"[39m
                  [33mclass[39m=[32m"MuiSvgIcon-root MuiSvgIcon-fontSizeInherit css-1vooibu-MuiSvgIcon-root"[39m
                  [33mdata-testid[39m=[32m"InfoOutlinedIcon"[39m
                  [33mfocusable[39m=[32m"false"[39m
                  [33mviewBox[39m=[32m"0 0 24 24"[39m
                [36m>[39m
                  [36m<path[39m
                    [33md[39m=[32m"M11,9H13V7H11M12,20C7.59,20 4,16.41 4,12C4,7.59 7.59,4 12,4C16.41,4 20,7.59 20, 12C20,16.41 16.41,20 12,20M12,2A10,10 0 0,0 2,12A10,10 0 0,0 12,22A10,10 0 0,0 22,12A10, 10 0 0,0 12,2M11,17H13V11H11V17Z"[39m
                  [36m/>[39m
                [36m</svg>[39m
              [36m</div>[39m
              [36m<div[39m
                [33mclass[39m=[32m"MuiAlert-message css-1pxa9xg-MuiAlert-message"[39m
              [36m>[39m
                [0mPagoPA S.p.A. mette a disposizione la piattaforma per la gestione delle adesioni. Non partecipa alla Convenzione e non è responsabile della sua esecuzione.[0m
              [36m</div>[39m
            [36m</div>[39m
          [36m</div>[39m
          [36m<div[39m
            [33mclass[39m=[32m"MuiPaper-root MuiPaper-elevation MuiPaper-rounded MuiPaper-elevation8 css-1tchchv-MuiPaper-root"[39m
          [36m>[39m
            [36m<div[39m
              [33mclass[39m=[32m"MuiGrid-root MuiGrid-container MuiGrid-item css-1f064cs-MuiGrid-root"[39m
            [36m>[39m
              [36m<div[39m
                [33mclass[39m=[32m"MuiGrid-root MuiGrid-item MuiGrid-grid-xs-12 css-11x2j5o-MuiGrid-root"[39m
              [36m>[39m
                [36m<div[39m
                  [33mclass[39m=[32m"MuiFormControl-root css-1nrlq1o-MuiFormControl-root"[39m
                [36m>[39m
                  [36m<div[39m
                    [33mclass[39m=[32m"MuiFormGroup-root MuiRadioGroup-root css-dmmspl-MuiFormGroup-root"[39m
                    [33mrole[39m=[32m"radiogroup"[39m
                  [36m/>[39m
                [36m</div>[39m
              [36m</div>[39m
            [36m</div>[39m
          [36m</div>[39m
          [36m<div[39m
            [33mclass[39m=[32m"MuiGrid-root MuiGrid-item MuiGrid-grid-xs-12 css-1hzi63y-MuiGrid-root"[39m
          [36m>[39m
            [36m<div[39m
              [33mclass[39m=[32m"MuiGrid-root MuiGrid-container MuiGrid-spacing-xs-2 css-7pgsh3-MuiGrid-root"[39m
            [36m>[39m
              [36m<div[39m
                [33mclass[39m=[32m"MuiGrid-root MuiGrid-item css-13i4rnv-MuiGrid-root"[39m
              [36m>[39m
                [36m<button[39m
                  [33maria-label[39m=[32m"Continua"[39m
                  [33mclass[39m=[32m"MuiButtonBase-root MuiButton-root MuiButton-contained MuiButton-containedPrimary MuiButton-sizeMedium MuiButton-containedSizeMedium MuiButton-colorPrimary Mui-disabled MuiButton-root MuiButton-contained MuiButton-containedPrimary MuiButton-sizeMedium MuiButton-containedSizeMedium MuiButton-colorPrimary css-1fu7jd5-MuiButtonBase-root-MuiButton-root"[39m
                  [33mdisabled[39m=[32m""[39m
                  [33mtabindex[39m=[32m"-1"[39m
                  [33mtype[39m=[32m"button"[39m
                [36m>[39m
                  [0mContinua[0m
                [36m</button>[39m
              [36m</div>[39m
            [36m</div>[39m
          [36m</div>[39m
        [36m</div>[39m
      [36m</div>[39m
    [36m</div>[39m
  [36m</body>[39m
[36m</html>[39m...
[90m [2m❯[22m waitForWrapper node_modules/@testing-library/dom/dist/wait-for.js:[2m163:27[22m[39m
[36m [2m❯[22m Module.executeStepInstitutionType src/views/onboardingProduct/__tests__/shared/stepHelpers.tsx:[2m130:13[22m[39m
    [90m128| [39m  } [35melse[39m {
    [90m129| [39m    [35mif[39m (productSelected [33m===[39m [33mPRODUCT_IDS[39m[33m.[39m[33mIDPAY_MERCHANT[39m) {
    [90m130| [39m      await waitFor(() => screen.getByText('Cerca il tuo ente'), { tim…
    [90m   | [39m            [31m^[39m
    [90m131| [39m    } [35melse[39m {
    [90m132| [39m      [34mfillInstitutionTypeCheckbox[39m([32m'pa'[39m)[33m;[39m
[90m [2m❯[22m src/views/onboardingProduct/__tests__/OnboardingProduct.idpay-merchant.test.tsx:[2m67:9[22m[39m

[31m[2m⎯⎯⎯⎯⎯⎯⎯⎯⎯⎯⎯⎯⎯⎯⎯⎯⎯⎯⎯⎯⎯⎯[18/58]⎯[22m[39m

[41m[1m FAIL [22m[49m src/views/onboardingProduct/__tests__/OnboardingProduct.idpay-merchant.test.tsx[2m > [22mTest: Successfull complete onboarding request of PRV_PF party for prod-idpay-merchant search by personalTaxCode
[31m[1mTestingLibraryElementError[22m[39m: Unable to find an element with the text: Cerca il tuo ente. This could be because the text is broken up by multiple elements. In this case, you can provide a function for your text matcher to make your matcher more flexible.

Ignored nodes: comments, script, style
[36m<body[39m
  [33mstyle[39m=[32m""[39m
[36m>[39m
  [36m<div>[39m
    [36m<button>[39m
      [0mLOGOUT[0m
    [36m</button>[39m
    [36m<div[39m
      [33mclass[39m=[32m"MuiContainer-root MuiContainer-maxWidthLg css-1oqqzyl-MuiContainer-root"[39m
    [36m>[39m
      [36m<div[39m
        [33mclass[39m=[32m"MuiGrid-root MuiGrid-container css-rm289v-MuiGrid-root"[39m
      [36m>[39m
        [36m<div[39m
          [33mclass[39m=[32m"MuiGrid-root MuiGrid-item MuiGrid-grid-xs-12 css-bj7xu4-MuiGrid-root"[39m
        [36m>[39m
          [36m<h3[39m
            [33mclass[39m=[32m"MuiTypography-root MuiTypography-h3 MuiTypography-alignCenter css-1ftkxk0-MuiTypography-root"[39m
          [36m>[39m
            [0mSeleziona il tipo di ente che [0m
            [36m<br />[39m
            [0m rappresenti[0m
          [36m</h3>[39m
        [36m</div>[39m
        [36m<div[39m
          [33mclass[39m=[32m"MuiGrid-root MuiGrid-item MuiGrid-grid-xs-12 css-bj7xu4-MuiGrid-root"[39m
        [36m>[39m
          [36m<p[39m
            [33mclass[39m=[32m"MuiTypography-root MuiTypography-body1 MuiTypography-alignCenter css-5v5l99-MuiTypography-root"[39m
          [36m>[39m
            [0mIndica il tipo di ente che aderirà a [0m
            [36m<strong />[39m
          [36m</p>[39m
        [36m</div>[39m
        [36m<div[39m
          [33mclass[39m=[32m"MuiGrid-root MuiGrid-item MuiGrid-grid-xs-12 css-bj7xu4-MuiGrid-root"[39m
        [36m>[39m
          [36m<div[39m
            [33mclass[39m=[32m"MuiPaper-root MuiPaper-elevation MuiPaper-rounded MuiPaper-elevation0 MuiAlert-root MuiAlert-colorInfo MuiAlert-standardInfo MuiAlert-standard css-5zts0j-MuiPaper-root-MuiAlert-root"[39m
            [33mrole[39m=[32m"alert"[39m
          [36m>[39m
            [36m<div[39m
              [33mclass[39m=[32m"MuiAlert-icon css-1ytlwq5-MuiAlert-icon"[39m
            [36m>[39m
              [36m<svg[39m
                [33maria-hidden[39m=[32m"true"[39m
                [33mclass[39m=[32m"MuiSvgIcon-root MuiSvgIcon-fontSizeInherit css-1vooibu-MuiSvgIcon-root"[39m
                [33mdata-testid[39m=[32m"InfoOutlinedIcon"[39m
                [33mfocusable[39m=[32m"false"[39m
                [33mviewBox[39m=[32m"0 0 24 24"[39m
              [36m>[39m
                [36m<path[39m
                  [33md[39m=[32m"M11,9H13V7H11M12,20C7.59,20 4,16.41 4,12C4,7.59 7.59,4 12,4C16.41,4 20,7.59 20, 12C20,16.41 16.41,20 12,20M12,2A10,10 0 0,0 2,12A10,10 0 0,0 12,22A10,10 0 0,0 22,12A10, 10 0 0,0 12,2M11,17H13V11H11V17Z"[39m
                [36m/>[39m
              [36m</svg>[39m
            [36m</div>[39m
            [36m<div[39m
              [33mclass[39m=[32m"MuiAlert-message css-1pxa9xg-MuiAlert-message"[39m
            [36m>[39m
              [0mPagoPA S.p.A. mette a disposizione la piattaforma per la gestione delle adesioni. Non partecipa alla Convenzione e non è responsabile della sua esecuzione.[0m
            [36m</div>[39m
          [36m</div>[39m
        [36m</div>[39m
        [36m<div[39m
          [33mclass[39m=[32m"MuiPaper-root MuiPaper-elevation MuiPaper-rounded MuiPaper-elevation8 css-1tchchv-MuiPaper-root"[39m
        [36m>[39m
          [36m<div[39m
            [33mclass[39m=[32m"MuiGrid-root MuiGrid-container MuiGrid-item css-1f064cs-MuiGrid-root"[39m
          [36m>[39m
            [36m<div[39m
              [33mclass[39m=[32m"MuiGrid-root MuiGrid-item MuiGrid-grid-xs-12 css-11x2j5o-MuiGrid-root"[39m
            [36m>[39m
              [36m<div[39m
                [33mclass[39m=[32m"MuiFormControl-root css-1nrlq1o-MuiFormControl-root"[39m
              [36m>[39m
                [36m<div[39m
                  [33mclass[39m=[32m"MuiFormGroup-root MuiRadioGroup-root css-dmmspl-MuiFormGroup-root"[39m
                  [33mrole[39m=[32m"radiogroup"[39m
                [36m/>[39m
              [36m</div>[39m
            [36m</div>[39m
          [36m</div>[39m
        [36m</div>[39m
        [36m<div[39m
          [33mclass[39m=[32m"MuiGrid-root MuiGrid-item MuiGrid-grid-xs-12 css-1hzi63y-MuiGrid-root"[39m
        [36m>[39m
          [36m<div[39m
            [33mclass[39m=[32m"MuiGrid-root MuiGrid-container MuiGrid-spacing-xs-2 css-7pgsh3-MuiGrid-root"[39m
          [36m>[39m
            [36m<div[39m
              [33mclass[39m=[32m"MuiGrid-root MuiGrid-item css-13i4rnv-MuiGrid-root"[39m
            [36m>[39m
              [36m<button[39m
                [33maria-label[39m=[32m"Continua"[39m
                [33mclass[39m=[32m"MuiButtonBase-root MuiButton-root MuiButton-contained MuiButton-containedPrimary MuiButton-sizeMedium MuiButton-containedSizeMedium MuiButton-colorPrimary Mui-disabled MuiButton-root MuiButton-contained MuiButton-containedPrimary MuiButton-sizeMedium MuiButton-containedSizeMedium MuiButton-colorPrimary css-1fu7jd5-MuiButtonBase-root-MuiButton-root"[39m
                [33mdisabled[39m=[32m""[39m
                [33mtabindex[39m=[32m"-1"[39m
                [33mtype[39m=[32m"button"[39m
              [36m>[39m
                [0mContinua[0m
              [36m</button>[39m
            [36m</div>[39m
          [36m</div>[39m
        [36m</div>[39m
      [36m</div>[39m
    [36m</div>[39m
  [36m</div>[39m
[36m</body>[39m

Ignored nodes: comments, script, style
[36m<html>[39m
  [36m<head />[39m
  [36m<body[39m
    [33mstyle[39m=[32m""[39m
  [36m>[39m
    [36m<div>[39m
      [36m<button>[39m
        [0mLOGOUT[0m
      [36m</button>[39m
      [36m<div[39m
        [33mclass[39m=[32m"MuiContainer-root MuiContainer-maxWidthLg css-1oqqzyl-MuiContainer-root"[39m
      [36m>[39m
        [36m<div[39m
          [33mclass[39m=[32m"MuiGrid-root MuiGrid-container css-rm289v-MuiGrid-root"[39m
        [36m>[39m
          [36m<div[39m
            [33mclass[39m=[32m"MuiGrid-root MuiGrid-item MuiGrid-grid-xs-12 css-bj7xu4-MuiGrid-root"[39m
          [36m>[39m
            [36m<h3[39m
              [33mclass[39m=[32m"MuiTypography-root MuiTypography-h3 MuiTypography-alignCenter css-1ftkxk0-MuiTypography-root"[39m
            [36m>[39m
              [0mSeleziona il tipo di ente che [0m
              [36m<br />[39m
              [0m rappresenti[0m
            [36m</h3>[39m
          [36m</div>[39m
          [36m<div[39m
            [33mclass[39m=[32m"MuiGrid-root MuiGrid-item MuiGrid-grid-xs-12 css-bj7xu4-MuiGrid-root"[39m
          [36m>[39m
            [36m<p[39m
              [33mclass[39m=[32m"MuiTypography-root MuiTypography-body1 MuiTypography-alignCenter css-5v5l99-MuiTypography-root"[39m
            [36m>[39m
              [0mIndica il tipo di ente che aderirà a [0m
              [36m<strong />[39m
            [36m</p>[39m
          [36m</div>[39m
          [36m<div[39m
            [33mclass[39m=[32m"MuiGrid-root MuiGrid-item MuiGrid-grid-xs-12 css-bj7xu4-MuiGrid-root"[39m
          [36m>[39m
            [36m<div[39m
              [33mclass[39m=[32m"MuiPaper-root MuiPaper-elevation MuiPaper-rounded MuiPaper-elevation0 MuiAlert-root MuiAlert-colorInfo MuiAlert-standardInfo MuiAlert-standard css-5zts0j-MuiPaper-root-MuiAlert-root"[39m
              [33mrole[39m=[32m"alert"[39m
            [36m>[39m
              [36m<div[39m
                [33mclass[39m=[32m"MuiAlert-icon css-1ytlwq5-MuiAlert-icon"[39m
              [36m>[39m
                [36m<svg[39m
                  [33maria-hidden[39m=[32m"true"[39m
                  [33mclass[39m=[32m"MuiSvgIcon-root MuiSvgIcon-fontSizeInherit css-1vooibu-MuiSvgIcon-root"[39m
                  [33mdata-testid[39m=[32m"InfoOutlinedIcon"[39m
                  [33mfocusable[39m=[32m"false"[39m
                  [33mviewBox[39m=[32m"0 0 24 24"[39m
                [36m>[39m
                  [36m<path[39m
                    [33md[39m=[32m"M11,9H13V7H11M12,20C7.59,20 4,16.41 4,12C4,7.59 7.59,4 12,4C16.41,4 20,7.59 20, 12C20,16.41 16.41,20 12,20M12,2A10,10 0 0,0 2,12A10,10 0 0,0 12,22A10,10 0 0,0 22,12A10, 10 0 0,0 12,2M11,17H13V11H11V17Z"[39m
                  [36m/>[39m
                [36m</svg>[39m
              [36m</div>[39m
              [36m<div[39m
                [33mclass[39m=[32m"MuiAlert-message css-1pxa9xg-MuiAlert-message"[39m
              [36m>[39m
                [0mPagoPA S.p.A. mette a disposizione la piattaforma per la gestione delle adesioni. Non partecipa alla Convenzione e non è responsabile della sua esecuzione.[0m
              [36m</div>[39m
            [36m</div>[39m
          [36m</div>[39m
          [36m<div[39m
            [33mclass[39m=[32m"MuiPaper-root MuiPaper-elevation MuiPaper-rounded MuiPaper-elevation8 css-1tchchv-MuiPaper-root"[39m
          [36m>[39m
            [36m<div[39m
              [33mclass[39m=[32m"MuiGrid-root MuiGrid-container MuiGrid-item css-1f064cs-MuiGrid-root"[39m
            [36m>[39m
              [36m<div[39m
                [33mclass[39m=[32m"MuiGrid-root MuiGrid-item MuiGrid-grid-xs-12 css-11x2j5o-MuiGrid-root"[39m
              [36m>[39m
                [36m<div[39m
                  [33mclass[39m=[32m"MuiFormControl-root css-1nrlq1o-MuiFormControl-root"[39m
                [36m>[39m
                  [36m<div[39m
                    [33mclass[39m=[32m"MuiFormGroup-root MuiRadioGroup-root css-dmmspl-MuiFormGroup-root"[39m
                    [33mrole[39m=[32m"radiogroup"[39m
                  [36m/>[39m
                [36m</div>[39m
              [36m</div>[39m
            [36m</div>[39m
          [36m</div>[39m
          [36m<div[39m
            [33mclass[39m=[32m"MuiGrid-root MuiGrid-item MuiGrid-grid-xs-12 css-1hzi63y-MuiGrid-root"[39m
          [36m>[39m
            [36m<div[39m
              [33mclass[39m=[32m"MuiGrid-root MuiGrid-container MuiGrid-spacing-xs-2 css-7pgsh3-MuiGrid-root"[39m
            [36m>[39m
              [36m<div[39m
                [33mclass[39m=[32m"MuiGrid-root MuiGrid-item css-13i4rnv-MuiGrid-root"[39m
              [36m>[39m
                [36m<button[39m
                  [33maria-label[39m=[32m"Continua"[39m
                  [33mclass[39m=[32m"MuiButtonBase-root MuiButton-root MuiButton-contained MuiButton-containedPrimary MuiButton-sizeMedium MuiButton-containedSizeMedium MuiButton-colorPrimary Mui-disabled MuiButton-root MuiButton-contained MuiButton-containedPrimary MuiButton-sizeMedium MuiButton-containedSizeMedium MuiButton-colorPrimary css-1fu7jd5-MuiButtonBase-root-MuiButton-root"[39m
                  [33mdisabled[39m=[32m""[39m
                  [33mtabindex[39m=[32m"-1"[39m
                  [33mtype[39m=[32m"button"[39m
                [36m>[39m
                  [0mContinua[0m
                [36m</button>[39m
              [36m</div>[39m
            [36m</div>[39m
          [36m</div>[39m
        [36m</div>[39m
      [36m</div>[39m
    [36m</div>[39m
  [36m</body>[39m
[36m</html>[39m...
[90m [2m❯[22m waitForWrapper node_modules/@testing-library/dom/dist/wait-for.js:[2m163:27[22m[39m
[36m [2m❯[22m Module.executeStepInstitutionType src/views/onboardingProduct/__tests__/shared/stepHelpers.tsx:[2m130:13[22m[39m
    [90m128| [39m  } [35melse[39m {
    [90m129| [39m    [35mif[39m (productSelected [33m===[39m [33mPRODUCT_IDS[39m[33m.[39m[33mIDPAY_MERCHANT[39m) {
    [90m130| [39m      await waitFor(() => screen.getByText('Cerca il tuo ente'), { tim…
    [90m   | [39m            [31m^[39m
    [90m131| [39m    } [35melse[39m {
    [90m132| [39m      [34mfillInstitutionTypeCheckbox[39m([32m'pa'[39m)[33m;[39m
[90m [2m❯[22m src/views/onboardingProduct/__tests__/OnboardingProduct.idpay-merchant.test.tsx:[2m96:9[22m[39m

[31m[2m⎯⎯⎯⎯⎯⎯⎯⎯⎯⎯⎯⎯⎯⎯⎯⎯⎯⎯⎯⎯⎯⎯[19/58]⎯[22m[39m

[41m[1m FAIL [22m[49m src/views/onboardingProduct/__tests__/OnboardingProduct.interop.test.tsx[2m > [22mTest: Successfull complete onboarding request of AOO party for product prod-interop
[31m[1mTestingLibraryElementError[22m[39m: Unable to find an element with the text: Pubblica Amministrazione. This could be because the text is broken up by multiple elements. In this case, you can provide a function for your text matcher to make your matcher more flexible.

Ignored nodes: comments, script, style
[36m<body[39m
  [33mstyle[39m=[32m""[39m
[36m>[39m
  [36m<div>[39m
    [36m<button>[39m
      [0mLOGOUT[0m
    [36m</button>[39m
    [36m<div[39m
      [33mclass[39m=[32m"MuiContainer-root MuiContainer-maxWidthLg css-1oqqzyl-MuiContainer-root"[39m
    [36m>[39m
      [36m<div[39m
        [33mclass[39m=[32m"MuiGrid-root MuiGrid-container css-rm289v-MuiGrid-root"[39m
      [36m>[39m
        [36m<div[39m
          [33mclass[39m=[32m"MuiGrid-root MuiGrid-item MuiGrid-grid-xs-12 css-bj7xu4-MuiGrid-root"[39m
        [36m>[39m
          [36m<h3[39m
            [33mclass[39m=[32m"MuiTypography-root MuiTypography-h3 MuiTypography-alignCenter css-1ftkxk0-MuiTypography-root"[39m
          [36m>[39m
            [0mSeleziona il tipo di ente che [0m
            [36m<br />[39m
            [0m rappresenti[0m
          [36m</h3>[39m
        [36m</div>[39m
        [36m<div[39m
          [33mclass[39m=[32m"MuiGrid-root MuiGrid-item MuiGrid-grid-xs-12 css-bj7xu4-MuiGrid-root"[39m
        [36m>[39m
          [36m<p[39m
            [33mclass[39m=[32m"MuiTypography-root MuiTypography-body1 MuiTypography-alignCenter css-5v5l99-MuiTypography-root"[39m
          [36m>[39m
            [0mIndica il tipo di ente che aderirà a [0m
            [36m<strong />[39m
          [36m</p>[39m
        [36m</div>[39m
        [36m<div[39m
          [33mclass[39m=[32m"MuiGrid-root MuiGrid-item MuiGrid-grid-xs-12 css-bj7xu4-MuiGrid-root"[39m
        [36m>[39m
          [36m<div[39m
            [33mclass[39m=[32m"MuiPaper-root MuiPaper-elevation MuiPaper-rounded MuiPaper-elevation0 MuiAlert-root MuiAlert-colorInfo MuiAlert-standardInfo MuiAlert-standard css-5zts0j-MuiPaper-root-MuiAlert-root"[39m
            [33mrole[39m=[32m"alert"[39m
          [36m>[39m
            [36m<div[39m
              [33mclass[39m=[32m"MuiAlert-icon css-1ytlwq5-MuiAlert-icon"[39m
            [36m>[39m
              [36m<svg[39m
                [33maria-hidden[39m=[32m"true"[39m
                [33mclass[39m=[32m"MuiSvgIcon-root MuiSvgIcon-fontSizeInherit css-1vooibu-MuiSvgIcon-root"[39m
                [33mdata-testid[39m=[32m"InfoOutlinedIcon"[39m
                [33mfocusable[39m=[32m"false"[39m
                [33mviewBox[39m=[32m"0 0 24 24"[39m
              [36m>[39m
                [36m<path[39m
                  [33md[39m=[32m"M11,9H13V7H11M12,20C7.59,20 4,16.41 4,12C4,7.59 7.59,4 12,4C16.41,4 20,7.59 20, 12C20,16.41 16.41,20 12,20M12,2A10,10 0 0,0 2,12A10,10 0 0,0 12,22A10,10 0 0,0 22,12A10, 10 0 0,0 12,2M11,17H13V11H11V17Z"[39m
                [36m/>[39m
              [36m</svg>[39m
            [36m</div>[39m
            [36m<div[39m
              [33mclass[39m=[32m"MuiAlert-message css-1pxa9xg-MuiAlert-message"[39m
            [36m>[39m
              [0mPagoPA S.p.A. mette a disposizione la piattaforma per la gestione delle adesioni. Non partecipa alla Convenzione e non è responsabile della sua esecuzione.[0m
            [36m</div>[39m
          [36m</div>[39m
        [36m</div>[39m
        [36m<div[39m
          [33mclass[39m=[32m"MuiPaper-root MuiPaper-elevation MuiPaper-rounded MuiPaper-elevation8 css-1tchchv-MuiPaper-root"[39m
        [36m>[39m
          [36m<div[39m
            [33mclass[39m=[32m"MuiGrid-root MuiGrid-container MuiGrid-item css-1f064cs-MuiGrid-root"[39m
          [36m>[39m
            [36m<div[39m
              [33mclass[39m=[32m"MuiGrid-root MuiGrid-item MuiGrid-grid-xs-12 css-11x2j5o-MuiGrid-root"[39m
            [36m>[39m
              [36m<div[39m
                [33mclass[39m=[32m"MuiFormControl-root css-1nrlq1o-MuiFormControl-root"[39m
              [36m>[39m
                [36m<div[39m
                  [33mclass[39m=[32m"MuiFormGroup-root MuiRadioGroup-root css-dmmspl-MuiFormGroup-root"[39m
                  [33mrole[39m=[32m"radiogroup"[39m
                [36m/>[39m
              [36m</div>[39m
            [36m</div>[39m
          [36m</div>[39m
        [36m</div>[39m
        [36m<div[39m
          [33mclass[39m=[32m"MuiGrid-root MuiGrid-item MuiGrid-grid-xs-12 css-1hzi63y-MuiGrid-root"[39m
        [36m>[39m
          [36m<div[39m
            [33mclass[39m=[32m"MuiGrid-root MuiGrid-container MuiGrid-spacing-xs-2 css-7pgsh3-MuiGrid-root"[39m
          [36m>[39m
            [36m<div[39m
              [33mclass[39m=[32m"MuiGrid-root MuiGrid-item css-13i4rnv-MuiGrid-root"[39m
            [36m>[39m
              [36m<button[39m
                [33maria-label[39m=[32m"Continua"[39m
                [33mclass[39m=[32m"MuiButtonBase-root MuiButton-root MuiButton-contained MuiButton-containedPrimary MuiButton-sizeMedium MuiButton-containedSizeMedium MuiButton-colorPrimary Mui-disabled MuiButton-root MuiButton-contained MuiButton-containedPrimary MuiButton-sizeMedium MuiButton-containedSizeMedium MuiButton-colorPrimary css-1fu7jd5-MuiButtonBase-root-MuiButton-root"[39m
                [33mdisabled[39m=[32m""[39m
                [33mtabindex[39m=[32m"-1"[39m
                [33mtype[39m=[32m"button"[39m
              [36m>[39m
                [0mContinua[0m
              [36m</button>[39m
            [36m</div>[39m
          [36m</div>[39m
        [36m</div>[39m
      [36m</div>[39m
    [36m</div>[39m
  [36m</div>[39m
[36m</body>[39m

Ignored nodes: comments, script, style
[36m<html>[39m
  [36m<head />[39m
  [36m<body[39m
    [33mstyle[39m=[32m""[39m
  [36m>[39m
    [36m<div>[39m
      [36m<button>[39m
        [0mLOGOUT[0m
      [36m</button>[39m
      [36m<div[39m
        [33mclass[39m=[32m"MuiContainer-root MuiContainer-maxWidthLg css-1oqqzyl-MuiContainer-root"[39m
      [36m>[39m
        [36m<div[39m
          [33mclass[39m=[32m"MuiGrid-root MuiGrid-container css-rm289v-MuiGrid-root"[39m
        [36m>[39m
          [36m<div[39m
            [33mclass[39m=[32m"MuiGrid-root MuiGrid-item MuiGrid-grid-xs-12 css-bj7xu4-MuiGrid-root"[39m
          [36m>[39m
            [36m<h3[39m
              [33mclass[39m=[32m"MuiTypography-root MuiTypography-h3 MuiTypography-alignCenter css-1ftkxk0-MuiTypography-root"[39m
            [36m>[39m
              [0mSeleziona il tipo di ente che [0m
              [36m<br />[39m
              [0m rappresenti[0m
            [36m</h3>[39m
          [36m</div>[39m
          [36m<div[39m
            [33mclass[39m=[32m"MuiGrid-root MuiGrid-item MuiGrid-grid-xs-12 css-bj7xu4-MuiGrid-root"[39m
          [36m>[39m
            [36m<p[39m
              [33mclass[39m=[32m"MuiTypography-root MuiTypography-body1 MuiTypography-alignCenter css-5v5l99-MuiTypography-root"[39m
            [36m>[39m
              [0mIndica il tipo di ente che aderirà a [0m
              [36m<strong />[39m
            [36m</p>[39m
          [36m</div>[39m
          [36m<div[39m
            [33mclass[39m=[32m"MuiGrid-root MuiGrid-item MuiGrid-grid-xs-12 css-bj7xu4-MuiGrid-root"[39m
          [36m>[39m
            [36m<div[39m
              [33mclass[39m=[32m"MuiPaper-root MuiPaper-elevation MuiPaper-rounded MuiPaper-elevation0 MuiAlert-root MuiAlert-colorInfo MuiAlert-standardInfo MuiAlert-standard css-5zts0j-MuiPaper-root-MuiAlert-root"[39m
              [33mrole[39m=[32m"alert"[39m
            [36m>[39m
              [36m<div[39m
                [33mclass[39m=[32m"MuiAlert-icon css-1ytlwq5-MuiAlert-icon"[39m
              [36m>[39m
                [36m<svg[39m
                  [33maria-hidden[39m=[32m"true"[39m
                  [33mclass[39m=[32m"MuiSvgIcon-root MuiSvgIcon-fontSizeInherit css-1vooibu-MuiSvgIcon-root"[39m
                  [33mdata-testid[39m=[32m"InfoOutlinedIcon"[39m
                  [33mfocusable[39m=[32m"false"[39m
                  [33mviewBox[39m=[32m"0 0 24 24"[39m
                [36m>[39m
                  [36m<path[39m
                    [33md[39m=[32m"M11,9H13V7H11M12,20C7.59,20 4,16.41 4,12C4,7.59 7.59,4 12,4C16.41,4 20,7.59 20, 12C20,16.41 16.41,20 12,20M12,2A10,10 0 0,0 2,12A10,10 0 0,0 12,22A10,10 0 0,0 22,12A10, 10 0 0,0 12,2M11,17H13V11H11V17Z"[39m
                  [36m/>[39m
                [36m</svg>[39m
              [36m</div>[39m
              [36m<div[39m
                [33mclass[39m=[32m"MuiAlert-message css-1pxa9xg-MuiAlert-message"[39m
              [36m>[39m
                [0mPagoPA S.p.A. mette a disposizione la piattaforma per la gestione delle adesioni. Non partecipa alla Convenzione e non è responsabile della sua esecuzione.[0m
              [36m</div>[39m
            [36m</div>[39m
          [36m</div>[39m
          [36m<div[39m
            [33mclass[39m=[32m"MuiPaper-root MuiPaper-elevation MuiPaper-rounded MuiPaper-elevation8 css-1tchchv-MuiPaper-root"[39m
          [36m>[39m
            [36m<div[39m
              [33mclass[39m=[32m"MuiGrid-root MuiGrid-container MuiGrid-item css-1f064cs-MuiGrid-root"[39m
            [36m>[39m
              [36m<div[39m
                [33mclass[39m=[32m"MuiGrid-root MuiGrid-item MuiGrid-grid-xs-12 css-11x2j5o-MuiGrid-root"[39m
              [36m>[39m
                [36m<div[39m
                  [33mclass[39m=[32m"MuiFormControl-root css-1nrlq1o-MuiFormControl-root"[39m
                [36m>[39m
                  [36m<div[39m
                    [33mclass[39m=[32m"MuiFormGroup-root MuiRadioGroup-root css-dmmspl-MuiFormGroup-root"[39m
                    [33mrole[39m=[32m"radiogroup"[39m
                  [36m/>[39m
                [36m</div>[39m
              [36m</div>[39m
            [36m</div>[39m
          [36m</div>[39m
          [36m<div[39m
            [33mclass[39m=[32m"MuiGrid-root MuiGrid-item MuiGrid-grid-xs-12 css-1hzi63y-MuiGrid-root"[39m
          [36m>[39m
            [36m<div[39m
              [33mclass[39m=[32m"MuiGrid-root MuiGrid-container MuiGrid-spacing-xs-2 css-7pgsh3-MuiGrid-root"[39m
            [36m>[39m
              [36m<div[39m
                [33mclass[39m=[32m"MuiGrid-root MuiGrid-item css-13i4rnv-MuiGrid-root"[39m
              [36m>[39m
                [36m<button[39m
                  [33maria-label[39m=[32m"Continua"[39m
                  [33mclass[39m=[32m"MuiButtonBase-root MuiButton-root MuiButton-contained MuiButton-containedPrimary MuiButton-sizeMedium MuiButton-containedSizeMedium MuiButton-colorPrimary Mui-disabled MuiButton-root MuiButton-contained MuiButton-containedPrimary MuiButton-sizeMedium MuiButton-containedSizeMedium MuiButton-colorPrimary css-1fu7jd5-MuiButtonBase-root-MuiButton-root"[39m
                  [33mdisabled[39m=[32m""[39m
                  [33mtabindex[39m=[32m"-1"[39m
                  [33mtype[39m=[32m"button"[39m
                [36m>[39m
                  [0mContinua[0m
                [36m</button>[39m
              [36m</div>[39m
            [36m</div>[39m
          [36m</div>[39m
        [36m</div>[39m
      [36m</div>[39m
    [36m</div>[39m
  [36m</body>[39m
[36m</html>[39m...
[90m [2m❯[22m waitForWrapper node_modules/@testing-library/dom/dist/wait-for.js:[2m163:27[22m[39m
[36m [2m❯[22m Module.executeStepInstitutionType src/views/onboardingProduct/__tests__/shared/stepHelpers.tsx:[2m119:11[22m[39m
    [90m117| [39m    screen[33m.[39m[34mgetByText[39m([36m/Indica il tipo di ente che aderirà a/[39m)[33m;[39m
    [90m118| [39m
    [90m119| [39m    [35mawait[39m [34mwaitFor[39m(() [33m=>[39m {
    [90m   | [39m          [31m^[39m
    [90m120| [39m      [34mfillInstitutionTypeCheckbox[39m(institutionType[33m,[39m productSelected)[33m;[39m
    [90m121| [39m
[90m [2m❯[22m src/views/onboardingProduct/__tests__/OnboardingProduct.interop.test.tsx:[2m81:3[22m[39m

[31m[2m⎯⎯⎯⎯⎯⎯⎯⎯⎯⎯⎯⎯⎯⎯⎯⎯⎯⎯⎯⎯⎯⎯[20/58]⎯[22m[39m

[41m[1m FAIL [22m[49m src/views/onboardingProduct/__tests__/OnboardingProduct.interop.test.tsx[2m > [22mTest: Successfull complete onboarding request of SA for product prod-interop search by business name
[31m[1mTestingLibraryElementError[22m[39m: Unable to find an element with the text: Gestore privato di piattaforma e-procurement. This could be because the text is broken up by multiple elements. In this case, you can provide a function for your text matcher to make your matcher more flexible.

Ignored nodes: comments, script, style
[36m<body[39m
  [33mstyle[39m=[32m""[39m
[36m>[39m
  [36m<div>[39m
    [36m<button>[39m
      [0mLOGOUT[0m
    [36m</button>[39m
    [36m<div[39m
      [33mclass[39m=[32m"MuiContainer-root MuiContainer-maxWidthLg css-1oqqzyl-MuiContainer-root"[39m
    [36m>[39m
      [36m<div[39m
        [33mclass[39m=[32m"MuiGrid-root MuiGrid-container css-rm289v-MuiGrid-root"[39m
      [36m>[39m
        [36m<div[39m
          [33mclass[39m=[32m"MuiGrid-root MuiGrid-item MuiGrid-grid-xs-12 css-bj7xu4-MuiGrid-root"[39m
        [36m>[39m
          [36m<h3[39m
            [33mclass[39m=[32m"MuiTypography-root MuiTypography-h3 MuiTypography-alignCenter css-1ftkxk0-MuiTypography-root"[39m
          [36m>[39m
            [0mSeleziona il tipo di ente che [0m
            [36m<br />[39m
            [0m rappresenti[0m
          [36m</h3>[39m
        [36m</div>[39m
        [36m<div[39m
          [33mclass[39m=[32m"MuiGrid-root MuiGrid-item MuiGrid-grid-xs-12 css-bj7xu4-MuiGrid-root"[39m
        [36m>[39m
          [36m<p[39m
            [33mclass[39m=[32m"MuiTypography-root MuiTypography-body1 MuiTypography-alignCenter css-5v5l99-MuiTypography-root"[39m
          [36m>[39m
            [0mIndica il tipo di ente che aderirà a [0m
            [36m<strong />[39m
          [36m</p>[39m
        [36m</div>[39m
        [36m<div[39m
          [33mclass[39m=[32m"MuiGrid-root MuiGrid-item MuiGrid-grid-xs-12 css-bj7xu4-MuiGrid-root"[39m
        [36m>[39m
          [36m<div[39m
            [33mclass[39m=[32m"MuiPaper-root MuiPaper-elevation MuiPaper-rounded MuiPaper-elevation0 MuiAlert-root MuiAlert-colorInfo MuiAlert-standardInfo MuiAlert-standard css-5zts0j-MuiPaper-root-MuiAlert-root"[39m
            [33mrole[39m=[32m"alert"[39m
          [36m>[39m
            [36m<div[39m
              [33mclass[39m=[32m"MuiAlert-icon css-1ytlwq5-MuiAlert-icon"[39m
            [36m>[39m
              [36m<svg[39m
                [33maria-hidden[39m=[32m"true"[39m
                [33mclass[39m=[32m"MuiSvgIcon-root MuiSvgIcon-fontSizeInherit css-1vooibu-MuiSvgIcon-root"[39m
                [33mdata-testid[39m=[32m"InfoOutlinedIcon"[39m
                [33mfocusable[39m=[32m"false"[39m
                [33mviewBox[39m=[32m"0 0 24 24"[39m
              [36m>[39m
                [36m<path[39m
                  [33md[39m=[32m"M11,9H13V7H11M12,20C7.59,20 4,16.41 4,12C4,7.59 7.59,4 12,4C16.41,4 20,7.59 20, 12C20,16.41 16.41,20 12,20M12,2A10,10 0 0,0 2,12A10,10 0 0,0 12,22A10,10 0 0,0 22,12A10, 10 0 0,0 12,2M11,17H13V11H11V17Z"[39m
                [36m/>[39m
              [36m</svg>[39m
            [36m</div>[39m
            [36m<div[39m
              [33mclass[39m=[32m"MuiAlert-message css-1pxa9xg-MuiAlert-message"[39m
            [36m>[39m
              [0mPagoPA S.p.A. mette a disposizione la piattaforma per la gestione delle adesioni. Non partecipa alla Convenzione e non è responsabile della sua esecuzione.[0m
            [36m</div>[39m
          [36m</div>[39m
        [36m</div>[39m
        [36m<div[39m
          [33mclass[39m=[32m"MuiPaper-root MuiPaper-elevation MuiPaper-rounded MuiPaper-elevation8 css-1tchchv-MuiPaper-root"[39m
        [36m>[39m
          [36m<div[39m
            [33mclass[39m=[32m"MuiGrid-root MuiGrid-container MuiGrid-item css-1f064cs-MuiGrid-root"[39m
          [36m>[39m
            [36m<div[39m
              [33mclass[39m=[32m"MuiGrid-root MuiGrid-item MuiGrid-grid-xs-12 css-11x2j5o-MuiGrid-root"[39m
            [36m>[39m
              [36m<div[39m
                [33mclass[39m=[32m"MuiFormControl-root css-1nrlq1o-MuiFormControl-root"[39m
              [36m>[39m
                [36m<div[39m
                  [33mclass[39m=[32m"MuiFormGroup-root MuiRadioGroup-root css-dmmspl-MuiFormGroup-root"[39m
                  [33mrole[39m=[32m"radiogroup"[39m
                [36m/>[39m
              [36m</div>[39m
            [36m</div>[39m
          [36m</div>[39m
        [36m</div>[39m
        [36m<div[39m
          [33mclass[39m=[32m"MuiGrid-root MuiGrid-item MuiGrid-grid-xs-12 css-1hzi63y-MuiGrid-root"[39m
        [36m>[39m
          [36m<div[39m
            [33mclass[39m=[32m"MuiGrid-root MuiGrid-container MuiGrid-spacing-xs-2 css-7pgsh3-MuiGrid-root"[39m
          [36m>[39m
            [36m<div[39m
              [33mclass[39m=[32m"MuiGrid-root MuiGrid-item css-13i4rnv-MuiGrid-root"[39m
            [36m>[39m
              [36m<button[39m
                [33maria-label[39m=[32m"Continua"[39m
                [33mclass[39m=[32m"MuiButtonBase-root MuiButton-root MuiButton-contained MuiButton-containedPrimary MuiButton-sizeMedium MuiButton-containedSizeMedium MuiButton-colorPrimary Mui-disabled MuiButton-root MuiButton-contained MuiButton-containedPrimary MuiButton-sizeMedium MuiButton-containedSizeMedium MuiButton-colorPrimary css-1fu7jd5-MuiButtonBase-root-MuiButton-root"[39m
                [33mdisabled[39m=[32m""[39m
                [33mtabindex[39m=[32m"-1"[39m
                [33mtype[39m=[32m"button"[39m
              [36m>[39m
                [0mContinua[0m
              [36m</button>[39m
            [36m</div>[39m
          [36m</div>[39m
        [36m</div>[39m
      [36m</div>[39m
    [36m</div>[39m
  [36m</div>[39m
[36m</body>[39m

Ignored nodes: comments, script, style
[36m<html>[39m
  [36m<head />[39m
  [36m<body[39m
    [33mstyle[39m=[32m""[39m
  [36m>[39m
    [36m<div>[39m
      [36m<button>[39m
        [0mLOGOUT[0m
      [36m</button>[39m
      [36m<div[39m
        [33mclass[39m=[32m"MuiContainer-root MuiContainer-maxWidthLg css-1oqqzyl-MuiContainer-root"[39m
      [36m>[39m
        [36m<div[39m
          [33mclass[39m=[32m"MuiGrid-root MuiGrid-container css-rm289v-MuiGrid-root"[39m
        [36m>[39m
          [36m<div[39m
            [33mclass[39m=[32m"MuiGrid-root MuiGrid-item MuiGrid-grid-xs-12 css-bj7xu4-MuiGrid-root"[39m
          [36m>[39m
            [36m<h3[39m
              [33mclass[39m=[32m"MuiTypography-root MuiTypography-h3 MuiTypography-alignCenter css-1ftkxk0-MuiTypography-root"[39m
            [36m>[39m
              [0mSeleziona il tipo di ente che [0m
              [36m<br />[39m
              [0m rappresenti[0m
            [36m</h3>[39m
          [36m</div>[39m
          [36m<div[39m
            [33mclass[39m=[32m"MuiGrid-root MuiGrid-item MuiGrid-grid-xs-12 css-bj7xu4-MuiGrid-root"[39m
          [36m>[39m
            [36m<p[39m
              [33mclass[39m=[32m"MuiTypography-root MuiTypography-body1 MuiTypography-alignCenter css-5v5l99-MuiTypography-root"[39m
            [36m>[39m
              [0mIndica il tipo di ente che aderirà a [0m
              [36m<strong />[39m
            [36m</p>[39m
          [36m</div>[39m
          [36m<div[39m
            [33mclass[39m=[32m"MuiGrid-root MuiGrid-item MuiGrid-grid-xs-12 css-bj7xu4-MuiGrid-root"[39m
          [36m>[39m
            [36m<div[39m
              [33mclass[39m=[32m"MuiPaper-root MuiPaper-elevation MuiPaper-rounded MuiPaper-elevation0 MuiAlert-root MuiAlert-colorInfo MuiAlert-standardInfo MuiAlert-standard css-5zts0j-MuiPaper-root-MuiAlert-root"[39m
              [33mrole[39m=[32m"alert"[39m
            [36m>[39m
              [36m<div[39m
                [33mclass[39m=[32m"MuiAlert-icon css-1ytlwq5-MuiAlert-icon"[39m
              [36m>[39m
                [36m<svg[39m
                  [33maria-hidden[39m=[32m"true"[39m
                  [33mclass[39m=[32m"MuiSvgIcon-root MuiSvgIcon-fontSizeInherit css-1vooibu-MuiSvgIcon-root"[39m
                  [33mdata-testid[39m=[32m"InfoOutlinedIcon"[39m
                  [33mfocusable[39m=[32m"false"[39m
                  [33mviewBox[39m=[32m"0 0 24 24"[39m
                [36m>[39m
                  [36m<path[39m
                    [33md[39m=[32m"M11,9H13V7H11M12,20C7.59,20 4,16.41 4,12C4,7.59 7.59,4 12,4C16.41,4 20,7.59 20, 12C20,16.41 16.41,20 12,20M12,2A10,10 0 0,0 2,12A10,10 0 0,0 12,22A10,10 0 0,0 22,12A10, 10 0 0,0 12,2M11,17H13V11H11V17Z"[39m
                  [36m/>[39m
                [36m</svg>[39m
              [36m</div>[39m
              [36m<div[39m
                [33mclass[39m=[32m"MuiAlert-message css-1pxa9xg-MuiAlert-message"[39m
              [36m>[39m
                [0mPagoPA S.p.A. mette a disposizione la piattaforma per la gestione delle adesioni. Non partecipa alla Convenzione e non è responsabile della sua esecuzione.[0m
              [36m</div>[39m
            [36m</div>[39m
          [36m</div>[39m
          [36m<div[39m
            [33mclass[39m=[32m"MuiPaper-root MuiPaper-elevation MuiPaper-rounded MuiPaper-elevation8 css-1tchchv-MuiPaper-root"[39m
          [36m>[39m
            [36m<div[39m
              [33mclass[39m=[32m"MuiGrid-root MuiGrid-container MuiGrid-item css-1f064cs-MuiGrid-root"[39m
            [36m>[39m
              [36m<div[39m
                [33mclass[39m=[32m"MuiGrid-root MuiGrid-item MuiGrid-grid-xs-12 css-11x2j5o-MuiGrid-root"[39m
              [36m>[39m
                [36m<div[39m
                  [33mclass[39m=[32m"MuiFormControl-root css-1nrlq1o-MuiFormControl-root"[39m
                [36m>[39m
                  [36m<div[39m
                    [33mclass[39m=[32m"MuiFormGroup-root MuiRadioGroup-root css-dmmspl-MuiFormGroup-root"[39m
                    [33mrole[39m=[32m"radiogroup"[39m
                  [36m/>[39m
                [36m</div>[39m
              [36m</div>[39m
            [36m</div>[39m
          [36m</div>[39m
          [36m<div[39m
            [33mclass[39m=[32m"MuiGrid-root MuiGrid-item MuiGrid-grid-xs-12 css-1hzi63y-MuiGrid-root"[39m
          [36m>[39m
            [36m<div[39m
              [33mclass[39m=[32m"MuiGrid-root MuiGrid-container MuiGrid-spacing-xs-2 css-7pgsh3-MuiGrid-root"[39m
            [36m>[39m
              [36m<div[39m
                [33mclass[39m=[32m"MuiGrid-root MuiGrid-item css-13i4rnv-MuiGrid-root"[39m
              [36m>[39m
                [36m<button[39m
                  [33maria-label[39m=[32m"Continua"[39m
                  [33mclass[39m=[32m"MuiButtonBase-root MuiButton-root MuiButton-contained MuiButton-containedPrimary MuiButton-sizeMedium MuiButton-containedSizeMedium MuiButton-colorPrimary Mui-disabled MuiButton-root MuiButton-contained MuiButton-containedPrimary MuiButton-sizeMedium MuiButton-containedSizeMedium MuiButton-colorPrimary css-1fu7jd5-MuiButtonBase-root-MuiButton-root"[39m
                  [33mdisabled[39m=[32m""[39m
                  [33mtabindex[39m=[32m"-1"[39m
                  [33mtype[39m=[32m"button"[39m
                [36m>[39m
                  [0mContinua[0m
                [36m</button>[39m
              [36m</div>[39m
            [36m</div>[39m
          [36m</div>[39m
        [36m</div>[39m
      [36m</div>[39m
    [36m</div>[39m
  [36m</body>[39m
[36m</html>[39m...
[90m [2m❯[22m waitForWrapper node_modules/@testing-library/dom/dist/wait-for.js:[2m163:27[22m[39m
[36m [2m❯[22m Module.executeStepInstitutionType src/views/onboardingProduct/__tests__/shared/stepHelpers.tsx:[2m119:11[22m[39m
    [90m117| [39m    screen[33m.[39m[34mgetByText[39m([36m/Indica il tipo di ente che aderirà a/[39m)[33m;[39m
    [90m118| [39m
    [90m119| [39m    [35mawait[39m [34mwaitFor[39m(() [33m=>[39m {
    [90m   | [39m          [31m^[39m
    [90m120| [39m      [34mfillInstitutionTypeCheckbox[39m(institutionType[33m,[39m productSelected)[33m;[39m
    [90m121| [39m
[90m [2m❯[22m src/views/onboardingProduct/__tests__/OnboardingProduct.interop.test.tsx:[2m106:3[22m[39m

[31m[2m⎯⎯⎯⎯⎯⎯⎯⎯⎯⎯⎯⎯⎯⎯⎯⎯⎯⎯⎯⎯⎯⎯[21/58]⎯[22m[39m

[41m[1m FAIL [22m[49m src/views/onboardingProduct/__tests__/OnboardingProduct.interop.test.tsx[2m > [22mTest: Successfull complete onboarding request of SA for product prod-interop search by tax code
[31m[1mTestingLibraryElementError[22m[39m: Unable to find an element with the text: Gestore privato di piattaforma e-procurement. This could be because the text is broken up by multiple elements. In this case, you can provide a function for your text matcher to make your matcher more flexible.

Ignored nodes: comments, script, style
[36m<body[39m
  [33mstyle[39m=[32m""[39m
[36m>[39m
  [36m<div>[39m
    [36m<button>[39m
      [0mLOGOUT[0m
    [36m</button>[39m
    [36m<div[39m
      [33mclass[39m=[32m"MuiContainer-root MuiContainer-maxWidthLg css-1oqqzyl-MuiContainer-root"[39m
    [36m>[39m
      [36m<div[39m
        [33mclass[39m=[32m"MuiGrid-root MuiGrid-container css-rm289v-MuiGrid-root"[39m
      [36m>[39m
        [36m<div[39m
          [33mclass[39m=[32m"MuiGrid-root MuiGrid-item MuiGrid-grid-xs-12 css-bj7xu4-MuiGrid-root"[39m
        [36m>[39m
          [36m<h3[39m
            [33mclass[39m=[32m"MuiTypography-root MuiTypography-h3 MuiTypography-alignCenter css-1ftkxk0-MuiTypography-root"[39m
          [36m>[39m
            [0mSeleziona il tipo di ente che [0m
            [36m<br />[39m
            [0m rappresenti[0m
          [36m</h3>[39m
        [36m</div>[39m
        [36m<div[39m
          [33mclass[39m=[32m"MuiGrid-root MuiGrid-item MuiGrid-grid-xs-12 css-bj7xu4-MuiGrid-root"[39m
        [36m>[39m
          [36m<p[39m
            [33mclass[39m=[32m"MuiTypography-root MuiTypography-body1 MuiTypography-alignCenter css-5v5l99-MuiTypography-root"[39m
          [36m>[39m
            [0mIndica il tipo di ente che aderirà a [0m
            [36m<strong />[39m
          [36m</p>[39m
        [36m</div>[39m
        [36m<div[39m
          [33mclass[39m=[32m"MuiGrid-root MuiGrid-item MuiGrid-grid-xs-12 css-bj7xu4-MuiGrid-root"[39m
        [36m>[39m
          [36m<div[39m
            [33mclass[39m=[32m"MuiPaper-root MuiPaper-elevation MuiPaper-rounded MuiPaper-elevation0 MuiAlert-root MuiAlert-colorInfo MuiAlert-standardInfo MuiAlert-standard css-5zts0j-MuiPaper-root-MuiAlert-root"[39m
            [33mrole[39m=[32m"alert"[39m
          [36m>[39m
            [36m<div[39m
              [33mclass[39m=[32m"MuiAlert-icon css-1ytlwq5-MuiAlert-icon"[39m
            [36m>[39m
              [36m<svg[39m
                [33maria-hidden[39m=[32m"true"[39m
                [33mclass[39m=[32m"MuiSvgIcon-root MuiSvgIcon-fontSizeInherit css-1vooibu-MuiSvgIcon-root"[39m
                [33mdata-testid[39m=[32m"InfoOutlinedIcon"[39m
                [33mfocusable[39m=[32m"false"[39m
                [33mviewBox[39m=[32m"0 0 24 24"[39m
              [36m>[39m
                [36m<path[39m
                  [33md[39m=[32m"M11,9H13V7H11M12,20C7.59,20 4,16.41 4,12C4,7.59 7.59,4 12,4C16.41,4 20,7.59 20, 12C20,16.41 16.41,20 12,20M12,2A10,10 0 0,0 2,12A10,10 0 0,0 12,22A10,10 0 0,0 22,12A10, 10 0 0,0 12,2M11,17H13V11H11V17Z"[39m
                [36m/>[39m
              [36m</svg>[39m
            [36m</div>[39m
            [36m<div[39m
              [33mclass[39m=[32m"MuiAlert-message css-1pxa9xg-MuiAlert-message"[39m
            [36m>[39m
              [0mPagoPA S.p.A. mette a disposizione la piattaforma per la gestione delle adesioni. Non partecipa alla Convenzione e non è responsabile della sua esecuzione.[0m
            [36m</div>[39m
          [36m</div>[39m
        [36m</div>[39m
        [36m<div[39m
          [33mclass[39m=[32m"MuiPaper-root MuiPaper-elevation MuiPaper-rounded MuiPaper-elevation8 css-1tchchv-MuiPaper-root"[39m
        [36m>[39m
          [36m<div[39m
            [33mclass[39m=[32m"MuiGrid-root MuiGrid-container MuiGrid-item css-1f064cs-MuiGrid-root"[39m
          [36m>[39m
            [36m<div[39m
              [33mclass[39m=[32m"MuiGrid-root MuiGrid-item MuiGrid-grid-xs-12 css-11x2j5o-MuiGrid-root"[39m
            [36m>[39m
              [36m<div[39m
                [33mclass[39m=[32m"MuiFormControl-root css-1nrlq1o-MuiFormControl-root"[39m
              [36m>[39m
                [36m<div[39m
                  [33mclass[39m=[32m"MuiFormGroup-root MuiRadioGroup-root css-dmmspl-MuiFormGroup-root"[39m
                  [33mrole[39m=[32m"radiogroup"[39m
                [36m/>[39m
              [36m</div>[39m
            [36m</div>[39m
          [36m</div>[39m
        [36m</div>[39m
        [36m<div[39m
          [33mclass[39m=[32m"MuiGrid-root MuiGrid-item MuiGrid-grid-xs-12 css-1hzi63y-MuiGrid-root"[39m
        [36m>[39m
          [36m<div[39m
            [33mclass[39m=[32m"MuiGrid-root MuiGrid-container MuiGrid-spacing-xs-2 css-7pgsh3-MuiGrid-root"[39m
          [36m>[39m
            [36m<div[39m
              [33mclass[39m=[32m"MuiGrid-root MuiGrid-item css-13i4rnv-MuiGrid-root"[39m
            [36m>[39m
              [36m<button[39m
                [33maria-label[39m=[32m"Continua"[39m
                [33mclass[39m=[32m"MuiButtonBase-root MuiButton-root MuiButton-contained MuiButton-containedPrimary MuiButton-sizeMedium MuiButton-containedSizeMedium MuiButton-colorPrimary Mui-disabled MuiButton-root MuiButton-contained MuiButton-containedPrimary MuiButton-sizeMedium MuiButton-containedSizeMedium MuiButton-colorPrimary css-1fu7jd5-MuiButtonBase-root-MuiButton-root"[39m
                [33mdisabled[39m=[32m""[39m
                [33mtabindex[39m=[32m"-1"[39m
                [33mtype[39m=[32m"button"[39m
              [36m>[39m
                [0mContinua[0m
              [36m</button>[39m
            [36m</div>[39m
          [36m</div>[39m
        [36m</div>[39m
      [36m</div>[39m
    [36m</div>[39m
  [36m</div>[39m
[36m</body>[39m

Ignored nodes: comments, script, style
[36m<html>[39m
  [36m<head />[39m
  [36m<body[39m
    [33mstyle[39m=[32m""[39m
  [36m>[39m
    [36m<div>[39m
      [36m<button>[39m
        [0mLOGOUT[0m
      [36m</button>[39m
      [36m<div[39m
        [33mclass[39m=[32m"MuiContainer-root MuiContainer-maxWidthLg css-1oqqzyl-MuiContainer-root"[39m
      [36m>[39m
        [36m<div[39m
          [33mclass[39m=[32m"MuiGrid-root MuiGrid-container css-rm289v-MuiGrid-root"[39m
        [36m>[39m
          [36m<div[39m
            [33mclass[39m=[32m"MuiGrid-root MuiGrid-item MuiGrid-grid-xs-12 css-bj7xu4-MuiGrid-root"[39m
          [36m>[39m
            [36m<h3[39m
              [33mclass[39m=[32m"MuiTypography-root MuiTypography-h3 MuiTypography-alignCenter css-1ftkxk0-MuiTypography-root"[39m
            [36m>[39m
              [0mSeleziona il tipo di ente che [0m
              [36m<br />[39m
              [0m rappresenti[0m
            [36m</h3>[39m
          [36m</div>[39m
          [36m<div[39m
            [33mclass[39m=[32m"MuiGrid-root MuiGrid-item MuiGrid-grid-xs-12 css-bj7xu4-MuiGrid-root"[39m
          [36m>[39m
            [36m<p[39m
              [33mclass[39m=[32m"MuiTypography-root MuiTypography-body1 MuiTypography-alignCenter css-5v5l99-MuiTypography-root"[39m
            [36m>[39m
              [0mIndica il tipo di ente che aderirà a [0m
              [36m<strong />[39m
            [36m</p>[39m
          [36m</div>[39m
          [36m<div[39m
            [33mclass[39m=[32m"MuiGrid-root MuiGrid-item MuiGrid-grid-xs-12 css-bj7xu4-MuiGrid-root"[39m
          [36m>[39m
            [36m<div[39m
              [33mclass[39m=[32m"MuiPaper-root MuiPaper-elevation MuiPaper-rounded MuiPaper-elevation0 MuiAlert-root MuiAlert-colorInfo MuiAlert-standardInfo MuiAlert-standard css-5zts0j-MuiPaper-root-MuiAlert-root"[39m
              [33mrole[39m=[32m"alert"[39m
            [36m>[39m
              [36m<div[39m
                [33mclass[39m=[32m"MuiAlert-icon css-1ytlwq5-MuiAlert-icon"[39m
              [36m>[39m
                [36m<svg[39m
                  [33maria-hidden[39m=[32m"true"[39m
                  [33mclass[39m=[32m"MuiSvgIcon-root MuiSvgIcon-fontSizeInherit css-1vooibu-MuiSvgIcon-root"[39m
                  [33mdata-testid[39m=[32m"InfoOutlinedIcon"[39m
                  [33mfocusable[39m=[32m"false"[39m
                  [33mviewBox[39m=[32m"0 0 24 24"[39m
                [36m>[39m
                  [36m<path[39m
                    [33md[39m=[32m"M11,9H13V7H11M12,20C7.59,20 4,16.41 4,12C4,7.59 7.59,4 12,4C16.41,4 20,7.59 20, 12C20,16.41 16.41,20 12,20M12,2A10,10 0 0,0 2,12A10,10 0 0,0 12,22A10,10 0 0,0 22,12A10, 10 0 0,0 12,2M11,17H13V11H11V17Z"[39m
                  [36m/>[39m
                [36m</svg>[39m
              [36m</div>[39m
              [36m<div[39m
                [33mclass[39m=[32m"MuiAlert-message css-1pxa9xg-MuiAlert-message"[39m
              [36m>[39m
                [0mPagoPA S.p.A. mette a disposizione la piattaforma per la gestione delle adesioni. Non partecipa alla Convenzione e non è responsabile della sua esecuzione.[0m
              [36m</div>[39m
            [36m</div>[39m
          [36m</div>[39m
          [36m<div[39m
            [33mclass[39m=[32m"MuiPaper-root MuiPaper-elevation MuiPaper-rounded MuiPaper-elevation8 css-1tchchv-MuiPaper-root"[39m
          [36m>[39m
            [36m<div[39m
              [33mclass[39m=[32m"MuiGrid-root MuiGrid-container MuiGrid-item css-1f064cs-MuiGrid-root"[39m
            [36m>[39m
              [36m<div[39m
                [33mclass[39m=[32m"MuiGrid-root MuiGrid-item MuiGrid-grid-xs-12 css-11x2j5o-MuiGrid-root"[39m
              [36m>[39m
                [36m<div[39m
                  [33mclass[39m=[32m"MuiFormControl-root css-1nrlq1o-MuiFormControl-root"[39m
                [36m>[39m
                  [36m<div[39m
                    [33mclass[39m=[32m"MuiFormGroup-root MuiRadioGroup-root css-dmmspl-MuiFormGroup-root"[39m
                    [33mrole[39m=[32m"radiogroup"[39m
                  [36m/>[39m
                [36m</div>[39m
              [36m</div>[39m
            [36m</div>[39m
          [36m</div>[39m
          [36m<div[39m
            [33mclass[39m=[32m"MuiGrid-root MuiGrid-item MuiGrid-grid-xs-12 css-1hzi63y-MuiGrid-root"[39m
          [36m>[39m
            [36m<div[39m
              [33mclass[39m=[32m"MuiGrid-root MuiGrid-container MuiGrid-spacing-xs-2 css-7pgsh3-MuiGrid-root"[39m
            [36m>[39m
              [36m<div[39m
                [33mclass[39m=[32m"MuiGrid-root MuiGrid-item css-13i4rnv-MuiGrid-root"[39m
              [36m>[39m
                [36m<button[39m
                  [33maria-label[39m=[32m"Continua"[39m
                  [33mclass[39m=[32m"MuiButtonBase-root MuiButton-root MuiButton-contained MuiButton-containedPrimary MuiButton-sizeMedium MuiButton-containedSizeMedium MuiButton-colorPrimary Mui-disabled MuiButton-root MuiButton-contained MuiButton-containedPrimary MuiButton-sizeMedium MuiButton-containedSizeMedium MuiButton-colorPrimary css-1fu7jd5-MuiButtonBase-root-MuiButton-root"[39m
                  [33mdisabled[39m=[32m""[39m
                  [33mtabindex[39m=[32m"-1"[39m
                  [33mtype[39m=[32m"button"[39m
                [36m>[39m
                  [0mContinua[0m
                [36m</button>[39m
              [36m</div>[39m
            [36m</div>[39m
          [36m</div>[39m
        [36m</div>[39m
      [36m</div>[39m
    [36m</div>[39m
  [36m</body>[39m
[36m</html>[39m...
[90m [2m❯[22m waitForWrapper node_modules/@testing-library/dom/dist/wait-for.js:[2m163:27[22m[39m
[36m [2m❯[22m Module.executeStepInstitutionType src/views/onboardingProduct/__tests__/shared/stepHelpers.tsx:[2m119:11[22m[39m
    [90m117| [39m    screen[33m.[39m[34mgetByText[39m([36m/Indica il tipo di ente che aderirà a/[39m)[33m;[39m
    [90m118| [39m
    [90m119| [39m    [35mawait[39m [34mwaitFor[39m(() [33m=>[39m {
    [90m   | [39m          [31m^[39m
    [90m120| [39m      [34mfillInstitutionTypeCheckbox[39m(institutionType[33m,[39m productSelected)[33m;[39m
    [90m121| [39m
[90m [2m❯[22m src/views/onboardingProduct/__tests__/OnboardingProduct.interop.test.tsx:[2m138:3[22m[39m

[31m[2m⎯⎯⎯⎯⎯⎯⎯⎯⎯⎯⎯⎯⎯⎯⎯⎯⎯⎯⎯⎯⎯⎯[22/58]⎯[22m[39m

[41m[1m FAIL [22m[49m src/views/onboardingProduct/__tests__/OnboardingProduct.interop.test.tsx[2m > [22mTest: Successfull complete onboarding request of foreign AS for product prod-interop search by business name
[31m[1mTestingLibraryElementError[22m[39m: Unable to find an element with the text: Società di assicurazione. This could be because the text is broken up by multiple elements. In this case, you can provide a function for your text matcher to make your matcher more flexible.

Ignored nodes: comments, script, style
[36m<body[39m
  [33mstyle[39m=[32m""[39m
[36m>[39m
  [36m<div>[39m
    [36m<button>[39m
      [0mLOGOUT[0m
    [36m</button>[39m
    [36m<div[39m
      [33mclass[39m=[32m"MuiContainer-root MuiContainer-maxWidthLg css-1oqqzyl-MuiContainer-root"[39m
    [36m>[39m
      [36m<div[39m
        [33mclass[39m=[32m"MuiGrid-root MuiGrid-container css-rm289v-MuiGrid-root"[39m
      [36m>[39m
        [36m<div[39m
          [33mclass[39m=[32m"MuiGrid-root MuiGrid-item MuiGrid-grid-xs-12 css-bj7xu4-MuiGrid-root"[39m
        [36m>[39m
          [36m<h3[39m
            [33mclass[39m=[32m"MuiTypography-root MuiTypography-h3 MuiTypography-alignCenter css-1ftkxk0-MuiTypography-root"[39m
          [36m>[39m
            [0mSeleziona il tipo di ente che [0m
            [36m<br />[39m
            [0m rappresenti[0m
          [36m</h3>[39m
        [36m</div>[39m
        [36m<div[39m
          [33mclass[39m=[32m"MuiGrid-root MuiGrid-item MuiGrid-grid-xs-12 css-bj7xu4-MuiGrid-root"[39m
        [36m>[39m
          [36m<p[39m
            [33mclass[39m=[32m"MuiTypography-root MuiTypography-body1 MuiTypography-alignCenter css-5v5l99-MuiTypography-root"[39m
          [36m>[39m
            [0mIndica il tipo di ente che aderirà a [0m
            [36m<strong />[39m
          [36m</p>[39m
        [36m</div>[39m
        [36m<div[39m
          [33mclass[39m=[32m"MuiGrid-root MuiGrid-item MuiGrid-grid-xs-12 css-bj7xu4-MuiGrid-root"[39m
        [36m>[39m
          [36m<div[39m
            [33mclass[39m=[32m"MuiPaper-root MuiPaper-elevation MuiPaper-rounded MuiPaper-elevation0 MuiAlert-root MuiAlert-colorInfo MuiAlert-standardInfo MuiAlert-standard css-5zts0j-MuiPaper-root-MuiAlert-root"[39m
            [33mrole[39m=[32m"alert"[39m
          [36m>[39m
            [36m<div[39m
              [33mclass[39m=[32m"MuiAlert-icon css-1ytlwq5-MuiAlert-icon"[39m
            [36m>[39m
              [36m<svg[39m
                [33maria-hidden[39m=[32m"true"[39m
                [33mclass[39m=[32m"MuiSvgIcon-root MuiSvgIcon-fontSizeInherit css-1vooibu-MuiSvgIcon-root"[39m
                [33mdata-testid[39m=[32m"InfoOutlinedIcon"[39m
                [33mfocusable[39m=[32m"false"[39m
                [33mviewBox[39m=[32m"0 0 24 24"[39m
              [36m>[39m
                [36m<path[39m
                  [33md[39m=[32m"M11,9H13V7H11M12,20C7.59,20 4,16.41 4,12C4,7.59 7.59,4 12,4C16.41,4 20,7.59 20, 12C20,16.41 16.41,20 12,20M12,2A10,10 0 0,0 2,12A10,10 0 0,0 12,22A10,10 0 0,0 22,12A10, 10 0 0,0 12,2M11,17H13V11H11V17Z"[39m
                [36m/>[39m
              [36m</svg>[39m
            [36m</div>[39m
            [36m<div[39m
              [33mclass[39m=[32m"MuiAlert-message css-1pxa9xg-MuiAlert-message"[39m
            [36m>[39m
              [0mPagoPA S.p.A. mette a disposizione la piattaforma per la gestione delle adesioni. Non partecipa alla Convenzione e non è responsabile della sua esecuzione.[0m
            [36m</div>[39m
          [36m</div>[39m
        [36m</div>[39m
        [36m<div[39m
          [33mclass[39m=[32m"MuiPaper-root MuiPaper-elevation MuiPaper-rounded MuiPaper-elevation8 css-1tchchv-MuiPaper-root"[39m
        [36m>[39m
          [36m<div[39m
            [33mclass[39m=[32m"MuiGrid-root MuiGrid-container MuiGrid-item css-1f064cs-MuiGrid-root"[39m
          [36m>[39m
            [36m<div[39m
              [33mclass[39m=[32m"MuiGrid-root MuiGrid-item MuiGrid-grid-xs-12 css-11x2j5o-MuiGrid-root"[39m
            [36m>[39m
              [36m<div[39m
                [33mclass[39m=[32m"MuiFormControl-root css-1nrlq1o-MuiFormControl-root"[39m
              [36m>[39m
                [36m<div[39m
                  [33mclass[39m=[32m"MuiFormGroup-root MuiRadioGroup-root css-dmmspl-MuiFormGroup-root"[39m
                  [33mrole[39m=[32m"radiogroup"[39m
                [36m/>[39m
              [36m</div>[39m
            [36m</div>[39m
          [36m</div>[39m
        [36m</div>[39m
        [36m<div[39m
          [33mclass[39m=[32m"MuiGrid-root MuiGrid-item MuiGrid-grid-xs-12 css-1hzi63y-MuiGrid-root"[39m
        [36m>[39m
          [36m<div[39m
            [33mclass[39m=[32m"MuiGrid-root MuiGrid-container MuiGrid-spacing-xs-2 css-7pgsh3-MuiGrid-root"[39m
          [36m>[39m
            [36m<div[39m
              [33mclass[39m=[32m"MuiGrid-root MuiGrid-item css-13i4rnv-MuiGrid-root"[39m
            [36m>[39m
              [36m<button[39m
                [33maria-label[39m=[32m"Continua"[39m
                [33mclass[39m=[32m"MuiButtonBase-root MuiButton-root MuiButton-contained MuiButton-containedPrimary MuiButton-sizeMedium MuiButton-containedSizeMedium MuiButton-colorPrimary Mui-disabled MuiButton-root MuiButton-contained MuiButton-containedPrimary MuiButton-sizeMedium MuiButton-containedSizeMedium MuiButton-colorPrimary css-1fu7jd5-MuiButtonBase-root-MuiButton-root"[39m
                [33mdisabled[39m=[32m""[39m
                [33mtabindex[39m=[32m"-1"[39m
                [33mtype[39m=[32m"button"[39m
              [36m>[39m
                [0mContinua[0m
              [36m</button>[39m
            [36m</div>[39m
          [36m</div>[39m
        [36m</div>[39m
      [36m</div>[39m
    [36m</div>[39m
  [36m</div>[39m
[36m</body>[39m

Ignored nodes: comments, script, style
[36m<html>[39m
  [36m<head />[39m
  [36m<body[39m
    [33mstyle[39m=[32m""[39m
  [36m>[39m
    [36m<div>[39m
      [36m<button>[39m
        [0mLOGOUT[0m
      [36m</button>[39m
      [36m<div[39m
        [33mclass[39m=[32m"MuiContainer-root MuiContainer-maxWidthLg css-1oqqzyl-MuiContainer-root"[39m
      [36m>[39m
        [36m<div[39m
          [33mclass[39m=[32m"MuiGrid-root MuiGrid-container css-rm289v-MuiGrid-root"[39m
        [36m>[39m
          [36m<div[39m
            [33mclass[39m=[32m"MuiGrid-root MuiGrid-item MuiGrid-grid-xs-12 css-bj7xu4-MuiGrid-root"[39m
          [36m>[39m
            [36m<h3[39m
              [33mclass[39m=[32m"MuiTypography-root MuiTypography-h3 MuiTypography-alignCenter css-1ftkxk0-MuiTypography-root"[39m
            [36m>[39m
              [0mSeleziona il tipo di ente che [0m
              [36m<br />[39m
              [0m rappresenti[0m
            [36m</h3>[39m
          [36m</div>[39m
          [36m<div[39m
            [33mclass[39m=[32m"MuiGrid-root MuiGrid-item MuiGrid-grid-xs-12 css-bj7xu4-MuiGrid-root"[39m
          [36m>[39m
            [36m<p[39m
              [33mclass[39m=[32m"MuiTypography-root MuiTypography-body1 MuiTypography-alignCenter css-5v5l99-MuiTypography-root"[39m
            [36m>[39m
              [0mIndica il tipo di ente che aderirà a [0m
              [36m<strong />[39m
            [36m</p>[39m
          [36m</div>[39m
          [36m<div[39m
            [33mclass[39m=[32m"MuiGrid-root MuiGrid-item MuiGrid-grid-xs-12 css-bj7xu4-MuiGrid-root"[39m
          [36m>[39m
            [36m<div[39m
              [33mclass[39m=[32m"MuiPaper-root MuiPaper-elevation MuiPaper-rounded MuiPaper-elevation0 MuiAlert-root MuiAlert-colorInfo MuiAlert-standardInfo MuiAlert-standard css-5zts0j-MuiPaper-root-MuiAlert-root"[39m
              [33mrole[39m=[32m"alert"[39m
            [36m>[39m
              [36m<div[39m
                [33mclass[39m=[32m"MuiAlert-icon css-1ytlwq5-MuiAlert-icon"[39m
              [36m>[39m
                [36m<svg[39m
                  [33maria-hidden[39m=[32m"true"[39m
                  [33mclass[39m=[32m"MuiSvgIcon-root MuiSvgIcon-fontSizeInherit css-1vooibu-MuiSvgIcon-root"[39m
                  [33mdata-testid[39m=[32m"InfoOutlinedIcon"[39m
                  [33mfocusable[39m=[32m"false"[39m
                  [33mviewBox[39m=[32m"0 0 24 24"[39m
                [36m>[39m
                  [36m<path[39m
                    [33md[39m=[32m"M11,9H13V7H11M12,20C7.59,20 4,16.41 4,12C4,7.59 7.59,4 12,4C16.41,4 20,7.59 20, 12C20,16.41 16.41,20 12,20M12,2A10,10 0 0,0 2,12A10,10 0 0,0 12,22A10,10 0 0,0 22,12A10, 10 0 0,0 12,2M11,17H13V11H11V17Z"[39m
                  [36m/>[39m
                [36m</svg>[39m
              [36m</div>[39m
              [36m<div[39m
                [33mclass[39m=[32m"MuiAlert-message css-1pxa9xg-MuiAlert-message"[39m
              [36m>[39m
                [0mPagoPA S.p.A. mette a disposizione la piattaforma per la gestione delle adesioni. Non partecipa alla Convenzione e non è responsabile della sua esecuzione.[0m
              [36m</div>[39m
            [36m</div>[39m
          [36m</div>[39m
          [36m<div[39m
            [33mclass[39m=[32m"MuiPaper-root MuiPaper-elevation MuiPaper-rounded MuiPaper-elevation8 css-1tchchv-MuiPaper-root"[39m
          [36m>[39m
            [36m<div[39m
              [33mclass[39m=[32m"MuiGrid-root MuiGrid-container MuiGrid-item css-1f064cs-MuiGrid-root"[39m
            [36m>[39m
              [36m<div[39m
                [33mclass[39m=[32m"MuiGrid-root MuiGrid-item MuiGrid-grid-xs-12 css-11x2j5o-MuiGrid-root"[39m
              [36m>[39m
                [36m<div[39m
                  [33mclass[39m=[32m"MuiFormControl-root css-1nrlq1o-MuiFormControl-root"[39m
                [36m>[39m
                  [36m<div[39m
                    [33mclass[39m=[32m"MuiFormGroup-root MuiRadioGroup-root css-dmmspl-MuiFormGroup-root"[39m
                    [33mrole[39m=[32m"radiogroup"[39m
                  [36m/>[39m
                [36m</div>[39m
              [36m</div>[39m
            [36m</div>[39m
          [36m</div>[39m
          [36m<div[39m
            [33mclass[39m=[32m"MuiGrid-root MuiGrid-item MuiGrid-grid-xs-12 css-1hzi63y-MuiGrid-root"[39m
          [36m>[39m
            [36m<div[39m
              [33mclass[39m=[32m"MuiGrid-root MuiGrid-container MuiGrid-spacing-xs-2 css-7pgsh3-MuiGrid-root"[39m
            [36m>[39m
              [36m<div[39m
                [33mclass[39m=[32m"MuiGrid-root MuiGrid-item css-13i4rnv-MuiGrid-root"[39m
              [36m>[39m
                [36m<button[39m
                  [33maria-label[39m=[32m"Continua"[39m
                  [33mclass[39m=[32m"MuiButtonBase-root MuiButton-root MuiButton-contained MuiButton-containedPrimary MuiButton-sizeMedium MuiButton-containedSizeMedium MuiButton-colorPrimary Mui-disabled MuiButton-root MuiButton-contained MuiButton-containedPrimary MuiButton-sizeMedium MuiButton-containedSizeMedium MuiButton-colorPrimary css-1fu7jd5-MuiButtonBase-root-MuiButton-root"[39m
                  [33mdisabled[39m=[32m""[39m
                  [33mtabindex[39m=[32m"-1"[39m
                  [33mtype[39m=[32m"button"[39m
                [36m>[39m
                  [0mContinua[0m
                [36m</button>[39m
              [36m</div>[39m
            [36m</div>[39m
          [36m</div>[39m
        [36m</div>[39m
      [36m</div>[39m
    [36m</div>[39m
  [36m</body>[39m
[36m</html>[39m...
[90m [2m❯[22m waitForWrapper node_modules/@testing-library/dom/dist/wait-for.js:[2m163:27[22m[39m
[36m [2m❯[22m Module.executeStepInstitutionType src/views/onboardingProduct/__tests__/shared/stepHelpers.tsx:[2m119:11[22m[39m
    [90m117| [39m    screen[33m.[39m[34mgetByText[39m([36m/Indica il tipo di ente che aderirà a/[39m)[33m;[39m
    [90m118| [39m
    [90m119| [39m    [35mawait[39m [34mwaitFor[39m(() [33m=>[39m {
    [90m   | [39m          [31m^[39m
    [90m120| [39m      [34mfillInstitutionTypeCheckbox[39m(institutionType[33m,[39m productSelected)[33m;[39m
    [90m121| [39m
[90m [2m❯[22m src/views/onboardingProduct/__tests__/OnboardingProduct.interop.test.tsx:[2m162:3[22m[39m

[31m[2m⎯⎯⎯⎯⎯⎯⎯⎯⎯⎯⎯⎯⎯⎯⎯⎯⎯⎯⎯⎯⎯⎯[23/58]⎯[22m[39m

[41m[1m FAIL [22m[49m src/views/onboardingProduct/__tests__/OnboardingProduct.interop.test.tsx[2m > [22mTest: Successfull complete onboarding request of italian AS for product prod-interop search by ivass code
[31m[1mTestingLibraryElementError[22m[39m: Unable to find an element with the text: Società di assicurazione. This could be because the text is broken up by multiple elements. In this case, you can provide a function for your text matcher to make your matcher more flexible.

Ignored nodes: comments, script, style
[36m<body[39m
  [33mstyle[39m=[32m""[39m
[36m>[39m
  [36m<div>[39m
    [36m<button>[39m
      [0mLOGOUT[0m
    [36m</button>[39m
    [36m<div[39m
      [33mclass[39m=[32m"MuiContainer-root MuiContainer-maxWidthLg css-1oqqzyl-MuiContainer-root"[39m
    [36m>[39m
      [36m<div[39m
        [33mclass[39m=[32m"MuiGrid-root MuiGrid-container css-rm289v-MuiGrid-root"[39m
      [36m>[39m
        [36m<div[39m
          [33mclass[39m=[32m"MuiGrid-root MuiGrid-item MuiGrid-grid-xs-12 css-bj7xu4-MuiGrid-root"[39m
        [36m>[39m
          [36m<h3[39m
            [33mclass[39m=[32m"MuiTypography-root MuiTypography-h3 MuiTypography-alignCenter css-1ftkxk0-MuiTypography-root"[39m
          [36m>[39m
            [0mSeleziona il tipo di ente che [0m
            [36m<br />[39m
            [0m rappresenti[0m
          [36m</h3>[39m
        [36m</div>[39m
        [36m<div[39m
          [33mclass[39m=[32m"MuiGrid-root MuiGrid-item MuiGrid-grid-xs-12 css-bj7xu4-MuiGrid-root"[39m
        [36m>[39m
          [36m<p[39m
            [33mclass[39m=[32m"MuiTypography-root MuiTypography-body1 MuiTypography-alignCenter css-5v5l99-MuiTypography-root"[39m
          [36m>[39m
            [0mIndica il tipo di ente che aderirà a [0m
            [36m<strong />[39m
          [36m</p>[39m
        [36m</div>[39m
        [36m<div[39m
          [33mclass[39m=[32m"MuiGrid-root MuiGrid-item MuiGrid-grid-xs-12 css-bj7xu4-MuiGrid-root"[39m
        [36m>[39m
          [36m<div[39m
            [33mclass[39m=[32m"MuiPaper-root MuiPaper-elevation MuiPaper-rounded MuiPaper-elevation0 MuiAlert-root MuiAlert-colorInfo MuiAlert-standardInfo MuiAlert-standard css-5zts0j-MuiPaper-root-MuiAlert-root"[39m
            [33mrole[39m=[32m"alert"[39m
          [36m>[39m
            [36m<div[39m
              [33mclass[39m=[32m"MuiAlert-icon css-1ytlwq5-MuiAlert-icon"[39m
            [36m>[39m
              [36m<svg[39m
                [33maria-hidden[39m=[32m"true"[39m
                [33mclass[39m=[32m"MuiSvgIcon-root MuiSvgIcon-fontSizeInherit css-1vooibu-MuiSvgIcon-root"[39m
                [33mdata-testid[39m=[32m"InfoOutlinedIcon"[39m
                [33mfocusable[39m=[32m"false"[39m
                [33mviewBox[39m=[32m"0 0 24 24"[39m
              [36m>[39m
                [36m<path[39m
                  [33md[39m=[32m"M11,9H13V7H11M12,20C7.59,20 4,16.41 4,12C4,7.59 7.59,4 12,4C16.41,4 20,7.59 20, 12C20,16.41 16.41,20 12,20M12,2A10,10 0 0,0 2,12A10,10 0 0,0 12,22A10,10 0 0,0 22,12A10, 10 0 0,0 12,2M11,17H13V11H11V17Z"[39m
                [36m/>[39m
              [36m</svg>[39m
            [36m</div>[39m
            [36m<div[39m
              [33mclass[39m=[32m"MuiAlert-message css-1pxa9xg-MuiAlert-message"[39m
            [36m>[39m
              [0mPagoPA S.p.A. mette a disposizione la piattaforma per la gestione delle adesioni. Non partecipa alla Convenzione e non è responsabile della sua esecuzione.[0m
            [36m</div>[39m
          [36m</div>[39m
        [36m</div>[39m
        [36m<div[39m
          [33mclass[39m=[32m"MuiPaper-root MuiPaper-elevation MuiPaper-rounded MuiPaper-elevation8 css-1tchchv-MuiPaper-root"[39m
        [36m>[39m
          [36m<div[39m
            [33mclass[39m=[32m"MuiGrid-root MuiGrid-container MuiGrid-item css-1f064cs-MuiGrid-root"[39m
          [36m>[39m
            [36m<div[39m
              [33mclass[39m=[32m"MuiGrid-root MuiGrid-item MuiGrid-grid-xs-12 css-11x2j5o-MuiGrid-root"[39m
            [36m>[39m
              [36m<div[39m
                [33mclass[39m=[32m"MuiFormControl-root css-1nrlq1o-MuiFormControl-root"[39m
              [36m>[39m
                [36m<div[39m
                  [33mclass[39m=[32m"MuiFormGroup-root MuiRadioGroup-root css-dmmspl-MuiFormGroup-root"[39m
                  [33mrole[39m=[32m"radiogroup"[39m
                [36m/>[39m
              [36m</div>[39m
            [36m</div>[39m
          [36m</div>[39m
        [36m</div>[39m
        [36m<div[39m
          [33mclass[39m=[32m"MuiGrid-root MuiGrid-item MuiGrid-grid-xs-12 css-1hzi63y-MuiGrid-root"[39m
        [36m>[39m
          [36m<div[39m
            [33mclass[39m=[32m"MuiGrid-root MuiGrid-container MuiGrid-spacing-xs-2 css-7pgsh3-MuiGrid-root"[39m
          [36m>[39m
            [36m<div[39m
              [33mclass[39m=[32m"MuiGrid-root MuiGrid-item css-13i4rnv-MuiGrid-root"[39m
            [36m>[39m
              [36m<button[39m
                [33maria-label[39m=[32m"Continua"[39m
                [33mclass[39m=[32m"MuiButtonBase-root MuiButton-root MuiButton-contained MuiButton-containedPrimary MuiButton-sizeMedium MuiButton-containedSizeMedium MuiButton-colorPrimary Mui-disabled MuiButton-root MuiButton-contained MuiButton-containedPrimary MuiButton-sizeMedium MuiButton-containedSizeMedium MuiButton-colorPrimary css-1fu7jd5-MuiButtonBase-root-MuiButton-root"[39m
                [33mdisabled[39m=[32m""[39m
                [33mtabindex[39m=[32m"-1"[39m
                [33mtype[39m=[32m"button"[39m
              [36m>[39m
                [0mContinua[0m
              [36m</button>[39m
            [36m</div>[39m
          [36m</div>[39m
        [36m</div>[39m
      [36m</div>[39m
    [36m</div>[39m
  [36m</div>[39m
[36m</body>[39m

Ignored nodes: comments, script, style
[36m<html>[39m
  [36m<head />[39m
  [36m<body[39m
    [33mstyle[39m=[32m""[39m
  [36m>[39m
    [36m<div>[39m
      [36m<button>[39m
        [0mLOGOUT[0m
      [36m</button>[39m
      [36m<div[39m
        [33mclass[39m=[32m"MuiContainer-root MuiContainer-maxWidthLg css-1oqqzyl-MuiContainer-root"[39m
      [36m>[39m
        [36m<div[39m
          [33mclass[39m=[32m"MuiGrid-root MuiGrid-container css-rm289v-MuiGrid-root"[39m
        [36m>[39m
          [36m<div[39m
            [33mclass[39m=[32m"MuiGrid-root MuiGrid-item MuiGrid-grid-xs-12 css-bj7xu4-MuiGrid-root"[39m
          [36m>[39m
            [36m<h3[39m
              [33mclass[39m=[32m"MuiTypography-root MuiTypography-h3 MuiTypography-alignCenter css-1ftkxk0-MuiTypography-root"[39m
            [36m>[39m
              [0mSeleziona il tipo di ente che [0m
              [36m<br />[39m
              [0m rappresenti[0m
            [36m</h3>[39m
          [36m</div>[39m
          [36m<div[39m
            [33mclass[39m=[32m"MuiGrid-root MuiGrid-item MuiGrid-grid-xs-12 css-bj7xu4-MuiGrid-root"[39m
          [36m>[39m
            [36m<p[39m
              [33mclass[39m=[32m"MuiTypography-root MuiTypography-body1 MuiTypography-alignCenter css-5v5l99-MuiTypography-root"[39m
            [36m>[39m
              [0mIndica il tipo di ente che aderirà a [0m
              [36m<strong />[39m
            [36m</p>[39m
          [36m</div>[39m
          [36m<div[39m
            [33mclass[39m=[32m"MuiGrid-root MuiGrid-item MuiGrid-grid-xs-12 css-bj7xu4-MuiGrid-root"[39m
          [36m>[39m
            [36m<div[39m
              [33mclass[39m=[32m"MuiPaper-root MuiPaper-elevation MuiPaper-rounded MuiPaper-elevation0 MuiAlert-root MuiAlert-colorInfo MuiAlert-standardInfo MuiAlert-standard css-5zts0j-MuiPaper-root-MuiAlert-root"[39m
              [33mrole[39m=[32m"alert"[39m
            [36m>[39m
              [36m<div[39m
                [33mclass[39m=[32m"MuiAlert-icon css-1ytlwq5-MuiAlert-icon"[39m
              [36m>[39m
                [36m<svg[39m
                  [33maria-hidden[39m=[32m"true"[39m
                  [33mclass[39m=[32m"MuiSvgIcon-root MuiSvgIcon-fontSizeInherit css-1vooibu-MuiSvgIcon-root"[39m
                  [33mdata-testid[39m=[32m"InfoOutlinedIcon"[39m
                  [33mfocusable[39m=[32m"false"[39m
                  [33mviewBox[39m=[32m"0 0 24 24"[39m
                [36m>[39m
                  [36m<path[39m
                    [33md[39m=[32m"M11,9H13V7H11M12,20C7.59,20 4,16.41 4,12C4,7.59 7.59,4 12,4C16.41,4 20,7.59 20, 12C20,16.41 16.41,20 12,20M12,2A10,10 0 0,0 2,12A10,10 0 0,0 12,22A10,10 0 0,0 22,12A10, 10 0 0,0 12,2M11,17H13V11H11V17Z"[39m
                  [36m/>[39m
                [36m</svg>[39m
              [36m</div>[39m
              [36m<div[39m
                [33mclass[39m=[32m"MuiAlert-message css-1pxa9xg-MuiAlert-message"[39m
              [36m>[39m
                [0mPagoPA S.p.A. mette a disposizione la piattaforma per la gestione delle adesioni. Non partecipa alla Convenzione e non è responsabile della sua esecuzione.[0m
              [36m</div>[39m
            [36m</div>[39m
          [36m</div>[39m
          [36m<div[39m
            [33mclass[39m=[32m"MuiPaper-root MuiPaper-elevation MuiPaper-rounded MuiPaper-elevation8 css-1tchchv-MuiPaper-root"[39m
          [36m>[39m
            [36m<div[39m
              [33mclass[39m=[32m"MuiGrid-root MuiGrid-container MuiGrid-item css-1f064cs-MuiGrid-root"[39m
            [36m>[39m
              [36m<div[39m
                [33mclass[39m=[32m"MuiGrid-root MuiGrid-item MuiGrid-grid-xs-12 css-11x2j5o-MuiGrid-root"[39m
              [36m>[39m
                [36m<div[39m
                  [33mclass[39m=[32m"MuiFormControl-root css-1nrlq1o-MuiFormControl-root"[39m
                [36m>[39m
                  [36m<div[39m
                    [33mclass[39m=[32m"MuiFormGroup-root MuiRadioGroup-root css-dmmspl-MuiFormGroup-root"[39m
                    [33mrole[39m=[32m"radiogroup"[39m
                  [36m/>[39m
                [36m</div>[39m
              [36m</div>[39m
            [36m</div>[39m
          [36m</div>[39m
          [36m<div[39m
            [33mclass[39m=[32m"MuiGrid-root MuiGrid-item MuiGrid-grid-xs-12 css-1hzi63y-MuiGrid-root"[39m
          [36m>[39m
            [36m<div[39m
              [33mclass[39m=[32m"MuiGrid-root MuiGrid-container MuiGrid-spacing-xs-2 css-7pgsh3-MuiGrid-root"[39m
            [36m>[39m
              [36m<div[39m
                [33mclass[39m=[32m"MuiGrid-root MuiGrid-item css-13i4rnv-MuiGrid-root"[39m
              [36m>[39m
                [36m<button[39m
                  [33maria-label[39m=[32m"Continua"[39m
                  [33mclass[39m=[32m"MuiButtonBase-root MuiButton-root MuiButton-contained MuiButton-containedPrimary MuiButton-sizeMedium MuiButton-containedSizeMedium MuiButton-colorPrimary Mui-disabled MuiButton-root MuiButton-contained MuiButton-containedPrimary MuiButton-sizeMedium MuiButton-containedSizeMedium MuiButton-colorPrimary css-1fu7jd5-MuiButtonBase-root-MuiButton-root"[39m
                  [33mdisabled[39m=[32m""[39m
                  [33mtabindex[39m=[32m"-1"[39m
                  [33mtype[39m=[32m"button"[39m
                [36m>[39m
                  [0mContinua[0m
                [36m</button>[39m
              [36m</div>[39m
            [36m</div>[39m
          [36m</div>[39m
        [36m</div>[39m
      [36m</div>[39m
    [36m</div>[39m
  [36m</body>[39m
[36m</html>[39m...
[90m [2m❯[22m waitForWrapper node_modules/@testing-library/dom/dist/wait-for.js:[2m163:27[22m[39m
[36m [2m❯[22m Module.executeStepInstitutionType src/views/onboardingProduct/__tests__/shared/stepHelpers.tsx:[2m119:11[22m[39m
    [90m117| [39m    screen[33m.[39m[34mgetByText[39m([36m/Indica il tipo di ente che aderirà a/[39m)[33m;[39m
    [90m118| [39m
    [90m119| [39m    [35mawait[39m [34mwaitFor[39m(() [33m=>[39m {
    [90m   | [39m          [31m^[39m
    [90m120| [39m      [34mfillInstitutionTypeCheckbox[39m(institutionType[33m,[39m productSelected)[33m;[39m
    [90m121| [39m
[90m [2m❯[22m src/views/onboardingProduct/__tests__/OnboardingProduct.interop.test.tsx:[2m203:3[22m[39m

[31m[2m⎯⎯⎯⎯⎯⎯⎯⎯⎯⎯⎯⎯⎯⎯⎯⎯⎯⎯⎯⎯⎯⎯[24/58]⎯[22m[39m

[41m[1m FAIL [22m[49m src/views/onboardingProduct/__tests__/OnboardingProduct.interop.test.tsx[2m > [22mTest: Successfull complete onboarding request of italian AS without tax code for product prod-interop search by ivass code
[31m[1mTestingLibraryElementError[22m[39m: Unable to find an element with the text: Società di assicurazione. This could be because the text is broken up by multiple elements. In this case, you can provide a function for your text matcher to make your matcher more flexible.

Ignored nodes: comments, script, style
[36m<body[39m
  [33mstyle[39m=[32m""[39m
[36m>[39m
  [36m<div>[39m
    [36m<button>[39m
      [0mLOGOUT[0m
    [36m</button>[39m
    [36m<div[39m
      [33mclass[39m=[32m"MuiContainer-root MuiContainer-maxWidthLg css-1oqqzyl-MuiContainer-root"[39m
    [36m>[39m
      [36m<div[39m
        [33mclass[39m=[32m"MuiGrid-root MuiGrid-container css-rm289v-MuiGrid-root"[39m
      [36m>[39m
        [36m<div[39m
          [33mclass[39m=[32m"MuiGrid-root MuiGrid-item MuiGrid-grid-xs-12 css-bj7xu4-MuiGrid-root"[39m
        [36m>[39m
          [36m<h3[39m
            [33mclass[39m=[32m"MuiTypography-root MuiTypography-h3 MuiTypography-alignCenter css-1ftkxk0-MuiTypography-root"[39m
          [36m>[39m
            [0mSeleziona il tipo di ente che [0m
            [36m<br />[39m
            [0m rappresenti[0m
          [36m</h3>[39m
        [36m</div>[39m
        [36m<div[39m
          [33mclass[39m=[32m"MuiGrid-root MuiGrid-item MuiGrid-grid-xs-12 css-bj7xu4-MuiGrid-root"[39m
        [36m>[39m
          [36m<p[39m
            [33mclass[39m=[32m"MuiTypography-root MuiTypography-body1 MuiTypography-alignCenter css-5v5l99-MuiTypography-root"[39m
          [36m>[39m
            [0mIndica il tipo di ente che aderirà a [0m
            [36m<strong />[39m
          [36m</p>[39m
        [36m</div>[39m
        [36m<div[39m
          [33mclass[39m=[32m"MuiGrid-root MuiGrid-item MuiGrid-grid-xs-12 css-bj7xu4-MuiGrid-root"[39m
        [36m>[39m
          [36m<div[39m
            [33mclass[39m=[32m"MuiPaper-root MuiPaper-elevation MuiPaper-rounded MuiPaper-elevation0 MuiAlert-root MuiAlert-colorInfo MuiAlert-standardInfo MuiAlert-standard css-5zts0j-MuiPaper-root-MuiAlert-root"[39m
            [33mrole[39m=[32m"alert"[39m
          [36m>[39m
            [36m<div[39m
              [33mclass[39m=[32m"MuiAlert-icon css-1ytlwq5-MuiAlert-icon"[39m
            [36m>[39m
              [36m<svg[39m
                [33maria-hidden[39m=[32m"true"[39m
                [33mclass[39m=[32m"MuiSvgIcon-root MuiSvgIcon-fontSizeInherit css-1vooibu-MuiSvgIcon-root"[39m
                [33mdata-testid[39m=[32m"InfoOutlinedIcon"[39m
                [33mfocusable[39m=[32m"false"[39m
                [33mviewBox[39m=[32m"0 0 24 24"[39m
              [36m>[39m
                [36m<path[39m
                  [33md[39m=[32m"M11,9H13V7H11M12,20C7.59,20 4,16.41 4,12C4,7.59 7.59,4 12,4C16.41,4 20,7.59 20, 12C20,16.41 16.41,20 12,20M12,2A10,10 0 0,0 2,12A10,10 0 0,0 12,22A10,10 0 0,0 22,12A10, 10 0 0,0 12,2M11,17H13V11H11V17Z"[39m
                [36m/>[39m
              [36m</svg>[39m
            [36m</div>[39m
            [36m<div[39m
              [33mclass[39m=[32m"MuiAlert-message css-1pxa9xg-MuiAlert-message"[39m
            [36m>[39m
              [0mPagoPA S.p.A. mette a disposizione la piattaforma per la gestione delle adesioni. Non partecipa alla Convenzione e non è responsabile della sua esecuzione.[0m
            [36m</div>[39m
          [36m</div>[39m
        [36m</div>[39m
        [36m<div[39m
          [33mclass[39m=[32m"MuiPaper-root MuiPaper-elevation MuiPaper-rounded MuiPaper-elevation8 css-1tchchv-MuiPaper-root"[39m
        [36m>[39m
          [36m<div[39m
            [33mclass[39m=[32m"MuiGrid-root MuiGrid-container MuiGrid-item css-1f064cs-MuiGrid-root"[39m
          [36m>[39m
            [36m<div[39m
              [33mclass[39m=[32m"MuiGrid-root MuiGrid-item MuiGrid-grid-xs-12 css-11x2j5o-MuiGrid-root"[39m
            [36m>[39m
              [36m<div[39m
                [33mclass[39m=[32m"MuiFormControl-root css-1nrlq1o-MuiFormControl-root"[39m
              [36m>[39m
                [36m<div[39m
                  [33mclass[39m=[32m"MuiFormGroup-root MuiRadioGroup-root css-dmmspl-MuiFormGroup-root"[39m
                  [33mrole[39m=[32m"radiogroup"[39m
                [36m/>[39m
              [36m</div>[39m
            [36m</div>[39m
          [36m</div>[39m
        [36m</div>[39m
        [36m<div[39m
          [33mclass[39m=[32m"MuiGrid-root MuiGrid-item MuiGrid-grid-xs-12 css-1hzi63y-MuiGrid-root"[39m
        [36m>[39m
          [36m<div[39m
            [33mclass[39m=[32m"MuiGrid-root MuiGrid-container MuiGrid-spacing-xs-2 css-7pgsh3-MuiGrid-root"[39m
          [36m>[39m
            [36m<div[39m
              [33mclass[39m=[32m"MuiGrid-root MuiGrid-item css-13i4rnv-MuiGrid-root"[39m
            [36m>[39m
              [36m<button[39m
                [33maria-label[39m=[32m"Continua"[39m
                [33mclass[39m=[32m"MuiButtonBase-root MuiButton-root MuiButton-contained MuiButton-containedPrimary MuiButton-sizeMedium MuiButton-containedSizeMedium MuiButton-colorPrimary Mui-disabled MuiButton-root MuiButton-contained MuiButton-containedPrimary MuiButton-sizeMedium MuiButton-containedSizeMedium MuiButton-colorPrimary css-1fu7jd5-MuiButtonBase-root-MuiButton-root"[39m
                [33mdisabled[39m=[32m""[39m
                [33mtabindex[39m=[32m"-1"[39m
                [33mtype[39m=[32m"button"[39m
              [36m>[39m
                [0mContinua[0m
              [36m</button>[39m
            [36m</div>[39m
          [36m</div>[39m
        [36m</div>[39m
      [36m</div>[39m
    [36m</div>[39m
  [36m</div>[39m
[36m</body>[39m

Ignored nodes: comments, script, style
[36m<html>[39m
  [36m<head />[39m
  [36m<body[39m
    [33mstyle[39m=[32m""[39m
  [36m>[39m
    [36m<div>[39m
      [36m<button>[39m
        [0mLOGOUT[0m
      [36m</button>[39m
      [36m<div[39m
        [33mclass[39m=[32m"MuiContainer-root MuiContainer-maxWidthLg css-1oqqzyl-MuiContainer-root"[39m
      [36m>[39m
        [36m<div[39m
          [33mclass[39m=[32m"MuiGrid-root MuiGrid-container css-rm289v-MuiGrid-root"[39m
        [36m>[39m
          [36m<div[39m
            [33mclass[39m=[32m"MuiGrid-root MuiGrid-item MuiGrid-grid-xs-12 css-bj7xu4-MuiGrid-root"[39m
          [36m>[39m
            [36m<h3[39m
              [33mclass[39m=[32m"MuiTypography-root MuiTypography-h3 MuiTypography-alignCenter css-1ftkxk0-MuiTypography-root"[39m
            [36m>[39m
              [0mSeleziona il tipo di ente che [0m
              [36m<br />[39m
              [0m rappresenti[0m
            [36m</h3>[39m
          [36m</div>[39m
          [36m<div[39m
            [33mclass[39m=[32m"MuiGrid-root MuiGrid-item MuiGrid-grid-xs-12 css-bj7xu4-MuiGrid-root"[39m
          [36m>[39m
            [36m<p[39m
              [33mclass[39m=[32m"MuiTypography-root MuiTypography-body1 MuiTypography-alignCenter css-5v5l99-MuiTypography-root"[39m
            [36m>[39m
              [0mIndica il tipo di ente che aderirà a [0m
              [36m<strong />[39m
            [36m</p>[39m
          [36m</div>[39m
          [36m<div[39m
            [33mclass[39m=[32m"MuiGrid-root MuiGrid-item MuiGrid-grid-xs-12 css-bj7xu4-MuiGrid-root"[39m
          [36m>[39m
            [36m<div[39m
              [33mclass[39m=[32m"MuiPaper-root MuiPaper-elevation MuiPaper-rounded MuiPaper-elevation0 MuiAlert-root MuiAlert-colorInfo MuiAlert-standardInfo MuiAlert-standard css-5zts0j-MuiPaper-root-MuiAlert-root"[39m
              [33mrole[39m=[32m"alert"[39m
            [36m>[39m
              [36m<div[39m
                [33mclass[39m=[32m"MuiAlert-icon css-1ytlwq5-MuiAlert-icon"[39m
              [36m>[39m
                [36m<svg[39m
                  [33maria-hidden[39m=[32m"true"[39m
                  [33mclass[39m=[32m"MuiSvgIcon-root MuiSvgIcon-fontSizeInherit css-1vooibu-MuiSvgIcon-root"[39m
                  [33mdata-testid[39m=[32m"InfoOutlinedIcon"[39m
                  [33mfocusable[39m=[32m"false"[39m
                  [33mviewBox[39m=[32m"0 0 24 24"[39m
                [36m>[39m
                  [36m<path[39m
                    [33md[39m=[32m"M11,9H13V7H11M12,20C7.59,20 4,16.41 4,12C4,7.59 7.59,4 12,4C16.41,4 20,7.59 20, 12C20,16.41 16.41,20 12,20M12,2A10,10 0 0,0 2,12A10,10 0 0,0 12,22A10,10 0 0,0 22,12A10, 10 0 0,0 12,2M11,17H13V11H11V17Z"[39m
                  [36m/>[39m
                [36m</svg>[39m
              [36m</div>[39m
              [36m<div[39m
                [33mclass[39m=[32m"MuiAlert-message css-1pxa9xg-MuiAlert-message"[39m
              [36m>[39m
                [0mPagoPA S.p.A. mette a disposizione la piattaforma per la gestione delle adesioni. Non partecipa alla Convenzione e non è responsabile della sua esecuzione.[0m
              [36m</div>[39m
            [36m</div>[39m
          [36m</div>[39m
          [36m<div[39m
            [33mclass[39m=[32m"MuiPaper-root MuiPaper-elevation MuiPaper-rounded MuiPaper-elevation8 css-1tchchv-MuiPaper-root"[39m
          [36m>[39m
            [36m<div[39m
              [33mclass[39m=[32m"MuiGrid-root MuiGrid-container MuiGrid-item css-1f064cs-MuiGrid-root"[39m
            [36m>[39m
              [36m<div[39m
                [33mclass[39m=[32m"MuiGrid-root MuiGrid-item MuiGrid-grid-xs-12 css-11x2j5o-MuiGrid-root"[39m
              [36m>[39m
                [36m<div[39m
                  [33mclass[39m=[32m"MuiFormControl-root css-1nrlq1o-MuiFormControl-root"[39m
                [36m>[39m
                  [36m<div[39m
                    [33mclass[39m=[32m"MuiFormGroup-root MuiRadioGroup-root css-dmmspl-MuiFormGroup-root"[39m
                    [33mrole[39m=[32m"radiogroup"[39m
                  [36m/>[39m
                [36m</div>[39m
              [36m</div>[39m
            [36m</div>[39m
          [36m</div>[39m
          [36m<div[39m
            [33mclass[39m=[32m"MuiGrid-root MuiGrid-item MuiGrid-grid-xs-12 css-1hzi63y-MuiGrid-root"[39m
          [36m>[39m
            [36m<div[39m
              [33mclass[39m=[32m"MuiGrid-root MuiGrid-container MuiGrid-spacing-xs-2 css-7pgsh3-MuiGrid-root"[39m
            [36m>[39m
              [36m<div[39m
                [33mclass[39m=[32m"MuiGrid-root MuiGrid-item css-13i4rnv-MuiGrid-root"[39m
              [36m>[39m
                [36m<button[39m
                  [33maria-label[39m=[32m"Continua"[39m
                  [33mclass[39m=[32m"MuiButtonBase-root MuiButton-root MuiButton-contained MuiButton-containedPrimary MuiButton-sizeMedium MuiButton-containedSizeMedium MuiButton-colorPrimary Mui-disabled MuiButton-root MuiButton-contained MuiButton-containedPrimary MuiButton-sizeMedium MuiButton-containedSizeMedium MuiButton-colorPrimary css-1fu7jd5-MuiButtonBase-root-MuiButton-root"[39m
                  [33mdisabled[39m=[32m""[39m
                  [33mtabindex[39m=[32m"-1"[39m
                  [33mtype[39m=[32m"button"[39m
                [36m>[39m
                  [0mContinua[0m
                [36m</button>[39m
              [36m</div>[39m
            [36m</div>[39m
          [36m</div>[39m
        [36m</div>[39m
      [36m</div>[39m
    [36m</div>[39m
  [36m</body>[39m
[36m</html>[39m...
[90m [2m❯[22m waitForWrapper node_modules/@testing-library/dom/dist/wait-for.js:[2m163:27[22m[39m
[36m [2m❯[22m Module.executeStepInstitutionType src/views/onboardingProduct/__tests__/shared/stepHelpers.tsx:[2m119:11[22m[39m
    [90m117| [39m    screen[33m.[39m[34mgetByText[39m([36m/Indica il tipo di ente che aderirà a/[39m)[33m;[39m
    [90m118| [39m
    [90m119| [39m    [35mawait[39m [34mwaitFor[39m(() [33m=>[39m {
    [90m   | [39m          [31m^[39m
    [90m120| [39m      [34mfillInstitutionTypeCheckbox[39m(institutionType[33m,[39m productSelected)[33m;[39m
    [90m121| [39m
[90m [2m❯[22m src/views/onboardingProduct/__tests__/OnboardingProduct.interop.test.tsx:[2m245:3[22m[39m

[31m[2m⎯⎯⎯⎯⎯⎯⎯⎯⎯⎯⎯⎯⎯⎯⎯⎯⎯⎯⎯⎯⎯⎯[25/58]⎯[22m[39m

[41m[1m FAIL [22m[49m src/views/onboardingProduct/__tests__/OnboardingProduct.interop.test.tsx[2m > [22mTest: Successfull complete onboarding request of SCP for product prod-interop search with tax code
[31m[1mTestingLibraryElementError[22m[39m: Unable to find an element with the text: Società a controllo pubblico. This could be because the text is broken up by multiple elements. In this case, you can provide a function for your text matcher to make your matcher more flexible.

Ignored nodes: comments, script, style
[36m<body[39m
  [33mstyle[39m=[32m""[39m
[36m>[39m
  [36m<div>[39m
    [36m<button>[39m
      [0mLOGOUT[0m
    [36m</button>[39m
    [36m<div[39m
      [33mclass[39m=[32m"MuiContainer-root MuiContainer-maxWidthLg css-1oqqzyl-MuiContainer-root"[39m
    [36m>[39m
      [36m<div[39m
        [33mclass[39m=[32m"MuiGrid-root MuiGrid-container css-rm289v-MuiGrid-root"[39m
      [36m>[39m
        [36m<div[39m
          [33mclass[39m=[32m"MuiGrid-root MuiGrid-item MuiGrid-grid-xs-12 css-bj7xu4-MuiGrid-root"[39m
        [36m>[39m
          [36m<h3[39m
            [33mclass[39m=[32m"MuiTypography-root MuiTypography-h3 MuiTypography-alignCenter css-1ftkxk0-MuiTypography-root"[39m
          [36m>[39m
            [0mSeleziona il tipo di ente che [0m
            [36m<br />[39m
            [0m rappresenti[0m
          [36m</h3>[39m
        [36m</div>[39m
        [36m<div[39m
          [33mclass[39m=[32m"MuiGrid-root MuiGrid-item MuiGrid-grid-xs-12 css-bj7xu4-MuiGrid-root"[39m
        [36m>[39m
          [36m<p[39m
            [33mclass[39m=[32m"MuiTypography-root MuiTypography-body1 MuiTypography-alignCenter css-5v5l99-MuiTypography-root"[39m
          [36m>[39m
            [0mIndica il tipo di ente che aderirà a [0m
            [36m<strong />[39m
          [36m</p>[39m
        [36m</div>[39m
        [36m<div[39m
          [33mclass[39m=[32m"MuiGrid-root MuiGrid-item MuiGrid-grid-xs-12 css-bj7xu4-MuiGrid-root"[39m
        [36m>[39m
          [36m<div[39m
            [33mclass[39m=[32m"MuiPaper-root MuiPaper-elevation MuiPaper-rounded MuiPaper-elevation0 MuiAlert-root MuiAlert-colorInfo MuiAlert-standardInfo MuiAlert-standard css-5zts0j-MuiPaper-root-MuiAlert-root"[39m
            [33mrole[39m=[32m"alert"[39m
          [36m>[39m
            [36m<div[39m
              [33mclass[39m=[32m"MuiAlert-icon css-1ytlwq5-MuiAlert-icon"[39m
            [36m>[39m
              [36m<svg[39m
                [33maria-hidden[39m=[32m"true"[39m
                [33mclass[39m=[32m"MuiSvgIcon-root MuiSvgIcon-fontSizeInherit css-1vooibu-MuiSvgIcon-root"[39m
                [33mdata-testid[39m=[32m"InfoOutlinedIcon"[39m
                [33mfocusable[39m=[32m"false"[39m
                [33mviewBox[39m=[32m"0 0 24 24"[39m
              [36m>[39m
                [36m<path[39m
                  [33md[39m=[32m"M11,9H13V7H11M12,20C7.59,20 4,16.41 4,12C4,7.59 7.59,4 12,4C16.41,4 20,7.59 20, 12C20,16.41 16.41,20 12,20M12,2A10,10 0 0,0 2,12A10,10 0 0,0 12,22A10,10 0 0,0 22,12A10, 10 0 0,0 12,2M11,17H13V11H11V17Z"[39m
                [36m/>[39m
              [36m</svg>[39m
            [36m</div>[39m
            [36m<div[39m
              [33mclass[39m=[32m"MuiAlert-message css-1pxa9xg-MuiAlert-message"[39m
            [36m>[39m
              [0mPagoPA S.p.A. mette a disposizione la piattaforma per la gestione delle adesioni. Non partecipa alla Convenzione e non è responsabile della sua esecuzione.[0m
            [36m</div>[39m
          [36m</div>[39m
        [36m</div>[39m
        [36m<div[39m
          [33mclass[39m=[32m"MuiPaper-root MuiPaper-elevation MuiPaper-rounded MuiPaper-elevation8 css-1tchchv-MuiPaper-root"[39m
        [36m>[39m
          [36m<div[39m
            [33mclass[39m=[32m"MuiGrid-root MuiGrid-container MuiGrid-item css-1f064cs-MuiGrid-root"[39m
          [36m>[39m
            [36m<div[39m
              [33mclass[39m=[32m"MuiGrid-root MuiGrid-item MuiGrid-grid-xs-12 css-11x2j5o-MuiGrid-root"[39m
            [36m>[39m
              [36m<div[39m
                [33mclass[39m=[32m"MuiFormControl-root css-1nrlq1o-MuiFormControl-root"[39m
              [36m>[39m
                [36m<div[39m
                  [33mclass[39m=[32m"MuiFormGroup-root MuiRadioGroup-root css-dmmspl-MuiFormGroup-root"[39m
                  [33mrole[39m=[32m"radiogroup"[39m
                [36m/>[39m
              [36m</div>[39m
            [36m</div>[39m
          [36m</div>[39m
        [36m</div>[39m
        [36m<div[39m
          [33mclass[39m=[32m"MuiGrid-root MuiGrid-item MuiGrid-grid-xs-12 css-1hzi63y-MuiGrid-root"[39m
        [36m>[39m
          [36m<div[39m
            [33mclass[39m=[32m"MuiGrid-root MuiGrid-container MuiGrid-spacing-xs-2 css-7pgsh3-MuiGrid-root"[39m
          [36m>[39m
            [36m<div[39m
              [33mclass[39m=[32m"MuiGrid-root MuiGrid-item css-13i4rnv-MuiGrid-root"[39m
            [36m>[39m
              [36m<button[39m
                [33maria-label[39m=[32m"Continua"[39m
                [33mclass[39m=[32m"MuiButtonBase-root MuiButton-root MuiButton-contained MuiButton-containedPrimary MuiButton-sizeMedium MuiButton-containedSizeMedium MuiButton-colorPrimary Mui-disabled MuiButton-root MuiButton-contained MuiButton-containedPrimary MuiButton-sizeMedium MuiButton-containedSizeMedium MuiButton-colorPrimary css-1fu7jd5-MuiButtonBase-root-MuiButton-root"[39m
                [33mdisabled[39m=[32m""[39m
                [33mtabindex[39m=[32m"-1"[39m
                [33mtype[39m=[32m"button"[39m
              [36m>[39m
                [0mContinua[0m
              [36m</button>[39m
            [36m</div>[39m
          [36m</div>[39m
        [36m</div>[39m
      [36m</div>[39m
    [36m</div>[39m
  [36m</div>[39m
[36m</body>[39m

Ignored nodes: comments, script, style
[36m<html>[39m
  [36m<head />[39m
  [36m<body[39m
    [33mstyle[39m=[32m""[39m
  [36m>[39m
    [36m<div>[39m
      [36m<button>[39m
        [0mLOGOUT[0m
      [36m</button>[39m
      [36m<div[39m
        [33mclass[39m=[32m"MuiContainer-root MuiContainer-maxWidthLg css-1oqqzyl-MuiContainer-root"[39m
      [36m>[39m
        [36m<div[39m
          [33mclass[39m=[32m"MuiGrid-root MuiGrid-container css-rm289v-MuiGrid-root"[39m
        [36m>[39m
          [36m<div[39m
            [33mclass[39m=[32m"MuiGrid-root MuiGrid-item MuiGrid-grid-xs-12 css-bj7xu4-MuiGrid-root"[39m
          [36m>[39m
            [36m<h3[39m
              [33mclass[39m=[32m"MuiTypography-root MuiTypography-h3 MuiTypography-alignCenter css-1ftkxk0-MuiTypography-root"[39m
            [36m>[39m
              [0mSeleziona il tipo di ente che [0m
              [36m<br />[39m
              [0m rappresenti[0m
            [36m</h3>[39m
          [36m</div>[39m
          [36m<div[39m
            [33mclass[39m=[32m"MuiGrid-root MuiGrid-item MuiGrid-grid-xs-12 css-bj7xu4-MuiGrid-root"[39m
          [36m>[39m
            [36m<p[39m
              [33mclass[39m=[32m"MuiTypography-root MuiTypography-body1 MuiTypography-alignCenter css-5v5l99-MuiTypography-root"[39m
            [36m>[39m
              [0mIndica il tipo di ente che aderirà a [0m
              [36m<strong />[39m
            [36m</p>[39m
          [36m</div>[39m
          [36m<div[39m
            [33mclass[39m=[32m"MuiGrid-root MuiGrid-item MuiGrid-grid-xs-12 css-bj7xu4-MuiGrid-root"[39m
          [36m>[39m
            [36m<div[39m
              [33mclass[39m=[32m"MuiPaper-root MuiPaper-elevation MuiPaper-rounded MuiPaper-elevation0 MuiAlert-root MuiAlert-colorInfo MuiAlert-standardInfo MuiAlert-standard css-5zts0j-MuiPaper-root-MuiAlert-root"[39m
              [33mrole[39m=[32m"alert"[39m
            [36m>[39m
              [36m<div[39m
                [33mclass[39m=[32m"MuiAlert-icon css-1ytlwq5-MuiAlert-icon"[39m
              [36m>[39m
                [36m<svg[39m
                  [33maria-hidden[39m=[32m"true"[39m
                  [33mclass[39m=[32m"MuiSvgIcon-root MuiSvgIcon-fontSizeInherit css-1vooibu-MuiSvgIcon-root"[39m
                  [33mdata-testid[39m=[32m"InfoOutlinedIcon"[39m
                  [33mfocusable[39m=[32m"false"[39m
                  [33mviewBox[39m=[32m"0 0 24 24"[39m
                [36m>[39m
                  [36m<path[39m
                    [33md[39m=[32m"M11,9H13V7H11M12,20C7.59,20 4,16.41 4,12C4,7.59 7.59,4 12,4C16.41,4 20,7.59 20, 12C20,16.41 16.41,20 12,20M12,2A10,10 0 0,0 2,12A10,10 0 0,0 12,22A10,10 0 0,0 22,12A10, 10 0 0,0 12,2M11,17H13V11H11V17Z"[39m
                  [36m/>[39m
                [36m</svg>[39m
              [36m</div>[39m
              [36m<div[39m
                [33mclass[39m=[32m"MuiAlert-message css-1pxa9xg-MuiAlert-message"[39m
              [36m>[39m
                [0mPagoPA S.p.A. mette a disposizione la piattaforma per la gestione delle adesioni. Non partecipa alla Convenzione e non è responsabile della sua esecuzione.[0m
              [36m</div>[39m
            [36m</div>[39m
          [36m</div>[39m
          [36m<div[39m
            [33mclass[39m=[32m"MuiPaper-root MuiPaper-elevation MuiPaper-rounded MuiPaper-elevation8 css-1tchchv-MuiPaper-root"[39m
          [36m>[39m
            [36m<div[39m
              [33mclass[39m=[32m"MuiGrid-root MuiGrid-container MuiGrid-item css-1f064cs-MuiGrid-root"[39m
            [36m>[39m
              [36m<div[39m
                [33mclass[39m=[32m"MuiGrid-root MuiGrid-item MuiGrid-grid-xs-12 css-11x2j5o-MuiGrid-root"[39m
              [36m>[39m
                [36m<div[39m
                  [33mclass[39m=[32m"MuiFormControl-root css-1nrlq1o-MuiFormControl-root"[39m
                [36m>[39m
                  [36m<div[39m
                    [33mclass[39m=[32m"MuiFormGroup-root MuiRadioGroup-root css-dmmspl-MuiFormGroup-root"[39m
                    [33mrole[39m=[32m"radiogroup"[39m
                  [36m/>[39m
                [36m</div>[39m
              [36m</div>[39m
            [36m</div>[39m
          [36m</div>[39m
          [36m<div[39m
            [33mclass[39m=[32m"MuiGrid-root MuiGrid-item MuiGrid-grid-xs-12 css-1hzi63y-MuiGrid-root"[39m
          [36m>[39m
            [36m<div[39m
              [33mclass[39m=[32m"MuiGrid-root MuiGrid-container MuiGrid-spacing-xs-2 css-7pgsh3-MuiGrid-root"[39m
            [36m>[39m
              [36m<div[39m
                [33mclass[39m=[32m"MuiGrid-root MuiGrid-item css-13i4rnv-MuiGrid-root"[39m
              [36m>[39m
                [36m<button[39m
                  [33maria-label[39m=[32m"Continua"[39m
                  [33mclass[39m=[32m"MuiButtonBase-root MuiButton-root MuiButton-contained MuiButton-containedPrimary MuiButton-sizeMedium MuiButton-containedSizeMedium MuiButton-colorPrimary Mui-disabled MuiButton-root MuiButton-contained MuiButton-containedPrimary MuiButton-sizeMedium MuiButton-containedSizeMedium MuiButton-colorPrimary css-1fu7jd5-MuiButtonBase-root-MuiButton-root"[39m
                  [33mdisabled[39m=[32m""[39m
                  [33mtabindex[39m=[32m"-1"[39m
                  [33mtype[39m=[32m"button"[39m
                [36m>[39m
                  [0mContinua[0m
                [36m</button>[39m
              [36m</div>[39m
            [36m</div>[39m
          [36m</div>[39m
        [36m</div>[39m
      [36m</div>[39m
    [36m</div>[39m
  [36m</body>[39m
[36m</html>[39m...
[90m [2m❯[22m waitForWrapper node_modules/@testing-library/dom/dist/wait-for.js:[2m163:27[22m[39m
[36m [2m❯[22m Module.executeStepInstitutionType src/views/onboardingProduct/__tests__/shared/stepHelpers.tsx:[2m119:11[22m[39m
    [90m117| [39m    screen[33m.[39m[34mgetByText[39m([36m/Indica il tipo di ente che aderirà a/[39m)[33m;[39m
    [90m118| [39m
    [90m119| [39m    [35mawait[39m [34mwaitFor[39m(() [33m=>[39m {
    [90m   | [39m          [31m^[39m
    [90m120| [39m      [34mfillInstitutionTypeCheckbox[39m(institutionType[33m,[39m productSelected)[33m;[39m
    [90m121| [39m
[90m [2m❯[22m completeOnboardingPdndInfocamereRequest src/views/onboardingProduct/__tests__/OnboardingProduct.interop.test.tsx:[2m40:3[22m[39m
[90m [2m❯[22m src/views/onboardingProduct/__tests__/OnboardingProduct.interop.test.tsx:[2m287:3[22m[39m

[31m[2m⎯⎯⎯⎯⎯⎯⎯⎯⎯⎯⎯⎯⎯⎯⎯⎯⎯⎯⎯⎯⎯⎯[26/58]⎯[22m[39m

[41m[1m FAIL [22m[49m src/views/onboardingProduct/__tests__/OnboardingProduct.interop.test.tsx[2m > [22mTest: Successfull complete onboarding request of PRV for product prod-interop search from infocamere with tax code
[31m[1mTestingLibraryElementError[22m[39m: Unable to find an element with the text: Privati. This could be because the text is broken up by multiple elements. In this case, you can provide a function for your text matcher to make your matcher more flexible.

Ignored nodes: comments, script, style
[36m<body[39m
  [33mstyle[39m=[32m""[39m
[36m>[39m
  [36m<div>[39m
    [36m<button>[39m
      [0mLOGOUT[0m
    [36m</button>[39m
    [36m<div[39m
      [33mclass[39m=[32m"MuiContainer-root MuiContainer-maxWidthLg css-1oqqzyl-MuiContainer-root"[39m
    [36m>[39m
      [36m<div[39m
        [33mclass[39m=[32m"MuiGrid-root MuiGrid-container css-rm289v-MuiGrid-root"[39m
      [36m>[39m
        [36m<div[39m
          [33mclass[39m=[32m"MuiGrid-root MuiGrid-item MuiGrid-grid-xs-12 css-bj7xu4-MuiGrid-root"[39m
        [36m>[39m
          [36m<h3[39m
            [33mclass[39m=[32m"MuiTypography-root MuiTypography-h3 MuiTypography-alignCenter css-1ftkxk0-MuiTypography-root"[39m
          [36m>[39m
            [0mSeleziona il tipo di ente che [0m
            [36m<br />[39m
            [0m rappresenti[0m
          [36m</h3>[39m
        [36m</div>[39m
        [36m<div[39m
          [33mclass[39m=[32m"MuiGrid-root MuiGrid-item MuiGrid-grid-xs-12 css-bj7xu4-MuiGrid-root"[39m
        [36m>[39m
          [36m<p[39m
            [33mclass[39m=[32m"MuiTypography-root MuiTypography-body1 MuiTypography-alignCenter css-5v5l99-MuiTypography-root"[39m
          [36m>[39m
            [0mIndica il tipo di ente che aderirà a [0m
            [36m<strong />[39m
          [36m</p>[39m
        [36m</div>[39m
        [36m<div[39m
          [33mclass[39m=[32m"MuiGrid-root MuiGrid-item MuiGrid-grid-xs-12 css-bj7xu4-MuiGrid-root"[39m
        [36m>[39m
          [36m<div[39m
            [33mclass[39m=[32m"MuiPaper-root MuiPaper-elevation MuiPaper-rounded MuiPaper-elevation0 MuiAlert-root MuiAlert-colorInfo MuiAlert-standardInfo MuiAlert-standard css-5zts0j-MuiPaper-root-MuiAlert-root"[39m
            [33mrole[39m=[32m"alert"[39m
          [36m>[39m
            [36m<div[39m
              [33mclass[39m=[32m"MuiAlert-icon css-1ytlwq5-MuiAlert-icon"[39m
            [36m>[39m
              [36m<svg[39m
                [33maria-hidden[39m=[32m"true"[39m
                [33mclass[39m=[32m"MuiSvgIcon-root MuiSvgIcon-fontSizeInherit css-1vooibu-MuiSvgIcon-root"[39m
                [33mdata-testid[39m=[32m"InfoOutlinedIcon"[39m
                [33mfocusable[39m=[32m"false"[39m
                [33mviewBox[39m=[32m"0 0 24 24"[39m
              [36m>[39m
                [36m<path[39m
                  [33md[39m=[32m"M11,9H13V7H11M12,20C7.59,20 4,16.41 4,12C4,7.59 7.59,4 12,4C16.41,4 20,7.59 20, 12C20,16.41 16.41,20 12,20M12,2A10,10 0 0,0 2,12A10,10 0 0,0 12,22A10,10 0 0,0 22,12A10, 10 0 0,0 12,2M11,17H13V11H11V17Z"[39m
                [36m/>[39m
              [36m</svg>[39m
            [36m</div>[39m
            [36m<div[39m
              [33mclass[39m=[32m"MuiAlert-message css-1pxa9xg-MuiAlert-message"[39m
            [36m>[39m
              [0mPagoPA S.p.A. mette a disposizione la piattaforma per la gestione delle adesioni. Non partecipa alla Convenzione e non è responsabile della sua esecuzione.[0m
            [36m</div>[39m
          [36m</div>[39m
        [36m</div>[39m
        [36m<div[39m
          [33mclass[39m=[32m"MuiPaper-root MuiPaper-elevation MuiPaper-rounded MuiPaper-elevation8 css-1tchchv-MuiPaper-root"[39m
        [36m>[39m
          [36m<div[39m
            [33mclass[39m=[32m"MuiGrid-root MuiGrid-container MuiGrid-item css-1f064cs-MuiGrid-root"[39m
          [36m>[39m
            [36m<div[39m
              [33mclass[39m=[32m"MuiGrid-root MuiGrid-item MuiGrid-grid-xs-12 css-11x2j5o-MuiGrid-root"[39m
            [36m>[39m
              [36m<div[39m
                [33mclass[39m=[32m"MuiFormControl-root css-1nrlq1o-MuiFormControl-root"[39m
              [36m>[39m
                [36m<div[39m
                  [33mclass[39m=[32m"MuiFormGroup-root MuiRadioGroup-root css-dmmspl-MuiFormGroup-root"[39m
                  [33mrole[39m=[32m"radiogroup"[39m
                [36m/>[39m
              [36m</div>[39m
            [36m</div>[39m
          [36m</div>[39m
        [36m</div>[39m
        [36m<div[39m
          [33mclass[39m=[32m"MuiGrid-root MuiGrid-item MuiGrid-grid-xs-12 css-1hzi63y-MuiGrid-root"[39m
        [36m>[39m
          [36m<div[39m
            [33mclass[39m=[32m"MuiGrid-root MuiGrid-container MuiGrid-spacing-xs-2 css-7pgsh3-MuiGrid-root"[39m
          [36m>[39m
            [36m<div[39m
              [33mclass[39m=[32m"MuiGrid-root MuiGrid-item css-13i4rnv-MuiGrid-root"[39m
            [36m>[39m
              [36m<button[39m
                [33maria-label[39m=[32m"Continua"[39m
                [33mclass[39m=[32m"MuiButtonBase-root MuiButton-root MuiButton-contained MuiButton-containedPrimary MuiButton-sizeMedium MuiButton-containedSizeMedium MuiButton-colorPrimary Mui-disabled MuiButton-root MuiButton-contained MuiButton-containedPrimary MuiButton-sizeMedium MuiButton-containedSizeMedium MuiButton-colorPrimary css-1fu7jd5-MuiButtonBase-root-MuiButton-root"[39m
                [33mdisabled[39m=[32m""[39m
                [33mtabindex[39m=[32m"-1"[39m
                [33mtype[39m=[32m"button"[39m
              [36m>[39m
                [0mContinua[0m
              [36m</button>[39m
            [36m</div>[39m
          [36m</div>[39m
        [36m</div>[39m
      [36m</div>[39m
    [36m</div>[39m
  [36m</div>[39m
[36m</body>[39m

Ignored nodes: comments, script, style
[36m<html>[39m
  [36m<head />[39m
  [36m<body[39m
    [33mstyle[39m=[32m""[39m
  [36m>[39m
    [36m<div>[39m
      [36m<button>[39m
        [0mLOGOUT[0m
      [36m</button>[39m
      [36m<div[39m
        [33mclass[39m=[32m"MuiContainer-root MuiContainer-maxWidthLg css-1oqqzyl-MuiContainer-root"[39m
      [36m>[39m
        [36m<div[39m
          [33mclass[39m=[32m"MuiGrid-root MuiGrid-container css-rm289v-MuiGrid-root"[39m
        [36m>[39m
          [36m<div[39m
            [33mclass[39m=[32m"MuiGrid-root MuiGrid-item MuiGrid-grid-xs-12 css-bj7xu4-MuiGrid-root"[39m
          [36m>[39m
            [36m<h3[39m
              [33mclass[39m=[32m"MuiTypography-root MuiTypography-h3 MuiTypography-alignCenter css-1ftkxk0-MuiTypography-root"[39m
            [36m>[39m
              [0mSeleziona il tipo di ente che [0m
              [36m<br />[39m
              [0m rappresenti[0m
            [36m</h3>[39m
          [36m</div>[39m
          [36m<div[39m
            [33mclass[39m=[32m"MuiGrid-root MuiGrid-item MuiGrid-grid-xs-12 css-bj7xu4-MuiGrid-root"[39m
          [36m>[39m
            [36m<p[39m
              [33mclass[39m=[32m"MuiTypography-root MuiTypography-body1 MuiTypography-alignCenter css-5v5l99-MuiTypography-root"[39m
            [36m>[39m
              [0mIndica il tipo di ente che aderirà a [0m
              [36m<strong />[39m
            [36m</p>[39m
          [36m</div>[39m
          [36m<div[39m
            [33mclass[39m=[32m"MuiGrid-root MuiGrid-item MuiGrid-grid-xs-12 css-bj7xu4-MuiGrid-root"[39m
          [36m>[39m
            [36m<div[39m
              [33mclass[39m=[32m"MuiPaper-root MuiPaper-elevation MuiPaper-rounded MuiPaper-elevation0 MuiAlert-root MuiAlert-colorInfo MuiAlert-standardInfo MuiAlert-standard css-5zts0j-MuiPaper-root-MuiAlert-root"[39m
              [33mrole[39m=[32m"alert"[39m
            [36m>[39m
              [36m<div[39m
                [33mclass[39m=[32m"MuiAlert-icon css-1ytlwq5-MuiAlert-icon"[39m
              [36m>[39m
                [36m<svg[39m
                  [33maria-hidden[39m=[32m"true"[39m
                  [33mclass[39m=[32m"MuiSvgIcon-root MuiSvgIcon-fontSizeInherit css-1vooibu-MuiSvgIcon-root"[39m
                  [33mdata-testid[39m=[32m"InfoOutlinedIcon"[39m
                  [33mfocusable[39m=[32m"false"[39m
                  [33mviewBox[39m=[32m"0 0 24 24"[39m
                [36m>[39m
                  [36m<path[39m
                    [33md[39m=[32m"M11,9H13V7H11M12,20C7.59,20 4,16.41 4,12C4,7.59 7.59,4 12,4C16.41,4 20,7.59 20, 12C20,16.41 16.41,20 12,20M12,2A10,10 0 0,0 2,12A10,10 0 0,0 12,22A10,10 0 0,0 22,12A10, 10 0 0,0 12,2M11,17H13V11H11V17Z"[39m
                  [36m/>[39m
                [36m</svg>[39m
              [36m</div>[39m
              [36m<div[39m
                [33mclass[39m=[32m"MuiAlert-message css-1pxa9xg-MuiAlert-message"[39m
              [36m>[39m
                [0mPagoPA S.p.A. mette a disposizione la piattaforma per la gestione delle adesioni. Non partecipa alla Convenzione e non è responsabile della sua esecuzione.[0m
              [36m</div>[39m
            [36m</div>[39m
          [36m</div>[39m
          [36m<div[39m
            [33mclass[39m=[32m"MuiPaper-root MuiPaper-elevation MuiPaper-rounded MuiPaper-elevation8 css-1tchchv-MuiPaper-root"[39m
          [36m>[39m
            [36m<div[39m
              [33mclass[39m=[32m"MuiGrid-root MuiGrid-container MuiGrid-item css-1f064cs-MuiGrid-root"[39m
            [36m>[39m
              [36m<div[39m
                [33mclass[39m=[32m"MuiGrid-root MuiGrid-item MuiGrid-grid-xs-12 css-11x2j5o-MuiGrid-root"[39m
              [36m>[39m
                [36m<div[39m
                  [33mclass[39m=[32m"MuiFormControl-root css-1nrlq1o-MuiFormControl-root"[39m
                [36m>[39m
                  [36m<div[39m
                    [33mclass[39m=[32m"MuiFormGroup-root MuiRadioGroup-root css-dmmspl-MuiFormGroup-root"[39m
                    [33mrole[39m=[32m"radiogroup"[39m
                  [36m/>[39m
                [36m</div>[39m
              [36m</div>[39m
            [36m</div>[39m
          [36m</div>[39m
          [36m<div[39m
            [33mclass[39m=[32m"MuiGrid-root MuiGrid-item MuiGrid-grid-xs-12 css-1hzi63y-MuiGrid-root"[39m
          [36m>[39m
            [36m<div[39m
              [33mclass[39m=[32m"MuiGrid-root MuiGrid-container MuiGrid-spacing-xs-2 css-7pgsh3-MuiGrid-root"[39m
            [36m>[39m
              [36m<div[39m
                [33mclass[39m=[32m"MuiGrid-root MuiGrid-item css-13i4rnv-MuiGrid-root"[39m
              [36m>[39m
                [36m<button[39m
                  [33maria-label[39m=[32m"Continua"[39m
                  [33mclass[39m=[32m"MuiButtonBase-root MuiButton-root MuiButton-contained MuiButton-containedPrimary MuiButton-sizeMedium MuiButton-containedSizeMedium MuiButton-colorPrimary Mui-disabled MuiButton-root MuiButton-contained MuiButton-containedPrimary MuiButton-sizeMedium MuiButton-containedSizeMedium MuiButton-colorPrimary css-1fu7jd5-MuiButtonBase-root-MuiButton-root"[39m
                  [33mdisabled[39m=[32m""[39m
                  [33mtabindex[39m=[32m"-1"[39m
                  [33mtype[39m=[32m"button"[39m
                [36m>[39m
                  [0mContinua[0m
                [36m</button>[39m
              [36m</div>[39m
            [36m</div>[39m
          [36m</div>[39m
        [36m</div>[39m
      [36m</div>[39m
    [36m</div>[39m
  [36m</body>[39m
[36m</html>[39m...
[90m [2m❯[22m waitForWrapper node_modules/@testing-library/dom/dist/wait-for.js:[2m163:27[22m[39m
[36m [2m❯[22m Module.executeStepInstitutionType src/views/onboardingProduct/__tests__/shared/stepHelpers.tsx:[2m119:11[22m[39m
    [90m117| [39m    screen[33m.[39m[34mgetByText[39m([36m/Indica il tipo di ente che aderirà a/[39m)[33m;[39m
    [90m118| [39m
    [90m119| [39m    [35mawait[39m [34mwaitFor[39m(() [33m=>[39m {
    [90m   | [39m          [31m^[39m
    [90m120| [39m      [34mfillInstitutionTypeCheckbox[39m(institutionType[33m,[39m productSelected)[33m;[39m
    [90m121| [39m
[90m [2m❯[22m completeOnboardingPdndInfocamereRequest src/views/onboardingProduct/__tests__/OnboardingProduct.interop.test.tsx:[2m40:3[22m[39m
[90m [2m❯[22m src/views/onboardingProduct/__tests__/OnboardingProduct.interop.test.tsx:[2m291:3[22m[39m

[31m[2m⎯⎯⎯⎯⎯⎯⎯⎯⎯⎯⎯⎯⎯⎯⎯⎯⎯⎯⎯⎯⎯⎯[27/58]⎯[22m[39m

[41m[1m FAIL [22m[49m src/views/onboardingProduct/__tests__/OnboardingProduct.io-sign.test.tsx[2m > [22mTest: Successfull complete onboarding request of UO party for product prod-io-sign
[31m[1mTestingLibraryElementError[22m[39m: Unable to find an element with the text: Pubblica Amministrazione. This could be because the text is broken up by multiple elements. In this case, you can provide a function for your text matcher to make your matcher more flexible.

Ignored nodes: comments, script, style
[36m<body[39m
  [33mstyle[39m=[32m""[39m
[36m>[39m
  [36m<div>[39m
    [36m<button>[39m
      [0mLOGOUT[0m
    [36m</button>[39m
    [36m<div[39m
      [33mclass[39m=[32m"MuiContainer-root MuiContainer-maxWidthLg css-1oqqzyl-MuiContainer-root"[39m
    [36m>[39m
      [36m<div[39m
        [33mclass[39m=[32m"MuiGrid-root MuiGrid-container css-rm289v-MuiGrid-root"[39m
      [36m>[39m
        [36m<div[39m
          [33mclass[39m=[32m"MuiGrid-root MuiGrid-item MuiGrid-grid-xs-12 css-bj7xu4-MuiGrid-root"[39m
        [36m>[39m
          [36m<h3[39m
            [33mclass[39m=[32m"MuiTypography-root MuiTypography-h3 MuiTypography-alignCenter css-1ftkxk0-MuiTypography-root"[39m
          [36m>[39m
            [0mSeleziona il tipo di ente che [0m
            [36m<br />[39m
            [0m rappresenti[0m
          [36m</h3>[39m
        [36m</div>[39m
        [36m<div[39m
          [33mclass[39m=[32m"MuiGrid-root MuiGrid-item MuiGrid-grid-xs-12 css-bj7xu4-MuiGrid-root"[39m
        [36m>[39m
          [36m<p[39m
            [33mclass[39m=[32m"MuiTypography-root MuiTypography-body1 MuiTypography-alignCenter css-5v5l99-MuiTypography-root"[39m
          [36m>[39m
            [0mIndica il tipo di ente che aderirà a [0m
            [36m<strong />[39m
          [36m</p>[39m
        [36m</div>[39m
        [36m<div[39m
          [33mclass[39m=[32m"MuiGrid-root MuiGrid-item MuiGrid-grid-xs-12 css-bj7xu4-MuiGrid-root"[39m
        [36m>[39m
          [36m<div[39m
            [33mclass[39m=[32m"MuiPaper-root MuiPaper-elevation MuiPaper-rounded MuiPaper-elevation0 MuiAlert-root MuiAlert-colorInfo MuiAlert-standardInfo MuiAlert-standard css-5zts0j-MuiPaper-root-MuiAlert-root"[39m
            [33mrole[39m=[32m"alert"[39m
          [36m>[39m
            [36m<div[39m
              [33mclass[39m=[32m"MuiAlert-icon css-1ytlwq5-MuiAlert-icon"[39m
            [36m>[39m
              [36m<svg[39m
                [33maria-hidden[39m=[32m"true"[39m
                [33mclass[39m=[32m"MuiSvgIcon-root MuiSvgIcon-fontSizeInherit css-1vooibu-MuiSvgIcon-root"[39m
                [33mdata-testid[39m=[32m"InfoOutlinedIcon"[39m
                [33mfocusable[39m=[32m"false"[39m
                [33mviewBox[39m=[32m"0 0 24 24"[39m
              [36m>[39m
                [36m<path[39m
                  [33md[39m=[32m"M11,9H13V7H11M12,20C7.59,20 4,16.41 4,12C4,7.59 7.59,4 12,4C16.41,4 20,7.59 20, 12C20,16.41 16.41,20 12,20M12,2A10,10 0 0,0 2,12A10,10 0 0,0 12,22A10,10 0 0,0 22,12A10, 10 0 0,0 12,2M11,17H13V11H11V17Z"[39m
                [36m/>[39m
              [36m</svg>[39m
            [36m</div>[39m
            [36m<div[39m
              [33mclass[39m=[32m"MuiAlert-message css-1pxa9xg-MuiAlert-message"[39m
            [36m>[39m
              [0mPagoPA S.p.A. mette a disposizione la piattaforma per la gestione delle adesioni. Non partecipa alla Convenzione e non è responsabile della sua esecuzione.[0m
            [36m</div>[39m
          [36m</div>[39m
        [36m</div>[39m
        [36m<div[39m
          [33mclass[39m=[32m"MuiPaper-root MuiPaper-elevation MuiPaper-rounded MuiPaper-elevation8 css-1tchchv-MuiPaper-root"[39m
        [36m>[39m
          [36m<div[39m
            [33mclass[39m=[32m"MuiGrid-root MuiGrid-container MuiGrid-item css-1f064cs-MuiGrid-root"[39m
          [36m>[39m
            [36m<div[39m
              [33mclass[39m=[32m"MuiGrid-root MuiGrid-item MuiGrid-grid-xs-12 css-11x2j5o-MuiGrid-root"[39m
            [36m>[39m
              [36m<div[39m
                [33mclass[39m=[32m"MuiFormControl-root css-1nrlq1o-MuiFormControl-root"[39m
              [36m>[39m
                [36m<div[39m
                  [33mclass[39m=[32m"MuiFormGroup-root MuiRadioGroup-root css-dmmspl-MuiFormGroup-root"[39m
                  [33mrole[39m=[32m"radiogroup"[39m
                [36m/>[39m
              [36m</div>[39m
            [36m</div>[39m
          [36m</div>[39m
        [36m</div>[39m
        [36m<div[39m
          [33mclass[39m=[32m"MuiGrid-root MuiGrid-item MuiGrid-grid-xs-12 css-1hzi63y-MuiGrid-root"[39m
        [36m>[39m
          [36m<div[39m
            [33mclass[39m=[32m"MuiGrid-root MuiGrid-container MuiGrid-spacing-xs-2 css-7pgsh3-MuiGrid-root"[39m
          [36m>[39m
            [36m<div[39m
              [33mclass[39m=[32m"MuiGrid-root MuiGrid-item css-13i4rnv-MuiGrid-root"[39m
            [36m>[39m
              [36m<button[39m
                [33maria-label[39m=[32m"Continua"[39m
                [33mclass[39m=[32m"MuiButtonBase-root MuiButton-root MuiButton-contained MuiButton-containedPrimary MuiButton-sizeMedium MuiButton-containedSizeMedium MuiButton-colorPrimary Mui-disabled MuiButton-root MuiButton-contained MuiButton-containedPrimary MuiButton-sizeMedium MuiButton-containedSizeMedium MuiButton-colorPrimary css-1fu7jd5-MuiButtonBase-root-MuiButton-root"[39m
                [33mdisabled[39m=[32m""[39m
                [33mtabindex[39m=[32m"-1"[39m
                [33mtype[39m=[32m"button"[39m
              [36m>[39m
                [0mContinua[0m
              [36m</button>[39m
            [36m</div>[39m
          [36m</div>[39m
        [36m</div>[39m
      [36m</div>[39m
    [36m</div>[39m
  [36m</div>[39m
[36m</body>[39m

Ignored nodes: comments, script, style
[36m<html>[39m
  [36m<head />[39m
  [36m<body[39m
    [33mstyle[39m=[32m""[39m
  [36m>[39m
    [36m<div>[39m
      [36m<button>[39m
        [0mLOGOUT[0m
      [36m</button>[39m
      [36m<div[39m
        [33mclass[39m=[32m"MuiContainer-root MuiContainer-maxWidthLg css-1oqqzyl-MuiContainer-root"[39m
      [36m>[39m
        [36m<div[39m
          [33mclass[39m=[32m"MuiGrid-root MuiGrid-container css-rm289v-MuiGrid-root"[39m
        [36m>[39m
          [36m<div[39m
            [33mclass[39m=[32m"MuiGrid-root MuiGrid-item MuiGrid-grid-xs-12 css-bj7xu4-MuiGrid-root"[39m
          [36m>[39m
            [36m<h3[39m
              [33mclass[39m=[32m"MuiTypography-root MuiTypography-h3 MuiTypography-alignCenter css-1ftkxk0-MuiTypography-root"[39m
            [36m>[39m
              [0mSeleziona il tipo di ente che [0m
              [36m<br />[39m
              [0m rappresenti[0m
            [36m</h3>[39m
          [36m</div>[39m
          [36m<div[39m
            [33mclass[39m=[32m"MuiGrid-root MuiGrid-item MuiGrid-grid-xs-12 css-bj7xu4-MuiGrid-root"[39m
          [36m>[39m
            [36m<p[39m
              [33mclass[39m=[32m"MuiTypography-root MuiTypography-body1 MuiTypography-alignCenter css-5v5l99-MuiTypography-root"[39m
            [36m>[39m
              [0mIndica il tipo di ente che aderirà a [0m
              [36m<strong />[39m
            [36m</p>[39m
          [36m</div>[39m
          [36m<div[39m
            [33mclass[39m=[32m"MuiGrid-root MuiGrid-item MuiGrid-grid-xs-12 css-bj7xu4-MuiGrid-root"[39m
          [36m>[39m
            [36m<div[39m
              [33mclass[39m=[32m"MuiPaper-root MuiPaper-elevation MuiPaper-rounded MuiPaper-elevation0 MuiAlert-root MuiAlert-colorInfo MuiAlert-standardInfo MuiAlert-standard css-5zts0j-MuiPaper-root-MuiAlert-root"[39m
              [33mrole[39m=[32m"alert"[39m
            [36m>[39m
              [36m<div[39m
                [33mclass[39m=[32m"MuiAlert-icon css-1ytlwq5-MuiAlert-icon"[39m
              [36m>[39m
                [36m<svg[39m
                  [33maria-hidden[39m=[32m"true"[39m
                  [33mclass[39m=[32m"MuiSvgIcon-root MuiSvgIcon-fontSizeInherit css-1vooibu-MuiSvgIcon-root"[39m
                  [33mdata-testid[39m=[32m"InfoOutlinedIcon"[39m
                  [33mfocusable[39m=[32m"false"[39m
                  [33mviewBox[39m=[32m"0 0 24 24"[39m
                [36m>[39m
                  [36m<path[39m
                    [33md[39m=[32m"M11,9H13V7H11M12,20C7.59,20 4,16.41 4,12C4,7.59 7.59,4 12,4C16.41,4 20,7.59 20, 12C20,16.41 16.41,20 12,20M12,2A10,10 0 0,0 2,12A10,10 0 0,0 12,22A10,10 0 0,0 22,12A10, 10 0 0,0 12,2M11,17H13V11H11V17Z"[39m
                  [36m/>[39m
                [36m</svg>[39m
              [36m</div>[39m
              [36m<div[39m
                [33mclass[39m=[32m"MuiAlert-message css-1pxa9xg-MuiAlert-message"[39m
              [36m>[39m
                [0mPagoPA S.p.A. mette a disposizione la piattaforma per la gestione delle adesioni. Non partecipa alla Convenzione e non è responsabile della sua esecuzione.[0m
              [36m</div>[39m
            [36m</div>[39m
          [36m</div>[39m
          [36m<div[39m
            [33mclass[39m=[32m"MuiPaper-root MuiPaper-elevation MuiPaper-rounded MuiPaper-elevation8 css-1tchchv-MuiPaper-root"[39m
          [36m>[39m
            [36m<div[39m
              [33mclass[39m=[32m"MuiGrid-root MuiGrid-container MuiGrid-item css-1f064cs-MuiGrid-root"[39m
            [36m>[39m
              [36m<div[39m
                [33mclass[39m=[32m"MuiGrid-root MuiGrid-item MuiGrid-grid-xs-12 css-11x2j5o-MuiGrid-root"[39m
              [36m>[39m
                [36m<div[39m
                  [33mclass[39m=[32m"MuiFormControl-root css-1nrlq1o-MuiFormControl-root"[39m
                [36m>[39m
                  [36m<div[39m
                    [33mclass[39m=[32m"MuiFormGroup-root MuiRadioGroup-root css-dmmspl-MuiFormGroup-root"[39m
                    [33mrole[39m=[32m"radiogroup"[39m
                  [36m/>[39m
                [36m</div>[39m
              [36m</div>[39m
            [36m</div>[39m
          [36m</div>[39m
          [36m<div[39m
            [33mclass[39m=[32m"MuiGrid-root MuiGrid-item MuiGrid-grid-xs-12 css-1hzi63y-MuiGrid-root"[39m
          [36m>[39m
            [36m<div[39m
              [33mclass[39m=[32m"MuiGrid-root MuiGrid-container MuiGrid-spacing-xs-2 css-7pgsh3-MuiGrid-root"[39m
            [36m>[39m
              [36m<div[39m
                [33mclass[39m=[32m"MuiGrid-root MuiGrid-item css-13i4rnv-MuiGrid-root"[39m
              [36m>[39m
                [36m<button[39m
                  [33maria-label[39m=[32m"Continua"[39m
                  [33mclass[39m=[32m"MuiButtonBase-root MuiButton-root MuiButton-contained MuiButton-containedPrimary MuiButton-sizeMedium MuiButton-containedSizeMedium MuiButton-colorPrimary Mui-disabled MuiButton-root MuiButton-contained MuiButton-containedPrimary MuiButton-sizeMedium MuiButton-containedSizeMedium MuiButton-colorPrimary css-1fu7jd5-MuiButtonBase-root-MuiButton-root"[39m
                  [33mdisabled[39m=[32m""[39m
                  [33mtabindex[39m=[32m"-1"[39m
                  [33mtype[39m=[32m"button"[39m
                [36m>[39m
                  [0mContinua[0m
                [36m</button>[39m
              [36m</div>[39m
            [36m</div>[39m
          [36m</div>[39m
        [36m</div>[39m
      [36m</div>[39m
    [36m</div>[39m
  [36m</body>[39m
[36m</html>[39m...
[90m [2m❯[22m waitForWrapper node_modules/@testing-library/dom/dist/wait-for.js:[2m163:27[22m[39m
[36m [2m❯[22m Module.executeStepInstitutionType src/views/onboardingProduct/__tests__/shared/stepHelpers.tsx:[2m119:11[22m[39m
    [90m117| [39m    screen[33m.[39m[34mgetByText[39m([36m/Indica il tipo di ente che aderirà a/[39m)[33m;[39m
    [90m118| [39m
    [90m119| [39m    [35mawait[39m [34mwaitFor[39m(() [33m=>[39m {
    [90m   | [39m          [31m^[39m
    [90m120| [39m      [34mfillInstitutionTypeCheckbox[39m(institutionType[33m,[39m productSelected)[33m;[39m
    [90m121| [39m
[90m [2m❯[22m src/views/onboardingProduct/__tests__/OnboardingProduct.io-sign.test.tsx:[2m39:3[22m[39m

[31m[2m⎯⎯⎯⎯⎯⎯⎯⎯⎯⎯⎯⎯⎯⎯⎯⎯⎯⎯⎯⎯⎯⎯[28/58]⎯[22m[39m

[41m[1m FAIL [22m[49m src/views/onboardingProduct/__tests__/OnboardingProduct.io.test.tsx[2m > [22mTest: Successfull complete onboarding request of PA party for prod-io search by business name
[31m[1mTestingLibraryElementError[22m[39m: Unable to find an element with the text: Pubblica Amministrazione. This could be because the text is broken up by multiple elements. In this case, you can provide a function for your text matcher to make your matcher more flexible.

Ignored nodes: comments, script, style
[36m<body[39m
  [33mstyle[39m=[32m""[39m
[36m>[39m
  [36m<div>[39m
    [36m<button>[39m
      [0mLOGOUT[0m
    [36m</button>[39m
    [36m<div[39m
      [33mclass[39m=[32m"MuiContainer-root MuiContainer-maxWidthLg css-1oqqzyl-MuiContainer-root"[39m
    [36m>[39m
      [36m<div[39m
        [33mclass[39m=[32m"MuiGrid-root MuiGrid-container css-rm289v-MuiGrid-root"[39m
      [36m>[39m
        [36m<div[39m
          [33mclass[39m=[32m"MuiGrid-root MuiGrid-item MuiGrid-grid-xs-12 css-bj7xu4-MuiGrid-root"[39m
        [36m>[39m
          [36m<h3[39m
            [33mclass[39m=[32m"MuiTypography-root MuiTypography-h3 MuiTypography-alignCenter css-1ftkxk0-MuiTypography-root"[39m
          [36m>[39m
            [0mSeleziona il tipo di ente che [0m
            [36m<br />[39m
            [0m rappresenti[0m
          [36m</h3>[39m
        [36m</div>[39m
        [36m<div[39m
          [33mclass[39m=[32m"MuiGrid-root MuiGrid-item MuiGrid-grid-xs-12 css-bj7xu4-MuiGrid-root"[39m
        [36m>[39m
          [36m<p[39m
            [33mclass[39m=[32m"MuiTypography-root MuiTypography-body1 MuiTypography-alignCenter css-5v5l99-MuiTypography-root"[39m
          [36m>[39m
            [0mIndica il tipo di ente che aderirà a [0m
            [36m<strong />[39m
          [36m</p>[39m
        [36m</div>[39m
        [36m<div[39m
          [33mclass[39m=[32m"MuiGrid-root MuiGrid-item MuiGrid-grid-xs-12 css-bj7xu4-MuiGrid-root"[39m
        [36m>[39m
          [36m<div[39m
            [33mclass[39m=[32m"MuiPaper-root MuiPaper-elevation MuiPaper-rounded MuiPaper-elevation0 MuiAlert-root MuiAlert-colorInfo MuiAlert-standardInfo MuiAlert-standard css-5zts0j-MuiPaper-root-MuiAlert-root"[39m
            [33mrole[39m=[32m"alert"[39m
          [36m>[39m
            [36m<div[39m
              [33mclass[39m=[32m"MuiAlert-icon css-1ytlwq5-MuiAlert-icon"[39m
            [36m>[39m
              [36m<svg[39m
                [33maria-hidden[39m=[32m"true"[39m
                [33mclass[39m=[32m"MuiSvgIcon-root MuiSvgIcon-fontSizeInherit css-1vooibu-MuiSvgIcon-root"[39m
                [33mdata-testid[39m=[32m"InfoOutlinedIcon"[39m
                [33mfocusable[39m=[32m"false"[39m
                [33mviewBox[39m=[32m"0 0 24 24"[39m
              [36m>[39m
                [36m<path[39m
                  [33md[39m=[32m"M11,9H13V7H11M12,20C7.59,20 4,16.41 4,12C4,7.59 7.59,4 12,4C16.41,4 20,7.59 20, 12C20,16.41 16.41,20 12,20M12,2A10,10 0 0,0 2,12A10,10 0 0,0 12,22A10,10 0 0,0 22,12A10, 10 0 0,0 12,2M11,17H13V11H11V17Z"[39m
                [36m/>[39m
              [36m</svg>[39m
            [36m</div>[39m
            [36m<div[39m
              [33mclass[39m=[32m"MuiAlert-message css-1pxa9xg-MuiAlert-message"[39m
            [36m>[39m
              [0mPagoPA S.p.A. mette a disposizione la piattaforma per la gestione delle adesioni. Non partecipa alla Convenzione e non è responsabile della sua esecuzione.[0m
            [36m</div>[39m
          [36m</div>[39m
        [36m</div>[39m
        [36m<div[39m
          [33mclass[39m=[32m"MuiPaper-root MuiPaper-elevation MuiPaper-rounded MuiPaper-elevation8 css-1tchchv-MuiPaper-root"[39m
        [36m>[39m
          [36m<div[39m
            [33mclass[39m=[32m"MuiGrid-root MuiGrid-container MuiGrid-item css-1f064cs-MuiGrid-root"[39m
          [36m>[39m
            [36m<div[39m
              [33mclass[39m=[32m"MuiGrid-root MuiGrid-item MuiGrid-grid-xs-12 css-11x2j5o-MuiGrid-root"[39m
            [36m>[39m
              [36m<div[39m
                [33mclass[39m=[32m"MuiFormControl-root css-1nrlq1o-MuiFormControl-root"[39m
              [36m>[39m
                [36m<div[39m
                  [33mclass[39m=[32m"MuiFormGroup-root MuiRadioGroup-root css-dmmspl-MuiFormGroup-root"[39m
                  [33mrole[39m=[32m"radiogroup"[39m
                [36m/>[39m
              [36m</div>[39m
            [36m</div>[39m
          [36m</div>[39m
        [36m</div>[39m
        [36m<div[39m
          [33mclass[39m=[32m"MuiGrid-root MuiGrid-item MuiGrid-grid-xs-12 css-1hzi63y-MuiGrid-root"[39m
        [36m>[39m
          [36m<div[39m
            [33mclass[39m=[32m"MuiGrid-root MuiGrid-container MuiGrid-spacing-xs-2 css-7pgsh3-MuiGrid-root"[39m
          [36m>[39m
            [36m<div[39m
              [33mclass[39m=[32m"MuiGrid-root MuiGrid-item css-13i4rnv-MuiGrid-root"[39m
            [36m>[39m
              [36m<button[39m
                [33maria-label[39m=[32m"Continua"[39m
                [33mclass[39m=[32m"MuiButtonBase-root MuiButton-root MuiButton-contained MuiButton-containedPrimary MuiButton-sizeMedium MuiButton-containedSizeMedium MuiButton-colorPrimary Mui-disabled MuiButton-root MuiButton-contained MuiButton-containedPrimary MuiButton-sizeMedium MuiButton-containedSizeMedium MuiButton-colorPrimary css-1fu7jd5-MuiButtonBase-root-MuiButton-root"[39m
                [33mdisabled[39m=[32m""[39m
                [33mtabindex[39m=[32m"-1"[39m
                [33mtype[39m=[32m"button"[39m
              [36m>[39m
                [0mContinua[0m
              [36m</button>[39m
            [36m</div>[39m
          [36m</div>[39m
        [36m</div>[39m
      [36m</div>[39m
    [36m</div>[39m
  [36m</div>[39m
[36m</body>[39m

Ignored nodes: comments, script, style
[36m<html>[39m
  [36m<head />[39m
  [36m<body[39m
    [33mstyle[39m=[32m""[39m
  [36m>[39m
    [36m<div>[39m
      [36m<button>[39m
        [0mLOGOUT[0m
      [36m</button>[39m
      [36m<div[39m
        [33mclass[39m=[32m"MuiContainer-root MuiContainer-maxWidthLg css-1oqqzyl-MuiContainer-root"[39m
      [36m>[39m
        [36m<div[39m
          [33mclass[39m=[32m"MuiGrid-root MuiGrid-container css-rm289v-MuiGrid-root"[39m
        [36m>[39m
          [36m<div[39m
            [33mclass[39m=[32m"MuiGrid-root MuiGrid-item MuiGrid-grid-xs-12 css-bj7xu4-MuiGrid-root"[39m
          [36m>[39m
            [36m<h3[39m
              [33mclass[39m=[32m"MuiTypography-root MuiTypography-h3 MuiTypography-alignCenter css-1ftkxk0-MuiTypography-root"[39m
            [36m>[39m
              [0mSeleziona il tipo di ente che [0m
              [36m<br />[39m
              [0m rappresenti[0m
            [36m</h3>[39m
          [36m</div>[39m
          [36m<div[39m
            [33mclass[39m=[32m"MuiGrid-root MuiGrid-item MuiGrid-grid-xs-12 css-bj7xu4-MuiGrid-root"[39m
          [36m>[39m
            [36m<p[39m
              [33mclass[39m=[32m"MuiTypography-root MuiTypography-body1 MuiTypography-alignCenter css-5v5l99-MuiTypography-root"[39m
            [36m>[39m
              [0mIndica il tipo di ente che aderirà a [0m
              [36m<strong />[39m
            [36m</p>[39m
          [36m</div>[39m
          [36m<div[39m
            [33mclass[39m=[32m"MuiGrid-root MuiGrid-item MuiGrid-grid-xs-12 css-bj7xu4-MuiGrid-root"[39m
          [36m>[39m
            [36m<div[39m
              [33mclass[39m=[32m"MuiPaper-root MuiPaper-elevation MuiPaper-rounded MuiPaper-elevation0 MuiAlert-root MuiAlert-colorInfo MuiAlert-standardInfo MuiAlert-standard css-5zts0j-MuiPaper-root-MuiAlert-root"[39m
              [33mrole[39m=[32m"alert"[39m
            [36m>[39m
              [36m<div[39m
                [33mclass[39m=[32m"MuiAlert-icon css-1ytlwq5-MuiAlert-icon"[39m
              [36m>[39m
                [36m<svg[39m
                  [33maria-hidden[39m=[32m"true"[39m
                  [33mclass[39m=[32m"MuiSvgIcon-root MuiSvgIcon-fontSizeInherit css-1vooibu-MuiSvgIcon-root"[39m
                  [33mdata-testid[39m=[32m"InfoOutlinedIcon"[39m
                  [33mfocusable[39m=[32m"false"[39m
                  [33mviewBox[39m=[32m"0 0 24 24"[39m
                [36m>[39m
                  [36m<path[39m
                    [33md[39m=[32m"M11,9H13V7H11M12,20C7.59,20 4,16.41 4,12C4,7.59 7.59,4 12,4C16.41,4 20,7.59 20, 12C20,16.41 16.41,20 12,20M12,2A10,10 0 0,0 2,12A10,10 0 0,0 12,22A10,10 0 0,0 22,12A10, 10 0 0,0 12,2M11,17H13V11H11V17Z"[39m
                  [36m/>[39m
                [36m</svg>[39m
              [36m</div>[39m
              [36m<div[39m
                [33mclass[39m=[32m"MuiAlert-message css-1pxa9xg-MuiAlert-message"[39m
              [36m>[39m
                [0mPagoPA S.p.A. mette a disposizione la piattaforma per la gestione delle adesioni. Non partecipa alla Convenzione e non è responsabile della sua esecuzione.[0m
              [36m</div>[39m
            [36m</div>[39m
          [36m</div>[39m
          [36m<div[39m
            [33mclass[39m=[32m"MuiPaper-root MuiPaper-elevation MuiPaper-rounded MuiPaper-elevation8 css-1tchchv-MuiPaper-root"[39m
          [36m>[39m
            [36m<div[39m
              [33mclass[39m=[32m"MuiGrid-root MuiGrid-container MuiGrid-item css-1f064cs-MuiGrid-root"[39m
            [36m>[39m
              [36m<div[39m
                [33mclass[39m=[32m"MuiGrid-root MuiGrid-item MuiGrid-grid-xs-12 css-11x2j5o-MuiGrid-root"[39m
              [36m>[39m
                [36m<div[39m
                  [33mclass[39m=[32m"MuiFormControl-root css-1nrlq1o-MuiFormControl-root"[39m
                [36m>[39m
                  [36m<div[39m
                    [33mclass[39m=[32m"MuiFormGroup-root MuiRadioGroup-root css-dmmspl-MuiFormGroup-root"[39m
                    [33mrole[39m=[32m"radiogroup"[39m
                  [36m/>[39m
                [36m</div>[39m
              [36m</div>[39m
            [36m</div>[39m
          [36m</div>[39m
          [36m<div[39m
            [33mclass[39m=[32m"MuiGrid-root MuiGrid-item MuiGrid-grid-xs-12 css-1hzi63y-MuiGrid-root"[39m
          [36m>[39m
            [36m<div[39m
              [33mclass[39m=[32m"MuiGrid-root MuiGrid-container MuiGrid-spacing-xs-2 css-7pgsh3-MuiGrid-root"[39m
            [36m>[39m
              [36m<div[39m
                [33mclass[39m=[32m"MuiGrid-root MuiGrid-item css-13i4rnv-MuiGrid-root"[39m
              [36m>[39m
                [36m<button[39m
                  [33maria-label[39m=[32m"Continua"[39m
                  [33mclass[39m=[32m"MuiButtonBase-root MuiButton-root MuiButton-contained MuiButton-containedPrimary MuiButton-sizeMedium MuiButton-containedSizeMedium MuiButton-colorPrimary Mui-disabled MuiButton-root MuiButton-contained MuiButton-containedPrimary MuiButton-sizeMedium MuiButton-containedSizeMedium MuiButton-colorPrimary css-1fu7jd5-MuiButtonBase-root-MuiButton-root"[39m
                  [33mdisabled[39m=[32m""[39m
                  [33mtabindex[39m=[32m"-1"[39m
                  [33mtype[39m=[32m"button"[39m
                [36m>[39m
                  [0mContinua[0m
                [36m</button>[39m
              [36m</div>[39m
            [36m</div>[39m
          [36m</div>[39m
        [36m</div>[39m
      [36m</div>[39m
    [36m</div>[39m
  [36m</body>[39m
[36m</html>[39m...
[90m [2m❯[22m waitForWrapper node_modules/@testing-library/dom/dist/wait-for.js:[2m163:27[22m[39m
[36m [2m❯[22m Module.executeStepInstitutionType src/views/onboardingProduct/__tests__/shared/stepHelpers.tsx:[2m119:11[22m[39m
    [90m117| [39m    screen[33m.[39m[34mgetByText[39m([36m/Indica il tipo di ente che aderirà a/[39m)[33m;[39m
    [90m118| [39m
    [90m119| [39m    [35mawait[39m [34mwaitFor[39m(() [33m=>[39m {
    [90m   | [39m          [31m^[39m
    [90m120| [39m      [34mfillInstitutionTypeCheckbox[39m(institutionType[33m,[39m productSelected)[33m;[39m
    [90m121| [39m
[90m [2m❯[22m src/views/onboardingProduct/__tests__/OnboardingProduct.io.test.tsx:[2m44:3[22m[39m

[31m[2m⎯⎯⎯⎯⎯⎯⎯⎯⎯⎯⎯⎯⎯⎯⎯⎯⎯⎯⎯⎯⎯⎯[29/58]⎯[22m[39m

[41m[1m FAIL [22m[49m src/views/onboardingProduct/__tests__/OnboardingProduct.io.test.tsx[2m > [22mTest: Successfull complete onboarding request of PA party for prod-io search by tax code
[31m[1mTestingLibraryElementError[22m[39m: Unable to find an element with the text: Pubblica Amministrazione. This could be because the text is broken up by multiple elements. In this case, you can provide a function for your text matcher to make your matcher more flexible.

Ignored nodes: comments, script, style
[36m<body[39m
  [33mstyle[39m=[32m""[39m
[36m>[39m
  [36m<div>[39m
    [36m<button>[39m
      [0mLOGOUT[0m
    [36m</button>[39m
    [36m<div[39m
      [33mclass[39m=[32m"MuiContainer-root MuiContainer-maxWidthLg css-1oqqzyl-MuiContainer-root"[39m
    [36m>[39m
      [36m<div[39m
        [33mclass[39m=[32m"MuiGrid-root MuiGrid-container css-rm289v-MuiGrid-root"[39m
      [36m>[39m
        [36m<div[39m
          [33mclass[39m=[32m"MuiGrid-root MuiGrid-item MuiGrid-grid-xs-12 css-bj7xu4-MuiGrid-root"[39m
        [36m>[39m
          [36m<h3[39m
            [33mclass[39m=[32m"MuiTypography-root MuiTypography-h3 MuiTypography-alignCenter css-1ftkxk0-MuiTypography-root"[39m
          [36m>[39m
            [0mSeleziona il tipo di ente che [0m
            [36m<br />[39m
            [0m rappresenti[0m
          [36m</h3>[39m
        [36m</div>[39m
        [36m<div[39m
          [33mclass[39m=[32m"MuiGrid-root MuiGrid-item MuiGrid-grid-xs-12 css-bj7xu4-MuiGrid-root"[39m
        [36m>[39m
          [36m<p[39m
            [33mclass[39m=[32m"MuiTypography-root MuiTypography-body1 MuiTypography-alignCenter css-5v5l99-MuiTypography-root"[39m
          [36m>[39m
            [0mIndica il tipo di ente che aderirà a [0m
            [36m<strong />[39m
          [36m</p>[39m
        [36m</div>[39m
        [36m<div[39m
          [33mclass[39m=[32m"MuiGrid-root MuiGrid-item MuiGrid-grid-xs-12 css-bj7xu4-MuiGrid-root"[39m
        [36m>[39m
          [36m<div[39m
            [33mclass[39m=[32m"MuiPaper-root MuiPaper-elevation MuiPaper-rounded MuiPaper-elevation0 MuiAlert-root MuiAlert-colorInfo MuiAlert-standardInfo MuiAlert-standard css-5zts0j-MuiPaper-root-MuiAlert-root"[39m
            [33mrole[39m=[32m"alert"[39m
          [36m>[39m
            [36m<div[39m
              [33mclass[39m=[32m"MuiAlert-icon css-1ytlwq5-MuiAlert-icon"[39m
            [36m>[39m
              [36m<svg[39m
                [33maria-hidden[39m=[32m"true"[39m
                [33mclass[39m=[32m"MuiSvgIcon-root MuiSvgIcon-fontSizeInherit css-1vooibu-MuiSvgIcon-root"[39m
                [33mdata-testid[39m=[32m"InfoOutlinedIcon"[39m
                [33mfocusable[39m=[32m"false"[39m
                [33mviewBox[39m=[32m"0 0 24 24"[39m
              [36m>[39m
                [36m<path[39m
                  [33md[39m=[32m"M11,9H13V7H11M12,20C7.59,20 4,16.41 4,12C4,7.59 7.59,4 12,4C16.41,4 20,7.59 20, 12C20,16.41 16.41,20 12,20M12,2A10,10 0 0,0 2,12A10,10 0 0,0 12,22A10,10 0 0,0 22,12A10, 10 0 0,0 12,2M11,17H13V11H11V17Z"[39m
                [36m/>[39m
              [36m</svg>[39m
            [36m</div>[39m
            [36m<div[39m
              [33mclass[39m=[32m"MuiAlert-message css-1pxa9xg-MuiAlert-message"[39m
            [36m>[39m
              [0mPagoPA S.p.A. mette a disposizione la piattaforma per la gestione delle adesioni. Non partecipa alla Convenzione e non è responsabile della sua esecuzione.[0m
            [36m</div>[39m
          [36m</div>[39m
        [36m</div>[39m
        [36m<div[39m
          [33mclass[39m=[32m"MuiPaper-root MuiPaper-elevation MuiPaper-rounded MuiPaper-elevation8 css-1tchchv-MuiPaper-root"[39m
        [36m>[39m
          [36m<div[39m
            [33mclass[39m=[32m"MuiGrid-root MuiGrid-container MuiGrid-item css-1f064cs-MuiGrid-root"[39m
          [36m>[39m
            [36m<div[39m
              [33mclass[39m=[32m"MuiGrid-root MuiGrid-item MuiGrid-grid-xs-12 css-11x2j5o-MuiGrid-root"[39m
            [36m>[39m
              [36m<div[39m
                [33mclass[39m=[32m"MuiFormControl-root css-1nrlq1o-MuiFormControl-root"[39m
              [36m>[39m
                [36m<div[39m
                  [33mclass[39m=[32m"MuiFormGroup-root MuiRadioGroup-root css-dmmspl-MuiFormGroup-root"[39m
                  [33mrole[39m=[32m"radiogroup"[39m
                [36m/>[39m
              [36m</div>[39m
            [36m</div>[39m
          [36m</div>[39m
        [36m</div>[39m
        [36m<div[39m
          [33mclass[39m=[32m"MuiGrid-root MuiGrid-item MuiGrid-grid-xs-12 css-1hzi63y-MuiGrid-root"[39m
        [36m>[39m
          [36m<div[39m
            [33mclass[39m=[32m"MuiGrid-root MuiGrid-container MuiGrid-spacing-xs-2 css-7pgsh3-MuiGrid-root"[39m
          [36m>[39m
            [36m<div[39m
              [33mclass[39m=[32m"MuiGrid-root MuiGrid-item css-13i4rnv-MuiGrid-root"[39m
            [36m>[39m
              [36m<button[39m
                [33maria-label[39m=[32m"Continua"[39m
                [33mclass[39m=[32m"MuiButtonBase-root MuiButton-root MuiButton-contained MuiButton-containedPrimary MuiButton-sizeMedium MuiButton-containedSizeMedium MuiButton-colorPrimary Mui-disabled MuiButton-root MuiButton-contained MuiButton-containedPrimary MuiButton-sizeMedium MuiButton-containedSizeMedium MuiButton-colorPrimary css-1fu7jd5-MuiButtonBase-root-MuiButton-root"[39m
                [33mdisabled[39m=[32m""[39m
                [33mtabindex[39m=[32m"-1"[39m
                [33mtype[39m=[32m"button"[39m
              [36m>[39m
                [0mContinua[0m
              [36m</button>[39m
            [36m</div>[39m
          [36m</div>[39m
        [36m</div>[39m
      [36m</div>[39m
    [36m</div>[39m
  [36m</div>[39m
[36m</body>[39m

Ignored nodes: comments, script, style
[36m<html>[39m
  [36m<head />[39m
  [36m<body[39m
    [33mstyle[39m=[32m""[39m
  [36m>[39m
    [36m<div>[39m
      [36m<button>[39m
        [0mLOGOUT[0m
      [36m</button>[39m
      [36m<div[39m
        [33mclass[39m=[32m"MuiContainer-root MuiContainer-maxWidthLg css-1oqqzyl-MuiContainer-root"[39m
      [36m>[39m
        [36m<div[39m
          [33mclass[39m=[32m"MuiGrid-root MuiGrid-container css-rm289v-MuiGrid-root"[39m
        [36m>[39m
          [36m<div[39m
            [33mclass[39m=[32m"MuiGrid-root MuiGrid-item MuiGrid-grid-xs-12 css-bj7xu4-MuiGrid-root"[39m
          [36m>[39m
            [36m<h3[39m
              [33mclass[39m=[32m"MuiTypography-root MuiTypography-h3 MuiTypography-alignCenter css-1ftkxk0-MuiTypography-root"[39m
            [36m>[39m
              [0mSeleziona il tipo di ente che [0m
              [36m<br />[39m
              [0m rappresenti[0m
            [36m</h3>[39m
          [36m</div>[39m
          [36m<div[39m
            [33mclass[39m=[32m"MuiGrid-root MuiGrid-item MuiGrid-grid-xs-12 css-bj7xu4-MuiGrid-root"[39m
          [36m>[39m
            [36m<p[39m
              [33mclass[39m=[32m"MuiTypography-root MuiTypography-body1 MuiTypography-alignCenter css-5v5l99-MuiTypography-root"[39m
            [36m>[39m
              [0mIndica il tipo di ente che aderirà a [0m
              [36m<strong />[39m
            [36m</p>[39m
          [36m</div>[39m
          [36m<div[39m
            [33mclass[39m=[32m"MuiGrid-root MuiGrid-item MuiGrid-grid-xs-12 css-bj7xu4-MuiGrid-root"[39m
          [36m>[39m
            [36m<div[39m
              [33mclass[39m=[32m"MuiPaper-root MuiPaper-elevation MuiPaper-rounded MuiPaper-elevation0 MuiAlert-root MuiAlert-colorInfo MuiAlert-standardInfo MuiAlert-standard css-5zts0j-MuiPaper-root-MuiAlert-root"[39m
              [33mrole[39m=[32m"alert"[39m
            [36m>[39m
              [36m<div[39m
                [33mclass[39m=[32m"MuiAlert-icon css-1ytlwq5-MuiAlert-icon"[39m
              [36m>[39m
                [36m<svg[39m
                  [33maria-hidden[39m=[32m"true"[39m
                  [33mclass[39m=[32m"MuiSvgIcon-root MuiSvgIcon-fontSizeInherit css-1vooibu-MuiSvgIcon-root"[39m
                  [33mdata-testid[39m=[32m"InfoOutlinedIcon"[39m
                  [33mfocusable[39m=[32m"false"[39m
                  [33mviewBox[39m=[32m"0 0 24 24"[39m
                [36m>[39m
                  [36m<path[39m
                    [33md[39m=[32m"M11,9H13V7H11M12,20C7.59,20 4,16.41 4,12C4,7.59 7.59,4 12,4C16.41,4 20,7.59 20, 12C20,16.41 16.41,20 12,20M12,2A10,10 0 0,0 2,12A10,10 0 0,0 12,22A10,10 0 0,0 22,12A10, 10 0 0,0 12,2M11,17H13V11H11V17Z"[39m
                  [36m/>[39m
                [36m</svg>[39m
              [36m</div>[39m
              [36m<div[39m
                [33mclass[39m=[32m"MuiAlert-message css-1pxa9xg-MuiAlert-message"[39m
              [36m>[39m
                [0mPagoPA S.p.A. mette a disposizione la piattaforma per la gestione delle adesioni. Non partecipa alla Convenzione e non è responsabile della sua esecuzione.[0m
              [36m</div>[39m
            [36m</div>[39m
          [36m</div>[39m
          [36m<div[39m
            [33mclass[39m=[32m"MuiPaper-root MuiPaper-elevation MuiPaper-rounded MuiPaper-elevation8 css-1tchchv-MuiPaper-root"[39m
          [36m>[39m
            [36m<div[39m
              [33mclass[39m=[32m"MuiGrid-root MuiGrid-container MuiGrid-item css-1f064cs-MuiGrid-root"[39m
            [36m>[39m
              [36m<div[39m
                [33mclass[39m=[32m"MuiGrid-root MuiGrid-item MuiGrid-grid-xs-12 css-11x2j5o-MuiGrid-root"[39m
              [36m>[39m
                [36m<div[39m
                  [33mclass[39m=[32m"MuiFormControl-root css-1nrlq1o-MuiFormControl-root"[39m
                [36m>[39m
                  [36m<div[39m
                    [33mclass[39m=[32m"MuiFormGroup-root MuiRadioGroup-root css-dmmspl-MuiFormGroup-root"[39m
                    [33mrole[39m=[32m"radiogroup"[39m
                  [36m/>[39m
                [36m</div>[39m
              [36m</div>[39m
            [36m</div>[39m
          [36m</div>[39m
          [36m<div[39m
            [33mclass[39m=[32m"MuiGrid-root MuiGrid-item MuiGrid-grid-xs-12 css-1hzi63y-MuiGrid-root"[39m
          [36m>[39m
            [36m<div[39m
              [33mclass[39m=[32m"MuiGrid-root MuiGrid-container MuiGrid-spacing-xs-2 css-7pgsh3-MuiGrid-root"[39m
            [36m>[39m
              [36m<div[39m
                [33mclass[39m=[32m"MuiGrid-root MuiGrid-item css-13i4rnv-MuiGrid-root"[39m
              [36m>[39m
                [36m<button[39m
                  [33maria-label[39m=[32m"Continua"[39m
                  [33mclass[39m=[32m"MuiButtonBase-root MuiButton-root MuiButton-contained MuiButton-containedPrimary MuiButton-sizeMedium MuiButton-containedSizeMedium MuiButton-colorPrimary Mui-disabled MuiButton-root MuiButton-contained MuiButton-containedPrimary MuiButton-sizeMedium MuiButton-containedSizeMedium MuiButton-colorPrimary css-1fu7jd5-MuiButtonBase-root-MuiButton-root"[39m
                  [33mdisabled[39m=[32m""[39m
                  [33mtabindex[39m=[32m"-1"[39m
                  [33mtype[39m=[32m"button"[39m
                [36m>[39m
                  [0mContinua[0m
                [36m</button>[39m
              [36m</div>[39m
            [36m</div>[39m
          [36m</div>[39m
        [36m</div>[39m
      [36m</div>[39m
    [36m</div>[39m
  [36m</body>[39m
[36m</html>[39m...
[90m [2m❯[22m waitForWrapper node_modules/@testing-library/dom/dist/wait-for.js:[2m163:27[22m[39m
[36m [2m❯[22m Module.executeStepInstitutionType src/views/onboardingProduct/__tests__/shared/stepHelpers.tsx:[2m119:11[22m[39m
    [90m117| [39m    screen[33m.[39m[34mgetByText[39m([36m/Indica il tipo di ente che aderirà a/[39m)[33m;[39m
    [90m118| [39m
    [90m119| [39m    [35mawait[39m [34mwaitFor[39m(() [33m=>[39m {
    [90m   | [39m          [31m^[39m
    [90m120| [39m      [34mfillInstitutionTypeCheckbox[39m(institutionType[33m,[39m productSelected)[33m;[39m
    [90m121| [39m
[90m [2m❯[22m src/views/onboardingProduct/__tests__/OnboardingProduct.io.test.tsx:[2m68:3[22m[39m

[31m[2m⎯⎯⎯⎯⎯⎯⎯⎯⎯⎯⎯⎯⎯⎯⎯⎯⎯⎯⎯⎯⎯⎯[30/58]⎯[22m[39m

[41m[1m FAIL [22m[49m src/views/onboardingProduct/__tests__/OnboardingProduct.io.test.tsx[2m > [22mTest: Successfull complete onboarding request of PA aggregator party for prod-io search by business name
[31m[1mTestingLibraryElementError[22m[39m: Unable to find an element with the text: Pubblica Amministrazione. This could be because the text is broken up by multiple elements. In this case, you can provide a function for your text matcher to make your matcher more flexible.

Ignored nodes: comments, script, style
[36m<body[39m
  [33mstyle[39m=[32m""[39m
[36m>[39m
  [36m<div>[39m
    [36m<button>[39m
      [0mLOGOUT[0m
    [36m</button>[39m
    [36m<div[39m
      [33mclass[39m=[32m"MuiContainer-root MuiContainer-maxWidthLg css-1oqqzyl-MuiContainer-root"[39m
    [36m>[39m
      [36m<div[39m
        [33mclass[39m=[32m"MuiGrid-root MuiGrid-container css-rm289v-MuiGrid-root"[39m
      [36m>[39m
        [36m<div[39m
          [33mclass[39m=[32m"MuiGrid-root MuiGrid-item MuiGrid-grid-xs-12 css-bj7xu4-MuiGrid-root"[39m
        [36m>[39m
          [36m<h3[39m
            [33mclass[39m=[32m"MuiTypography-root MuiTypography-h3 MuiTypography-alignCenter css-1ftkxk0-MuiTypography-root"[39m
          [36m>[39m
            [0mSeleziona il tipo di ente che [0m
            [36m<br />[39m
            [0m rappresenti[0m
          [36m</h3>[39m
        [36m</div>[39m
        [36m<div[39m
          [33mclass[39m=[32m"MuiGrid-root MuiGrid-item MuiGrid-grid-xs-12 css-bj7xu4-MuiGrid-root"[39m
        [36m>[39m
          [36m<p[39m
            [33mclass[39m=[32m"MuiTypography-root MuiTypography-body1 MuiTypography-alignCenter css-5v5l99-MuiTypography-root"[39m
          [36m>[39m
            [0mIndica il tipo di ente che aderirà a [0m
            [36m<strong />[39m
          [36m</p>[39m
        [36m</div>[39m
        [36m<div[39m
          [33mclass[39m=[32m"MuiGrid-root MuiGrid-item MuiGrid-grid-xs-12 css-bj7xu4-MuiGrid-root"[39m
        [36m>[39m
          [36m<div[39m
            [33mclass[39m=[32m"MuiPaper-root MuiPaper-elevation MuiPaper-rounded MuiPaper-elevation0 MuiAlert-root MuiAlert-colorInfo MuiAlert-standardInfo MuiAlert-standard css-5zts0j-MuiPaper-root-MuiAlert-root"[39m
            [33mrole[39m=[32m"alert"[39m
          [36m>[39m
            [36m<div[39m
              [33mclass[39m=[32m"MuiAlert-icon css-1ytlwq5-MuiAlert-icon"[39m
            [36m>[39m
              [36m<svg[39m
                [33maria-hidden[39m=[32m"true"[39m
                [33mclass[39m=[32m"MuiSvgIcon-root MuiSvgIcon-fontSizeInherit css-1vooibu-MuiSvgIcon-root"[39m
                [33mdata-testid[39m=[32m"InfoOutlinedIcon"[39m
                [33mfocusable[39m=[32m"false"[39m
                [33mviewBox[39m=[32m"0 0 24 24"[39m
              [36m>[39m
                [36m<path[39m
                  [33md[39m=[32m"M11,9H13V7H11M12,20C7.59,20 4,16.41 4,12C4,7.59 7.59,4 12,4C16.41,4 20,7.59 20, 12C20,16.41 16.41,20 12,20M12,2A10,10 0 0,0 2,12A10,10 0 0,0 12,22A10,10 0 0,0 22,12A10, 10 0 0,0 12,2M11,17H13V11H11V17Z"[39m
                [36m/>[39m
              [36m</svg>[39m
            [36m</div>[39m
            [36m<div[39m
              [33mclass[39m=[32m"MuiAlert-message css-1pxa9xg-MuiAlert-message"[39m
            [36m>[39m
              [0mPagoPA S.p.A. mette a disposizione la piattaforma per la gestione delle adesioni. Non partecipa alla Convenzione e non è responsabile della sua esecuzione.[0m
            [36m</div>[39m
          [36m</div>[39m
        [36m</div>[39m
        [36m<div[39m
          [33mclass[39m=[32m"MuiPaper-root MuiPaper-elevation MuiPaper-rounded MuiPaper-elevation8 css-1tchchv-MuiPaper-root"[39m
        [36m>[39m
          [36m<div[39m
            [33mclass[39m=[32m"MuiGrid-root MuiGrid-container MuiGrid-item css-1f064cs-MuiGrid-root"[39m
          [36m>[39m
            [36m<div[39m
              [33mclass[39m=[32m"MuiGrid-root MuiGrid-item MuiGrid-grid-xs-12 css-11x2j5o-MuiGrid-root"[39m
            [36m>[39m
              [36m<div[39m
                [33mclass[39m=[32m"MuiFormControl-root css-1nrlq1o-MuiFormControl-root"[39m
              [36m>[39m
                [36m<div[39m
                  [33mclass[39m=[32m"MuiFormGroup-root MuiRadioGroup-root css-dmmspl-MuiFormGroup-root"[39m
                  [33mrole[39m=[32m"radiogroup"[39m
                [36m/>[39m
              [36m</div>[39m
            [36m</div>[39m
          [36m</div>[39m
        [36m</div>[39m
        [36m<div[39m
          [33mclass[39m=[32m"MuiGrid-root MuiGrid-item MuiGrid-grid-xs-12 css-1hzi63y-MuiGrid-root"[39m
        [36m>[39m
          [36m<div[39m
            [33mclass[39m=[32m"MuiGrid-root MuiGrid-container MuiGrid-spacing-xs-2 css-7pgsh3-MuiGrid-root"[39m
          [36m>[39m
            [36m<div[39m
              [33mclass[39m=[32m"MuiGrid-root MuiGrid-item css-13i4rnv-MuiGrid-root"[39m
            [36m>[39m
              [36m<button[39m
                [33maria-label[39m=[32m"Continua"[39m
                [33mclass[39m=[32m"MuiButtonBase-root MuiButton-root MuiButton-contained MuiButton-containedPrimary MuiButton-sizeMedium MuiButton-containedSizeMedium MuiButton-colorPrimary Mui-disabled MuiButton-root MuiButton-contained MuiButton-containedPrimary MuiButton-sizeMedium MuiButton-containedSizeMedium MuiButton-colorPrimary css-1fu7jd5-MuiButtonBase-root-MuiButton-root"[39m
                [33mdisabled[39m=[32m""[39m
                [33mtabindex[39m=[32m"-1"[39m
                [33mtype[39m=[32m"button"[39m
              [36m>[39m
                [0mContinua[0m
              [36m</button>[39m
            [36m</div>[39m
          [36m</div>[39m
        [36m</div>[39m
      [36m</div>[39m
    [36m</div>[39m
  [36m</div>[39m
[36m</body>[39m

Ignored nodes: comments, script, style
[36m<html>[39m
  [36m<head />[39m
  [36m<body[39m
    [33mstyle[39m=[32m""[39m
  [36m>[39m
    [36m<div>[39m
      [36m<button>[39m
        [0mLOGOUT[0m
      [36m</button>[39m
      [36m<div[39m
        [33mclass[39m=[32m"MuiContainer-root MuiContainer-maxWidthLg css-1oqqzyl-MuiContainer-root"[39m
      [36m>[39m
        [36m<div[39m
          [33mclass[39m=[32m"MuiGrid-root MuiGrid-container css-rm289v-MuiGrid-root"[39m
        [36m>[39m
          [36m<div[39m
            [33mclass[39m=[32m"MuiGrid-root MuiGrid-item MuiGrid-grid-xs-12 css-bj7xu4-MuiGrid-root"[39m
          [36m>[39m
            [36m<h3[39m
              [33mclass[39m=[32m"MuiTypography-root MuiTypography-h3 MuiTypography-alignCenter css-1ftkxk0-MuiTypography-root"[39m
            [36m>[39m
              [0mSeleziona il tipo di ente che [0m
              [36m<br />[39m
              [0m rappresenti[0m
            [36m</h3>[39m
          [36m</div>[39m
          [36m<div[39m
            [33mclass[39m=[32m"MuiGrid-root MuiGrid-item MuiGrid-grid-xs-12 css-bj7xu4-MuiGrid-root"[39m
          [36m>[39m
            [36m<p[39m
              [33mclass[39m=[32m"MuiTypography-root MuiTypography-body1 MuiTypography-alignCenter css-5v5l99-MuiTypography-root"[39m
            [36m>[39m
              [0mIndica il tipo di ente che aderirà a [0m
              [36m<strong />[39m
            [36m</p>[39m
          [36m</div>[39m
          [36m<div[39m
            [33mclass[39m=[32m"MuiGrid-root MuiGrid-item MuiGrid-grid-xs-12 css-bj7xu4-MuiGrid-root"[39m
          [36m>[39m
            [36m<div[39m
              [33mclass[39m=[32m"MuiPaper-root MuiPaper-elevation MuiPaper-rounded MuiPaper-elevation0 MuiAlert-root MuiAlert-colorInfo MuiAlert-standardInfo MuiAlert-standard css-5zts0j-MuiPaper-root-MuiAlert-root"[39m
              [33mrole[39m=[32m"alert"[39m
            [36m>[39m
              [36m<div[39m
                [33mclass[39m=[32m"MuiAlert-icon css-1ytlwq5-MuiAlert-icon"[39m
              [36m>[39m
                [36m<svg[39m
                  [33maria-hidden[39m=[32m"true"[39m
                  [33mclass[39m=[32m"MuiSvgIcon-root MuiSvgIcon-fontSizeInherit css-1vooibu-MuiSvgIcon-root"[39m
                  [33mdata-testid[39m=[32m"InfoOutlinedIcon"[39m
                  [33mfocusable[39m=[32m"false"[39m
                  [33mviewBox[39m=[32m"0 0 24 24"[39m
                [36m>[39m
                  [36m<path[39m
                    [33md[39m=[32m"M11,9H13V7H11M12,20C7.59,20 4,16.41 4,12C4,7.59 7.59,4 12,4C16.41,4 20,7.59 20, 12C20,16.41 16.41,20 12,20M12,2A10,10 0 0,0 2,12A10,10 0 0,0 12,22A10,10 0 0,0 22,12A10, 10 0 0,0 12,2M11,17H13V11H11V17Z"[39m
                  [36m/>[39m
                [36m</svg>[39m
              [36m</div>[39m
              [36m<div[39m
                [33mclass[39m=[32m"MuiAlert-message css-1pxa9xg-MuiAlert-message"[39m
              [36m>[39m
                [0mPagoPA S.p.A. mette a disposizione la piattaforma per la gestione delle adesioni. Non partecipa alla Convenzione e non è responsabile della sua esecuzione.[0m
              [36m</div>[39m
            [36m</div>[39m
          [36m</div>[39m
          [36m<div[39m
            [33mclass[39m=[32m"MuiPaper-root MuiPaper-elevation MuiPaper-rounded MuiPaper-elevation8 css-1tchchv-MuiPaper-root"[39m
          [36m>[39m
            [36m<div[39m
              [33mclass[39m=[32m"MuiGrid-root MuiGrid-container MuiGrid-item css-1f064cs-MuiGrid-root"[39m
            [36m>[39m
              [36m<div[39m
                [33mclass[39m=[32m"MuiGrid-root MuiGrid-item MuiGrid-grid-xs-12 css-11x2j5o-MuiGrid-root"[39m
              [36m>[39m
                [36m<div[39m
                  [33mclass[39m=[32m"MuiFormControl-root css-1nrlq1o-MuiFormControl-root"[39m
                [36m>[39m
                  [36m<div[39m
                    [33mclass[39m=[32m"MuiFormGroup-root MuiRadioGroup-root css-dmmspl-MuiFormGroup-root"[39m
                    [33mrole[39m=[32m"radiogroup"[39m
                  [36m/>[39m
                [36m</div>[39m
              [36m</div>[39m
            [36m</div>[39m
          [36m</div>[39m
          [36m<div[39m
            [33mclass[39m=[32m"MuiGrid-root MuiGrid-item MuiGrid-grid-xs-12 css-1hzi63y-MuiGrid-root"[39m
          [36m>[39m
            [36m<div[39m
              [33mclass[39m=[32m"MuiGrid-root MuiGrid-container MuiGrid-spacing-xs-2 css-7pgsh3-MuiGrid-root"[39m
            [36m>[39m
              [36m<div[39m
                [33mclass[39m=[32m"MuiGrid-root MuiGrid-item css-13i4rnv-MuiGrid-root"[39m
              [36m>[39m
                [36m<button[39m
                  [33maria-label[39m=[32m"Continua"[39m
                  [33mclass[39m=[32m"MuiButtonBase-root MuiButton-root MuiButton-contained MuiButton-containedPrimary MuiButton-sizeMedium MuiButton-containedSizeMedium MuiButton-colorPrimary Mui-disabled MuiButton-root MuiButton-contained MuiButton-containedPrimary MuiButton-sizeMedium MuiButton-containedSizeMedium MuiButton-colorPrimary css-1fu7jd5-MuiButtonBase-root-MuiButton-root"[39m
                  [33mdisabled[39m=[32m""[39m
                  [33mtabindex[39m=[32m"-1"[39m
                  [33mtype[39m=[32m"button"[39m
                [36m>[39m
                  [0mContinua[0m
                [36m</button>[39m
              [36m</div>[39m
            [36m</div>[39m
          [36m</div>[39m
        [36m</div>[39m
      [36m</div>[39m
    [36m</div>[39m
  [36m</body>[39m
[36m</html>[39m...
[90m [2m❯[22m waitForWrapper node_modules/@testing-library/dom/dist/wait-for.js:[2m163:27[22m[39m
[36m [2m❯[22m Module.executeStepInstitutionType src/views/onboardingProduct/__tests__/shared/stepHelpers.tsx:[2m119:11[22m[39m
    [90m117| [39m    screen[33m.[39m[34mgetByText[39m([36m/Indica il tipo di ente che aderirà a/[39m)[33m;[39m
    [90m118| [39m
    [90m119| [39m    [35mawait[39m [34mwaitFor[39m(() [33m=>[39m {
    [90m   | [39m          [31m^[39m
    [90m120| [39m      [34mfillInstitutionTypeCheckbox[39m(institutionType[33m,[39m productSelected)[33m;[39m
    [90m121| [39m
[90m [2m❯[22m src/views/onboardingProduct/__tests__/OnboardingProduct.io.test.tsx:[2m87:3[22m[39m

[31m[2m⎯⎯⎯⎯⎯⎯⎯⎯⎯⎯⎯⎯⎯⎯⎯⎯⎯⎯⎯⎯⎯⎯[31/58]⎯[22m[39m

[41m[1m FAIL [22m[49m src/views/onboardingProduct/__tests__/OnboardingProduct.io.test.tsx[2m > [22mTest: Error on submit onboarding request of PA party for prod-io search by business name
[31m[1mTestingLibraryElementError[22m[39m: Unable to find an element with the text: Pubblica Amministrazione. This could be because the text is broken up by multiple elements. In this case, you can provide a function for your text matcher to make your matcher more flexible.

Ignored nodes: comments, script, style
[36m<body[39m
  [33mstyle[39m=[32m""[39m
[36m>[39m
  [36m<div>[39m
    [36m<button>[39m
      [0mLOGOUT[0m
    [36m</button>[39m
    [36m<div[39m
      [33mclass[39m=[32m"MuiContainer-root MuiContainer-maxWidthLg css-1oqqzyl-MuiContainer-root"[39m
    [36m>[39m
      [36m<div[39m
        [33mclass[39m=[32m"MuiGrid-root MuiGrid-container css-rm289v-MuiGrid-root"[39m
      [36m>[39m
        [36m<div[39m
          [33mclass[39m=[32m"MuiGrid-root MuiGrid-item MuiGrid-grid-xs-12 css-bj7xu4-MuiGrid-root"[39m
        [36m>[39m
          [36m<h3[39m
            [33mclass[39m=[32m"MuiTypography-root MuiTypography-h3 MuiTypography-alignCenter css-1ftkxk0-MuiTypography-root"[39m
          [36m>[39m
            [0mSeleziona il tipo di ente che [0m
            [36m<br />[39m
            [0m rappresenti[0m
          [36m</h3>[39m
        [36m</div>[39m
        [36m<div[39m
          [33mclass[39m=[32m"MuiGrid-root MuiGrid-item MuiGrid-grid-xs-12 css-bj7xu4-MuiGrid-root"[39m
        [36m>[39m
          [36m<p[39m
            [33mclass[39m=[32m"MuiTypography-root MuiTypography-body1 MuiTypography-alignCenter css-5v5l99-MuiTypography-root"[39m
          [36m>[39m
            [0mIndica il tipo di ente che aderirà a [0m
            [36m<strong />[39m
          [36m</p>[39m
        [36m</div>[39m
        [36m<div[39m
          [33mclass[39m=[32m"MuiGrid-root MuiGrid-item MuiGrid-grid-xs-12 css-bj7xu4-MuiGrid-root"[39m
        [36m>[39m
          [36m<div[39m
            [33mclass[39m=[32m"MuiPaper-root MuiPaper-elevation MuiPaper-rounded MuiPaper-elevation0 MuiAlert-root MuiAlert-colorInfo MuiAlert-standardInfo MuiAlert-standard css-5zts0j-MuiPaper-root-MuiAlert-root"[39m
            [33mrole[39m=[32m"alert"[39m
          [36m>[39m
            [36m<div[39m
              [33mclass[39m=[32m"MuiAlert-icon css-1ytlwq5-MuiAlert-icon"[39m
            [36m>[39m
              [36m<svg[39m
                [33maria-hidden[39m=[32m"true"[39m
                [33mclass[39m=[32m"MuiSvgIcon-root MuiSvgIcon-fontSizeInherit css-1vooibu-MuiSvgIcon-root"[39m
                [33mdata-testid[39m=[32m"InfoOutlinedIcon"[39m
                [33mfocusable[39m=[32m"false"[39m
                [33mviewBox[39m=[32m"0 0 24 24"[39m
              [36m>[39m
                [36m<path[39m
                  [33md[39m=[32m"M11,9H13V7H11M12,20C7.59,20 4,16.41 4,12C4,7.59 7.59,4 12,4C16.41,4 20,7.59 20, 12C20,16.41 16.41,20 12,20M12,2A10,10 0 0,0 2,12A10,10 0 0,0 12,22A10,10 0 0,0 22,12A10, 10 0 0,0 12,2M11,17H13V11H11V17Z"[39m
                [36m/>[39m
              [36m</svg>[39m
            [36m</div>[39m
            [36m<div[39m
              [33mclass[39m=[32m"MuiAlert-message css-1pxa9xg-MuiAlert-message"[39m
            [36m>[39m
              [0mPagoPA S.p.A. mette a disposizione la piattaforma per la gestione delle adesioni. Non partecipa alla Convenzione e non è responsabile della sua esecuzione.[0m
            [36m</div>[39m
          [36m</div>[39m
        [36m</div>[39m
        [36m<div[39m
          [33mclass[39m=[32m"MuiPaper-root MuiPaper-elevation MuiPaper-rounded MuiPaper-elevation8 css-1tchchv-MuiPaper-root"[39m
        [36m>[39m
          [36m<div[39m
            [33mclass[39m=[32m"MuiGrid-root MuiGrid-container MuiGrid-item css-1f064cs-MuiGrid-root"[39m
          [36m>[39m
            [36m<div[39m
              [33mclass[39m=[32m"MuiGrid-root MuiGrid-item MuiGrid-grid-xs-12 css-11x2j5o-MuiGrid-root"[39m
            [36m>[39m
              [36m<div[39m
                [33mclass[39m=[32m"MuiFormControl-root css-1nrlq1o-MuiFormControl-root"[39m
              [36m>[39m
                [36m<div[39m
                  [33mclass[39m=[32m"MuiFormGroup-root MuiRadioGroup-root css-dmmspl-MuiFormGroup-root"[39m
                  [33mrole[39m=[32m"radiogroup"[39m
                [36m/>[39m
              [36m</div>[39m
            [36m</div>[39m
          [36m</div>[39m
        [36m</div>[39m
        [36m<div[39m
          [33mclass[39m=[32m"MuiGrid-root MuiGrid-item MuiGrid-grid-xs-12 css-1hzi63y-MuiGrid-root"[39m
        [36m>[39m
          [36m<div[39m
            [33mclass[39m=[32m"MuiGrid-root MuiGrid-container MuiGrid-spacing-xs-2 css-7pgsh3-MuiGrid-root"[39m
          [36m>[39m
            [36m<div[39m
              [33mclass[39m=[32m"MuiGrid-root MuiGrid-item css-13i4rnv-MuiGrid-root"[39m
            [36m>[39m
              [36m<button[39m
                [33maria-label[39m=[32m"Continua"[39m
                [33mclass[39m=[32m"MuiButtonBase-root MuiButton-root MuiButton-contained MuiButton-containedPrimary MuiButton-sizeMedium MuiButton-containedSizeMedium MuiButton-colorPrimary Mui-disabled MuiButton-root MuiButton-contained MuiButton-containedPrimary MuiButton-sizeMedium MuiButton-containedSizeMedium MuiButton-colorPrimary css-1fu7jd5-MuiButtonBase-root-MuiButton-root"[39m
                [33mdisabled[39m=[32m""[39m
                [33mtabindex[39m=[32m"-1"[39m
                [33mtype[39m=[32m"button"[39m
              [36m>[39m
                [0mContinua[0m
              [36m</button>[39m
            [36m</div>[39m
          [36m</div>[39m
        [36m</div>[39m
      [36m</div>[39m
    [36m</div>[39m
  [36m</div>[39m
[36m</body>[39m

Ignored nodes: comments, script, style
[36m<html>[39m
  [36m<head />[39m
  [36m<body[39m
    [33mstyle[39m=[32m""[39m
  [36m>[39m
    [36m<div>[39m
      [36m<button>[39m
        [0mLOGOUT[0m
      [36m</button>[39m
      [36m<div[39m
        [33mclass[39m=[32m"MuiContainer-root MuiContainer-maxWidthLg css-1oqqzyl-MuiContainer-root"[39m
      [36m>[39m
        [36m<div[39m
          [33mclass[39m=[32m"MuiGrid-root MuiGrid-container css-rm289v-MuiGrid-root"[39m
        [36m>[39m
          [36m<div[39m
            [33mclass[39m=[32m"MuiGrid-root MuiGrid-item MuiGrid-grid-xs-12 css-bj7xu4-MuiGrid-root"[39m
          [36m>[39m
            [36m<h3[39m
              [33mclass[39m=[32m"MuiTypography-root MuiTypography-h3 MuiTypography-alignCenter css-1ftkxk0-MuiTypography-root"[39m
            [36m>[39m
              [0mSeleziona il tipo di ente che [0m
              [36m<br />[39m
              [0m rappresenti[0m
            [36m</h3>[39m
          [36m</div>[39m
          [36m<div[39m
            [33mclass[39m=[32m"MuiGrid-root MuiGrid-item MuiGrid-grid-xs-12 css-bj7xu4-MuiGrid-root"[39m
          [36m>[39m
            [36m<p[39m
              [33mclass[39m=[32m"MuiTypography-root MuiTypography-body1 MuiTypography-alignCenter css-5v5l99-MuiTypography-root"[39m
            [36m>[39m
              [0mIndica il tipo di ente che aderirà a [0m
              [36m<strong />[39m
            [36m</p>[39m
          [36m</div>[39m
          [36m<div[39m
            [33mclass[39m=[32m"MuiGrid-root MuiGrid-item MuiGrid-grid-xs-12 css-bj7xu4-MuiGrid-root"[39m
          [36m>[39m
            [36m<div[39m
              [33mclass[39m=[32m"MuiPaper-root MuiPaper-elevation MuiPaper-rounded MuiPaper-elevation0 MuiAlert-root MuiAlert-colorInfo MuiAlert-standardInfo MuiAlert-standard css-5zts0j-MuiPaper-root-MuiAlert-root"[39m
              [33mrole[39m=[32m"alert"[39m
            [36m>[39m
              [36m<div[39m
                [33mclass[39m=[32m"MuiAlert-icon css-1ytlwq5-MuiAlert-icon"[39m
              [36m>[39m
                [36m<svg[39m
                  [33maria-hidden[39m=[32m"true"[39m
                  [33mclass[39m=[32m"MuiSvgIcon-root MuiSvgIcon-fontSizeInherit css-1vooibu-MuiSvgIcon-root"[39m
                  [33mdata-testid[39m=[32m"InfoOutlinedIcon"[39m
                  [33mfocusable[39m=[32m"false"[39m
                  [33mviewBox[39m=[32m"0 0 24 24"[39m
                [36m>[39m
                  [36m<path[39m
                    [33md[39m=[32m"M11,9H13V7H11M12,20C7.59,20 4,16.41 4,12C4,7.59 7.59,4 12,4C16.41,4 20,7.59 20, 12C20,16.41 16.41,20 12,20M12,2A10,10 0 0,0 2,12A10,10 0 0,0 12,22A10,10 0 0,0 22,12A10, 10 0 0,0 12,2M11,17H13V11H11V17Z"[39m
                  [36m/>[39m
                [36m</svg>[39m
              [36m</div>[39m
              [36m<div[39m
                [33mclass[39m=[32m"MuiAlert-message css-1pxa9xg-MuiAlert-message"[39m
              [36m>[39m
                [0mPagoPA S.p.A. mette a disposizione la piattaforma per la gestione delle adesioni. Non partecipa alla Convenzione e non è responsabile della sua esecuzione.[0m
              [36m</div>[39m
            [36m</div>[39m
          [36m</div>[39m
          [36m<div[39m
            [33mclass[39m=[32m"MuiPaper-root MuiPaper-elevation MuiPaper-rounded MuiPaper-elevation8 css-1tchchv-MuiPaper-root"[39m
          [36m>[39m
            [36m<div[39m
              [33mclass[39m=[32m"MuiGrid-root MuiGrid-container MuiGrid-item css-1f064cs-MuiGrid-root"[39m
            [36m>[39m
              [36m<div[39m
                [33mclass[39m=[32m"MuiGrid-root MuiGrid-item MuiGrid-grid-xs-12 css-11x2j5o-MuiGrid-root"[39m
              [36m>[39m
                [36m<div[39m
                  [33mclass[39m=[32m"MuiFormControl-root css-1nrlq1o-MuiFormControl-root"[39m
                [36m>[39m
                  [36m<div[39m
                    [33mclass[39m=[32m"MuiFormGroup-root MuiRadioGroup-root css-dmmspl-MuiFormGroup-root"[39m
                    [33mrole[39m=[32m"radiogroup"[39m
                  [36m/>[39m
                [36m</div>[39m
              [36m</div>[39m
            [36m</div>[39m
          [36m</div>[39m
          [36m<div[39m
            [33mclass[39m=[32m"MuiGrid-root MuiGrid-item MuiGrid-grid-xs-12 css-1hzi63y-MuiGrid-root"[39m
          [36m>[39m
            [36m<div[39m
              [33mclass[39m=[32m"MuiGrid-root MuiGrid-container MuiGrid-spacing-xs-2 css-7pgsh3-MuiGrid-root"[39m
            [36m>[39m
              [36m<div[39m
                [33mclass[39m=[32m"MuiGrid-root MuiGrid-item css-13i4rnv-MuiGrid-root"[39m
              [36m>[39m
                [36m<button[39m
                  [33maria-label[39m=[32m"Continua"[39m
                  [33mclass[39m=[32m"MuiButtonBase-root MuiButton-root MuiButton-contained MuiButton-containedPrimary MuiButton-sizeMedium MuiButton-containedSizeMedium MuiButton-colorPrimary Mui-disabled MuiButton-root MuiButton-contained MuiButton-containedPrimary MuiButton-sizeMedium MuiButton-containedSizeMedium MuiButton-colorPrimary css-1fu7jd5-MuiButtonBase-root-MuiButton-root"[39m
                  [33mdisabled[39m=[32m""[39m
                  [33mtabindex[39m=[32m"-1"[39m
                  [33mtype[39m=[32m"button"[39m
                [36m>[39m
                  [0mContinua[0m
                [36m</button>[39m
              [36m</div>[39m
            [36m</div>[39m
          [36m</div>[39m
        [36m</div>[39m
      [36m</div>[39m
    [36m</div>[39m
  [36m</body>[39m
[36m</html>[39m...
[90m [2m❯[22m waitForWrapper node_modules/@testing-library/dom/dist/wait-for.js:[2m163:27[22m[39m
[36m [2m❯[22m Module.executeStepInstitutionType src/views/onboardingProduct/__tests__/shared/stepHelpers.tsx:[2m119:11[22m[39m
    [90m117| [39m    screen[33m.[39m[34mgetByText[39m([36m/Indica il tipo di ente che aderirà a/[39m)[33m;[39m
    [90m118| [39m
    [90m119| [39m    [35mawait[39m [34mwaitFor[39m(() [33m=>[39m {
    [90m   | [39m          [31m^[39m
    [90m120| [39m      [34mfillInstitutionTypeCheckbox[39m(institutionType[33m,[39m productSelected)[33m;[39m
    [90m121| [39m
[90m [2m❯[22m src/views/onboardingProduct/__tests__/OnboardingProduct.io.test.tsx:[2m125:3[22m[39m

[31m[2m⎯⎯⎯⎯⎯⎯⎯⎯⎯⎯⎯⎯⎯⎯⎯⎯⎯⎯⎯⎯⎯⎯[32/58]⎯[22m[39m

[41m[1m FAIL [22m[49m src/views/onboardingProduct/__tests__/OnboardingProduct.pagopa.test.tsx[2m > [22mTest: Successfull complete onboarding request of GSP party searching from IPA source for product prod-pagopa
[31m[1mTestingLibraryElementError[22m[39m: Unable to find an element with the text: Gestore di servizi pubblici. This could be because the text is broken up by multiple elements. In this case, you can provide a function for your text matcher to make your matcher more flexible.

Ignored nodes: comments, script, style
[36m<body[39m
  [33mstyle[39m=[32m""[39m
[36m>[39m
  [36m<div>[39m
    [36m<button>[39m
      [0mLOGOUT[0m
    [36m</button>[39m
    [36m<div[39m
      [33mclass[39m=[32m"MuiContainer-root MuiContainer-maxWidthLg css-1oqqzyl-MuiContainer-root"[39m
    [36m>[39m
      [36m<div[39m
        [33mclass[39m=[32m"MuiGrid-root MuiGrid-container css-rm289v-MuiGrid-root"[39m
      [36m>[39m
        [36m<div[39m
          [33mclass[39m=[32m"MuiGrid-root MuiGrid-item MuiGrid-grid-xs-12 css-bj7xu4-MuiGrid-root"[39m
        [36m>[39m
          [36m<h3[39m
            [33mclass[39m=[32m"MuiTypography-root MuiTypography-h3 MuiTypography-alignCenter css-1ftkxk0-MuiTypography-root"[39m
          [36m>[39m
            [0mSeleziona il tipo di ente che [0m
            [36m<br />[39m
            [0m rappresenti[0m
          [36m</h3>[39m
        [36m</div>[39m
        [36m<div[39m
          [33mclass[39m=[32m"MuiGrid-root MuiGrid-item MuiGrid-grid-xs-12 css-bj7xu4-MuiGrid-root"[39m
        [36m>[39m
          [36m<p[39m
            [33mclass[39m=[32m"MuiTypography-root MuiTypography-body1 MuiTypography-alignCenter css-5v5l99-MuiTypography-root"[39m
          [36m>[39m
            [0mIndica il tipo di ente che aderirà a [0m
            [36m<strong />[39m
          [36m</p>[39m
        [36m</div>[39m
        [36m<div[39m
          [33mclass[39m=[32m"MuiGrid-root MuiGrid-item MuiGrid-grid-xs-12 css-bj7xu4-MuiGrid-root"[39m
        [36m>[39m
          [36m<div[39m
            [33mclass[39m=[32m"MuiPaper-root MuiPaper-elevation MuiPaper-rounded MuiPaper-elevation0 MuiAlert-root MuiAlert-colorInfo MuiAlert-standardInfo MuiAlert-standard css-5zts0j-MuiPaper-root-MuiAlert-root"[39m
            [33mrole[39m=[32m"alert"[39m
          [36m>[39m
            [36m<div[39m
              [33mclass[39m=[32m"MuiAlert-icon css-1ytlwq5-MuiAlert-icon"[39m
            [36m>[39m
              [36m<svg[39m
                [33maria-hidden[39m=[32m"true"[39m
                [33mclass[39m=[32m"MuiSvgIcon-root MuiSvgIcon-fontSizeInherit css-1vooibu-MuiSvgIcon-root"[39m
                [33mdata-testid[39m=[32m"InfoOutlinedIcon"[39m
                [33mfocusable[39m=[32m"false"[39m
                [33mviewBox[39m=[32m"0 0 24 24"[39m
              [36m>[39m
                [36m<path[39m
                  [33md[39m=[32m"M11,9H13V7H11M12,20C7.59,20 4,16.41 4,12C4,7.59 7.59,4 12,4C16.41,4 20,7.59 20, 12C20,16.41 16.41,20 12,20M12,2A10,10 0 0,0 2,12A10,10 0 0,0 12,22A10,10 0 0,0 22,12A10, 10 0 0,0 12,2M11,17H13V11H11V17Z"[39m
                [36m/>[39m
              [36m</svg>[39m
            [36m</div>[39m
            [36m<div[39m
              [33mclass[39m=[32m"MuiAlert-message css-1pxa9xg-MuiAlert-message"[39m
            [36m>[39m
              [0mPagoPA S.p.A. mette a disposizione la piattaforma per la gestione delle adesioni. Non partecipa alla Convenzione e non è responsabile della sua esecuzione.[0m
            [36m</div>[39m
          [36m</div>[39m
        [36m</div>[39m
        [36m<div[39m
          [33mclass[39m=[32m"MuiPaper-root MuiPaper-elevation MuiPaper-rounded MuiPaper-elevation8 css-1tchchv-MuiPaper-root"[39m
        [36m>[39m
          [36m<div[39m
            [33mclass[39m=[32m"MuiGrid-root MuiGrid-container MuiGrid-item css-1f064cs-MuiGrid-root"[39m
          [36m>[39m
            [36m<div[39m
              [33mclass[39m=[32m"MuiGrid-root MuiGrid-item MuiGrid-grid-xs-12 css-11x2j5o-MuiGrid-root"[39m
            [36m>[39m
              [36m<div[39m
                [33mclass[39m=[32m"MuiFormControl-root css-1nrlq1o-MuiFormControl-root"[39m
              [36m>[39m
                [36m<div[39m
                  [33mclass[39m=[32m"MuiFormGroup-root MuiRadioGroup-root css-dmmspl-MuiFormGroup-root"[39m
                  [33mrole[39m=[32m"radiogroup"[39m
                [36m/>[39m
              [36m</div>[39m
            [36m</div>[39m
          [36m</div>[39m
        [36m</div>[39m
        [36m<div[39m
          [33mclass[39m=[32m"MuiGrid-root MuiGrid-item MuiGrid-grid-xs-12 css-1hzi63y-MuiGrid-root"[39m
        [36m>[39m
          [36m<div[39m
            [33mclass[39m=[32m"MuiGrid-root MuiGrid-container MuiGrid-spacing-xs-2 css-7pgsh3-MuiGrid-root"[39m
          [36m>[39m
            [36m<div[39m
              [33mclass[39m=[32m"MuiGrid-root MuiGrid-item css-13i4rnv-MuiGrid-root"[39m
            [36m>[39m
              [36m<button[39m
                [33maria-label[39m=[32m"Continua"[39m
                [33mclass[39m=[32m"MuiButtonBase-root MuiButton-root MuiButton-contained MuiButton-containedPrimary MuiButton-sizeMedium MuiButton-containedSizeMedium MuiButton-colorPrimary Mui-disabled MuiButton-root MuiButton-contained MuiButton-containedPrimary MuiButton-sizeMedium MuiButton-containedSizeMedium MuiButton-colorPrimary css-1fu7jd5-MuiButtonBase-root-MuiButton-root"[39m
                [33mdisabled[39m=[32m""[39m
                [33mtabindex[39m=[32m"-1"[39m
                [33mtype[39m=[32m"button"[39m
              [36m>[39m
                [0mContinua[0m
              [36m</button>[39m
            [36m</div>[39m
          [36m</div>[39m
        [36m</div>[39m
      [36m</div>[39m
    [36m</div>[39m
  [36m</div>[39m
[36m</body>[39m

Ignored nodes: comments, script, style
[36m<html>[39m
  [36m<head />[39m
  [36m<body[39m
    [33mstyle[39m=[32m""[39m
  [36m>[39m
    [36m<div>[39m
      [36m<button>[39m
        [0mLOGOUT[0m
      [36m</button>[39m
      [36m<div[39m
        [33mclass[39m=[32m"MuiContainer-root MuiContainer-maxWidthLg css-1oqqzyl-MuiContainer-root"[39m
      [36m>[39m
        [36m<div[39m
          [33mclass[39m=[32m"MuiGrid-root MuiGrid-container css-rm289v-MuiGrid-root"[39m
        [36m>[39m
          [36m<div[39m
            [33mclass[39m=[32m"MuiGrid-root MuiGrid-item MuiGrid-grid-xs-12 css-bj7xu4-MuiGrid-root"[39m
          [36m>[39m
            [36m<h3[39m
              [33mclass[39m=[32m"MuiTypography-root MuiTypography-h3 MuiTypography-alignCenter css-1ftkxk0-MuiTypography-root"[39m
            [36m>[39m
              [0mSeleziona il tipo di ente che [0m
              [36m<br />[39m
              [0m rappresenti[0m
            [36m</h3>[39m
          [36m</div>[39m
          [36m<div[39m
            [33mclass[39m=[32m"MuiGrid-root MuiGrid-item MuiGrid-grid-xs-12 css-bj7xu4-MuiGrid-root"[39m
          [36m>[39m
            [36m<p[39m
              [33mclass[39m=[32m"MuiTypography-root MuiTypography-body1 MuiTypography-alignCenter css-5v5l99-MuiTypography-root"[39m
            [36m>[39m
              [0mIndica il tipo di ente che aderirà a [0m
              [36m<strong />[39m
            [36m</p>[39m
          [36m</div>[39m
          [36m<div[39m
            [33mclass[39m=[32m"MuiGrid-root MuiGrid-item MuiGrid-grid-xs-12 css-bj7xu4-MuiGrid-root"[39m
          [36m>[39m
            [36m<div[39m
              [33mclass[39m=[32m"MuiPaper-root MuiPaper-elevation MuiPaper-rounded MuiPaper-elevation0 MuiAlert-root MuiAlert-colorInfo MuiAlert-standardInfo MuiAlert-standard css-5zts0j-MuiPaper-root-MuiAlert-root"[39m
              [33mrole[39m=[32m"alert"[39m
            [36m>[39m
              [36m<div[39m
                [33mclass[39m=[32m"MuiAlert-icon css-1ytlwq5-MuiAlert-icon"[39m
              [36m>[39m
                [36m<svg[39m
                  [33maria-hidden[39m=[32m"true"[39m
                  [33mclass[39m=[32m"MuiSvgIcon-root MuiSvgIcon-fontSizeInherit css-1vooibu-MuiSvgIcon-root"[39m
                  [33mdata-testid[39m=[32m"InfoOutlinedIcon"[39m
                  [33mfocusable[39m=[32m"false"[39m
                  [33mviewBox[39m=[32m"0 0 24 24"[39m
                [36m>[39m
                  [36m<path[39m
                    [33md[39m=[32m"M11,9H13V7H11M12,20C7.59,20 4,16.41 4,12C4,7.59 7.59,4 12,4C16.41,4 20,7.59 20, 12C20,16.41 16.41,20 12,20M12,2A10,10 0 0,0 2,12A10,10 0 0,0 12,22A10,10 0 0,0 22,12A10, 10 0 0,0 12,2M11,17H13V11H11V17Z"[39m
                  [36m/>[39m
                [36m</svg>[39m
              [36m</div>[39m
              [36m<div[39m
                [33mclass[39m=[32m"MuiAlert-message css-1pxa9xg-MuiAlert-message"[39m
              [36m>[39m
                [0mPagoPA S.p.A. mette a disposizione la piattaforma per la gestione delle adesioni. Non partecipa alla Convenzione e non è responsabile della sua esecuzione.[0m
              [36m</div>[39m
            [36m</div>[39m
          [36m</div>[39m
          [36m<div[39m
            [33mclass[39m=[32m"MuiPaper-root MuiPaper-elevation MuiPaper-rounded MuiPaper-elevation8 css-1tchchv-MuiPaper-root"[39m
          [36m>[39m
            [36m<div[39m
              [33mclass[39m=[32m"MuiGrid-root MuiGrid-container MuiGrid-item css-1f064cs-MuiGrid-root"[39m
            [36m>[39m
              [36m<div[39m
                [33mclass[39m=[32m"MuiGrid-root MuiGrid-item MuiGrid-grid-xs-12 css-11x2j5o-MuiGrid-root"[39m
              [36m>[39m
                [36m<div[39m
                  [33mclass[39m=[32m"MuiFormControl-root css-1nrlq1o-MuiFormControl-root"[39m
                [36m>[39m
                  [36m<div[39m
                    [33mclass[39m=[32m"MuiFormGroup-root MuiRadioGroup-root css-dmmspl-MuiFormGroup-root"[39m
                    [33mrole[39m=[32m"radiogroup"[39m
                  [36m/>[39m
                [36m</div>[39m
              [36m</div>[39m
            [36m</div>[39m
          [36m</div>[39m
          [36m<div[39m
            [33mclass[39m=[32m"MuiGrid-root MuiGrid-item MuiGrid-grid-xs-12 css-1hzi63y-MuiGrid-root"[39m
          [36m>[39m
            [36m<div[39m
              [33mclass[39m=[32m"MuiGrid-root MuiGrid-container MuiGrid-spacing-xs-2 css-7pgsh3-MuiGrid-root"[39m
            [36m>[39m
              [36m<div[39m
                [33mclass[39m=[32m"MuiGrid-root MuiGrid-item css-13i4rnv-MuiGrid-root"[39m
              [36m>[39m
                [36m<button[39m
                  [33maria-label[39m=[32m"Continua"[39m
                  [33mclass[39m=[32m"MuiButtonBase-root MuiButton-root MuiButton-contained MuiButton-containedPrimary MuiButton-sizeMedium MuiButton-containedSizeMedium MuiButton-colorPrimary Mui-disabled MuiButton-root MuiButton-contained MuiButton-containedPrimary MuiButton-sizeMedium MuiButton-containedSizeMedium MuiButton-colorPrimary css-1fu7jd5-MuiButtonBase-root-MuiButton-root"[39m
                  [33mdisabled[39m=[32m""[39m
                  [33mtabindex[39m=[32m"-1"[39m
                  [33mtype[39m=[32m"button"[39m
                [36m>[39m
                  [0mContinua[0m
                [36m</button>[39m
              [36m</div>[39m
            [36m</div>[39m
          [36m</div>[39m
        [36m</div>[39m
      [36m</div>[39m
    [36m</div>[39m
  [36m</body>[39m
[36m</html>[39m...
[90m [2m❯[22m waitForWrapper node_modules/@testing-library/dom/dist/wait-for.js:[2m163:27[22m[39m
[36m [2m❯[22m Module.executeStepInstitutionType src/views/onboardingProduct/__tests__/shared/stepHelpers.tsx:[2m119:11[22m[39m
    [90m117| [39m    screen[33m.[39m[34mgetByText[39m([36m/Indica il tipo di ente che aderirà a/[39m)[33m;[39m
    [90m118| [39m
    [90m119| [39m    [35mawait[39m [34mwaitFor[39m(() [33m=>[39m {
    [90m   | [39m          [31m^[39m
    [90m120| [39m      [34mfillInstitutionTypeCheckbox[39m(institutionType[33m,[39m productSelected)[33m;[39m
    [90m121| [39m
[90m [2m❯[22m src/views/onboardingProduct/__tests__/OnboardingProduct.pagopa.test.tsx:[2m41:3[22m[39m

[31m[2m⎯⎯⎯⎯⎯⎯⎯⎯⎯⎯⎯⎯⎯⎯⎯⎯⎯⎯⎯⎯⎯⎯[33/58]⎯[22m[39m

[41m[1m FAIL [22m[49m src/views/onboardingProduct/__tests__/OnboardingProduct.pagopa.test.tsx[2m > [22mTest: Successfull complete onboarding request of GSP party without searching on IPA source for product prod-pagopa
[31m[1mTestingLibraryElementError[22m[39m: Unable to find an element with the text: Gestore di servizi pubblici. This could be because the text is broken up by multiple elements. In this case, you can provide a function for your text matcher to make your matcher more flexible.

Ignored nodes: comments, script, style
[36m<body[39m
  [33mstyle[39m=[32m""[39m
[36m>[39m
  [36m<div>[39m
    [36m<button>[39m
      [0mLOGOUT[0m
    [36m</button>[39m
    [36m<div[39m
      [33mclass[39m=[32m"MuiContainer-root MuiContainer-maxWidthLg css-1oqqzyl-MuiContainer-root"[39m
    [36m>[39m
      [36m<div[39m
        [33mclass[39m=[32m"MuiGrid-root MuiGrid-container css-rm289v-MuiGrid-root"[39m
      [36m>[39m
        [36m<div[39m
          [33mclass[39m=[32m"MuiGrid-root MuiGrid-item MuiGrid-grid-xs-12 css-bj7xu4-MuiGrid-root"[39m
        [36m>[39m
          [36m<h3[39m
            [33mclass[39m=[32m"MuiTypography-root MuiTypography-h3 MuiTypography-alignCenter css-1ftkxk0-MuiTypography-root"[39m
          [36m>[39m
            [0mSeleziona il tipo di ente che [0m
            [36m<br />[39m
            [0m rappresenti[0m
          [36m</h3>[39m
        [36m</div>[39m
        [36m<div[39m
          [33mclass[39m=[32m"MuiGrid-root MuiGrid-item MuiGrid-grid-xs-12 css-bj7xu4-MuiGrid-root"[39m
        [36m>[39m
          [36m<p[39m
            [33mclass[39m=[32m"MuiTypography-root MuiTypography-body1 MuiTypography-alignCenter css-5v5l99-MuiTypography-root"[39m
          [36m>[39m
            [0mIndica il tipo di ente che aderirà a [0m
            [36m<strong />[39m
          [36m</p>[39m
        [36m</div>[39m
        [36m<div[39m
          [33mclass[39m=[32m"MuiGrid-root MuiGrid-item MuiGrid-grid-xs-12 css-bj7xu4-MuiGrid-root"[39m
        [36m>[39m
          [36m<div[39m
            [33mclass[39m=[32m"MuiPaper-root MuiPaper-elevation MuiPaper-rounded MuiPaper-elevation0 MuiAlert-root MuiAlert-colorInfo MuiAlert-standardInfo MuiAlert-standard css-5zts0j-MuiPaper-root-MuiAlert-root"[39m
            [33mrole[39m=[32m"alert"[39m
          [36m>[39m
            [36m<div[39m
              [33mclass[39m=[32m"MuiAlert-icon css-1ytlwq5-MuiAlert-icon"[39m
            [36m>[39m
              [36m<svg[39m
                [33maria-hidden[39m=[32m"true"[39m
                [33mclass[39m=[32m"MuiSvgIcon-root MuiSvgIcon-fontSizeInherit css-1vooibu-MuiSvgIcon-root"[39m
                [33mdata-testid[39m=[32m"InfoOutlinedIcon"[39m
                [33mfocusable[39m=[32m"false"[39m
                [33mviewBox[39m=[32m"0 0 24 24"[39m
              [36m>[39m
                [36m<path[39m
                  [33md[39m=[32m"M11,9H13V7H11M12,20C7.59,20 4,16.41 4,12C4,7.59 7.59,4 12,4C16.41,4 20,7.59 20, 12C20,16.41 16.41,20 12,20M12,2A10,10 0 0,0 2,12A10,10 0 0,0 12,22A10,10 0 0,0 22,12A10, 10 0 0,0 12,2M11,17H13V11H11V17Z"[39m
                [36m/>[39m
              [36m</svg>[39m
            [36m</div>[39m
            [36m<div[39m
              [33mclass[39m=[32m"MuiAlert-message css-1pxa9xg-MuiAlert-message"[39m
            [36m>[39m
              [0mPagoPA S.p.A. mette a disposizione la piattaforma per la gestione delle adesioni. Non partecipa alla Convenzione e non è responsabile della sua esecuzione.[0m
            [36m</div>[39m
          [36m</div>[39m
        [36m</div>[39m
        [36m<div[39m
          [33mclass[39m=[32m"MuiPaper-root MuiPaper-elevation MuiPaper-rounded MuiPaper-elevation8 css-1tchchv-MuiPaper-root"[39m
        [36m>[39m
          [36m<div[39m
            [33mclass[39m=[32m"MuiGrid-root MuiGrid-container MuiGrid-item css-1f064cs-MuiGrid-root"[39m
          [36m>[39m
            [36m<div[39m
              [33mclass[39m=[32m"MuiGrid-root MuiGrid-item MuiGrid-grid-xs-12 css-11x2j5o-MuiGrid-root"[39m
            [36m>[39m
              [36m<div[39m
                [33mclass[39m=[32m"MuiFormControl-root css-1nrlq1o-MuiFormControl-root"[39m
              [36m>[39m
                [36m<div[39m
                  [33mclass[39m=[32m"MuiFormGroup-root MuiRadioGroup-root css-dmmspl-MuiFormGroup-root"[39m
                  [33mrole[39m=[32m"radiogroup"[39m
                [36m/>[39m
              [36m</div>[39m
            [36m</div>[39m
          [36m</div>[39m
        [36m</div>[39m
        [36m<div[39m
          [33mclass[39m=[32m"MuiGrid-root MuiGrid-item MuiGrid-grid-xs-12 css-1hzi63y-MuiGrid-root"[39m
        [36m>[39m
          [36m<div[39m
            [33mclass[39m=[32m"MuiGrid-root MuiGrid-container MuiGrid-spacing-xs-2 css-7pgsh3-MuiGrid-root"[39m
          [36m>[39m
            [36m<div[39m
              [33mclass[39m=[32m"MuiGrid-root MuiGrid-item css-13i4rnv-MuiGrid-root"[39m
            [36m>[39m
              [36m<button[39m
                [33maria-label[39m=[32m"Continua"[39m
                [33mclass[39m=[32m"MuiButtonBase-root MuiButton-root MuiButton-contained MuiButton-containedPrimary MuiButton-sizeMedium MuiButton-containedSizeMedium MuiButton-colorPrimary Mui-disabled MuiButton-root MuiButton-contained MuiButton-containedPrimary MuiButton-sizeMedium MuiButton-containedSizeMedium MuiButton-colorPrimary css-1fu7jd5-MuiButtonBase-root-MuiButton-root"[39m
                [33mdisabled[39m=[32m""[39m
                [33mtabindex[39m=[32m"-1"[39m
                [33mtype[39m=[32m"button"[39m
              [36m>[39m
                [0mContinua[0m
              [36m</button>[39m
            [36m</div>[39m
          [36m</div>[39m
        [36m</div>[39m
      [36m</div>[39m
    [36m</div>[39m
  [36m</div>[39m
[36m</body>[39m

Ignored nodes: comments, script, style
[36m<html>[39m
  [36m<head />[39m
  [36m<body[39m
    [33mstyle[39m=[32m""[39m
  [36m>[39m
    [36m<div>[39m
      [36m<button>[39m
        [0mLOGOUT[0m
      [36m</button>[39m
      [36m<div[39m
        [33mclass[39m=[32m"MuiContainer-root MuiContainer-maxWidthLg css-1oqqzyl-MuiContainer-root"[39m
      [36m>[39m
        [36m<div[39m
          [33mclass[39m=[32m"MuiGrid-root MuiGrid-container css-rm289v-MuiGrid-root"[39m
        [36m>[39m
          [36m<div[39m
            [33mclass[39m=[32m"MuiGrid-root MuiGrid-item MuiGrid-grid-xs-12 css-bj7xu4-MuiGrid-root"[39m
          [36m>[39m
            [36m<h3[39m
              [33mclass[39m=[32m"MuiTypography-root MuiTypography-h3 MuiTypography-alignCenter css-1ftkxk0-MuiTypography-root"[39m
            [36m>[39m
              [0mSeleziona il tipo di ente che [0m
              [36m<br />[39m
              [0m rappresenti[0m
            [36m</h3>[39m
          [36m</div>[39m
          [36m<div[39m
            [33mclass[39m=[32m"MuiGrid-root MuiGrid-item MuiGrid-grid-xs-12 css-bj7xu4-MuiGrid-root"[39m
          [36m>[39m
            [36m<p[39m
              [33mclass[39m=[32m"MuiTypography-root MuiTypography-body1 MuiTypography-alignCenter css-5v5l99-MuiTypography-root"[39m
            [36m>[39m
              [0mIndica il tipo di ente che aderirà a [0m
              [36m<strong />[39m
            [36m</p>[39m
          [36m</div>[39m
          [36m<div[39m
            [33mclass[39m=[32m"MuiGrid-root MuiGrid-item MuiGrid-grid-xs-12 css-bj7xu4-MuiGrid-root"[39m
          [36m>[39m
            [36m<div[39m
              [33mclass[39m=[32m"MuiPaper-root MuiPaper-elevation MuiPaper-rounded MuiPaper-elevation0 MuiAlert-root MuiAlert-colorInfo MuiAlert-standardInfo MuiAlert-standard css-5zts0j-MuiPaper-root-MuiAlert-root"[39m
              [33mrole[39m=[32m"alert"[39m
            [36m>[39m
              [36m<div[39m
                [33mclass[39m=[32m"MuiAlert-icon css-1ytlwq5-MuiAlert-icon"[39m
              [36m>[39m
                [36m<svg[39m
                  [33maria-hidden[39m=[32m"true"[39m
                  [33mclass[39m=[32m"MuiSvgIcon-root MuiSvgIcon-fontSizeInherit css-1vooibu-MuiSvgIcon-root"[39m
                  [33mdata-testid[39m=[32m"InfoOutlinedIcon"[39m
                  [33mfocusable[39m=[32m"false"[39m
                  [33mviewBox[39m=[32m"0 0 24 24"[39m
                [36m>[39m
                  [36m<path[39m
                    [33md[39m=[32m"M11,9H13V7H11M12,20C7.59,20 4,16.41 4,12C4,7.59 7.59,4 12,4C16.41,4 20,7.59 20, 12C20,16.41 16.41,20 12,20M12,2A10,10 0 0,0 2,12A10,10 0 0,0 12,22A10,10 0 0,0 22,12A10, 10 0 0,0 12,2M11,17H13V11H11V17Z"[39m
                  [36m/>[39m
                [36m</svg>[39m
              [36m</div>[39m
              [36m<div[39m
                [33mclass[39m=[32m"MuiAlert-message css-1pxa9xg-MuiAlert-message"[39m
              [36m>[39m
                [0mPagoPA S.p.A. mette a disposizione la piattaforma per la gestione delle adesioni. Non partecipa alla Convenzione e non è responsabile della sua esecuzione.[0m
              [36m</div>[39m
            [36m</div>[39m
          [36m</div>[39m
          [36m<div[39m
            [33mclass[39m=[32m"MuiPaper-root MuiPaper-elevation MuiPaper-rounded MuiPaper-elevation8 css-1tchchv-MuiPaper-root"[39m
          [36m>[39m
            [36m<div[39m
              [33mclass[39m=[32m"MuiGrid-root MuiGrid-container MuiGrid-item css-1f064cs-MuiGrid-root"[39m
            [36m>[39m
              [36m<div[39m
                [33mclass[39m=[32m"MuiGrid-root MuiGrid-item MuiGrid-grid-xs-12 css-11x2j5o-MuiGrid-root"[39m
              [36m>[39m
                [36m<div[39m
                  [33mclass[39m=[32m"MuiFormControl-root css-1nrlq1o-MuiFormControl-root"[39m
                [36m>[39m
                  [36m<div[39m
                    [33mclass[39m=[32m"MuiFormGroup-root MuiRadioGroup-root css-dmmspl-MuiFormGroup-root"[39m
                    [33mrole[39m=[32m"radiogroup"[39m
                  [36m/>[39m
                [36m</div>[39m
              [36m</div>[39m
            [36m</div>[39m
          [36m</div>[39m
          [36m<div[39m
            [33mclass[39m=[32m"MuiGrid-root MuiGrid-item MuiGrid-grid-xs-12 css-1hzi63y-MuiGrid-root"[39m
          [36m>[39m
            [36m<div[39m
              [33mclass[39m=[32m"MuiGrid-root MuiGrid-container MuiGrid-spacing-xs-2 css-7pgsh3-MuiGrid-root"[39m
            [36m>[39m
              [36m<div[39m
                [33mclass[39m=[32m"MuiGrid-root MuiGrid-item css-13i4rnv-MuiGrid-root"[39m
              [36m>[39m
                [36m<button[39m
                  [33maria-label[39m=[32m"Continua"[39m
                  [33mclass[39m=[32m"MuiButtonBase-root MuiButton-root MuiButton-contained MuiButton-containedPrimary MuiButton-sizeMedium MuiButton-containedSizeMedium MuiButton-colorPrimary Mui-disabled MuiButton-root MuiButton-contained MuiButton-containedPrimary MuiButton-sizeMedium MuiButton-containedSizeMedium MuiButton-colorPrimary css-1fu7jd5-MuiButtonBase-root-MuiButton-root"[39m
                  [33mdisabled[39m=[32m""[39m
                  [33mtabindex[39m=[32m"-1"[39m
                  [33mtype[39m=[32m"button"[39m
                [36m>[39m
                  [0mContinua[0m
                [36m</button>[39m
              [36m</div>[39m
            [36m</div>[39m
          [36m</div>[39m
        [36m</div>[39m
      [36m</div>[39m
    [36m</div>[39m
  [36m</body>[39m
[36m</html>[39m...
[90m [2m❯[22m waitForWrapper node_modules/@testing-library/dom/dist/wait-for.js:[2m163:27[22m[39m
[36m [2m❯[22m Module.executeStepInstitutionType src/views/onboardingProduct/__tests__/shared/stepHelpers.tsx:[2m119:11[22m[39m
    [90m117| [39m    screen[33m.[39m[34mgetByText[39m([36m/Indica il tipo di ente che aderirà a/[39m)[33m;[39m
    [90m118| [39m
    [90m119| [39m    [35mawait[39m [34mwaitFor[39m(() [33m=>[39m {
    [90m   | [39m          [31m^[39m
    [90m120| [39m      [34mfillInstitutionTypeCheckbox[39m(institutionType[33m,[39m productSelected)[33m;[39m
    [90m121| [39m
[90m [2m❯[22m src/views/onboardingProduct/__tests__/OnboardingProduct.pagopa.test.tsx:[2m65:3[22m[39m

[31m[2m⎯⎯⎯⎯⎯⎯⎯⎯⎯⎯⎯⎯⎯⎯⎯⎯⎯⎯⎯⎯⎯⎯[34/58]⎯[22m[39m

[41m[1m FAIL [22m[49m src/views/onboardingProduct/__tests__/OnboardingProduct.pagopa.test.tsx[2m > [22mTest: Successfull complete onboarding request of GPU for product prod-pagopa
[31m[1mTestingLibraryElementError[22m[39m: Unable to find an element with the text: Gestore di pubblica utilità e/o di interesse generale. This could be because the text is broken up by multiple elements. In this case, you can provide a function for your text matcher to make your matcher more flexible.

Ignored nodes: comments, script, style
[36m<body[39m
  [33mstyle[39m=[32m""[39m
[36m>[39m
  [36m<div>[39m
    [36m<button>[39m
      [0mLOGOUT[0m
    [36m</button>[39m
    [36m<div[39m
      [33mclass[39m=[32m"MuiContainer-root MuiContainer-maxWidthLg css-1oqqzyl-MuiContainer-root"[39m
    [36m>[39m
      [36m<div[39m
        [33mclass[39m=[32m"MuiGrid-root MuiGrid-container css-rm289v-MuiGrid-root"[39m
      [36m>[39m
        [36m<div[39m
          [33mclass[39m=[32m"MuiGrid-root MuiGrid-item MuiGrid-grid-xs-12 css-bj7xu4-MuiGrid-root"[39m
        [36m>[39m
          [36m<h3[39m
            [33mclass[39m=[32m"MuiTypography-root MuiTypography-h3 MuiTypography-alignCenter css-1ftkxk0-MuiTypography-root"[39m
          [36m>[39m
            [0mSeleziona il tipo di ente che [0m
            [36m<br />[39m
            [0m rappresenti[0m
          [36m</h3>[39m
        [36m</div>[39m
        [36m<div[39m
          [33mclass[39m=[32m"MuiGrid-root MuiGrid-item MuiGrid-grid-xs-12 css-bj7xu4-MuiGrid-root"[39m
        [36m>[39m
          [36m<p[39m
            [33mclass[39m=[32m"MuiTypography-root MuiTypography-body1 MuiTypography-alignCenter css-5v5l99-MuiTypography-root"[39m
          [36m>[39m
            [0mIndica il tipo di ente che aderirà a [0m
            [36m<strong />[39m
          [36m</p>[39m
        [36m</div>[39m
        [36m<div[39m
          [33mclass[39m=[32m"MuiGrid-root MuiGrid-item MuiGrid-grid-xs-12 css-bj7xu4-MuiGrid-root"[39m
        [36m>[39m
          [36m<div[39m
            [33mclass[39m=[32m"MuiPaper-root MuiPaper-elevation MuiPaper-rounded MuiPaper-elevation0 MuiAlert-root MuiAlert-colorInfo MuiAlert-standardInfo MuiAlert-standard css-5zts0j-MuiPaper-root-MuiAlert-root"[39m
            [33mrole[39m=[32m"alert"[39m
          [36m>[39m
            [36m<div[39m
              [33mclass[39m=[32m"MuiAlert-icon css-1ytlwq5-MuiAlert-icon"[39m
            [36m>[39m
              [36m<svg[39m
                [33maria-hidden[39m=[32m"true"[39m
                [33mclass[39m=[32m"MuiSvgIcon-root MuiSvgIcon-fontSizeInherit css-1vooibu-MuiSvgIcon-root"[39m
                [33mdata-testid[39m=[32m"InfoOutlinedIcon"[39m
                [33mfocusable[39m=[32m"false"[39m
                [33mviewBox[39m=[32m"0 0 24 24"[39m
              [36m>[39m
                [36m<path[39m
                  [33md[39m=[32m"M11,9H13V7H11M12,20C7.59,20 4,16.41 4,12C4,7.59 7.59,4 12,4C16.41,4 20,7.59 20, 12C20,16.41 16.41,20 12,20M12,2A10,10 0 0,0 2,12A10,10 0 0,0 12,22A10,10 0 0,0 22,12A10, 10 0 0,0 12,2M11,17H13V11H11V17Z"[39m
                [36m/>[39m
              [36m</svg>[39m
            [36m</div>[39m
            [36m<div[39m
              [33mclass[39m=[32m"MuiAlert-message css-1pxa9xg-MuiAlert-message"[39m
            [36m>[39m
              [0mPagoPA S.p.A. mette a disposizione la piattaforma per la gestione delle adesioni. Non partecipa alla Convenzione e non è responsabile della sua esecuzione.[0m
            [36m</div>[39m
          [36m</div>[39m
        [36m</div>[39m
        [36m<div[39m
          [33mclass[39m=[32m"MuiPaper-root MuiPaper-elevation MuiPaper-rounded MuiPaper-elevation8 css-1tchchv-MuiPaper-root"[39m
        [36m>[39m
          [36m<div[39m
            [33mclass[39m=[32m"MuiGrid-root MuiGrid-container MuiGrid-item css-1f064cs-MuiGrid-root"[39m
          [36m>[39m
            [36m<div[39m
              [33mclass[39m=[32m"MuiGrid-root MuiGrid-item MuiGrid-grid-xs-12 css-11x2j5o-MuiGrid-root"[39m
            [36m>[39m
              [36m<div[39m
                [33mclass[39m=[32m"MuiFormControl-root css-1nrlq1o-MuiFormControl-root"[39m
              [36m>[39m
                [36m<div[39m
                  [33mclass[39m=[32m"MuiFormGroup-root MuiRadioGroup-root css-dmmspl-MuiFormGroup-root"[39m
                  [33mrole[39m=[32m"radiogroup"[39m
                [36m/>[39m
              [36m</div>[39m
            [36m</div>[39m
          [36m</div>[39m
        [36m</div>[39m
        [36m<div[39m
          [33mclass[39m=[32m"MuiGrid-root MuiGrid-item MuiGrid-grid-xs-12 css-1hzi63y-MuiGrid-root"[39m
        [36m>[39m
          [36m<div[39m
            [33mclass[39m=[32m"MuiGrid-root MuiGrid-container MuiGrid-spacing-xs-2 css-7pgsh3-MuiGrid-root"[39m
          [36m>[39m
            [36m<div[39m
              [33mclass[39m=[32m"MuiGrid-root MuiGrid-item css-13i4rnv-MuiGrid-root"[39m
            [36m>[39m
              [36m<button[39m
                [33maria-label[39m=[32m"Continua"[39m
                [33mclass[39m=[32m"MuiButtonBase-root MuiButton-root MuiButton-contained MuiButton-containedPrimary MuiButton-sizeMedium MuiButton-containedSizeMedium MuiButton-colorPrimary Mui-disabled MuiButton-root MuiButton-contained MuiButton-containedPrimary MuiButton-sizeMedium MuiButton-containedSizeMedium MuiButton-colorPrimary css-1fu7jd5-MuiButtonBase-root-MuiButton-root"[39m
                [33mdisabled[39m=[32m""[39m
                [33mtabindex[39m=[32m"-1"[39m
                [33mtype[39m=[32m"button"[39m
              [36m>[39m
                [0mContinua[0m
              [36m</button>[39m
            [36m</div>[39m
          [36m</div>[39m
        [36m</div>[39m
      [36m</div>[39m
    [36m</div>[39m
  [36m</div>[39m
[36m</body>[39m

Ignored nodes: comments, script, style
[36m<html>[39m
  [36m<head />[39m
  [36m<body[39m
    [33mstyle[39m=[32m""[39m
  [36m>[39m
    [36m<div>[39m
      [36m<button>[39m
        [0mLOGOUT[0m
      [36m</button>[39m
      [36m<div[39m
        [33mclass[39m=[32m"MuiContainer-root MuiContainer-maxWidthLg css-1oqqzyl-MuiContainer-root"[39m
      [36m>[39m
        [36m<div[39m
          [33mclass[39m=[32m"MuiGrid-root MuiGrid-container css-rm289v-MuiGrid-root"[39m
        [36m>[39m
          [36m<div[39m
            [33mclass[39m=[32m"MuiGrid-root MuiGrid-item MuiGrid-grid-xs-12 css-bj7xu4-MuiGrid-root"[39m
          [36m>[39m
            [36m<h3[39m
              [33mclass[39m=[32m"MuiTypography-root MuiTypography-h3 MuiTypography-alignCenter css-1ftkxk0-MuiTypography-root"[39m
            [36m>[39m
              [0mSeleziona il tipo di ente che [0m
              [36m<br />[39m
              [0m rappresenti[0m
            [36m</h3>[39m
          [36m</div>[39m
          [36m<div[39m
            [33mclass[39m=[32m"MuiGrid-root MuiGrid-item MuiGrid-grid-xs-12 css-bj7xu4-MuiGrid-root"[39m
          [36m>[39m
            [36m<p[39m
              [33mclass[39m=[32m"MuiTypography-root MuiTypography-body1 MuiTypography-alignCenter css-5v5l99-MuiTypography-root"[39m
            [36m>[39m
              [0mIndica il tipo di ente che aderirà a [0m
              [36m<strong />[39m
            [36m</p>[39m
          [36m</div>[39m
          [36m<div[39m
            [33mclass[39m=[32m"MuiGrid-root MuiGrid-item MuiGrid-grid-xs-12 css-bj7xu4-MuiGrid-root"[39m
          [36m>[39m
            [36m<div[39m
              [33mclass[39m=[32m"MuiPaper-root MuiPaper-elevation MuiPaper-rounded MuiPaper-elevation0 MuiAlert-root MuiAlert-colorInfo MuiAlert-standardInfo MuiAlert-standard css-5zts0j-MuiPaper-root-MuiAlert-root"[39m
              [33mrole[39m=[32m"alert"[39m
            [36m>[39m
              [36m<div[39m
                [33mclass[39m=[32m"MuiAlert-icon css-1ytlwq5-MuiAlert-icon"[39m
              [36m>[39m
                [36m<svg[39m
                  [33maria-hidden[39m=[32m"true"[39m
                  [33mclass[39m=[32m"MuiSvgIcon-root MuiSvgIcon-fontSizeInherit css-1vooibu-MuiSvgIcon-root"[39m
                  [33mdata-testid[39m=[32m"InfoOutlinedIcon"[39m
                  [33mfocusable[39m=[32m"false"[39m
                  [33mviewBox[39m=[32m"0 0 24 24"[39m
                [36m>[39m
                  [36m<path[39m
                    [33md[39m=[32m"M11,9H13V7H11M12,20C7.59,20 4,16.41 4,12C4,7.59 7.59,4 12,4C16.41,4 20,7.59 20, 12C20,16.41 16.41,20 12,20M12,2A10,10 0 0,0 2,12A10,10 0 0,0 12,22A10,10 0 0,0 22,12A10, 10 0 0,0 12,2M11,17H13V11H11V17Z"[39m
                  [36m/>[39m
                [36m</svg>[39m
              [36m</div>[39m
              [36m<div[39m
                [33mclass[39m=[32m"MuiAlert-message css-1pxa9xg-MuiAlert-message"[39m
              [36m>[39m
                [0mPagoPA S.p.A. mette a disposizione la piattaforma per la gestione delle adesioni. Non partecipa alla Convenzione e non è responsabile della sua esecuzione.[0m
              [36m</div>[39m
            [36m</div>[39m
          [36m</div>[39m
          [36m<div[39m
            [33mclass[39m=[32m"MuiPaper-root MuiPaper-elevation MuiPaper-rounded MuiPaper-elevation8 css-1tchchv-MuiPaper-root"[39m
          [36m>[39m
            [36m<div[39m
              [33mclass[39m=[32m"MuiGrid-root MuiGrid-container MuiGrid-item css-1f064cs-MuiGrid-root"[39m
            [36m>[39m
              [36m<div[39m
                [33mclass[39m=[32m"MuiGrid-root MuiGrid-item MuiGrid-grid-xs-12 css-11x2j5o-MuiGrid-root"[39m
              [36m>[39m
                [36m<div[39m
                  [33mclass[39m=[32m"MuiFormControl-root css-1nrlq1o-MuiFormControl-root"[39m
                [36m>[39m
                  [36m<div[39m
                    [33mclass[39m=[32m"MuiFormGroup-root MuiRadioGroup-root css-dmmspl-MuiFormGroup-root"[39m
                    [33mrole[39m=[32m"radiogroup"[39m
                  [36m/>[39m
                [36m</div>[39m
              [36m</div>[39m
            [36m</div>[39m
          [36m</div>[39m
          [36m<div[39m
            [33mclass[39m=[32m"MuiGrid-root MuiGrid-item MuiGrid-grid-xs-12 css-1hzi63y-MuiGrid-root"[39m
          [36m>[39m
            [36m<div[39m
              [33mclass[39m=[32m"MuiGrid-root MuiGrid-container MuiGrid-spacing-xs-2 css-7pgsh3-MuiGrid-root"[39m
            [36m>[39m
              [36m<div[39m
                [33mclass[39m=[32m"MuiGrid-root MuiGrid-item css-13i4rnv-MuiGrid-root"[39m
              [36m>[39m
                [36m<button[39m
                  [33maria-label[39m=[32m"Continua"[39m
                  [33mclass[39m=[32m"MuiButtonBase-root MuiButton-root MuiButton-contained MuiButton-containedPrimary MuiButton-sizeMedium MuiButton-containedSizeMedium MuiButton-colorPrimary Mui-disabled MuiButton-root MuiButton-contained MuiButton-containedPrimary MuiButton-sizeMedium MuiButton-containedSizeMedium MuiButton-colorPrimary css-1fu7jd5-MuiButtonBase-root-MuiButton-root"[39m
                  [33mdisabled[39m=[32m""[39m
                  [33mtabindex[39m=[32m"-1"[39m
                  [33mtype[39m=[32m"button"[39m
                [36m>[39m
                  [0mContinua[0m
                [36m</button>[39m
              [36m</div>[39m
            [36m</div>[39m
          [36m</div>[39m
        [36m</div>[39m
      [36m</div>[39m
    [36m</div>[39m
  [36m</body>[39m
[36m</html>[39m...
[90m [2m❯[22m waitForWrapper node_modules/@testing-library/dom/dist/wait-for.js:[2m163:27[22m[39m
[36m [2m❯[22m Module.executeStepInstitutionType src/views/onboardingProduct/__tests__/shared/stepHelpers.tsx:[2m119:11[22m[39m
    [90m117| [39m    screen[33m.[39m[34mgetByText[39m([36m/Indica il tipo di ente che aderirà a/[39m)[33m;[39m
    [90m118| [39m
    [90m119| [39m    [35mawait[39m [34mwaitFor[39m(() [33m=>[39m {
    [90m   | [39m          [31m^[39m
    [90m120| [39m      [34mfillInstitutionTypeCheckbox[39m(institutionType[33m,[39m productSelected)[33m;[39m
    [90m121| [39m
[90m [2m❯[22m src/views/onboardingProduct/__tests__/OnboardingProduct.pagopa.test.tsx:[2m91:3[22m[39m

[31m[2m⎯⎯⎯⎯⎯⎯⎯⎯⎯⎯⎯⎯⎯⎯⎯⎯⎯⎯⎯⎯⎯⎯[35/58]⎯[22m[39m

[41m[1m FAIL [22m[49m src/views/onboardingProduct/__tests__/OnboardingProduct.pagopa.test.tsx[2m > [22mTest: Successfull complete onboarding request of PT for product prod-pagopa
[31m[1mTestingLibraryElementError[22m[39m: Unable to find an element with the text: Partner tecnologico. This could be because the text is broken up by multiple elements. In this case, you can provide a function for your text matcher to make your matcher more flexible.

Ignored nodes: comments, script, style
[36m<body[39m
  [33mstyle[39m=[32m""[39m
[36m>[39m
  [36m<div>[39m
    [36m<button>[39m
      [0mLOGOUT[0m
    [36m</button>[39m
    [36m<div[39m
      [33mclass[39m=[32m"MuiContainer-root MuiContainer-maxWidthLg css-1oqqzyl-MuiContainer-root"[39m
    [36m>[39m
      [36m<div[39m
        [33mclass[39m=[32m"MuiGrid-root MuiGrid-container css-rm289v-MuiGrid-root"[39m
      [36m>[39m
        [36m<div[39m
          [33mclass[39m=[32m"MuiGrid-root MuiGrid-item MuiGrid-grid-xs-12 css-bj7xu4-MuiGrid-root"[39m
        [36m>[39m
          [36m<h3[39m
            [33mclass[39m=[32m"MuiTypography-root MuiTypography-h3 MuiTypography-alignCenter css-1ftkxk0-MuiTypography-root"[39m
          [36m>[39m
            [0mSeleziona il tipo di ente che [0m
            [36m<br />[39m
            [0m rappresenti[0m
          [36m</h3>[39m
        [36m</div>[39m
        [36m<div[39m
          [33mclass[39m=[32m"MuiGrid-root MuiGrid-item MuiGrid-grid-xs-12 css-bj7xu4-MuiGrid-root"[39m
        [36m>[39m
          [36m<p[39m
            [33mclass[39m=[32m"MuiTypography-root MuiTypography-body1 MuiTypography-alignCenter css-5v5l99-MuiTypography-root"[39m
          [36m>[39m
            [0mIndica il tipo di ente che aderirà a [0m
            [36m<strong />[39m
          [36m</p>[39m
        [36m</div>[39m
        [36m<div[39m
          [33mclass[39m=[32m"MuiGrid-root MuiGrid-item MuiGrid-grid-xs-12 css-bj7xu4-MuiGrid-root"[39m
        [36m>[39m
          [36m<div[39m
            [33mclass[39m=[32m"MuiPaper-root MuiPaper-elevation MuiPaper-rounded MuiPaper-elevation0 MuiAlert-root MuiAlert-colorInfo MuiAlert-standardInfo MuiAlert-standard css-5zts0j-MuiPaper-root-MuiAlert-root"[39m
            [33mrole[39m=[32m"alert"[39m
          [36m>[39m
            [36m<div[39m
              [33mclass[39m=[32m"MuiAlert-icon css-1ytlwq5-MuiAlert-icon"[39m
            [36m>[39m
              [36m<svg[39m
                [33maria-hidden[39m=[32m"true"[39m
                [33mclass[39m=[32m"MuiSvgIcon-root MuiSvgIcon-fontSizeInherit css-1vooibu-MuiSvgIcon-root"[39m
                [33mdata-testid[39m=[32m"InfoOutlinedIcon"[39m
                [33mfocusable[39m=[32m"false"[39m
                [33mviewBox[39m=[32m"0 0 24 24"[39m
              [36m>[39m
                [36m<path[39m
                  [33md[39m=[32m"M11,9H13V7H11M12,20C7.59,20 4,16.41 4,12C4,7.59 7.59,4 12,4C16.41,4 20,7.59 20, 12C20,16.41 16.41,20 12,20M12,2A10,10 0 0,0 2,12A10,10 0 0,0 12,22A10,10 0 0,0 22,12A10, 10 0 0,0 12,2M11,17H13V11H11V17Z"[39m
                [36m/>[39m
              [36m</svg>[39m
            [36m</div>[39m
            [36m<div[39m
              [33mclass[39m=[32m"MuiAlert-message css-1pxa9xg-MuiAlert-message"[39m
            [36m>[39m
              [0mPagoPA S.p.A. mette a disposizione la piattaforma per la gestione delle adesioni. Non partecipa alla Convenzione e non è responsabile della sua esecuzione.[0m
            [36m</div>[39m
          [36m</div>[39m
        [36m</div>[39m
        [36m<div[39m
          [33mclass[39m=[32m"MuiPaper-root MuiPaper-elevation MuiPaper-rounded MuiPaper-elevation8 css-1tchchv-MuiPaper-root"[39m
        [36m>[39m
          [36m<div[39m
            [33mclass[39m=[32m"MuiGrid-root MuiGrid-container MuiGrid-item css-1f064cs-MuiGrid-root"[39m
          [36m>[39m
            [36m<div[39m
              [33mclass[39m=[32m"MuiGrid-root MuiGrid-item MuiGrid-grid-xs-12 css-11x2j5o-MuiGrid-root"[39m
            [36m>[39m
              [36m<div[39m
                [33mclass[39m=[32m"MuiFormControl-root css-1nrlq1o-MuiFormControl-root"[39m
              [36m>[39m
                [36m<div[39m
                  [33mclass[39m=[32m"MuiFormGroup-root MuiRadioGroup-root css-dmmspl-MuiFormGroup-root"[39m
                  [33mrole[39m=[32m"radiogroup"[39m
                [36m/>[39m
              [36m</div>[39m
            [36m</div>[39m
          [36m</div>[39m
        [36m</div>[39m
        [36m<div[39m
          [33mclass[39m=[32m"MuiGrid-root MuiGrid-item MuiGrid-grid-xs-12 css-1hzi63y-MuiGrid-root"[39m
        [36m>[39m
          [36m<div[39m
            [33mclass[39m=[32m"MuiGrid-root MuiGrid-container MuiGrid-spacing-xs-2 css-7pgsh3-MuiGrid-root"[39m
          [36m>[39m
            [36m<div[39m
              [33mclass[39m=[32m"MuiGrid-root MuiGrid-item css-13i4rnv-MuiGrid-root"[39m
            [36m>[39m
              [36m<button[39m
                [33maria-label[39m=[32m"Continua"[39m
                [33mclass[39m=[32m"MuiButtonBase-root MuiButton-root MuiButton-contained MuiButton-containedPrimary MuiButton-sizeMedium MuiButton-containedSizeMedium MuiButton-colorPrimary Mui-disabled MuiButton-root MuiButton-contained MuiButton-containedPrimary MuiButton-sizeMedium MuiButton-containedSizeMedium MuiButton-colorPrimary css-1fu7jd5-MuiButtonBase-root-MuiButton-root"[39m
                [33mdisabled[39m=[32m""[39m
                [33mtabindex[39m=[32m"-1"[39m
                [33mtype[39m=[32m"button"[39m
              [36m>[39m
                [0mContinua[0m
              [36m</button>[39m
            [36m</div>[39m
          [36m</div>[39m
        [36m</div>[39m
      [36m</div>[39m
    [36m</div>[39m
  [36m</div>[39m
[36m</body>[39m

Ignored nodes: comments, script, style
[36m<html>[39m
  [36m<head />[39m
  [36m<body[39m
    [33mstyle[39m=[32m""[39m
  [36m>[39m
    [36m<div>[39m
      [36m<button>[39m
        [0mLOGOUT[0m
      [36m</button>[39m
      [36m<div[39m
        [33mclass[39m=[32m"MuiContainer-root MuiContainer-maxWidthLg css-1oqqzyl-MuiContainer-root"[39m
      [36m>[39m
        [36m<div[39m
          [33mclass[39m=[32m"MuiGrid-root MuiGrid-container css-rm289v-MuiGrid-root"[39m
        [36m>[39m
          [36m<div[39m
            [33mclass[39m=[32m"MuiGrid-root MuiGrid-item MuiGrid-grid-xs-12 css-bj7xu4-MuiGrid-root"[39m
          [36m>[39m
            [36m<h3[39m
              [33mclass[39m=[32m"MuiTypography-root MuiTypography-h3 MuiTypography-alignCenter css-1ftkxk0-MuiTypography-root"[39m
            [36m>[39m
              [0mSeleziona il tipo di ente che [0m
              [36m<br />[39m
              [0m rappresenti[0m
            [36m</h3>[39m
          [36m</div>[39m
          [36m<div[39m
            [33mclass[39m=[32m"MuiGrid-root MuiGrid-item MuiGrid-grid-xs-12 css-bj7xu4-MuiGrid-root"[39m
          [36m>[39m
            [36m<p[39m
              [33mclass[39m=[32m"MuiTypography-root MuiTypography-body1 MuiTypography-alignCenter css-5v5l99-MuiTypography-root"[39m
            [36m>[39m
              [0mIndica il tipo di ente che aderirà a [0m
              [36m<strong />[39m
            [36m</p>[39m
          [36m</div>[39m
          [36m<div[39m
            [33mclass[39m=[32m"MuiGrid-root MuiGrid-item MuiGrid-grid-xs-12 css-bj7xu4-MuiGrid-root"[39m
          [36m>[39m
            [36m<div[39m
              [33mclass[39m=[32m"MuiPaper-root MuiPaper-elevation MuiPaper-rounded MuiPaper-elevation0 MuiAlert-root MuiAlert-colorInfo MuiAlert-standardInfo MuiAlert-standard css-5zts0j-MuiPaper-root-MuiAlert-root"[39m
              [33mrole[39m=[32m"alert"[39m
            [36m>[39m
              [36m<div[39m
                [33mclass[39m=[32m"MuiAlert-icon css-1ytlwq5-MuiAlert-icon"[39m
              [36m>[39m
                [36m<svg[39m
                  [33maria-hidden[39m=[32m"true"[39m
                  [33mclass[39m=[32m"MuiSvgIcon-root MuiSvgIcon-fontSizeInherit css-1vooibu-MuiSvgIcon-root"[39m
                  [33mdata-testid[39m=[32m"InfoOutlinedIcon"[39m
                  [33mfocusable[39m=[32m"false"[39m
                  [33mviewBox[39m=[32m"0 0 24 24"[39m
                [36m>[39m
                  [36m<path[39m
                    [33md[39m=[32m"M11,9H13V7H11M12,20C7.59,20 4,16.41 4,12C4,7.59 7.59,4 12,4C16.41,4 20,7.59 20, 12C20,16.41 16.41,20 12,20M12,2A10,10 0 0,0 2,12A10,10 0 0,0 12,22A10,10 0 0,0 22,12A10, 10 0 0,0 12,2M11,17H13V11H11V17Z"[39m
                  [36m/>[39m
                [36m</svg>[39m
              [36m</div>[39m
              [36m<div[39m
                [33mclass[39m=[32m"MuiAlert-message css-1pxa9xg-MuiAlert-message"[39m
              [36m>[39m
                [0mPagoPA S.p.A. mette a disposizione la piattaforma per la gestione delle adesioni. Non partecipa alla Convenzione e non è responsabile della sua esecuzione.[0m
              [36m</div>[39m
            [36m</div>[39m
          [36m</div>[39m
          [36m<div[39m
            [33mclass[39m=[32m"MuiPaper-root MuiPaper-elevation MuiPaper-rounded MuiPaper-elevation8 css-1tchchv-MuiPaper-root"[39m
          [36m>[39m
            [36m<div[39m
              [33mclass[39m=[32m"MuiGrid-root MuiGrid-container MuiGrid-item css-1f064cs-MuiGrid-root"[39m
            [36m>[39m
              [36m<div[39m
                [33mclass[39m=[32m"MuiGrid-root MuiGrid-item MuiGrid-grid-xs-12 css-11x2j5o-MuiGrid-root"[39m
              [36m>[39m
                [36m<div[39m
                  [33mclass[39m=[32m"MuiFormControl-root css-1nrlq1o-MuiFormControl-root"[39m
                [36m>[39m
                  [36m<div[39m
                    [33mclass[39m=[32m"MuiFormGroup-root MuiRadioGroup-root css-dmmspl-MuiFormGroup-root"[39m
                    [33mrole[39m=[32m"radiogroup"[39m
                  [36m/>[39m
                [36m</div>[39m
              [36m</div>[39m
            [36m</div>[39m
          [36m</div>[39m
          [36m<div[39m
            [33mclass[39m=[32m"MuiGrid-root MuiGrid-item MuiGrid-grid-xs-12 css-1hzi63y-MuiGrid-root"[39m
          [36m>[39m
            [36m<div[39m
              [33mclass[39m=[32m"MuiGrid-root MuiGrid-container MuiGrid-spacing-xs-2 css-7pgsh3-MuiGrid-root"[39m
            [36m>[39m
              [36m<div[39m
                [33mclass[39m=[32m"MuiGrid-root MuiGrid-item css-13i4rnv-MuiGrid-root"[39m
              [36m>[39m
                [36m<button[39m
                  [33maria-label[39m=[32m"Continua"[39m
                  [33mclass[39m=[32m"MuiButtonBase-root MuiButton-root MuiButton-contained MuiButton-containedPrimary MuiButton-sizeMedium MuiButton-containedSizeMedium MuiButton-colorPrimary Mui-disabled MuiButton-root MuiButton-contained MuiButton-containedPrimary MuiButton-sizeMedium MuiButton-containedSizeMedium MuiButton-colorPrimary css-1fu7jd5-MuiButtonBase-root-MuiButton-root"[39m
                  [33mdisabled[39m=[32m""[39m
                  [33mtabindex[39m=[32m"-1"[39m
                  [33mtype[39m=[32m"button"[39m
                [36m>[39m
                  [0mContinua[0m
                [36m</button>[39m
              [36m</div>[39m
            [36m</div>[39m
          [36m</div>[39m
        [36m</div>[39m
      [36m</div>[39m
    [36m</div>[39m
  [36m</body>[39m
[36m</html>[39m...
[90m [2m❯[22m waitForWrapper node_modules/@testing-library/dom/dist/wait-for.js:[2m163:27[22m[39m
[36m [2m❯[22m Module.executeStepInstitutionType src/views/onboardingProduct/__tests__/shared/stepHelpers.tsx:[2m119:11[22m[39m
    [90m117| [39m    screen[33m.[39m[34mgetByText[39m([36m/Indica il tipo di ente che aderirà a/[39m)[33m;[39m
    [90m118| [39m
    [90m119| [39m    [35mawait[39m [34mwaitFor[39m(() [33m=>[39m {
    [90m   | [39m          [31m^[39m
    [90m120| [39m      [34mfillInstitutionTypeCheckbox[39m(institutionType[33m,[39m productSelected)[33m;[39m
    [90m121| [39m
[90m [2m❯[22m src/views/onboardingProduct/__tests__/OnboardingProduct.pagopa.test.tsx:[2m110:3[22m[39m

[31m[2m⎯⎯⎯⎯⎯⎯⎯⎯⎯⎯⎯⎯⎯⎯⎯⎯⎯⎯⎯⎯⎯⎯[36/58]⎯[22m[39m

[41m[1m FAIL [22m[49m src/views/onboardingProduct/__tests__/OnboardingProduct.pagopa.test.tsx[2m > [22mTest: Successfull complete onboarding request of PSP for product prod-pagopa
[31m[1mTestingLibraryElementError[22m[39m: Unable to find an element with the text: Prestatori Servizi di Pagamento. This could be because the text is broken up by multiple elements. In this case, you can provide a function for your text matcher to make your matcher more flexible.

Ignored nodes: comments, script, style
[36m<body[39m
  [33mstyle[39m=[32m""[39m
[36m>[39m
  [36m<div>[39m
    [36m<button>[39m
      [0mLOGOUT[0m
    [36m</button>[39m
    [36m<div[39m
      [33mclass[39m=[32m"MuiContainer-root MuiContainer-maxWidthLg css-1oqqzyl-MuiContainer-root"[39m
    [36m>[39m
      [36m<div[39m
        [33mclass[39m=[32m"MuiGrid-root MuiGrid-container css-rm289v-MuiGrid-root"[39m
      [36m>[39m
        [36m<div[39m
          [33mclass[39m=[32m"MuiGrid-root MuiGrid-item MuiGrid-grid-xs-12 css-bj7xu4-MuiGrid-root"[39m
        [36m>[39m
          [36m<h3[39m
            [33mclass[39m=[32m"MuiTypography-root MuiTypography-h3 MuiTypography-alignCenter css-1ftkxk0-MuiTypography-root"[39m
          [36m>[39m
            [0mSeleziona il tipo di ente che [0m
            [36m<br />[39m
            [0m rappresenti[0m
          [36m</h3>[39m
        [36m</div>[39m
        [36m<div[39m
          [33mclass[39m=[32m"MuiGrid-root MuiGrid-item MuiGrid-grid-xs-12 css-bj7xu4-MuiGrid-root"[39m
        [36m>[39m
          [36m<p[39m
            [33mclass[39m=[32m"MuiTypography-root MuiTypography-body1 MuiTypography-alignCenter css-5v5l99-MuiTypography-root"[39m
          [36m>[39m
            [0mIndica il tipo di ente che aderirà a [0m
            [36m<strong />[39m
          [36m</p>[39m
        [36m</div>[39m
        [36m<div[39m
          [33mclass[39m=[32m"MuiGrid-root MuiGrid-item MuiGrid-grid-xs-12 css-bj7xu4-MuiGrid-root"[39m
        [36m>[39m
          [36m<div[39m
            [33mclass[39m=[32m"MuiPaper-root MuiPaper-elevation MuiPaper-rounded MuiPaper-elevation0 MuiAlert-root MuiAlert-colorInfo MuiAlert-standardInfo MuiAlert-standard css-5zts0j-MuiPaper-root-MuiAlert-root"[39m
            [33mrole[39m=[32m"alert"[39m
          [36m>[39m
            [36m<div[39m
              [33mclass[39m=[32m"MuiAlert-icon css-1ytlwq5-MuiAlert-icon"[39m
            [36m>[39m
              [36m<svg[39m
                [33maria-hidden[39m=[32m"true"[39m
                [33mclass[39m=[32m"MuiSvgIcon-root MuiSvgIcon-fontSizeInherit css-1vooibu-MuiSvgIcon-root"[39m
                [33mdata-testid[39m=[32m"InfoOutlinedIcon"[39m
                [33mfocusable[39m=[32m"false"[39m
                [33mviewBox[39m=[32m"0 0 24 24"[39m
              [36m>[39m
                [36m<path[39m
                  [33md[39m=[32m"M11,9H13V7H11M12,20C7.59,20 4,16.41 4,12C4,7.59 7.59,4 12,4C16.41,4 20,7.59 20, 12C20,16.41 16.41,20 12,20M12,2A10,10 0 0,0 2,12A10,10 0 0,0 12,22A10,10 0 0,0 22,12A10, 10 0 0,0 12,2M11,17H13V11H11V17Z"[39m
                [36m/>[39m
              [36m</svg>[39m
            [36m</div>[39m
            [36m<div[39m
              [33mclass[39m=[32m"MuiAlert-message css-1pxa9xg-MuiAlert-message"[39m
            [36m>[39m
              [0mPagoPA S.p.A. mette a disposizione la piattaforma per la gestione delle adesioni. Non partecipa alla Convenzione e non è responsabile della sua esecuzione.[0m
            [36m</div>[39m
          [36m</div>[39m
        [36m</div>[39m
        [36m<div[39m
          [33mclass[39m=[32m"MuiPaper-root MuiPaper-elevation MuiPaper-rounded MuiPaper-elevation8 css-1tchchv-MuiPaper-root"[39m
        [36m>[39m
          [36m<div[39m
            [33mclass[39m=[32m"MuiGrid-root MuiGrid-container MuiGrid-item css-1f064cs-MuiGrid-root"[39m
          [36m>[39m
            [36m<div[39m
              [33mclass[39m=[32m"MuiGrid-root MuiGrid-item MuiGrid-grid-xs-12 css-11x2j5o-MuiGrid-root"[39m
            [36m>[39m
              [36m<div[39m
                [33mclass[39m=[32m"MuiFormControl-root css-1nrlq1o-MuiFormControl-root"[39m
              [36m>[39m
                [36m<div[39m
                  [33mclass[39m=[32m"MuiFormGroup-root MuiRadioGroup-root css-dmmspl-MuiFormGroup-root"[39m
                  [33mrole[39m=[32m"radiogroup"[39m
                [36m/>[39m
              [36m</div>[39m
            [36m</div>[39m
          [36m</div>[39m
        [36m</div>[39m
        [36m<div[39m
          [33mclass[39m=[32m"MuiGrid-root MuiGrid-item MuiGrid-grid-xs-12 css-1hzi63y-MuiGrid-root"[39m
        [36m>[39m
          [36m<div[39m
            [33mclass[39m=[32m"MuiGrid-root MuiGrid-container MuiGrid-spacing-xs-2 css-7pgsh3-MuiGrid-root"[39m
          [36m>[39m
            [36m<div[39m
              [33mclass[39m=[32m"MuiGrid-root MuiGrid-item css-13i4rnv-MuiGrid-root"[39m
            [36m>[39m
              [36m<button[39m
                [33maria-label[39m=[32m"Continua"[39m
                [33mclass[39m=[32m"MuiButtonBase-root MuiButton-root MuiButton-contained MuiButton-containedPrimary MuiButton-sizeMedium MuiButton-containedSizeMedium MuiButton-colorPrimary Mui-disabled MuiButton-root MuiButton-contained MuiButton-containedPrimary MuiButton-sizeMedium MuiButton-containedSizeMedium MuiButton-colorPrimary css-1fu7jd5-MuiButtonBase-root-MuiButton-root"[39m
                [33mdisabled[39m=[32m""[39m
                [33mtabindex[39m=[32m"-1"[39m
                [33mtype[39m=[32m"button"[39m
              [36m>[39m
                [0mContinua[0m
              [36m</button>[39m
            [36m</div>[39m
          [36m</div>[39m
        [36m</div>[39m
      [36m</div>[39m
    [36m</div>[39m
  [36m</div>[39m
[36m</body>[39m

Ignored nodes: comments, script, style
[36m<html>[39m
  [36m<head />[39m
  [36m<body[39m
    [33mstyle[39m=[32m""[39m
  [36m>[39m
    [36m<div>[39m
      [36m<button>[39m
        [0mLOGOUT[0m
      [36m</button>[39m
      [36m<div[39m
        [33mclass[39m=[32m"MuiContainer-root MuiContainer-maxWidthLg css-1oqqzyl-MuiContainer-root"[39m
      [36m>[39m
        [36m<div[39m
          [33mclass[39m=[32m"MuiGrid-root MuiGrid-container css-rm289v-MuiGrid-root"[39m
        [36m>[39m
          [36m<div[39m
            [33mclass[39m=[32m"MuiGrid-root MuiGrid-item MuiGrid-grid-xs-12 css-bj7xu4-MuiGrid-root"[39m
          [36m>[39m
            [36m<h3[39m
              [33mclass[39m=[32m"MuiTypography-root MuiTypography-h3 MuiTypography-alignCenter css-1ftkxk0-MuiTypography-root"[39m
            [36m>[39m
              [0mSeleziona il tipo di ente che [0m
              [36m<br />[39m
              [0m rappresenti[0m
            [36m</h3>[39m
          [36m</div>[39m
          [36m<div[39m
            [33mclass[39m=[32m"MuiGrid-root MuiGrid-item MuiGrid-grid-xs-12 css-bj7xu4-MuiGrid-root"[39m
          [36m>[39m
            [36m<p[39m
              [33mclass[39m=[32m"MuiTypography-root MuiTypography-body1 MuiTypography-alignCenter css-5v5l99-MuiTypography-root"[39m
            [36m>[39m
              [0mIndica il tipo di ente che aderirà a [0m
              [36m<strong />[39m
            [36m</p>[39m
          [36m</div>[39m
          [36m<div[39m
            [33mclass[39m=[32m"MuiGrid-root MuiGrid-item MuiGrid-grid-xs-12 css-bj7xu4-MuiGrid-root"[39m
          [36m>[39m
            [36m<div[39m
              [33mclass[39m=[32m"MuiPaper-root MuiPaper-elevation MuiPaper-rounded MuiPaper-elevation0 MuiAlert-root MuiAlert-colorInfo MuiAlert-standardInfo MuiAlert-standard css-5zts0j-MuiPaper-root-MuiAlert-root"[39m
              [33mrole[39m=[32m"alert"[39m
            [36m>[39m
              [36m<div[39m
                [33mclass[39m=[32m"MuiAlert-icon css-1ytlwq5-MuiAlert-icon"[39m
              [36m>[39m
                [36m<svg[39m
                  [33maria-hidden[39m=[32m"true"[39m
                  [33mclass[39m=[32m"MuiSvgIcon-root MuiSvgIcon-fontSizeInherit css-1vooibu-MuiSvgIcon-root"[39m
                  [33mdata-testid[39m=[32m"InfoOutlinedIcon"[39m
                  [33mfocusable[39m=[32m"false"[39m
                  [33mviewBox[39m=[32m"0 0 24 24"[39m
                [36m>[39m
                  [36m<path[39m
                    [33md[39m=[32m"M11,9H13V7H11M12,20C7.59,20 4,16.41 4,12C4,7.59 7.59,4 12,4C16.41,4 20,7.59 20, 12C20,16.41 16.41,20 12,20M12,2A10,10 0 0,0 2,12A10,10 0 0,0 12,22A10,10 0 0,0 22,12A10, 10 0 0,0 12,2M11,17H13V11H11V17Z"[39m
                  [36m/>[39m
                [36m</svg>[39m
              [36m</div>[39m
              [36m<div[39m
                [33mclass[39m=[32m"MuiAlert-message css-1pxa9xg-MuiAlert-message"[39m
              [36m>[39m
                [0mPagoPA S.p.A. mette a disposizione la piattaforma per la gestione delle adesioni. Non partecipa alla Convenzione e non è responsabile della sua esecuzione.[0m
              [36m</div>[39m
            [36m</div>[39m
          [36m</div>[39m
          [36m<div[39m
            [33mclass[39m=[32m"MuiPaper-root MuiPaper-elevation MuiPaper-rounded MuiPaper-elevation8 css-1tchchv-MuiPaper-root"[39m
          [36m>[39m
            [36m<div[39m
              [33mclass[39m=[32m"MuiGrid-root MuiGrid-container MuiGrid-item css-1f064cs-MuiGrid-root"[39m
            [36m>[39m
              [36m<div[39m
                [33mclass[39m=[32m"MuiGrid-root MuiGrid-item MuiGrid-grid-xs-12 css-11x2j5o-MuiGrid-root"[39m
              [36m>[39m
                [36m<div[39m
                  [33mclass[39m=[32m"MuiFormControl-root css-1nrlq1o-MuiFormControl-root"[39m
                [36m>[39m
                  [36m<div[39m
                    [33mclass[39m=[32m"MuiFormGroup-root MuiRadioGroup-root css-dmmspl-MuiFormGroup-root"[39m
                    [33mrole[39m=[32m"radiogroup"[39m
                  [36m/>[39m
                [36m</div>[39m
              [36m</div>[39m
            [36m</div>[39m
          [36m</div>[39m
          [36m<div[39m
            [33mclass[39m=[32m"MuiGrid-root MuiGrid-item MuiGrid-grid-xs-12 css-1hzi63y-MuiGrid-root"[39m
          [36m>[39m
            [36m<div[39m
              [33mclass[39m=[32m"MuiGrid-root MuiGrid-container MuiGrid-spacing-xs-2 css-7pgsh3-MuiGrid-root"[39m
            [36m>[39m
              [36m<div[39m
                [33mclass[39m=[32m"MuiGrid-root MuiGrid-item css-13i4rnv-MuiGrid-root"[39m
              [36m>[39m
                [36m<button[39m
                  [33maria-label[39m=[32m"Continua"[39m
                  [33mclass[39m=[32m"MuiButtonBase-root MuiButton-root MuiButton-contained MuiButton-containedPrimary MuiButton-sizeMedium MuiButton-containedSizeMedium MuiButton-colorPrimary Mui-disabled MuiButton-root MuiButton-contained MuiButton-containedPrimary MuiButton-sizeMedium MuiButton-containedSizeMedium MuiButton-colorPrimary css-1fu7jd5-MuiButtonBase-root-MuiButton-root"[39m
                  [33mdisabled[39m=[32m""[39m
                  [33mtabindex[39m=[32m"-1"[39m
                  [33mtype[39m=[32m"button"[39m
                [36m>[39m
                  [0mContinua[0m
                [36m</button>[39m
              [36m</div>[39m
            [36m</div>[39m
          [36m</div>[39m
        [36m</div>[39m
      [36m</div>[39m
    [36m</div>[39m
  [36m</body>[39m
[36m</html>[39m...
[90m [2m❯[22m waitForWrapper node_modules/@testing-library/dom/dist/wait-for.js:[2m163:27[22m[39m
[36m [2m❯[22m Module.executeStepInstitutionType src/views/onboardingProduct/__tests__/shared/stepHelpers.tsx:[2m119:11[22m[39m
    [90m117| [39m    screen[33m.[39m[34mgetByText[39m([36m/Indica il tipo di ente che aderirà a/[39m)[33m;[39m
    [90m118| [39m
    [90m119| [39m    [35mawait[39m [34mwaitFor[39m(() [33m=>[39m {
    [90m   | [39m          [31m^[39m
    [90m120| [39m      [34mfillInstitutionTypeCheckbox[39m(institutionType[33m,[39m productSelected)[33m;[39m
    [90m121| [39m
[90m [2m❯[22m src/views/onboardingProduct/__tests__/OnboardingProduct.pagopa.test.tsx:[2m119:3[22m[39m

[31m[2m⎯⎯⎯⎯⎯⎯⎯⎯⎯⎯⎯⎯⎯⎯⎯⎯⎯⎯⎯⎯⎯⎯[37/58]⎯[22m[39m

[41m[1m FAIL [22m[49m src/views/onboardingProduct/__tests__/OnboardingProduct.pagopa.test.tsx[2m > [22mTest: Successfull complete onboarding request of PRV for product prod-pagopa skipping step search party
[31m[1mTestingLibraryElementError[22m[39m: Unable to find an element with the text: Altro. This could be because the text is broken up by multiple elements. In this case, you can provide a function for your text matcher to make your matcher more flexible.

Ignored nodes: comments, script, style
[36m<body[39m
  [33mstyle[39m=[32m""[39m
[36m>[39m
  [36m<div>[39m
    [36m<button>[39m
      [0mLOGOUT[0m
    [36m</button>[39m
    [36m<div[39m
      [33mclass[39m=[32m"MuiContainer-root MuiContainer-maxWidthLg css-1oqqzyl-MuiContainer-root"[39m
    [36m>[39m
      [36m<div[39m
        [33mclass[39m=[32m"MuiGrid-root MuiGrid-container css-rm289v-MuiGrid-root"[39m
      [36m>[39m
        [36m<div[39m
          [33mclass[39m=[32m"MuiGrid-root MuiGrid-item MuiGrid-grid-xs-12 css-bj7xu4-MuiGrid-root"[39m
        [36m>[39m
          [36m<h3[39m
            [33mclass[39m=[32m"MuiTypography-root MuiTypography-h3 MuiTypography-alignCenter css-1ftkxk0-MuiTypography-root"[39m
          [36m>[39m
            [0mSeleziona il tipo di ente che [0m
            [36m<br />[39m
            [0m rappresenti[0m
          [36m</h3>[39m
        [36m</div>[39m
        [36m<div[39m
          [33mclass[39m=[32m"MuiGrid-root MuiGrid-item MuiGrid-grid-xs-12 css-bj7xu4-MuiGrid-root"[39m
        [36m>[39m
          [36m<p[39m
            [33mclass[39m=[32m"MuiTypography-root MuiTypography-body1 MuiTypography-alignCenter css-5v5l99-MuiTypography-root"[39m
          [36m>[39m
            [0mIndica il tipo di ente che aderirà a [0m
            [36m<strong />[39m
          [36m</p>[39m
        [36m</div>[39m
        [36m<div[39m
          [33mclass[39m=[32m"MuiGrid-root MuiGrid-item MuiGrid-grid-xs-12 css-bj7xu4-MuiGrid-root"[39m
        [36m>[39m
          [36m<div[39m
            [33mclass[39m=[32m"MuiPaper-root MuiPaper-elevation MuiPaper-rounded MuiPaper-elevation0 MuiAlert-root MuiAlert-colorInfo MuiAlert-standardInfo MuiAlert-standard css-5zts0j-MuiPaper-root-MuiAlert-root"[39m
            [33mrole[39m=[32m"alert"[39m
          [36m>[39m
            [36m<div[39m
              [33mclass[39m=[32m"MuiAlert-icon css-1ytlwq5-MuiAlert-icon"[39m
            [36m>[39m
              [36m<svg[39m
                [33maria-hidden[39m=[32m"true"[39m
                [33mclass[39m=[32m"MuiSvgIcon-root MuiSvgIcon-fontSizeInherit css-1vooibu-MuiSvgIcon-root"[39m
                [33mdata-testid[39m=[32m"InfoOutlinedIcon"[39m
                [33mfocusable[39m=[32m"false"[39m
                [33mviewBox[39m=[32m"0 0 24 24"[39m
              [36m>[39m
                [36m<path[39m
                  [33md[39m=[32m"M11,9H13V7H11M12,20C7.59,20 4,16.41 4,12C4,7.59 7.59,4 12,4C16.41,4 20,7.59 20, 12C20,16.41 16.41,20 12,20M12,2A10,10 0 0,0 2,12A10,10 0 0,0 12,22A10,10 0 0,0 22,12A10, 10 0 0,0 12,2M11,17H13V11H11V17Z"[39m
                [36m/>[39m
              [36m</svg>[39m
            [36m</div>[39m
            [36m<div[39m
              [33mclass[39m=[32m"MuiAlert-message css-1pxa9xg-MuiAlert-message"[39m
            [36m>[39m
              [0mPagoPA S.p.A. mette a disposizione la piattaforma per la gestione delle adesioni. Non partecipa alla Convenzione e non è responsabile della sua esecuzione.[0m
            [36m</div>[39m
          [36m</div>[39m
        [36m</div>[39m
        [36m<div[39m
          [33mclass[39m=[32m"MuiPaper-root MuiPaper-elevation MuiPaper-rounded MuiPaper-elevation8 css-1tchchv-MuiPaper-root"[39m
        [36m>[39m
          [36m<div[39m
            [33mclass[39m=[32m"MuiGrid-root MuiGrid-container MuiGrid-item css-1f064cs-MuiGrid-root"[39m
          [36m>[39m
            [36m<div[39m
              [33mclass[39m=[32m"MuiGrid-root MuiGrid-item MuiGrid-grid-xs-12 css-11x2j5o-MuiGrid-root"[39m
            [36m>[39m
              [36m<div[39m
                [33mclass[39m=[32m"MuiFormControl-root css-1nrlq1o-MuiFormControl-root"[39m
              [36m>[39m
                [36m<div[39m
                  [33mclass[39m=[32m"MuiFormGroup-root MuiRadioGroup-root css-dmmspl-MuiFormGroup-root"[39m
                  [33mrole[39m=[32m"radiogroup"[39m
                [36m/>[39m
              [36m</div>[39m
            [36m</div>[39m
          [36m</div>[39m
        [36m</div>[39m
        [36m<div[39m
          [33mclass[39m=[32m"MuiGrid-root MuiGrid-item MuiGrid-grid-xs-12 css-1hzi63y-MuiGrid-root"[39m
        [36m>[39m
          [36m<div[39m
            [33mclass[39m=[32m"MuiGrid-root MuiGrid-container MuiGrid-spacing-xs-2 css-7pgsh3-MuiGrid-root"[39m
          [36m>[39m
            [36m<div[39m
              [33mclass[39m=[32m"MuiGrid-root MuiGrid-item css-13i4rnv-MuiGrid-root"[39m
            [36m>[39m
              [36m<button[39m
                [33maria-label[39m=[32m"Continua"[39m
                [33mclass[39m=[32m"MuiButtonBase-root MuiButton-root MuiButton-contained MuiButton-containedPrimary MuiButton-sizeMedium MuiButton-containedSizeMedium MuiButton-colorPrimary Mui-disabled MuiButton-root MuiButton-contained MuiButton-containedPrimary MuiButton-sizeMedium MuiButton-containedSizeMedium MuiButton-colorPrimary css-1fu7jd5-MuiButtonBase-root-MuiButton-root"[39m
                [33mdisabled[39m=[32m""[39m
                [33mtabindex[39m=[32m"-1"[39m
                [33mtype[39m=[32m"button"[39m
              [36m>[39m
                [0mContinua[0m
              [36m</button>[39m
            [36m</div>[39m
          [36m</div>[39m
        [36m</div>[39m
      [36m</div>[39m
    [36m</div>[39m
  [36m</div>[39m
[36m</body>[39m

Ignored nodes: comments, script, style
[36m<html>[39m
  [36m<head />[39m
  [36m<body[39m
    [33mstyle[39m=[32m""[39m
  [36m>[39m
    [36m<div>[39m
      [36m<button>[39m
        [0mLOGOUT[0m
      [36m</button>[39m
      [36m<div[39m
        [33mclass[39m=[32m"MuiContainer-root MuiContainer-maxWidthLg css-1oqqzyl-MuiContainer-root"[39m
      [36m>[39m
        [36m<div[39m
          [33mclass[39m=[32m"MuiGrid-root MuiGrid-container css-rm289v-MuiGrid-root"[39m
        [36m>[39m
          [36m<div[39m
            [33mclass[39m=[32m"MuiGrid-root MuiGrid-item MuiGrid-grid-xs-12 css-bj7xu4-MuiGrid-root"[39m
          [36m>[39m
            [36m<h3[39m
              [33mclass[39m=[32m"MuiTypography-root MuiTypography-h3 MuiTypography-alignCenter css-1ftkxk0-MuiTypography-root"[39m
            [36m>[39m
              [0mSeleziona il tipo di ente che [0m
              [36m<br />[39m
              [0m rappresenti[0m
            [36m</h3>[39m
          [36m</div>[39m
          [36m<div[39m
            [33mclass[39m=[32m"MuiGrid-root MuiGrid-item MuiGrid-grid-xs-12 css-bj7xu4-MuiGrid-root"[39m
          [36m>[39m
            [36m<p[39m
              [33mclass[39m=[32m"MuiTypography-root MuiTypography-body1 MuiTypography-alignCenter css-5v5l99-MuiTypography-root"[39m
            [36m>[39m
              [0mIndica il tipo di ente che aderirà a [0m
              [36m<strong />[39m
            [36m</p>[39m
          [36m</div>[39m
          [36m<div[39m
            [33mclass[39m=[32m"MuiGrid-root MuiGrid-item MuiGrid-grid-xs-12 css-bj7xu4-MuiGrid-root"[39m
          [36m>[39m
            [36m<div[39m
              [33mclass[39m=[32m"MuiPaper-root MuiPaper-elevation MuiPaper-rounded MuiPaper-elevation0 MuiAlert-root MuiAlert-colorInfo MuiAlert-standardInfo MuiAlert-standard css-5zts0j-MuiPaper-root-MuiAlert-root"[39m
              [33mrole[39m=[32m"alert"[39m
            [36m>[39m
              [36m<div[39m
                [33mclass[39m=[32m"MuiAlert-icon css-1ytlwq5-MuiAlert-icon"[39m
              [36m>[39m
                [36m<svg[39m
                  [33maria-hidden[39m=[32m"true"[39m
                  [33mclass[39m=[32m"MuiSvgIcon-root MuiSvgIcon-fontSizeInherit css-1vooibu-MuiSvgIcon-root"[39m
                  [33mdata-testid[39m=[32m"InfoOutlinedIcon"[39m
                  [33mfocusable[39m=[32m"false"[39m
                  [33mviewBox[39m=[32m"0 0 24 24"[39m
                [36m>[39m
                  [36m<path[39m
                    [33md[39m=[32m"M11,9H13V7H11M12,20C7.59,20 4,16.41 4,12C4,7.59 7.59,4 12,4C16.41,4 20,7.59 20, 12C20,16.41 16.41,20 12,20M12,2A10,10 0 0,0 2,12A10,10 0 0,0 12,22A10,10 0 0,0 22,12A10, 10 0 0,0 12,2M11,17H13V11H11V17Z"[39m
                  [36m/>[39m
                [36m</svg>[39m
              [36m</div>[39m
              [36m<div[39m
                [33mclass[39m=[32m"MuiAlert-message css-1pxa9xg-MuiAlert-message"[39m
              [36m>[39m
                [0mPagoPA S.p.A. mette a disposizione la piattaforma per la gestione delle adesioni. Non partecipa alla Convenzione e non è responsabile della sua esecuzione.[0m
              [36m</div>[39m
            [36m</div>[39m
          [36m</div>[39m
          [36m<div[39m
            [33mclass[39m=[32m"MuiPaper-root MuiPaper-elevation MuiPaper-rounded MuiPaper-elevation8 css-1tchchv-MuiPaper-root"[39m
          [36m>[39m
            [36m<div[39m
              [33mclass[39m=[32m"MuiGrid-root MuiGrid-container MuiGrid-item css-1f064cs-MuiGrid-root"[39m
            [36m>[39m
              [36m<div[39m
                [33mclass[39m=[32m"MuiGrid-root MuiGrid-item MuiGrid-grid-xs-12 css-11x2j5o-MuiGrid-root"[39m
              [36m>[39m
                [36m<div[39m
                  [33mclass[39m=[32m"MuiFormControl-root css-1nrlq1o-MuiFormControl-root"[39m
                [36m>[39m
                  [36m<div[39m
                    [33mclass[39m=[32m"MuiFormGroup-root MuiRadioGroup-root css-dmmspl-MuiFormGroup-root"[39m
                    [33mrole[39m=[32m"radiogroup"[39m
                  [36m/>[39m
                [36m</div>[39m
              [36m</div>[39m
            [36m</div>[39m
          [36m</div>[39m
          [36m<div[39m
            [33mclass[39m=[32m"MuiGrid-root MuiGrid-item MuiGrid-grid-xs-12 css-1hzi63y-MuiGrid-root"[39m
          [36m>[39m
            [36m<div[39m
              [33mclass[39m=[32m"MuiGrid-root MuiGrid-container MuiGrid-spacing-xs-2 css-7pgsh3-MuiGrid-root"[39m
            [36m>[39m
              [36m<div[39m
                [33mclass[39m=[32m"MuiGrid-root MuiGrid-item css-13i4rnv-MuiGrid-root"[39m
              [36m>[39m
                [36m<button[39m
                  [33maria-label[39m=[32m"Continua"[39m
                  [33mclass[39m=[32m"MuiButtonBase-root MuiButton-root MuiButton-contained MuiButton-containedPrimary MuiButton-sizeMedium MuiButton-containedSizeMedium MuiButton-colorPrimary Mui-disabled MuiButton-root MuiButton-contained MuiButton-containedPrimary MuiButton-sizeMedium MuiButton-containedSizeMedium MuiButton-colorPrimary css-1fu7jd5-MuiButtonBase-root-MuiButton-root"[39m
                  [33mdisabled[39m=[32m""[39m
                  [33mtabindex[39m=[32m"-1"[39m
                  [33mtype[39m=[32m"button"[39m
                [36m>[39m
                  [0mContinua[0m
                [36m</button>[39m
              [36m</div>[39m
            [36m</div>[39m
          [36m</div>[39m
        [36m</div>[39m
      [36m</div>[39m
    [36m</div>[39m
  [36m</body>[39m
[36m</html>[39m...
[90m [2m❯[22m waitForWrapper node_modules/@testing-library/dom/dist/wait-for.js:[2m163:27[22m[39m
[36m [2m❯[22m Module.executeStepInstitutionType src/views/onboardingProduct/__tests__/shared/stepHelpers.tsx:[2m119:11[22m[39m
    [90m117| [39m    screen[33m.[39m[34mgetByText[39m([36m/Indica il tipo di ente che aderirà a/[39m)[33m;[39m
    [90m118| [39m
    [90m119| [39m    [35mawait[39m [34mwaitFor[39m(() [33m=>[39m {
    [90m   | [39m          [31m^[39m
    [90m120| [39m      [34mfillInstitutionTypeCheckbox[39m(institutionType[33m,[39m productSelected)[33m;[39m
    [90m121| [39m
[90m [2m❯[22m src/views/onboardingProduct/__tests__/OnboardingProduct.pagopa.test.tsx:[2m129:3[22m[39m

[31m[2m⎯⎯⎯⎯⎯⎯⎯⎯⎯⎯⎯⎯⎯⎯⎯⎯⎯⎯⎯⎯⎯⎯[38/58]⎯[22m[39m

[41m[1m FAIL [22m[49m src/views/onboardingUser/__tests__/OnboardingUser.test.tsx[2m > [22mTest: NOT successfull added new user for a party who has already onboarded to the IO product
[31m[1mTestingLibraryElementError[22m[39m: Unable to find an element with the text: Qualcosa è andato storto.. This could be because the text is broken up by multiple elements. In this case, you can provide a function for your text matcher to make your matcher more flexible.

Ignored nodes: comments, script, style
[36m<body[39m
  [33mstyle[39m=[32m""[39m
[36m>[39m
  [36m<div>[39m
    [36m<button>[39m
      [0mLOGOUT[0m
    [36m</button>[39m
    [36m<div[39m
      [33mclass[39m=[32m"MuiBox-root css-0"[39m
      [33mstyle[39m=[32m"text-align: center;"[39m
    [36m>[39m
      [36m<div[39m
        [33mclass[39m=[32m"MuiBox-root css-1qm1lh"[39m
      [36m>[39m
        [36m<i />[39m
      [36m</div>[39m
      [36m<div[39m
        [33mclass[39m=[32m"MuiBox-root css-wgf0r4"[39m
      [36m>[39m
        [36m<div[39m
          [33mclass[39m=[32m"MuiGrid-root MuiGrid-container MuiGrid-direction-xs-column css-a43cob-MuiGrid-root"[39m
          [33mstyle[39m=[32m"text-align: center;"[39m
        [36m>[39m
          [36m<div[39m
            [33mclass[39m=[32m"MuiGrid-root MuiGrid-container MuiGrid-item css-1fe99xk-MuiGrid-root"[39m
          [36m>[39m
            [36m<div[39m
              [33mclass[39m=[32m"MuiGrid-root MuiGrid-item MuiGrid-grid-xs-6 css-1osj8n2-MuiGrid-root"[39m
            [36m>[39m
              [36m<svg[39m
                [33maria-hidden[39m=[32m"true"[39m
                [33mclass[39m=[32m"MuiSvgIcon-root MuiSvgIcon-fontSizeMedium css-yk0weo-MuiSvgIcon-root"[39m
                [33mfocusable[39m=[32m"false"[39m
                [33mrole[39m=[32m"img"[39m
                [33mviewBox[39m=[32m"0 0 120 120"[39m
              [36m>[39m
                [36m<path[39m
                  [33md[39m=[32m"M.452 60.01C.452 27.2 27.147.507 59.957.507s59.504 26.695 59.504 59.505-26.695 59.504-59.504 59.504C27.147 119.515.452 92.82.452 60.01Zm5.946 0c0 29.534 24.025 53.559 53.559 53.559 29.533 0 53.558-24.025 53.558-53.559 0-29.533-24.025-53.558-53.558-53.558-29.534 0-53.559 24.025-53.559 53.559Z"[39m
                [36m/>[39m
                [36m<path[39m
                  [33md[39m=[32m"m75.536 45.523-22.811 22.69-8.324-8.372a2.98 2.98 0 0 0-4.198-.025c-1.165 1.14-1.165 3.034-.025 4.199L50.59 74.498a2.956 2.956 0 0 0 4.199 0L79.71 49.721a2.98 2.98 0 0 0 .025-4.198 2.958 2.958 0 0 0-4.199 0Z"[39m
                [36m/>[39m
                [36m<title>[39m
                  [0mCompletato[0m
                [36m</title>[39m
              [36m</svg>[39m
            [36m</div>[39m
          [36m</div>[39m
          [36m<div[39m
            [33mclass[39m=[32m"MuiGrid-root MuiGrid-container MuiGrid-item css-1h16bbz-MuiGrid-root"[39m
          [36m>[39m
            [36m<div[39m
              [33mclass[39m=[32m"MuiGrid-root MuiGrid-item MuiGrid-grid-xs-6 css-1osj8n2-MuiGrid-root"[39m
            [36m>[39m
              [36m<h4[39m
                [33mclass[39m=[32m"MuiTypography-root MuiTypography-h4 css-5lbw0b-MuiTypography-root"[39m
              [36m>[39m
                [0mHai inviato la richiesta[0m
              [36m</h4>[39m
            [36m</div>[39m
          [36m</div>[39m
          [36m<div[39m
            [33mclass[39m=[32m"MuiGrid-root MuiGrid-container MuiGrid-item css-tx50ma-MuiGrid-root"[39m
          [36m>[39m
            [36m<div[39m
              [33mclass[39m=[32m"MuiGrid-root MuiGrid-item MuiGrid-grid-xs-6 css-1osj8n2-MuiGrid-root"[39m
            [36m>[39m
              [36m<p[39m
                [33mclass[39m=[32m"MuiTypography-root MuiTypography-body1 css-ahj2mt-MuiTypography-root"[39m
              [36m>[39m
                [0mInvieremo un’email all’indirizzo PEC primario dell’ente. [0m
                [36m<br />[39m
                [0m Al suo interno, ci sono le istruzioni per completare [0m
                [36m<br />[39m
                [0ml’operazione.[0m
              [36m</p>[39m
            [36m</div>[39m
          [36m</div>[39m
          [36m<div[39m
            [33mclass[39m=[32m"MuiGrid-root MuiGrid-container MuiGrid-item css-1h16bbz-MuiGrid-root"[39m
          [36m>[39m
            [36m<div[39m
              [33mclass[39m=[32m"MuiGrid-root MuiGrid-item MuiGrid-grid-xs-4 css-gj1fbr-MuiGrid-root"[39m
            [36m>[39m
              [36m<button[39m
                [33mclass[39m=[32m"MuiButtonBase-root MuiButton-root MuiButton-contained MuiButton-containedPrimary MuiButton-sizeMedium MuiButton-containedSizeMedium MuiButton-colorPrimary MuiButton-root MuiButton-contained MuiButton-containedPrimary MuiButton-sizeMedium MuiButton-containedSizeMedium MuiButton-colorPrimary css-fp6qh5-MuiButtonBase-root-MuiButton-root"[39m
                [33mtabindex[39m=[32m"0"[39m
                [33mtype[39m=[32m"button"[39m
              [36m>[39m
                [0mTorna alla home[0m
                [36m<span[39m
                  [33mclass[39m=[32m"MuiTouchRipple-root css-8je8zh-MuiTouchRipple-root"[39m
                [36m/>[39m
              [36m</button>[39m
            [36m</div>[39m
          [36m</div>[39m
        [36m</div>[39m
      [36m</div>[39m
    [36m</div>[39m
  [36m</div>[39m
[36m</body>[39m

Ignored nodes: comments, script, style
[36m<html>[39m
  [36m<head />[39m
  [36m<body[39m
    [33mstyle[39m=[32m""[39m
  [36m>[39m
    [36m<div>[39m
      [36m<button>[39m
        [0mLOGOUT[0m
      [36m</button>[39m
      [36m<div[39m
        [33mclass[39m=[32m"MuiBox-root css-0"[39m
        [33mstyle[39m=[32m"text-align: center;"[39m
      [36m>[39m
        [36m<div[39m
          [33mclass[39m=[32m"MuiBox-root css-1qm1lh"[39m
        [36m>[39m
          [36m<i />[39m
        [36m</div>[39m
        [36m<div[39m
          [33mclass[39m=[32m"MuiBox-root css-wgf0r4"[39m
        [36m>[39m
          [36m<div[39m
            [33mclass[39m=[32m"MuiGrid-root MuiGrid-container MuiGrid-direction-xs-column css-a43cob-MuiGrid-root"[39m
            [33mstyle[39m=[32m"text-align: center;"[39m
          [36m>[39m
            [36m<div[39m
              [33mclass[39m=[32m"MuiGrid-root MuiGrid-container MuiGrid-item css-1fe99xk-MuiGrid-root"[39m
            [36m>[39m
              [36m<div[39m
                [33mclass[39m=[32m"MuiGrid-root MuiGrid-item MuiGrid-grid-xs-6 css-1osj8n2-MuiGrid-root"[39m
              [36m>[39m
                [36m<svg[39m
                  [33maria-hidden[39m=[32m"true"[39m
                  [33mclass[39m=[32m"MuiSvgIcon-root MuiSvgIcon-fontSizeMedium css-yk0weo-MuiSvgIcon-root"[39m
                  [33mfocusable[39m=[32m"false"[39m
                  [33mrole[39m=[32m"img"[39m
                  [33mviewBox[39m=[32m"0 0 120 120"[39m
                [36m>[39m
                  [36m<path[39m
                    [33md[39m=[32m"M.452 60.01C.452 27.2 27.147.507 59.957.507s59.504 26.695 59.504 59.505-26.695 59.504-59.504 59.504C27.147 119.515.452 92.82.452 60.01Zm5.946 0c0 29.534 24.025 53.559 53.559 53.559 29.533 0 53.558-24.025 53.558-53.559 0-29.533-24.025-53.558-53.558-53.558-29.534 0-53.559 24.025-53.559 53.559Z"[39m
                  [36m/>[39m
                  [36m<path[39m
                    [33md[39m=[32m"m75.536 45.523-22.811 22.69-8.324-8.372a2.98 2.98 0 0 0-4.198-.025c-1.165 1.14-1.165 3.034-.025 4.199L50.59 74.498a2.956 2.956 0 0 0 4.199 0L79.71 49.721a2.98 2.98 0 0 0 .025-4.198 2.958 2.958 0 0 0-4.199 0Z"[39m
                  [36m/>[39m
                  [36m<title>[39m
                    [0mCompletato[0m
                  [36m</title>[39m
                [36m</svg>[39m
              [36m</div>[39m
            [36m</div>[39m
            [36m<div[39m
              [33mclass[39m=[32m"MuiGrid-root MuiGrid-container MuiGrid-item css-1h16bbz-MuiGrid-root"[39m
            [36m>[39m
              [36m<div[39m
                [33mclass[39m=[32m"MuiGrid-root MuiGrid-item MuiGrid-grid-xs-6 css-1osj8n2-MuiGrid-root"[39m
              [36m>[39m
                [36m<h4[39m
                  [33mclass[39m=[32m"MuiTypography-root MuiTypography-h4 css-5lbw0b-MuiTypography-root"[39m
                [36m>[39m
                  [0mHai inviato la richiesta[0m
                [36m</h4>[39m
              [36m</div>[39m
            [36m</div>[39m
            [36m<div[39m
              [33mclass[39m=[32m"MuiGrid-root MuiGrid-container MuiGrid-item css-tx50ma-MuiGrid-root"[39m
            [36m>[39m
              [36m<div[39m
                [33mclass[39m=[32m"MuiGrid-root MuiGrid-item MuiGrid-grid-xs-6 css-1osj8n2-MuiGrid-root"[39m
              [36m>[39m
                [36m<p[39m
                  [33mclass[39m=[32m"MuiTypography-root MuiTypography-body1 css-ahj2mt-MuiTypography-root"[39m
                [36m>[39m
                  [0mInvieremo un’email all’indirizzo PEC primario dell’ente. [0m
                  [36m<br />[39m
                  [0m Al suo interno, ci sono le istruzioni per completare [0m
                  [36m<br />[39m
                  [0ml’operazione.[0m
                [36m</p>[39m
              [36m</div>[39m
            [36m</div>[39m
            [36m<div[39m
              [33mclass[39m=[32m"MuiGrid-root MuiGrid-container MuiGrid-item css-1h16bbz-MuiGrid-root"[39m
            [36m>[39m
              [36m<div[39m
                [33mclass[39m=[32m"MuiGrid-root MuiGrid-item MuiGrid-grid-xs-4 css-gj1fbr-MuiGrid-root"[39m
              [36m>[39m
                [36m<button[39m
                  [33mclass[39m=[32m"MuiButtonBase-root MuiButton-root MuiButton-contained MuiButton-containedPrimary MuiButton-sizeMedium MuiButton-containedSizeMedium MuiButton-colorPrimary MuiButton-root MuiButton-contained MuiButton-containedPrimary MuiButton-sizeMedium MuiButton-containedSizeMedium MuiButton-colorPrimary css-fp6qh5-MuiButtonBase-root-MuiButton-root"[39m
                  [33mtabindex[39m=[32m"0"[39m
                  [33mtype[39m=[32m"button"[39m
                [36m>[39m
                  [0mTorna alla home[0m
                  [36m<span[39m
                    [33mclass[39m=[32m"MuiTouchRipple-root css-8je8zh-MuiTouchRipple-root"[39m
                  [36m/>[39m
                [36m</button>[39m
              [36m</div>[39m
            [36m</div>[39m
          [36m</div>[39m
        [36m</div>[39m
      [36m</div>[39m
    [36m</div>[39m
  [36m</body>[39m
[36m</html>[39m...
[90m [2m❯[22m waitForWrapper node_modules/@testing-library/dom/dist/wait-for.js:[2m163:27[22m[39m
[36m [2m❯[22m executeStepAddAdmin src/utils/test/test-utils.tsx:[2m446:13[22m[39m
    [90m444| [39m
    [90m445| [39m    [35mif[39m ([33m![39misAggregator) {
    [90m446| [39m      [35mawait[39m [34mwaitFor[39m(() [33m=>[39m
    [90m   | [39m            [31m^[39m
    [90m447| [39m        screen[33m.[39m[34mgetByText[39m(
    [90m448| [39m          isTechPartner [33m&&[39m expectedSuccessfulSubmit
[90m [2m❯[22m src/views/onboardingUser/__tests__/OnboardingUser.test.tsx:[2m176:3[22m[39m

[31m[2m⎯⎯⎯⎯⎯⎯⎯⎯⎯⎯⎯⎯⎯⎯⎯⎯⎯⎯⎯⎯⎯⎯[39/58]⎯[22m[39m

[41m[1m FAIL [22m[49m src/views/onboardingUser/__tests__/OnboardingUser.test.tsx[2m > [22mTest: Added new user for a party with select product prod-io-sign and search onboarded party with taxcode
[31m[1mError[22m: Unable to fire a "click" event - please provide a DOM element.[39m
[90m [2m❯[22m createEvent node_modules/@testing-library/dom/dist/events.js:[2m27:11[22m[39m
[90m [2m❯[22m createEvent.<computed> [as click] node_modules/@testing-library/dom/dist/events.js:[2m106:38[22m[39m
[90m [2m❯[22m fireEvent.<computed> [as click] node_modules/@testing-library/dom/dist/events.js:[2m110:68[22m[39m
[90m [2m❯[22m fireEvent.<computed> [as click] node_modules/@testing-library/react/dist/fire-event.js:[2m15:52[22m[39m
[36m [2m❯[22m executeStepSelectProduct src/views/onboardingUser/__tests__/OnboardingUser.test.tsx:[2m109:13[22m[39m
    [90m107| [39m  [35mconst[39m elementId [33m=[39m productId[33m.[39m[34mtoLowerCase[39m()[33m;[39m
    [90m108| [39m
    [90m109| [39m  fireEvent[33m.[39m[34mclick[39m(document[33m.[39m[34mgetElementById[39m(elementId) [35mas[39m [33mHTMLElement[39m)[33m;[39m
    [90m   | [39m            [31m^[39m
    [90m110| [39m  expect(document.getElementById(elementId) as HTMLElement).toBeChecke…
    [90m111| [39m  [34mexpect[39m(continueButton)[33m.[39m[34mtoBeEnabled[39m()[33m;[39m
[90m [2m❯[22m src/views/onboardingUser/__tests__/OnboardingUser.test.tsx:[2m193:3[22m[39m

[31m[2m⎯⎯⎯⎯⎯⎯⎯⎯⎯⎯⎯⎯⎯⎯⎯⎯⎯⎯⎯⎯⎯⎯[40/58]⎯[22m[39m

[41m[1m FAIL [22m[49m src/views/onboardingUser/__tests__/OnboardingUser.test.tsx[2m > [22mTest: Added new user for a party with select product prod-pn and search onboarded party with taxcode
[31m[1mError[22m: Unable to fire a "click" event - please provide a DOM element.[39m
[90m [2m❯[22m createEvent node_modules/@testing-library/dom/dist/events.js:[2m27:11[22m[39m
[90m [2m❯[22m createEvent.<computed> [as click] node_modules/@testing-library/dom/dist/events.js:[2m106:38[22m[39m
[90m [2m❯[22m fireEvent.<computed> [as click] node_modules/@testing-library/dom/dist/events.js:[2m110:68[22m[39m
[90m [2m❯[22m fireEvent.<computed> [as click] node_modules/@testing-library/react/dist/fire-event.js:[2m15:52[22m[39m
[36m [2m❯[22m executeStepSelectProduct src/views/onboardingUser/__tests__/OnboardingUser.test.tsx:[2m109:13[22m[39m
    [90m107| [39m  [35mconst[39m elementId [33m=[39m productId[33m.[39m[34mtoLowerCase[39m()[33m;[39m
    [90m108| [39m
    [90m109| [39m  fireEvent[33m.[39m[34mclick[39m(document[33m.[39m[34mgetElementById[39m(elementId) [35mas[39m [33mHTMLElement[39m)[33m;[39m
    [90m   | [39m            [31m^[39m
    [90m110| [39m  expect(document.getElementById(elementId) as HTMLElement).toBeChecke…
    [90m111| [39m  [34mexpect[39m(continueButton)[33m.[39m[34mtoBeEnabled[39m()[33m;[39m
[90m [2m❯[22m src/views/onboardingUser/__tests__/OnboardingUser.test.tsx:[2m207:3[22m[39m

[31m[2m⎯⎯⎯⎯⎯⎯⎯⎯⎯⎯⎯⎯⎯⎯⎯⎯⎯⎯⎯⎯⎯⎯[41/58]⎯[22m[39m

[41m[1m FAIL [22m[49m src/views/onboardingUser/__tests__/OnboardingUser.test.tsx[2m > [22mTest: Added new user for a party with select product prod-io-sign and search onboarded party with aoo code
[31m[1mError[22m: Unable to fire a "click" event - please provide a DOM element.[39m
[90m [2m❯[22m createEvent node_modules/@testing-library/dom/dist/events.js:[2m27:11[22m[39m
[90m [2m❯[22m createEvent.<computed> [as click] node_modules/@testing-library/dom/dist/events.js:[2m106:38[22m[39m
[90m [2m❯[22m fireEvent.<computed> [as click] node_modules/@testing-library/dom/dist/events.js:[2m110:68[22m[39m
[90m [2m❯[22m fireEvent.<computed> [as click] node_modules/@testing-library/react/dist/fire-event.js:[2m15:52[22m[39m
[36m [2m❯[22m executeStepSelectProduct src/views/onboardingUser/__tests__/OnboardingUser.test.tsx:[2m109:13[22m[39m
    [90m107| [39m  [35mconst[39m elementId [33m=[39m productId[33m.[39m[34mtoLowerCase[39m()[33m;[39m
    [90m108| [39m
    [90m109| [39m  fireEvent[33m.[39m[34mclick[39m(document[33m.[39m[34mgetElementById[39m(elementId) [35mas[39m [33mHTMLElement[39m)[33m;[39m
    [90m   | [39m            [31m^[39m
    [90m110| [39m  expect(document.getElementById(elementId) as HTMLElement).toBeChecke…
    [90m111| [39m  [34mexpect[39m(continueButton)[33m.[39m[34mtoBeEnabled[39m()[33m;[39m
[90m [2m❯[22m src/views/onboardingUser/__tests__/OnboardingUser.test.tsx:[2m221:3[22m[39m

[31m[2m⎯⎯⎯⎯⎯⎯⎯⎯⎯⎯⎯⎯⎯⎯⎯⎯⎯⎯⎯⎯⎯⎯[42/58]⎯[22m[39m

[41m[1m FAIL [22m[49m src/views/onboardingUser/__tests__/OnboardingUser.test.tsx[2m > [22mTest: Added new user for a party with select product prod-io-sign and search onboarded party with uo code
[31m[1mError[22m: Unable to fire a "click" event - please provide a DOM element.[39m
[90m [2m❯[22m createEvent node_modules/@testing-library/dom/dist/events.js:[2m27:11[22m[39m
[90m [2m❯[22m createEvent.<computed> [as click] node_modules/@testing-library/dom/dist/events.js:[2m106:38[22m[39m
[90m [2m❯[22m fireEvent.<computed> [as click] node_modules/@testing-library/dom/dist/events.js:[2m110:68[22m[39m
[90m [2m❯[22m fireEvent.<computed> [as click] node_modules/@testing-library/react/dist/fire-event.js:[2m15:52[22m[39m
[36m [2m❯[22m executeStepSelectProduct src/views/onboardingUser/__tests__/OnboardingUser.test.tsx:[2m109:13[22m[39m
    [90m107| [39m  [35mconst[39m elementId [33m=[39m productId[33m.[39m[34mtoLowerCase[39m()[33m;[39m
    [90m108| [39m
    [90m109| [39m  fireEvent[33m.[39m[34mclick[39m(document[33m.[39m[34mgetElementById[39m(elementId) [35mas[39m [33mHTMLElement[39m)[33m;[39m
    [90m   | [39m            [31m^[39m
    [90m110| [39m  expect(document.getElementById(elementId) as HTMLElement).toBeChecke…
    [90m111| [39m  [34mexpect[39m(continueButton)[33m.[39m[34mtoBeEnabled[39m()[33m;[39m
[90m [2m❯[22m src/views/onboardingUser/__tests__/OnboardingUser.test.tsx:[2m235:3[22m[39m

[31m[2m⎯⎯⎯⎯⎯⎯⎯⎯⎯⎯⎯⎯⎯⎯⎯⎯⎯⎯⎯⎯⎯⎯[43/58]⎯[22m[39m

[41m[1m FAIL [22m[49m src/views/onboardingUser/__tests__/OnboardingUser.test.tsx[2m > [22mTest: Added new user for a party with select product prod-interop and search onboarded party with taxcode
[31m[1mError[22m: Unable to fire a "click" event - please provide a DOM element.[39m
[90m [2m❯[22m createEvent node_modules/@testing-library/dom/dist/events.js:[2m27:11[22m[39m
[90m [2m❯[22m createEvent.<computed> [as click] node_modules/@testing-library/dom/dist/events.js:[2m106:38[22m[39m
[90m [2m❯[22m fireEvent.<computed> [as click] node_modules/@testing-library/dom/dist/events.js:[2m110:68[22m[39m
[90m [2m❯[22m fireEvent.<computed> [as click] node_modules/@testing-library/react/dist/fire-event.js:[2m15:52[22m[39m
[36m [2m❯[22m executeStepSelectProduct src/views/onboardingUser/__tests__/OnboardingUser.test.tsx:[2m109:13[22m[39m
    [90m107| [39m  [35mconst[39m elementId [33m=[39m productId[33m.[39m[34mtoLowerCase[39m()[33m;[39m
    [90m108| [39m
    [90m109| [39m  fireEvent[33m.[39m[34mclick[39m(document[33m.[39m[34mgetElementById[39m(elementId) [35mas[39m [33mHTMLElement[39m)[33m;[39m
    [90m   | [39m            [31m^[39m
    [90m110| [39m  expect(document.getElementById(elementId) as HTMLElement).toBeChecke…
    [90m111| [39m  [34mexpect[39m(continueButton)[33m.[39m[34mtoBeEnabled[39m()[33m;[39m
[90m [2m❯[22m src/views/onboardingUser/__tests__/OnboardingUser.test.tsx:[2m249:3[22m[39m

[31m[2m⎯⎯⎯⎯⎯⎯⎯⎯⎯⎯⎯⎯⎯⎯⎯⎯⎯⎯⎯⎯⎯⎯[44/58]⎯[22m[39m

[41m[1m FAIL [22m[49m src/views/onboardingUser/__tests__/OnboardingUser.test.tsx[2m > [22mTest: Added new user for a party with select product prod-interop and search onboarded party with aoo code
[31m[1mError[22m: Unable to fire a "click" event - please provide a DOM element.[39m
[90m [2m❯[22m createEvent node_modules/@testing-library/dom/dist/events.js:[2m27:11[22m[39m
[90m [2m❯[22m createEvent.<computed> [as click] node_modules/@testing-library/dom/dist/events.js:[2m106:38[22m[39m
[90m [2m❯[22m fireEvent.<computed> [as click] node_modules/@testing-library/dom/dist/events.js:[2m110:68[22m[39m
[90m [2m❯[22m fireEvent.<computed> [as click] node_modules/@testing-library/react/dist/fire-event.js:[2m15:52[22m[39m
[36m [2m❯[22m executeStepSelectProduct src/views/onboardingUser/__tests__/OnboardingUser.test.tsx:[2m109:13[22m[39m
    [90m107| [39m  [35mconst[39m elementId [33m=[39m productId[33m.[39m[34mtoLowerCase[39m()[33m;[39m
    [90m108| [39m
    [90m109| [39m  fireEvent[33m.[39m[34mclick[39m(document[33m.[39m[34mgetElementById[39m(elementId) [35mas[39m [33mHTMLElement[39m)[33m;[39m
    [90m   | [39m            [31m^[39m
    [90m110| [39m  expect(document.getElementById(elementId) as HTMLElement).toBeChecke…
    [90m111| [39m  [34mexpect[39m(continueButton)[33m.[39m[34mtoBeEnabled[39m()[33m;[39m
[90m [2m❯[22m src/views/onboardingUser/__tests__/OnboardingUser.test.tsx:[2m263:3[22m[39m

[31m[2m⎯⎯⎯⎯⎯⎯⎯⎯⎯⎯⎯⎯⎯⎯⎯⎯⎯⎯⎯⎯⎯⎯[45/58]⎯[22m[39m

[41m[1m FAIL [22m[49m src/views/onboardingUser/__tests__/OnboardingUser.test.tsx[2m > [22mTest: Added new user for a party with select product prod-pagopa and search onboarded party with taxcode
[31m[1mError[22m: Unable to fire a "click" event - please provide a DOM element.[39m
[90m [2m❯[22m createEvent node_modules/@testing-library/dom/dist/events.js:[2m27:11[22m[39m
[90m [2m❯[22m createEvent.<computed> [as click] node_modules/@testing-library/dom/dist/events.js:[2m106:38[22m[39m
[90m [2m❯[22m fireEvent.<computed> [as click] node_modules/@testing-library/dom/dist/events.js:[2m110:68[22m[39m
[90m [2m❯[22m fireEvent.<computed> [as click] node_modules/@testing-library/react/dist/fire-event.js:[2m15:52[22m[39m
[36m [2m❯[22m executeStepSelectProduct src/views/onboardingUser/__tests__/OnboardingUser.test.tsx:[2m109:13[22m[39m
    [90m107| [39m  [35mconst[39m elementId [33m=[39m productId[33m.[39m[34mtoLowerCase[39m()[33m;[39m
    [90m108| [39m
    [90m109| [39m  fireEvent[33m.[39m[34mclick[39m(document[33m.[39m[34mgetElementById[39m(elementId) [35mas[39m [33mHTMLElement[39m)[33m;[39m
    [90m   | [39m            [31m^[39m
    [90m110| [39m  expect(document.getElementById(elementId) as HTMLElement).toBeChecke…
    [90m111| [39m  [34mexpect[39m(continueButton)[33m.[39m[34mtoBeEnabled[39m()[33m;[39m
[90m [2m❯[22m src/views/onboardingUser/__tests__/OnboardingUser.test.tsx:[2m277:3[22m[39m

[31m[2m⎯⎯⎯⎯⎯⎯⎯⎯⎯⎯⎯⎯⎯⎯⎯⎯⎯⎯⎯⎯⎯⎯[46/58]⎯[22m[39m

[41m[1m FAIL [22m[49m src/views/onboardingUser/__tests__/OnboardingUser.test.tsx[2m > [22mTest: Added new user for a party with select product prod-io and search onboarded party with taxcode
[31m[1mError[22m: Unable to fire a "click" event - please provide a DOM element.[39m
[90m [2m❯[22m createEvent node_modules/@testing-library/dom/dist/events.js:[2m27:11[22m[39m
[90m [2m❯[22m createEvent.<computed> [as click] node_modules/@testing-library/dom/dist/events.js:[2m106:38[22m[39m
[90m [2m❯[22m fireEvent.<computed> [as click] node_modules/@testing-library/dom/dist/events.js:[2m110:68[22m[39m
[90m [2m❯[22m fireEvent.<computed> [as click] node_modules/@testing-library/react/dist/fire-event.js:[2m15:52[22m[39m
[36m [2m❯[22m executeStepSelectProduct src/views/onboardingUser/__tests__/OnboardingUser.test.tsx:[2m109:13[22m[39m
    [90m107| [39m  [35mconst[39m elementId [33m=[39m productId[33m.[39m[34mtoLowerCase[39m()[33m;[39m
    [90m108| [39m
    [90m109| [39m  fireEvent[33m.[39m[34mclick[39m(document[33m.[39m[34mgetElementById[39m(elementId) [35mas[39m [33mHTMLElement[39m)[33m;[39m
    [90m   | [39m            [31m^[39m
    [90m110| [39m  expect(document.getElementById(elementId) as HTMLElement).toBeChecke…
    [90m111| [39m  [34mexpect[39m(continueButton)[33m.[39m[34mtoBeEnabled[39m()[33m;[39m
[90m [2m❯[22m src/views/onboardingUser/__tests__/OnboardingUser.test.tsx:[2m291:3[22m[39m

[31m[2m⎯⎯⎯⎯⎯⎯⎯⎯⎯⎯⎯⎯⎯⎯⎯⎯⎯⎯⎯⎯⎯⎯[47/58]⎯[22m[39m

[41m[1m FAIL [22m[49m src/views/onboardingUser/__tests__/OnboardingUser.test.tsx[2m > [22mTest: Added new user for a party with select product prod-idpay-merchant and search onboarded party with taxcode
[31m[1mError[22m: Unable to fire a "click" event - please provide a DOM element.[39m
[90m [2m❯[22m createEvent node_modules/@testing-library/dom/dist/events.js:[2m27:11[22m[39m
[90m [2m❯[22m createEvent.<computed> [as click] node_modules/@testing-library/dom/dist/events.js:[2m106:38[22m[39m
[90m [2m❯[22m fireEvent.<computed> [as click] node_modules/@testing-library/dom/dist/events.js:[2m110:68[22m[39m
[90m [2m❯[22m fireEvent.<computed> [as click] node_modules/@testing-library/react/dist/fire-event.js:[2m15:52[22m[39m
[36m [2m❯[22m executeStepSelectProduct src/views/onboardingUser/__tests__/OnboardingUser.test.tsx:[2m109:13[22m[39m
    [90m107| [39m  [35mconst[39m elementId [33m=[39m productId[33m.[39m[34mtoLowerCase[39m()[33m;[39m
    [90m108| [39m
    [90m109| [39m  fireEvent[33m.[39m[34mclick[39m(document[33m.[39m[34mgetElementById[39m(elementId) [35mas[39m [33mHTMLElement[39m)[33m;[39m
    [90m   | [39m            [31m^[39m
    [90m110| [39m  expect(document.getElementById(elementId) as HTMLElement).toBeChecke…
    [90m111| [39m  [34mexpect[39m(continueButton)[33m.[39m[34mtoBeEnabled[39m()[33m;[39m
[90m [2m❯[22m src/views/onboardingUser/__tests__/OnboardingUser.test.tsx:[2m305:3[22m[39m

[31m[2m⎯⎯⎯⎯⎯⎯⎯⎯⎯⎯⎯⎯⎯⎯⎯⎯⎯⎯⎯⎯⎯⎯[48/58]⎯[22m[39m

[41m[1m FAIL [22m[49m src/views/onboardingUser/__tests__/OnboardingUser.test.tsx[2m > [22mTest: Added new user for a party with select product prod-idpay-merchant and search onboarded party with personal taxcode
[31m[1mError[22m: Unable to fire a "click" event - please provide a DOM element.[39m
[90m [2m❯[22m createEvent node_modules/@testing-library/dom/dist/events.js:[2m27:11[22m[39m
[90m [2m❯[22m createEvent.<computed> [as click] node_modules/@testing-library/dom/dist/events.js:[2m106:38[22m[39m
[90m [2m❯[22m fireEvent.<computed> [as click] node_modules/@testing-library/dom/dist/events.js:[2m110:68[22m[39m
[90m [2m❯[22m fireEvent.<computed> [as click] node_modules/@testing-library/react/dist/fire-event.js:[2m15:52[22m[39m
[36m [2m❯[22m executeStepSelectProduct src/views/onboardingUser/__tests__/OnboardingUser.test.tsx:[2m109:13[22m[39m
    [90m107| [39m  [35mconst[39m elementId [33m=[39m productId[33m.[39m[34mtoLowerCase[39m()[33m;[39m
    [90m108| [39m
    [90m109| [39m  fireEvent[33m.[39m[34mclick[39m(document[33m.[39m[34mgetElementById[39m(elementId) [35mas[39m [33mHTMLElement[39m)[33m;[39m
    [90m   | [39m            [31m^[39m
    [90m110| [39m  expect(document.getElementById(elementId) as HTMLElement).toBeChecke…
    [90m111| [39m  [34mexpect[39m(continueButton)[33m.[39m[34mtoBeEnabled[39m()[33m;[39m
[90m [2m❯[22m src/views/onboardingUser/__tests__/OnboardingUser.test.tsx:[2m319:3[22m[39m

[31m[2m⎯⎯⎯⎯⎯⎯⎯⎯⎯⎯⎯⎯⎯⎯⎯⎯⎯⎯⎯⎯⎯⎯[49/58]⎯[22m[39m

[41m[1m FAIL [22m[49m src/views/onboardingUser/__tests__/OnboardingUser.test.tsx[2m > [22mTest: Back navigation from search party step resets product selection
[31m[1mError[22m: Unable to fire a "click" event - please provide a DOM element.[39m
[90m [2m❯[22m createEvent node_modules/@testing-library/dom/dist/events.js:[2m27:11[22m[39m
[90m [2m❯[22m createEvent.<computed> [as click] node_modules/@testing-library/dom/dist/events.js:[2m106:38[22m[39m
[90m [2m❯[22m fireEvent.<computed> [as click] node_modules/@testing-library/dom/dist/events.js:[2m110:68[22m[39m
[90m [2m❯[22m fireEvent.<computed> [as click] node_modules/@testing-library/react/dist/fire-event.js:[2m15:52[22m[39m
[36m [2m❯[22m executeStepSelectProduct src/views/onboardingUser/__tests__/OnboardingUser.test.tsx:[2m109:13[22m[39m
    [90m107| [39m  [35mconst[39m elementId [33m=[39m productId[33m.[39m[34mtoLowerCase[39m()[33m;[39m
    [90m108| [39m
    [90m109| [39m  fireEvent[33m.[39m[34mclick[39m(document[33m.[39m[34mgetElementById[39m(elementId) [35mas[39m [33mHTMLElement[39m)[33m;[39m
    [90m   | [39m            [31m^[39m
    [90m110| [39m  expect(document.getElementById(elementId) as HTMLElement).toBeChecke…
    [90m111| [39m  [34mexpect[39m(continueButton)[33m.[39m[34mtoBeEnabled[39m()[33m;[39m
[90m [2m❯[22m src/views/onboardingUser/__tests__/OnboardingUser.test.tsx:[2m333:3[22m[39m

[31m[2m⎯⎯⎯⎯⎯⎯⎯⎯⎯⎯⎯⎯⎯⎯⎯⎯⎯⎯⎯⎯⎯⎯[50/58]⎯[22m[39m

[41m[1m FAIL [22m[49m src/components/onboardingFormData/taxonomy/__tests__/GeoTaxonomySection.test.tsx[2m > [22mshould render GeoTaxonomySection with mocked retrievedTaxonomies and click on local radio button for changing the value of autocomplete
[31m[1mError[22m: Test timed out in 5000ms.
If this is a long-running test, pass a timeout value as the last argument or configure it globally with "testTimeout".[39m
[36m [2m❯[22m src/components/onboardingFormData/taxonomy/__tests__/GeoTaxonomySection.test.tsx:[2m72:1[22m[39m
    [90m 70| [39m})[33m;[39m
    [90m 71| [39m
    [90m 72| [39mtest('should render GeoTaxonomySection with mocked retrievedTaxonomies…
    [90m   | [39m[31m^[39m
    [90m 73| [39m  [34mrenderComponentWithProviders[39m(
    [90m 74| [39m    [33m<[39m[33mGeoTaxonomySection[39m

[31m[2m⎯⎯⎯⎯⎯⎯⎯⎯⎯⎯⎯⎯⎯⎯⎯⎯⎯⎯⎯⎯⎯⎯[51/58]⎯[22m[39m

[41m[1m FAIL [22m[49m src/views/onboardingRequest/complete/__tests__/CompleteRequestComponent.test.tsx[2m > [22mTest: The jwt is non-existent and the onboarding request is not retrieved, so the error page is showed
[31m[1mTestingLibraryElementError[22m[39m: Unable to find an element with the text: La pagina che cercavi non è disponibile. This could be because the text is broken up by multiple elements. In this case, you can provide a function for your text matcher to make your matcher more flexible.

Ignored nodes: comments, script, style
[36m<body>[39m
  [36m<div>[39m
    [36m<div[39m
      [33mclass[39m=[32m"MuiBox-root css-0"[39m
      [33mstyle[39m=[32m"text-align: center;"[39m
    [36m>[39m
      [36m<div[39m
        [33mclass[39m=[32m"MuiBox-root css-1qm1lh"[39m
      [36m>[39m
        [36m<i />[39m
      [36m</div>[39m
      [36m<div[39m
        [33mclass[39m=[32m"MuiGrid-root MuiGrid-container css-1elco3o-MuiGrid-root"[39m
      [36m>[39m
        [36m<div[39m
          [33mclass[39m=[32m"MuiPaper-root MuiPaper-elevation MuiPaper-rounded MuiPaper-elevation1 MuiCard-root css-1w2zcf5-MuiPaper-root-MuiCard-root"[39m
        [36m>[39m
          [36m<div[39m
            [33mclass[39m=[32m"MuiCardContent-root css-1qf7ogf-MuiCardContent-root"[39m
          [36m>[39m
            [36m<div[39m
              [33mclass[39m=[32m"MuiGrid-root MuiGrid-container css-rm289v-MuiGrid-root"[39m
            [36m>[39m
              [36m<div[39m
                [33mclass[39m=[32m"MuiGrid-root MuiGrid-item MuiGrid-grid-xs-12 css-1shqqbe-MuiGrid-root"[39m
              [36m>[39m
                [36m<svg[39m
                  [33maria-hidden[39m=[32m"true"[39m
                  [33mclass[39m=[32m"MuiSvgIcon-root MuiSvgIcon-fontSizeMedium css-11e46a8-MuiSvgIcon-root"[39m
                  [33mfocusable[39m=[32m"false"[39m
                  [33mrole[39m=[32m"img"[39m
                  [33mviewBox[39m=[32m"0 0 120 120"[39m
                [36m>[39m
                  [36m<path[39m
                    [33md[39m=[32m"M53.659 79.217H37.62a2.163 2.163 0 0 0-2.165 2.154c0 1.187.971 2.154 2.165 2.154h16.038a2.163 2.163 0 0 0 2.165-2.154 2.163 2.163 0 0 0-2.165-2.154ZM53.659 86.717H37.62a2.163 2.163 0 0 0-2.165 2.154c0 1.187.971 2.154 2.165 2.154h16.038a2.163 2.163 0 0 0 2.165-2.154 2.163 2.163 0 0 0-2.165-2.154Z"[39m
                  [36m/>[39m
                  [36m<path[39m
                    [33md[39m=[32m"M115.639 70.873c-2.439 0-5.364-1.745-8.751-3.767-3.582-2.137-7.631-4.554-12.086-5.437V49.845c0-1.194-.94-2.194-2.098-2.228a2.17 2.17 0 0 0-1.573.608c-.424.41-.657.957-.657 1.546v15.863c0 2.013-1.645 3.65-3.668 3.65h-5.767a6.536 6.536 0 0 0-4.623 1.938c-1.193 1.206-1.833 2.78-1.807 4.434.058 3.396 2.882 6.158 6.296 6.158h8.68c.305 0 .603.043.89.129v15.485a3.278 3.278 0 0 1-3.284 3.267H32.61a3.278 3.278 0 0 1-3.284-3.267v-30.52c2.735.191 7.944.162 12.165.138 3.289 0 5.964-2.66 5.964-5.932 0-.998-.253-1.974-.731-2.843a5.924 5.924 0 0 0 2.35-4.717c0-.962-.236-1.907-.683-2.754a5.904 5.904 0 0 0 2.468-4.805c0-1.336-.45-2.625-1.273-3.666a5.907 5.907 0 0 0 1.458-3.894c0-3.271-2.675-5.935-5.963-5.935H30.588a1.261 1.261 0 0 1-1.263-1.258V22.576a3.278 3.278 0 0 1 3.284-3.266h40.647v9.55c0 4.176 3.416 7.575 7.614 7.575h9.603v4.87c0 1.194.94 2.194 2.098 2.227a2.16 2.16 0 0 0 1.573-.608c.424-.409.657-.957.657-1.545v-5.68a5.61 5.61 0 0 0-1.643-3.948L77.963 16.634A5.67 5.67 0 0 0 73.993 15H32.61c-4.198 0-7.614 3.398-7.614 7.574v4.396c-4.537.861-8.564 3.331-12.126 5.516-3.277 2.01-6.106 3.745-8.51 3.745H4v4.308h.36c4.504 0 8.622-2.568 12.606-5.05 2.771-1.727 5.396-3.362 8.035-4.094.082 2.998 2.557 5.413 5.59 5.415h14.494c.89 0 1.624.723 1.634 1.632v.024a1.637 1.637 0 0 1-1.629 1.608c-.075-.01-.161-.01-2.644-.01h-11.6a2.163 2.163 0 0 0-2.165 2.154c0 1.187.972 2.154 2.165 2.154h4.246c4.08 0 9.669 0 9.887.007.45.022.86.218 1.155.553.294.335.435.766.395 1.213-.073.83-.816 1.48-1.692 1.48H30.923c-1.2 0-2.205.935-2.24 2.086-.016.589.2 1.144.612 1.565.411.421.962.653 1.554.653h12.196c.898 0 1.643.666 1.701 1.515.031.455-.125.888-.438 1.22a1.623 1.623 0 0 1-1.193.518H30.923c-1.2 0-2.205.935-2.24 2.086-.016.589.2 1.144.612 1.565.411.422.962.654 1.554.654h10.577c.898 0 1.643.665 1.701 1.514.031.455-.125.888-.438 1.22a1.623 1.623 0 0 1-1.195.518l-1.677.012c-8.75.062-12.023.084-16.411-1.395-4.739-1.74-18.4-4.083-18.98-4.183l-.06.354-.06.354.06.01v3.584c1.51 0 12.41 1.984 17.49 3.903.034.015.07.027.104.039 1.032.349 2.03.631 3.043.859V97.43c0 4.176 3.416 7.574 7.614 7.574h54.578a7.61 7.61 0 0 0 6.645-3.882c2.824-.543 4.496-1.237 6.427-2.041l.83-.342a31.23 31.23 0 0 0 3.231-1.563c3.421-1.886 10.296-2.35 10.363-2.355l.323-.021.173-3.774-.397.02c-7.431.368-13.096 2.83-13.147 2.854-.045.02-4.344 1.852-6.832 2.57v-9.957a8.504 8.504 0 0 0 5.13 1.747h.016c1.119 0 2.083-.84 2.199-1.92a2.168 2.168 0 0 0-.541-1.675 2.175 2.175 0 0 0-1.61-.713c-1.614 0-3.062-.9-3.774-2.35-1.225-2.489-3.83-4.097-6.637-4.097h-8.598c-1.078 0-1.975-.799-2.045-1.82a1.93 1.93 0 0 1 .527-1.47 1.96 1.96 0 0 1 1.436-.622h5.901c4.253 0 7.742-3.32 7.987-7.49 2.54.732 5.15 2.314 7.907 3.986 4.13 2.503 8.403 5.095 12.942 5.095h.361v-4.307h-.361l-.012-.005ZM77.587 28.86v-6.506l9.825 9.773H80.87a3.278 3.278 0 0 1-3.284-3.267Z"[39m
                  [36m/>[39m
                  [36m<title>[39m
                    [0mCondivisione informazioni[0m
                  [36m</title>[39m
                [36m</svg>[39m
              [36m</div>[39m
              [36m<div[39m
                [33mclass[39m=[32m"MuiGrid-root MuiGrid-item MuiGrid-grid-xs-10 css-159nsfe-MuiGrid-root"[39m
              [36m>[39m
                [36m<h4[39m
                  [33mclass[39m=[32m"MuiTypography-root MuiTypography-h4 css-yh5ds1-MuiTypography-root"[39m
                [36m>[39m
                  [0mScarica l’accordo di adesione[0m
                [36m</h4>[39m
              [36m</div>[39m
              [36m<div[39m
                [33mclass[39m=[32m"MuiGrid-root MuiGrid-item MuiGrid-grid-xs-12 css-bj7xu4-MuiGrid-root"[39m
              [36m>[39m
                [36m<p[39m
                  [33mclass[39m=[32m"MuiTypography-root MuiTypography-body1 MuiTypography-alignCenter css-y3ensx-MuiTypography-root"[39m
                [36m>[39m
                  [0mPer completare l’adesione, scarica l’accordo e fai apporre la firma digitale in [0m
                  [36m<br />[39m
                  [36m<strong>[39m
                    [0mformato p7m[0m
                  [36m</strong>[39m
                  [0m dal Legale Rappresentante dell’ente.[0m
                [36m</p>[39m
              [36m</div>[39m
              [36m<div[39m
                [33mclass[39m=[32m"MuiGrid-root MuiGrid-item MuiGrid-grid-xs-12 css-rjrxff-MuiGrid-root"[39m
              [36m>[39m
                [36m<button[39m
                  [33mclass[39m=[32m"MuiButtonBase-root MuiButton-root MuiButton-contained MuiButton-containedPrimary MuiButton-sizeMedium MuiButton-containedSizeMedium MuiButton-colorPrimary MuiButton-root MuiButton-contained MuiButton-containedPrimary MuiButton-sizeMedium MuiButton-containedSizeMedium MuiButton-colorPrimary css-sghohy-MuiButtonBase-root-MuiButton-root"[39m
                  [33mtabindex[39m=[32m"0"[39m
                  [33mtype[39m=[32m"button"[39m
                [36m>[39m
                  [0mScarica l’accordo[0m
               ...

Ignored nodes: comments, script, style
[36m<html>[39m
  [36m<head />[39m
  [36m<body>[39m
    [36m<div>[39m
      [36m<div[39m
        [33mclass[39m=[32m"MuiBox-root css-0"[39m
        [33mstyle[39m=[32m"text-align: center;"[39m
      [36m>[39m
        [36m<div[39m
          [33mclass[39m=[32m"MuiBox-root css-1qm1lh"[39m
        [36m>[39m
          [36m<i />[39m
        [36m</div>[39m
        [36m<div[39m
          [33mclass[39m=[32m"MuiGrid-root MuiGrid-container css-1elco3o-MuiGrid-root"[39m
        [36m>[39m
          [36m<div[39m
            [33mclass[39m=[32m"MuiPaper-root MuiPaper-elevation MuiPaper-rounded MuiPaper-elevation1 MuiCard-root css-1w2zcf5-MuiPaper-root-MuiCard-root"[39m
          [36m>[39m
            [36m<div[39m
              [33mclass[39m=[32m"MuiCardContent-root css-1qf7ogf-MuiCardContent-root"[39m
            [36m>[39m
              [36m<div[39m
                [33mclass[39m=[32m"MuiGrid-root MuiGrid-container css-rm289v-MuiGrid-root"[39m
              [36m>[39m
                [36m<div[39m
                  [33mclass[39m=[32m"MuiGrid-root MuiGrid-item MuiGrid-grid-xs-12 css-1shqqbe-MuiGrid-root"[39m
                [36m>[39m
                  [36m<svg[39m
                    [33maria-hidden[39m=[32m"true"[39m
                    [33mclass[39m=[32m"MuiSvgIcon-root MuiSvgIcon-fontSizeMedium css-11e46a8-MuiSvgIcon-root"[39m
                    [33mfocusable[39m=[32m"false"[39m
                    [33mrole[39m=[32m"img"[39m
                    [33mviewBox[39m=[32m"0 0 120 120"[39m
                  [36m>[39m
                    [36m<path[39m
                      [33md[39m=[32m"M53.659 79.217H37.62a2.163 2.163 0 0 0-2.165 2.154c0 1.187.971 2.154 2.165 2.154h16.038a2.163 2.163 0 0 0 2.165-2.154 2.163 2.163 0 0 0-2.165-2.154ZM53.659 86.717H37.62a2.163 2.163 0 0 0-2.165 2.154c0 1.187.971 2.154 2.165 2.154h16.038a2.163 2.163 0 0 0 2.165-2.154 2.163 2.163 0 0 0-2.165-2.154Z"[39m
                    [36m/>[39m
                    [36m<path[39m
                      [33md[39m=[32m"M115.639 70.873c-2.439 0-5.364-1.745-8.751-3.767-3.582-2.137-7.631-4.554-12.086-5.437V49.845c0-1.194-.94-2.194-2.098-2.228a2.17 2.17 0 0 0-1.573.608c-.424.41-.657.957-.657 1.546v15.863c0 2.013-1.645 3.65-3.668 3.65h-5.767a6.536 6.536 0 0 0-4.623 1.938c-1.193 1.206-1.833 2.78-1.807 4.434.058 3.396 2.882 6.158 6.296 6.158h8.68c.305 0 .603.043.89.129v15.485a3.278 3.278 0 0 1-3.284 3.267H32.61a3.278 3.278 0 0 1-3.284-3.267v-30.52c2.735.191 7.944.162 12.165.138 3.289 0 5.964-2.66 5.964-5.932 0-.998-.253-1.974-.731-2.843a5.924 5.924 0 0 0 2.35-4.717c0-.962-.236-1.907-.683-2.754a5.904 5.904 0 0 0 2.468-4.805c0-1.336-.45-2.625-1.273-3.666a5.907 5.907 0 0 0 1.458-3.894c0-3.271-2.675-5.935-5.963-5.935H30.588a1.261 1.261 0 0 1-1.263-1.258V22.576a3.278 3.278 0 0 1 3.284-3.266h40.647v9.55c0 4.176 3.416 7.575 7.614 7.575h9.603v4.87c0 1.194.94 2.194 2.098 2.227a2.16 2.16 0 0 0 1.573-.608c.424-.409.657-.957.657-1.545v-5.68a5.61 5.61 0 0 0-1.643-3.948L77.963 16.634A5.67 5.67 0 0 0 73.993 15H32.61c-4.198 0-7.614 3.398-7.614 7.574v4.396c-4.537.861-8.564 3.331-12.126 5.516-3.277 2.01-6.106 3.745-8.51 3.745H4v4.308h.36c4.504 0 8.622-2.568 12.606-5.05 2.771-1.727 5.396-3.362 8.035-4.094.082 2.998 2.557 5.413 5.59 5.415h14.494c.89 0 1.624.723 1.634 1.632v.024a1.637 1.637 0 0 1-1.629 1.608c-.075-.01-.161-.01-2.644-.01h-11.6a2.163 2.163 0 0 0-2.165 2.154c0 1.187.972 2.154 2.165 2.154h4.246c4.08 0 9.669 0 9.887.007.45.022.86.218 1.155.553.294.335.435.766.395 1.213-.073.83-.816 1.48-1.692 1.48H30.923c-1.2 0-2.205.935-2.24 2.086-.016.589.2 1.144.612 1.565.411.421.962.653 1.554.653h12.196c.898 0 1.643.666 1.701 1.515.031.455-.125.888-.438 1.22a1.623 1.623 0 0 1-1.193.518H30.923c-1.2 0-2.205.935-2.24 2.086-.016.589.2 1.144.612 1.565.411.422.962.654 1.554.654h10.577c.898 0 1.643.665 1.701 1.514.031.455-.125.888-.438 1.22a1.623 1.623 0 0 1-1.195.518l-1.677.012c-8.75.062-12.023.084-16.411-1.395-4.739-1.74-18.4-4.083-18.98-4.183l-.06.354-.06.354.06.01v3.584c1.51 0 12.41 1.984 17.49 3.903.034.015.07.027.104.039 1.032.349 2.03.631 3.043.859V97.43c0 4.176 3.416 7.574 7.614 7.574h54.578a7.61 7.61 0 0 0 6.645-3.882c2.824-.543 4.496-1.237 6.427-2.041l.83-.342a31.23 31.23 0 0 0 3.231-1.563c3.421-1.886 10.296-2.35 10.363-2.355l.323-.021.173-3.774-.397.02c-7.431.368-13.096 2.83-13.147 2.854-.045.02-4.344 1.852-6.832 2.57v-9.957a8.504 8.504 0 0 0 5.13 1.747h.016c1.119 0 2.083-.84 2.199-1.92a2.168 2.168 0 0 0-.541-1.675 2.175 2.175 0 0 0-1.61-.713c-1.614 0-3.062-.9-3.774-2.35-1.225-2.489-3.83-4.097-6.637-4.097h-8.598c-1.078 0-1.975-.799-2.045-1.82a1.93 1.93 0 0 1 .527-1.47 1.96 1.96 0 0 1 1.436-.622h5.901c4.253 0 7.742-3.32 7.987-7.49 2.54.732 5.15 2.314 7.907 3.986 4.13 2.503 8.403 5.095 12.942 5.095h.361v-4.307h-.361l-.012-.005ZM77.587 28.86v-6.506l9.825 9.773H80.87a3.278 3.278 0 0 1-3.284-3.267Z"[39m
                    [36m/>[39m
                    [36m<title>[39m
                      [0mCondivisione informazioni[0m
                    [36m</title>[39m
                  [36m</svg>[39m
                [36m</div>[39m
                [36m<div[39m
                  [33mclass[39m=[32m"MuiGrid-root MuiGrid-item MuiGrid-grid-xs-10 css-159nsfe-MuiGrid-root"[39m
                [36m>[39m
                  [36m<h4[39m
                    [33mclass[39m=[32m"MuiTypography-root MuiTypography-h4 css-yh5ds1-MuiTypography-root"[39m
                  [36m>[39m
                    [0mScarica l’accordo di adesione[0m
                  [36m</h4>[39m
                [36m</div>[39m
                [36m<div[39m
                  [33mclass[39m=[32m"MuiGrid-root MuiGrid-item MuiGrid-grid-xs-12 css-bj7xu4-MuiGrid-root"[39m
                [36m>[39m
                  [36m<p[39m
                    [33mclass[39m=[32m"MuiTypography-root MuiTypography-body1 MuiTypography-alignCenter css-y3ensx-MuiTypography-root"[39m
                  [36m>[39m
                    [0mPer completare l’adesione, scarica l’accordo e fai apporre la firma digitale in [0m
                    [36m<br />[39m
                    [36m<strong>[39m
                      [0mformato p7m[0m
                    [36m</strong>[39m
                    [0m dal Legale Rappresentante dell’ente.[0m
                  [36m</p>[39m
                [36m</div>[39m
                [36m<div[39m
                  [33mclass[39m=[32m"MuiGrid-root MuiGrid-item MuiGrid-grid-xs-12 css-rjrxff-MuiGrid-root"[39m
                [36m>[39m
                  [36m<button[39m
                    [33mclass[39m=[32m"MuiButtonBase-root MuiButton-root MuiButton-contained MuiButton-containedPrimary MuiButton-sizeMedium MuiButton-containedSizeMedium MuiButton-colorPrimary MuiButton-root MuiButton-contained MuiButton-containedPrimary MuiButton-sizeMedium MuiButton-containedSizeMedium MuiButton-colorPrimary css-sghohy-MuiButtonBase-root-MuiButton-root"[39m
        ...
[90m [2m❯[22m Proxy.waitForWrapper node_modules/@testing-library/dom/dist/wait-for.js:[2m163:27[22m[39m
[36m [2m❯[22m src/views/onboardingRequest/complete/__tests__/CompleteRequestComponent.test.tsx:[2m62:9[22m[39m
    [90m 60| [39m  [34mrender[39m([33m<[39m[33mCompleteRequestComponent[39m [33m/[39m[33m>[39m)[33m;[39m
    [90m 61| [39m
    [90m 62| [39m  await waitFor(() => screen.getByText('La pagina che cercavi non è di…
    [90m   | [39m        [31m^[39m
    [90m 63| [39m  const assistanceButton = screen.getByText('Contatta l\u2019assistenz…
    [90m 64| [39m

[31m[2m⎯⎯⎯⎯⎯⎯⎯⎯⎯⎯⎯⎯⎯⎯⎯⎯⎯⎯⎯⎯⎯⎯[52/58]⎯[22m[39m

[41m[1m FAIL [22m[49m src/views/onboardingRequest/complete/__tests__/CompleteRequestComponent.test.tsx[2m > [22mTest: The jwt exist and the request is correct retrieved, but it is already approved
[31m[1mTestingLibraryElementError[22m[39m: Unable to find an element with the text: La richiesta di adesione è stata accettata. This could be because the text is broken up by multiple elements. In this case, you can provide a function for your text matcher to make your matcher more flexible.

Ignored nodes: comments, script, style
[36m<body>[39m
  [36m<div>[39m
    [36m<div[39m
      [33mclass[39m=[32m"MuiBox-root css-0"[39m
      [33mstyle[39m=[32m"text-align: center;"[39m
    [36m>[39m
      [36m<div[39m
        [33mclass[39m=[32m"MuiBox-root css-1qm1lh"[39m
      [36m>[39m
        [36m<i />[39m
      [36m</div>[39m
      [36m<div[39m
        [33mclass[39m=[32m"MuiGrid-root MuiGrid-container css-1elco3o-MuiGrid-root"[39m
      [36m>[39m
        [36m<div[39m
          [33mclass[39m=[32m"MuiPaper-root MuiPaper-elevation MuiPaper-rounded MuiPaper-elevation1 MuiCard-root css-1w2zcf5-MuiPaper-root-MuiCard-root"[39m
        [36m>[39m
          [36m<div[39m
            [33mclass[39m=[32m"MuiCardContent-root css-1qf7ogf-MuiCardContent-root"[39m
          [36m>[39m
            [36m<div[39m
              [33mclass[39m=[32m"MuiGrid-root MuiGrid-container css-rm289v-MuiGrid-root"[39m
            [36m>[39m
              [36m<div[39m
                [33mclass[39m=[32m"MuiGrid-root MuiGrid-item MuiGrid-grid-xs-12 css-1shqqbe-MuiGrid-root"[39m
              [36m>[39m
                [36m<svg[39m
                  [33maria-hidden[39m=[32m"true"[39m
                  [33mclass[39m=[32m"MuiSvgIcon-root MuiSvgIcon-fontSizeMedium css-11e46a8-MuiSvgIcon-root"[39m
                  [33mfocusable[39m=[32m"false"[39m
                  [33mrole[39m=[32m"img"[39m
                  [33mviewBox[39m=[32m"0 0 120 120"[39m
                [36m>[39m
                  [36m<path[39m
                    [33md[39m=[32m"M53.659 79.217H37.62a2.163 2.163 0 0 0-2.165 2.154c0 1.187.971 2.154 2.165 2.154h16.038a2.163 2.163 0 0 0 2.165-2.154 2.163 2.163 0 0 0-2.165-2.154ZM53.659 86.717H37.62a2.163 2.163 0 0 0-2.165 2.154c0 1.187.971 2.154 2.165 2.154h16.038a2.163 2.163 0 0 0 2.165-2.154 2.163 2.163 0 0 0-2.165-2.154Z"[39m
                  [36m/>[39m
                  [36m<path[39m
                    [33md[39m=[32m"M115.639 70.873c-2.439 0-5.364-1.745-8.751-3.767-3.582-2.137-7.631-4.554-12.086-5.437V49.845c0-1.194-.94-2.194-2.098-2.228a2.17 2.17 0 0 0-1.573.608c-.424.41-.657.957-.657 1.546v15.863c0 2.013-1.645 3.65-3.668 3.65h-5.767a6.536 6.536 0 0 0-4.623 1.938c-1.193 1.206-1.833 2.78-1.807 4.434.058 3.396 2.882 6.158 6.296 6.158h8.68c.305 0 .603.043.89.129v15.485a3.278 3.278 0 0 1-3.284 3.267H32.61a3.278 3.278 0 0 1-3.284-3.267v-30.52c2.735.191 7.944.162 12.165.138 3.289 0 5.964-2.66 5.964-5.932 0-.998-.253-1.974-.731-2.843a5.924 5.924 0 0 0 2.35-4.717c0-.962-.236-1.907-.683-2.754a5.904 5.904 0 0 0 2.468-4.805c0-1.336-.45-2.625-1.273-3.666a5.907 5.907 0 0 0 1.458-3.894c0-3.271-2.675-5.935-5.963-5.935H30.588a1.261 1.261 0 0 1-1.263-1.258V22.576a3.278 3.278 0 0 1 3.284-3.266h40.647v9.55c0 4.176 3.416 7.575 7.614 7.575h9.603v4.87c0 1.194.94 2.194 2.098 2.227a2.16 2.16 0 0 0 1.573-.608c.424-.409.657-.957.657-1.545v-5.68a5.61 5.61 0 0 0-1.643-3.948L77.963 16.634A5.67 5.67 0 0 0 73.993 15H32.61c-4.198 0-7.614 3.398-7.614 7.574v4.396c-4.537.861-8.564 3.331-12.126 5.516-3.277 2.01-6.106 3.745-8.51 3.745H4v4.308h.36c4.504 0 8.622-2.568 12.606-5.05 2.771-1.727 5.396-3.362 8.035-4.094.082 2.998 2.557 5.413 5.59 5.415h14.494c.89 0 1.624.723 1.634 1.632v.024a1.637 1.637 0 0 1-1.629 1.608c-.075-.01-.161-.01-2.644-.01h-11.6a2.163 2.163 0 0 0-2.165 2.154c0 1.187.972 2.154 2.165 2.154h4.246c4.08 0 9.669 0 9.887.007.45.022.86.218 1.155.553.294.335.435.766.395 1.213-.073.83-.816 1.48-1.692 1.48H30.923c-1.2 0-2.205.935-2.24 2.086-.016.589.2 1.144.612 1.565.411.421.962.653 1.554.653h12.196c.898 0 1.643.666 1.701 1.515.031.455-.125.888-.438 1.22a1.623 1.623 0 0 1-1.193.518H30.923c-1.2 0-2.205.935-2.24 2.086-.016.589.2 1.144.612 1.565.411.422.962.654 1.554.654h10.577c.898 0 1.643.665 1.701 1.514.031.455-.125.888-.438 1.22a1.623 1.623 0 0 1-1.195.518l-1.677.012c-8.75.062-12.023.084-16.411-1.395-4.739-1.74-18.4-4.083-18.98-4.183l-.06.354-.06.354.06.01v3.584c1.51 0 12.41 1.984 17.49 3.903.034.015.07.027.104.039 1.032.349 2.03.631 3.043.859V97.43c0 4.176 3.416 7.574 7.614 7.574h54.578a7.61 7.61 0 0 0 6.645-3.882c2.824-.543 4.496-1.237 6.427-2.041l.83-.342a31.23 31.23 0 0 0 3.231-1.563c3.421-1.886 10.296-2.35 10.363-2.355l.323-.021.173-3.774-.397.02c-7.431.368-13.096 2.83-13.147 2.854-.045.02-4.344 1.852-6.832 2.57v-9.957a8.504 8.504 0 0 0 5.13 1.747h.016c1.119 0 2.083-.84 2.199-1.92a2.168 2.168 0 0 0-.541-1.675 2.175 2.175 0 0 0-1.61-.713c-1.614 0-3.062-.9-3.774-2.35-1.225-2.489-3.83-4.097-6.637-4.097h-8.598c-1.078 0-1.975-.799-2.045-1.82a1.93 1.93 0 0 1 .527-1.47 1.96 1.96 0 0 1 1.436-.622h5.901c4.253 0 7.742-3.32 7.987-7.49 2.54.732 5.15 2.314 7.907 3.986 4.13 2.503 8.403 5.095 12.942 5.095h.361v-4.307h-.361l-.012-.005ZM77.587 28.86v-6.506l9.825 9.773H80.87a3.278 3.278 0 0 1-3.284-3.267Z"[39m
                  [36m/>[39m
                  [36m<title>[39m
                    [0mCondivisione informazioni[0m
                  [36m</title>[39m
                [36m</svg>[39m
              [36m</div>[39m
              [36m<div[39m
                [33mclass[39m=[32m"MuiGrid-root MuiGrid-item MuiGrid-grid-xs-10 css-159nsfe-MuiGrid-root"[39m
              [36m>[39m
                [36m<h4[39m
                  [33mclass[39m=[32m"MuiTypography-root MuiTypography-h4 css-yh5ds1-MuiTypography-root"[39m
                [36m>[39m
                  [0mScarica l’accordo di adesione[0m
                [36m</h4>[39m
              [36m</div>[39m
              [36m<div[39m
                [33mclass[39m=[32m"MuiGrid-root MuiGrid-item MuiGrid-grid-xs-12 css-bj7xu4-MuiGrid-root"[39m
              [36m>[39m
                [36m<p[39m
                  [33mclass[39m=[32m"MuiTypography-root MuiTypography-body1 MuiTypography-alignCenter css-y3ensx-MuiTypography-root"[39m
                [36m>[39m
                  [0mPer completare l’adesione, scarica l’accordo e fai apporre la firma digitale in [0m
                  [36m<br />[39m
                  [36m<strong>[39m
                    [0mformato p7m[0m
                  [36m</strong>[39m
                  [0m dal Legale Rappresentante dell’ente.[0m
                [36m</p>[39m
              [36m</div>[39m
              [36m<div[39m
                [33mclass[39m=[32m"MuiGrid-root MuiGrid-item MuiGrid-grid-xs-12 css-rjrxff-MuiGrid-root"[39m
              [36m>[39m
                [36m<button[39m
                  [33mclass[39m=[32m"MuiButtonBase-root MuiButton-root MuiButton-contained MuiButton-containedPrimary MuiButton-sizeMedium MuiButton-containedSizeMedium MuiButton-colorPrimary MuiButton-root MuiButton-contained MuiButton-containedPrimary MuiButton-sizeMedium MuiButton-containedSizeMedium MuiButton-colorPrimary css-sghohy-MuiButtonBase-root-MuiButton-root"[39m
                  [33mtabindex[39m=[32m"0"[39m
                  [33mtype[39m=[32m"button"[39m
                [36m>[39m
                  [0mScarica l’accordo[0m
               ...

Ignored nodes: comments, script, style
[36m<html>[39m
  [36m<head />[39m
  [36m<body>[39m
    [36m<div>[39m
      [36m<div[39m
        [33mclass[39m=[32m"MuiBox-root css-0"[39m
        [33mstyle[39m=[32m"text-align: center;"[39m
      [36m>[39m
        [36m<div[39m
          [33mclass[39m=[32m"MuiBox-root css-1qm1lh"[39m
        [36m>[39m
          [36m<i />[39m
        [36m</div>[39m
        [36m<div[39m
          [33mclass[39m=[32m"MuiGrid-root MuiGrid-container css-1elco3o-MuiGrid-root"[39m
        [36m>[39m
          [36m<div[39m
            [33mclass[39m=[32m"MuiPaper-root MuiPaper-elevation MuiPaper-rounded MuiPaper-elevation1 MuiCard-root css-1w2zcf5-MuiPaper-root-MuiCard-root"[39m
          [36m>[39m
            [36m<div[39m
              [33mclass[39m=[32m"MuiCardContent-root css-1qf7ogf-MuiCardContent-root"[39m
            [36m>[39m
              [36m<div[39m
                [33mclass[39m=[32m"MuiGrid-root MuiGrid-container css-rm289v-MuiGrid-root"[39m
              [36m>[39m
                [36m<div[39m
                  [33mclass[39m=[32m"MuiGrid-root MuiGrid-item MuiGrid-grid-xs-12 css-1shqqbe-MuiGrid-root"[39m
                [36m>[39m
                  [36m<svg[39m
                    [33maria-hidden[39m=[32m"true"[39m
                    [33mclass[39m=[32m"MuiSvgIcon-root MuiSvgIcon-fontSizeMedium css-11e46a8-MuiSvgIcon-root"[39m
                    [33mfocusable[39m=[32m"false"[39m
                    [33mrole[39m=[32m"img"[39m
                    [33mviewBox[39m=[32m"0 0 120 120"[39m
                  [36m>[39m
                    [36m<path[39m
                      [33md[39m=[32m"M53.659 79.217H37.62a2.163 2.163 0 0 0-2.165 2.154c0 1.187.971 2.154 2.165 2.154h16.038a2.163 2.163 0 0 0 2.165-2.154 2.163 2.163 0 0 0-2.165-2.154ZM53.659 86.717H37.62a2.163 2.163 0 0 0-2.165 2.154c0 1.187.971 2.154 2.165 2.154h16.038a2.163 2.163 0 0 0 2.165-2.154 2.163 2.163 0 0 0-2.165-2.154Z"[39m
                    [36m/>[39m
                    [36m<path[39m
                      [33md[39m=[32m"M115.639 70.873c-2.439 0-5.364-1.745-8.751-3.767-3.582-2.137-7.631-4.554-12.086-5.437V49.845c0-1.194-.94-2.194-2.098-2.228a2.17 2.17 0 0 0-1.573.608c-.424.41-.657.957-.657 1.546v15.863c0 2.013-1.645 3.65-3.668 3.65h-5.767a6.536 6.536 0 0 0-4.623 1.938c-1.193 1.206-1.833 2.78-1.807 4.434.058 3.396 2.882 6.158 6.296 6.158h8.68c.305 0 .603.043.89.129v15.485a3.278 3.278 0 0 1-3.284 3.267H32.61a3.278 3.278 0 0 1-3.284-3.267v-30.52c2.735.191 7.944.162 12.165.138 3.289 0 5.964-2.66 5.964-5.932 0-.998-.253-1.974-.731-2.843a5.924 5.924 0 0 0 2.35-4.717c0-.962-.236-1.907-.683-2.754a5.904 5.904 0 0 0 2.468-4.805c0-1.336-.45-2.625-1.273-3.666a5.907 5.907 0 0 0 1.458-3.894c0-3.271-2.675-5.935-5.963-5.935H30.588a1.261 1.261 0 0 1-1.263-1.258V22.576a3.278 3.278 0 0 1 3.284-3.266h40.647v9.55c0 4.176 3.416 7.575 7.614 7.575h9.603v4.87c0 1.194.94 2.194 2.098 2.227a2.16 2.16 0 0 0 1.573-.608c.424-.409.657-.957.657-1.545v-5.68a5.61 5.61 0 0 0-1.643-3.948L77.963 16.634A5.67 5.67 0 0 0 73.993 15H32.61c-4.198 0-7.614 3.398-7.614 7.574v4.396c-4.537.861-8.564 3.331-12.126 5.516-3.277 2.01-6.106 3.745-8.51 3.745H4v4.308h.36c4.504 0 8.622-2.568 12.606-5.05 2.771-1.727 5.396-3.362 8.035-4.094.082 2.998 2.557 5.413 5.59 5.415h14.494c.89 0 1.624.723 1.634 1.632v.024a1.637 1.637 0 0 1-1.629 1.608c-.075-.01-.161-.01-2.644-.01h-11.6a2.163 2.163 0 0 0-2.165 2.154c0 1.187.972 2.154 2.165 2.154h4.246c4.08 0 9.669 0 9.887.007.45.022.86.218 1.155.553.294.335.435.766.395 1.213-.073.83-.816 1.48-1.692 1.48H30.923c-1.2 0-2.205.935-2.24 2.086-.016.589.2 1.144.612 1.565.411.421.962.653 1.554.653h12.196c.898 0 1.643.666 1.701 1.515.031.455-.125.888-.438 1.22a1.623 1.623 0 0 1-1.193.518H30.923c-1.2 0-2.205.935-2.24 2.086-.016.589.2 1.144.612 1.565.411.422.962.654 1.554.654h10.577c.898 0 1.643.665 1.701 1.514.031.455-.125.888-.438 1.22a1.623 1.623 0 0 1-1.195.518l-1.677.012c-8.75.062-12.023.084-16.411-1.395-4.739-1.74-18.4-4.083-18.98-4.183l-.06.354-.06.354.06.01v3.584c1.51 0 12.41 1.984 17.49 3.903.034.015.07.027.104.039 1.032.349 2.03.631 3.043.859V97.43c0 4.176 3.416 7.574 7.614 7.574h54.578a7.61 7.61 0 0 0 6.645-3.882c2.824-.543 4.496-1.237 6.427-2.041l.83-.342a31.23 31.23 0 0 0 3.231-1.563c3.421-1.886 10.296-2.35 10.363-2.355l.323-.021.173-3.774-.397.02c-7.431.368-13.096 2.83-13.147 2.854-.045.02-4.344 1.852-6.832 2.57v-9.957a8.504 8.504 0 0 0 5.13 1.747h.016c1.119 0 2.083-.84 2.199-1.92a2.168 2.168 0 0 0-.541-1.675 2.175 2.175 0 0 0-1.61-.713c-1.614 0-3.062-.9-3.774-2.35-1.225-2.489-3.83-4.097-6.637-4.097h-8.598c-1.078 0-1.975-.799-2.045-1.82a1.93 1.93 0 0 1 .527-1.47 1.96 1.96 0 0 1 1.436-.622h5.901c4.253 0 7.742-3.32 7.987-7.49 2.54.732 5.15 2.314 7.907 3.986 4.13 2.503 8.403 5.095 12.942 5.095h.361v-4.307h-.361l-.012-.005ZM77.587 28.86v-6.506l9.825 9.773H80.87a3.278 3.278 0 0 1-3.284-3.267Z"[39m
                    [36m/>[39m
                    [36m<title>[39m
                      [0mCondivisione informazioni[0m
                    [36m</title>[39m
                  [36m</svg>[39m
                [36m</div>[39m
                [36m<div[39m
                  [33mclass[39m=[32m"MuiGrid-root MuiGrid-item MuiGrid-grid-xs-10 css-159nsfe-MuiGrid-root"[39m
                [36m>[39m
                  [36m<h4[39m
                    [33mclass[39m=[32m"MuiTypography-root MuiTypography-h4 css-yh5ds1-MuiTypography-root"[39m
                  [36m>[39m
                    [0mScarica l’accordo di adesione[0m
                  [36m</h4>[39m
                [36m</div>[39m
                [36m<div[39m
                  [33mclass[39m=[32m"MuiGrid-root MuiGrid-item MuiGrid-grid-xs-12 css-bj7xu4-MuiGrid-root"[39m
                [36m>[39m
                  [36m<p[39m
                    [33mclass[39m=[32m"MuiTypography-root MuiTypography-body1 MuiTypography-alignCenter css-y3ensx-MuiTypography-root"[39m
                  [36m>[39m
                    [0mPer completare l’adesione, scarica l’accordo e fai apporre la firma digitale in [0m
                    [36m<br />[39m
                    [36m<strong>[39m
                      [0mformato p7m[0m
                    [36m</strong>[39m
                    [0m dal Legale Rappresentante dell’ente.[0m
                  [36m</p>[39m
                [36m</div>[39m
                [36m<div[39m
                  [33mclass[39m=[32m"MuiGrid-root MuiGrid-item MuiGrid-grid-xs-12 css-rjrxff-MuiGrid-root"[39m
                [36m>[39m
                  [36m<button[39m
                    [33mclass[39m=[32m"MuiButtonBase-root MuiButton-root MuiButton-contained MuiButton-containedPrimary MuiButton-sizeMedium MuiButton-containedSizeMedium MuiButton-colorPrimary MuiButton-root MuiButton-contained MuiButton-containedPrimary MuiButton-sizeMedium MuiButton-containedSizeMedium MuiButton-colorPrimary css-sghohy-MuiButtonBase-root-MuiButton-root"[39m
        ...
[90m [2m❯[22m Proxy.waitForWrapper node_modules/@testing-library/dom/dist/wait-for.js:[2m163:27[22m[39m
[36m [2m❯[22m src/views/onboardingRequest/complete/__tests__/CompleteRequestComponent.test.tsx:[2m73:9[22m[39m
    [90m 71| [39m  [34mrender[39m([33m<[39m[33mCompleteRequestComponent[39m [33m/[39m[33m>[39m)[33m;[39m
    [90m 72| [39m
    [90m 73| [39m  await waitFor(() => screen.getByText('La richiesta di adesione è sta…
    [90m   | [39m        [31m^[39m
    [90m 74| [39m  [35mconst[39m login [33m=[39m screen[33m.[39m[34mgetByText[39m([32m'Accedi'[39m)[33m;[39m
    [90m 75| [39m

[31m[2m⎯⎯⎯⎯⎯⎯⎯⎯⎯⎯⎯⎯⎯⎯⎯⎯⎯⎯⎯⎯⎯⎯[53/58]⎯[22m[39m

[41m[1m FAIL [22m[49m src/views/onboardingRequest/complete/__tests__/CompleteRequestComponent.test.tsx[2m > [22mTest: The jwt exist but is expired
[31m[1mTestingLibraryElementError[22m[39m: Unable to find an element with the text: La richiesta di adesione è scaduta. This could be because the text is broken up by multiple elements. In this case, you can provide a function for your text matcher to make your matcher more flexible.

Ignored nodes: comments, script, style
[36m<body>[39m
  [36m<div>[39m
    [36m<div[39m
      [33mclass[39m=[32m"MuiBox-root css-0"[39m
      [33mstyle[39m=[32m"text-align: center;"[39m
    [36m>[39m
      [36m<div[39m
        [33mclass[39m=[32m"MuiBox-root css-1qm1lh"[39m
      [36m>[39m
        [36m<i />[39m
      [36m</div>[39m
      [36m<div[39m
        [33mclass[39m=[32m"MuiGrid-root MuiGrid-container css-1elco3o-MuiGrid-root"[39m
      [36m>[39m
        [36m<div[39m
          [33mclass[39m=[32m"MuiPaper-root MuiPaper-elevation MuiPaper-rounded MuiPaper-elevation1 MuiCard-root css-1w2zcf5-MuiPaper-root-MuiCard-root"[39m
        [36m>[39m
          [36m<div[39m
            [33mclass[39m=[32m"MuiCardContent-root css-1qf7ogf-MuiCardContent-root"[39m
          [36m>[39m
            [36m<div[39m
              [33mclass[39m=[32m"MuiGrid-root MuiGrid-container css-rm289v-MuiGrid-root"[39m
            [36m>[39m
              [36m<div[39m
                [33mclass[39m=[32m"MuiGrid-root MuiGrid-item MuiGrid-grid-xs-12 css-1shqqbe-MuiGrid-root"[39m
              [36m>[39m
                [36m<svg[39m
                  [33maria-hidden[39m=[32m"true"[39m
                  [33mclass[39m=[32m"MuiSvgIcon-root MuiSvgIcon-fontSizeMedium css-11e46a8-MuiSvgIcon-root"[39m
                  [33mfocusable[39m=[32m"false"[39m
                  [33mrole[39m=[32m"img"[39m
                  [33mviewBox[39m=[32m"0 0 120 120"[39m
                [36m>[39m
                  [36m<path[39m
                    [33md[39m=[32m"M53.659 79.217H37.62a2.163 2.163 0 0 0-2.165 2.154c0 1.187.971 2.154 2.165 2.154h16.038a2.163 2.163 0 0 0 2.165-2.154 2.163 2.163 0 0 0-2.165-2.154ZM53.659 86.717H37.62a2.163 2.163 0 0 0-2.165 2.154c0 1.187.971 2.154 2.165 2.154h16.038a2.163 2.163 0 0 0 2.165-2.154 2.163 2.163 0 0 0-2.165-2.154Z"[39m
                  [36m/>[39m
                  [36m<path[39m
                    [33md[39m=[32m"M115.639 70.873c-2.439 0-5.364-1.745-8.751-3.767-3.582-2.137-7.631-4.554-12.086-5.437V49.845c0-1.194-.94-2.194-2.098-2.228a2.17 2.17 0 0 0-1.573.608c-.424.41-.657.957-.657 1.546v15.863c0 2.013-1.645 3.65-3.668 3.65h-5.767a6.536 6.536 0 0 0-4.623 1.938c-1.193 1.206-1.833 2.78-1.807 4.434.058 3.396 2.882 6.158 6.296 6.158h8.68c.305 0 .603.043.89.129v15.485a3.278 3.278 0 0 1-3.284 3.267H32.61a3.278 3.278 0 0 1-3.284-3.267v-30.52c2.735.191 7.944.162 12.165.138 3.289 0 5.964-2.66 5.964-5.932 0-.998-.253-1.974-.731-2.843a5.924 5.924 0 0 0 2.35-4.717c0-.962-.236-1.907-.683-2.754a5.904 5.904 0 0 0 2.468-4.805c0-1.336-.45-2.625-1.273-3.666a5.907 5.907 0 0 0 1.458-3.894c0-3.271-2.675-5.935-5.963-5.935H30.588a1.261 1.261 0 0 1-1.263-1.258V22.576a3.278 3.278 0 0 1 3.284-3.266h40.647v9.55c0 4.176 3.416 7.575 7.614 7.575h9.603v4.87c0 1.194.94 2.194 2.098 2.227a2.16 2.16 0 0 0 1.573-.608c.424-.409.657-.957.657-1.545v-5.68a5.61 5.61 0 0 0-1.643-3.948L77.963 16.634A5.67 5.67 0 0 0 73.993 15H32.61c-4.198 0-7.614 3.398-7.614 7.574v4.396c-4.537.861-8.564 3.331-12.126 5.516-3.277 2.01-6.106 3.745-8.51 3.745H4v4.308h.36c4.504 0 8.622-2.568 12.606-5.05 2.771-1.727 5.396-3.362 8.035-4.094.082 2.998 2.557 5.413 5.59 5.415h14.494c.89 0 1.624.723 1.634 1.632v.024a1.637 1.637 0 0 1-1.629 1.608c-.075-.01-.161-.01-2.644-.01h-11.6a2.163 2.163 0 0 0-2.165 2.154c0 1.187.972 2.154 2.165 2.154h4.246c4.08 0 9.669 0 9.887.007.45.022.86.218 1.155.553.294.335.435.766.395 1.213-.073.83-.816 1.48-1.692 1.48H30.923c-1.2 0-2.205.935-2.24 2.086-.016.589.2 1.144.612 1.565.411.421.962.653 1.554.653h12.196c.898 0 1.643.666 1.701 1.515.031.455-.125.888-.438 1.22a1.623 1.623 0 0 1-1.193.518H30.923c-1.2 0-2.205.935-2.24 2.086-.016.589.2 1.144.612 1.565.411.422.962.654 1.554.654h10.577c.898 0 1.643.665 1.701 1.514.031.455-.125.888-.438 1.22a1.623 1.623 0 0 1-1.195.518l-1.677.012c-8.75.062-12.023.084-16.411-1.395-4.739-1.74-18.4-4.083-18.98-4.183l-.06.354-.06.354.06.01v3.584c1.51 0 12.41 1.984 17.49 3.903.034.015.07.027.104.039 1.032.349 2.03.631 3.043.859V97.43c0 4.176 3.416 7.574 7.614 7.574h54.578a7.61 7.61 0 0 0 6.645-3.882c2.824-.543 4.496-1.237 6.427-2.041l.83-.342a31.23 31.23 0 0 0 3.231-1.563c3.421-1.886 10.296-2.35 10.363-2.355l.323-.021.173-3.774-.397.02c-7.431.368-13.096 2.83-13.147 2.854-.045.02-4.344 1.852-6.832 2.57v-9.957a8.504 8.504 0 0 0 5.13 1.747h.016c1.119 0 2.083-.84 2.199-1.92a2.168 2.168 0 0 0-.541-1.675 2.175 2.175 0 0 0-1.61-.713c-1.614 0-3.062-.9-3.774-2.35-1.225-2.489-3.83-4.097-6.637-4.097h-8.598c-1.078 0-1.975-.799-2.045-1.82a1.93 1.93 0 0 1 .527-1.47 1.96 1.96 0 0 1 1.436-.622h5.901c4.253 0 7.742-3.32 7.987-7.49 2.54.732 5.15 2.314 7.907 3.986 4.13 2.503 8.403 5.095 12.942 5.095h.361v-4.307h-.361l-.012-.005ZM77.587 28.86v-6.506l9.825 9.773H80.87a3.278 3.278 0 0 1-3.284-3.267Z"[39m
                  [36m/>[39m
                  [36m<title>[39m
                    [0mCondivisione informazioni[0m
                  [36m</title>[39m
                [36m</svg>[39m
              [36m</div>[39m
              [36m<div[39m
                [33mclass[39m=[32m"MuiGrid-root MuiGrid-item MuiGrid-grid-xs-10 css-159nsfe-MuiGrid-root"[39m
              [36m>[39m
                [36m<h4[39m
                  [33mclass[39m=[32m"MuiTypography-root MuiTypography-h4 css-yh5ds1-MuiTypography-root"[39m
                [36m>[39m
                  [0mScarica l’accordo di adesione[0m
                [36m</h4>[39m
              [36m</div>[39m
              [36m<div[39m
                [33mclass[39m=[32m"MuiGrid-root MuiGrid-item MuiGrid-grid-xs-12 css-bj7xu4-MuiGrid-root"[39m
              [36m>[39m
                [36m<p[39m
                  [33mclass[39m=[32m"MuiTypography-root MuiTypography-body1 MuiTypography-alignCenter css-y3ensx-MuiTypography-root"[39m
                [36m>[39m
                  [0mPer completare l’adesione, scarica l’accordo e fai apporre la firma digitale in [0m
                  [36m<br />[39m
                  [36m<strong>[39m
                    [0mformato p7m[0m
                  [36m</strong>[39m
                  [0m dal Legale Rappresentante dell’ente.[0m
                [36m</p>[39m
              [36m</div>[39m
              [36m<div[39m
                [33mclass[39m=[32m"MuiGrid-root MuiGrid-item MuiGrid-grid-xs-12 css-rjrxff-MuiGrid-root"[39m
              [36m>[39m
                [36m<button[39m
                  [33mclass[39m=[32m"MuiButtonBase-root MuiButton-root MuiButton-contained MuiButton-containedPrimary MuiButton-sizeMedium MuiButton-containedSizeMedium MuiButton-colorPrimary MuiButton-root MuiButton-contained MuiButton-containedPrimary MuiButton-sizeMedium MuiButton-containedSizeMedium MuiButton-colorPrimary css-sghohy-MuiButtonBase-root-MuiButton-root"[39m
                  [33mtabindex[39m=[32m"0"[39m
                  [33mtype[39m=[32m"button"[39m
                [36m>[39m
                  [0mScarica l’accordo[0m
               ...

Ignored nodes: comments, script, style
[36m<html>[39m
  [36m<head />[39m
  [36m<body>[39m
    [36m<div>[39m
      [36m<div[39m
        [33mclass[39m=[32m"MuiBox-root css-0"[39m
        [33mstyle[39m=[32m"text-align: center;"[39m
      [36m>[39m
        [36m<div[39m
          [33mclass[39m=[32m"MuiBox-root css-1qm1lh"[39m
        [36m>[39m
          [36m<i />[39m
        [36m</div>[39m
        [36m<div[39m
          [33mclass[39m=[32m"MuiGrid-root MuiGrid-container css-1elco3o-MuiGrid-root"[39m
        [36m>[39m
          [36m<div[39m
            [33mclass[39m=[32m"MuiPaper-root MuiPaper-elevation MuiPaper-rounded MuiPaper-elevation1 MuiCard-root css-1w2zcf5-MuiPaper-root-MuiCard-root"[39m
          [36m>[39m
            [36m<div[39m
              [33mclass[39m=[32m"MuiCardContent-root css-1qf7ogf-MuiCardContent-root"[39m
            [36m>[39m
              [36m<div[39m
                [33mclass[39m=[32m"MuiGrid-root MuiGrid-container css-rm289v-MuiGrid-root"[39m
              [36m>[39m
                [36m<div[39m
                  [33mclass[39m=[32m"MuiGrid-root MuiGrid-item MuiGrid-grid-xs-12 css-1shqqbe-MuiGrid-root"[39m
                [36m>[39m
                  [36m<svg[39m
                    [33maria-hidden[39m=[32m"true"[39m
                    [33mclass[39m=[32m"MuiSvgIcon-root MuiSvgIcon-fontSizeMedium css-11e46a8-MuiSvgIcon-root"[39m
                    [33mfocusable[39m=[32m"false"[39m
                    [33mrole[39m=[32m"img"[39m
                    [33mviewBox[39m=[32m"0 0 120 120"[39m
                  [36m>[39m
                    [36m<path[39m
                      [33md[39m=[32m"M53.659 79.217H37.62a2.163 2.163 0 0 0-2.165 2.154c0 1.187.971 2.154 2.165 2.154h16.038a2.163 2.163 0 0 0 2.165-2.154 2.163 2.163 0 0 0-2.165-2.154ZM53.659 86.717H37.62a2.163 2.163 0 0 0-2.165 2.154c0 1.187.971 2.154 2.165 2.154h16.038a2.163 2.163 0 0 0 2.165-2.154 2.163 2.163 0 0 0-2.165-2.154Z"[39m
                    [36m/>[39m
                    [36m<path[39m
                      [33md[39m=[32m"M115.639 70.873c-2.439 0-5.364-1.745-8.751-3.767-3.582-2.137-7.631-4.554-12.086-5.437V49.845c0-1.194-.94-2.194-2.098-2.228a2.17 2.17 0 0 0-1.573.608c-.424.41-.657.957-.657 1.546v15.863c0 2.013-1.645 3.65-3.668 3.65h-5.767a6.536 6.536 0 0 0-4.623 1.938c-1.193 1.206-1.833 2.78-1.807 4.434.058 3.396 2.882 6.158 6.296 6.158h8.68c.305 0 .603.043.89.129v15.485a3.278 3.278 0 0 1-3.284 3.267H32.61a3.278 3.278 0 0 1-3.284-3.267v-30.52c2.735.191 7.944.162 12.165.138 3.289 0 5.964-2.66 5.964-5.932 0-.998-.253-1.974-.731-2.843a5.924 5.924 0 0 0 2.35-4.717c0-.962-.236-1.907-.683-2.754a5.904 5.904 0 0 0 2.468-4.805c0-1.336-.45-2.625-1.273-3.666a5.907 5.907 0 0 0 1.458-3.894c0-3.271-2.675-5.935-5.963-5.935H30.588a1.261 1.261 0 0 1-1.263-1.258V22.576a3.278 3.278 0 0 1 3.284-3.266h40.647v9.55c0 4.176 3.416 7.575 7.614 7.575h9.603v4.87c0 1.194.94 2.194 2.098 2.227a2.16 2.16 0 0 0 1.573-.608c.424-.409.657-.957.657-1.545v-5.68a5.61 5.61 0 0 0-1.643-3.948L77.963 16.634A5.67 5.67 0 0 0 73.993 15H32.61c-4.198 0-7.614 3.398-7.614 7.574v4.396c-4.537.861-8.564 3.331-12.126 5.516-3.277 2.01-6.106 3.745-8.51 3.745H4v4.308h.36c4.504 0 8.622-2.568 12.606-5.05 2.771-1.727 5.396-3.362 8.035-4.094.082 2.998 2.557 5.413 5.59 5.415h14.494c.89 0 1.624.723 1.634 1.632v.024a1.637 1.637 0 0 1-1.629 1.608c-.075-.01-.161-.01-2.644-.01h-11.6a2.163 2.163 0 0 0-2.165 2.154c0 1.187.972 2.154 2.165 2.154h4.246c4.08 0 9.669 0 9.887.007.45.022.86.218 1.155.553.294.335.435.766.395 1.213-.073.83-.816 1.48-1.692 1.48H30.923c-1.2 0-2.205.935-2.24 2.086-.016.589.2 1.144.612 1.565.411.421.962.653 1.554.653h12.196c.898 0 1.643.666 1.701 1.515.031.455-.125.888-.438 1.22a1.623 1.623 0 0 1-1.193.518H30.923c-1.2 0-2.205.935-2.24 2.086-.016.589.2 1.144.612 1.565.411.422.962.654 1.554.654h10.577c.898 0 1.643.665 1.701 1.514.031.455-.125.888-.438 1.22a1.623 1.623 0 0 1-1.195.518l-1.677.012c-8.75.062-12.023.084-16.411-1.395-4.739-1.74-18.4-4.083-18.98-4.183l-.06.354-.06.354.06.01v3.584c1.51 0 12.41 1.984 17.49 3.903.034.015.07.027.104.039 1.032.349 2.03.631 3.043.859V97.43c0 4.176 3.416 7.574 7.614 7.574h54.578a7.61 7.61 0 0 0 6.645-3.882c2.824-.543 4.496-1.237 6.427-2.041l.83-.342a31.23 31.23 0 0 0 3.231-1.563c3.421-1.886 10.296-2.35 10.363-2.355l.323-.021.173-3.774-.397.02c-7.431.368-13.096 2.83-13.147 2.854-.045.02-4.344 1.852-6.832 2.57v-9.957a8.504 8.504 0 0 0 5.13 1.747h.016c1.119 0 2.083-.84 2.199-1.92a2.168 2.168 0 0 0-.541-1.675 2.175 2.175 0 0 0-1.61-.713c-1.614 0-3.062-.9-3.774-2.35-1.225-2.489-3.83-4.097-6.637-4.097h-8.598c-1.078 0-1.975-.799-2.045-1.82a1.93 1.93 0 0 1 .527-1.47 1.96 1.96 0 0 1 1.436-.622h5.901c4.253 0 7.742-3.32 7.987-7.49 2.54.732 5.15 2.314 7.907 3.986 4.13 2.503 8.403 5.095 12.942 5.095h.361v-4.307h-.361l-.012-.005ZM77.587 28.86v-6.506l9.825 9.773H80.87a3.278 3.278 0 0 1-3.284-3.267Z"[39m
                    [36m/>[39m
                    [36m<title>[39m
                      [0mCondivisione informazioni[0m
                    [36m</title>[39m
                  [36m</svg>[39m
                [36m</div>[39m
                [36m<div[39m
                  [33mclass[39m=[32m"MuiGrid-root MuiGrid-item MuiGrid-grid-xs-10 css-159nsfe-MuiGrid-root"[39m
                [36m>[39m
                  [36m<h4[39m
                    [33mclass[39m=[32m"MuiTypography-root MuiTypography-h4 css-yh5ds1-MuiTypography-root"[39m
                  [36m>[39m
                    [0mScarica l’accordo di adesione[0m
                  [36m</h4>[39m
                [36m</div>[39m
                [36m<div[39m
                  [33mclass[39m=[32m"MuiGrid-root MuiGrid-item MuiGrid-grid-xs-12 css-bj7xu4-MuiGrid-root"[39m
                [36m>[39m
                  [36m<p[39m
                    [33mclass[39m=[32m"MuiTypography-root MuiTypography-body1 MuiTypography-alignCenter css-y3ensx-MuiTypography-root"[39m
                  [36m>[39m
                    [0mPer completare l’adesione, scarica l’accordo e fai apporre la firma digitale in [0m
                    [36m<br />[39m
                    [36m<strong>[39m
                      [0mformato p7m[0m
                    [36m</strong>[39m
                    [0m dal Legale Rappresentante dell’ente.[0m
                  [36m</p>[39m
                [36m</div>[39m
                [36m<div[39m
                  [33mclass[39m=[32m"MuiGrid-root MuiGrid-item MuiGrid-grid-xs-12 css-rjrxff-MuiGrid-root"[39m
                [36m>[39m
                  [36m<button[39m
                    [33mclass[39m=[32m"MuiButtonBase-root MuiButton-root MuiButton-contained MuiButton-containedPrimary MuiButton-sizeMedium MuiButton-containedSizeMedium MuiButton-colorPrimary MuiButton-root MuiButton-contained MuiButton-containedPrimary MuiButton-sizeMedium MuiButton-containedSizeMedium MuiButton-colorPrimary css-sghohy-MuiButtonBase-root-MuiButton-root"[39m
        ...
[90m [2m❯[22m Proxy.waitForWrapper node_modules/@testing-library/dom/dist/wait-for.js:[2m163:27[22m[39m
[36m [2m❯[22m src/views/onboardingRequest/complete/__tests__/CompleteRequestComponent.test.tsx:[2m91:9[22m[39m
    [90m 89| [39m  [34mrender[39m([33m<[39m[33mCompleteRequestComponent[39m [33m/[39m[33m>[39m)[33m;[39m
    [90m 90| [39m
    [90m 91| [39m  await waitFor(() => screen.getByText('La richiesta di adesione è sca…
    [90m   | [39m        [31m^[39m
    [90m 92| [39m  [35mconst[39m login [33m=[39m screen[33m.[39m[34mgetByText[39m([32m'Torna alla home'[39m)[33m;[39m
    [90m 93| [39m

[31m[2m⎯⎯⎯⎯⎯⎯⎯⎯⎯⎯⎯⎯⎯⎯⎯⎯⎯⎯⎯⎯⎯⎯[54/58]⎯[22m[39m

[41m[1m FAIL [22m[49m src/views/onboardingRequest/cancel/__tests__/CancelRequestComponent.test.tsx[2m > [22mTest: The onboarding request can't be cancel because is not found (not found the request jwt)
[31m[1mTestingLibraryElementError[22m[39m: Unable to find an element with the text: La pagina che cercavi non è disponibile. This could be because the text is broken up by multiple elements. In this case, you can provide a function for your text matcher to make your matcher more flexible.

Ignored nodes: comments, script, style
[36m<body[39m
  [33mstyle[39m=[32m""[39m
[36m>[39m
  [36m<div>[39m
    [36m<div[39m
      [33mclass[39m=[32m"MuiBox-root css-0"[39m
      [33mstyle[39m=[32m"text-align: center;"[39m
    [36m>[39m
      [36m<div[39m
        [33mclass[39m=[32m"MuiBox-root css-1qm1lh"[39m
      [36m>[39m
        [36m<i />[39m
      [36m</div>[39m
      [36m<svg[39m
        [33mfill[39m=[32m"none"[39m
        [33mheight[39m=[32m"60"[39m
        [33mviewBox[39m=[32m"0 0 60 60"[39m
        [33mwidth[39m=[32m"60"[39m
        [33mxmlns[39m=[32m"http://www.w3.org/2000/svg"[39m
      [36m>[39m
        [36m<mask[39m
          [33mheight[39m=[32m"60"[39m
          [33mid[39m=[32m"mask0_9764_174328"[39m
          [33mmaskUnits[39m=[32m"userSpaceOnUse"[39m
          [33mstyle[39m=[32m"mask-type: alpha;"[39m
          [33mwidth[39m=[32m"58"[39m
          [33mx[39m=[32m"1"[39m
          [33my[39m=[32m"0"[39m
        [36m>[39m
          [36m<path[39m
            [33mclip-rule[39m=[32m"evenodd"[39m
            [33md[39m=[32m"M54.7909 0H39.3668C37.2505 0 35.5289 1.7216 35.5289 3.83789V10.7925C32.6366 6.63785 27.827 3.91289 22.3922 3.91289H18.4629C13.8681 3.91289 9.58875 6.33176 7.20762 10.2492C3.97617 11.2624 1.81699 14.2724 1.9152 17.695L2.13715 25.3643C1.45359 26.0055 1.02539 26.9157 1.02539 27.9247V28.7497C1.02539 30.6857 2.60086 32.2607 4.5375 32.2607H6.89355C7.49332 33.7441 8.36602 35.1282 9.49781 36.3893L8.7055 37.4865L8.67176 37.5333C7.5016 39.1537 5.62645 41.7505 5.47758 41.9569C5.41395 42.0451 5.36719 42.1446 5.33977 42.2498L1.2859 57.8452C1.15078 58.3649 1.26164 58.9068 1.59023 59.3316C1.91871 59.7564 2.41523 60.0001 2.95219 60.0001H35.6473C36.2334 60.0001 36.7985 59.754 37.1978 59.325C37.5971 58.8959 37.8022 58.3143 37.7602 57.7283L37.4273 53.1725C37.3438 52.0195 37.0377 50.9161 36.5174 49.8928C36.2972 49.4602 35.768 49.2877 35.3355 49.5077C34.9029 49.7277 34.7305 50.2569 34.9505 50.6896C35.3641 51.5031 35.6075 52.3812 35.6741 53.3002L36.0069 57.8555C36.0168 57.9921 35.951 58.0847 35.9112 58.1276C35.8713 58.1705 35.7838 58.2424 35.6473 58.2424H31.5934V54.6512C31.5934 54.1658 31.2 53.7723 30.7145 53.7723C30.229 53.7723 29.8356 54.1658 29.8356 54.6512V58.2422H10.5913L12.8339 49.6153C12.8413 49.587 12.8668 49.5672 12.8961 49.5672H16.7794C17.5675 49.5672 18.3103 49.371 18.9632 49.0263C19.5275 49.1287 20.1057 49.1814 20.6871 49.1814C23.152 49.1814 25.5043 48.2398 27.2264 46.5807L27.2297 46.5813L27.2752 46.5907C27.3457 46.6047 27.4167 46.6158 27.8623 46.6852C28.2225 46.7414 28.8275 46.8357 29.8748 47.0005C30.8295 47.1497 31.7235 47.4894 32.5325 48.0102C32.6797 48.105 32.8445 48.1502 33.0075 48.1502C33.2964 48.1502 33.5794 48.008 33.7473 47.747C34.01 47.3389 33.8922 46.795 33.484 46.5322C32.4676 45.8779 31.3446 45.4512 30.1466 45.2639C29.1814 45.1021 28.5914 45.0157 28.204 44.959C27.6861 44.8832 27.53 44.8603 27.3234 44.781C26.689 44.5362 26.2552 43.9322 26.2443 43.2271C27.2836 42.7809 28.0172 41.7652 28.0264 40.586C28.0294 40.2616 27.9789 39.9456 27.8804 39.6468C29.9595 38.4143 32.9405 36.0819 34.4816 32.2605H36.1359C38.0719 32.2605 39.6469 30.6855 39.6469 28.7496V27.9246C39.6469 26.8455 39.1574 25.8789 38.3895 25.2341V22.9727C38.7068 23.0564 39.0354 23.1 39.3669 23.1H42.1348C42.4546 23.1 42.7148 23.3602 42.7148 23.6801V26.1762C42.7148 26.7967 43.0942 27.3273 43.6814 27.528C43.8377 27.5815 43.9968 27.6074 44.1531 27.6074C44.5839 27.6074 44.9943 27.4107 45.2725 27.0513L48.1805 23.3045C48.2815 23.1745 48.4336 23.1 48.5977 23.1H54.7922C56.9085 23.1 58.6301 21.3784 58.6301 19.2621V3.83789C58.6301 1.7216 56.9079 0 54.7909 0ZM2.7832 28.7496V27.9246C2.7832 26.9573 3.57012 26.1703 4.5375 26.1703H5.96367C5.9032 27.6986 5.94281 28.957 6.32449 30.5027H4.5375C3.57012 30.5027 2.7832 29.7163 2.7832 28.7496ZM21.473 44.8737C21.473 45.813 21.1945 46.6881 20.7173 47.4227C22.5095 47.4158 24.2221 46.8012 25.5584 45.7098C24.953 45.1362 24.5627 44.3471 24.4961 43.4692H21.473V44.8737ZM25.0658 41.7113H21.274C20.4144 41.7113 19.7152 42.4105 19.7152 43.2701V44.8736C19.7152 46.4923 18.3982 47.8093 16.7794 47.8093H12.8961C12.0666 47.8093 11.3414 48.3701 11.1327 49.173L8.775 58.2422H2.99906L6.99961 42.8516L8.39896 40.9136C10.2219 38.3889 13.221 34.2355 13.7295 33.5304C13.9119 33.2775 14.1818 33.111 14.4893 33.0616C14.8004 33.0116 15.1144 33.0872 15.3716 33.2739L15.4145 33.3052C15.6938 33.5078 15.8589 33.8211 15.868 34.1721C15.876 34.4099 15.8078 34.6386 15.6698 34.8349L14.0316 37.1756C13.7263 37.6104 13.6889 38.1734 13.9338 38.6448C14.179 39.1165 14.6617 39.4096 15.1936 39.4096H25.1177C25.4254 39.4096 25.7146 39.5295 25.9323 39.7471C26.1519 39.9668 26.2714 40.2591 26.2686 40.5711C26.2637 41.1998 25.7241 41.7113 25.0658 41.7113ZM36.1359 30.5027C37.1026 30.5027 37.8891 29.7163 37.8891 28.7496V27.9246C37.8891 26.9573 37.1026 26.1703 36.1359 26.1703H35.4117C35.4267 26.5519 35.435 26.9398 35.435 27.3316C35.435 28.4125 35.3048 29.4743 35.0509 30.5027H36.1359ZM36.1359 24.4125H35.286C35.183 23.4253 35.0259 22.4693 34.8158 21.5616C34.4052 19.795 32.8461 18.4895 31.0242 18.387C27.619 18.1961 24.146 17.3132 20.9802 15.8336C20.0938 15.4201 19.0233 15.7056 18.4897 16.4978C18.2883 16.7971 17.865 17.0148 17.4875 17.0062C16.8722 16.9991 16.1955 16.661 15.3586 15.9425C14.7942 15.4571 14.2255 14.8889 13.6207 14.2059C13.1858 13.7136 12.5602 13.431 11.9041 13.4304H11.9019C11.2498 13.4304 10.6277 13.71 10.1948 14.198C9.3491 15.1523 8.61539 16.248 8.0141 17.4544C7.79754 17.8888 7.97414 18.4165 8.40856 18.6332C8.84309 18.8497 9.37066 18.6731 9.58734 18.2387C10.12 17.1702 10.767 16.2029 11.5103 15.3642C11.646 15.2113 11.8137 15.1883 11.902 15.1883C11.9927 15.1897 12.1638 15.2119 12.3041 15.3707C12.9629 16.1146 13.5872 16.7377 14.2131 17.2759C14.9483 17.9071 16.0856 18.7481 17.4667 18.7641C18.4448 18.774 19.4146 18.2716 19.9478 17.4797C20.0009 17.4008 20.1307 17.377 20.2365 17.4264C23.6029 18.9996 27.2992 19.9386 30.9255 20.1421C31.973 20.201 32.8686 20.9483 33.1035 21.9588C33.3504 23.0256 33.5195 24.1682 33.6059 25.3569C33.6532 25.9908 33.6772 26.6552 33.6772 27.3318C33.6772 28.6293 33.4648 29.8942 33.0457 31.0916C31.7326 34.8457 28.7939 37.0882 26.8429 38.218C26.3459 37.8505 25.747 37.6519 25.1177 37.6519H15.8439L17.1089 35.8444C17.4673 35.3344 17.6456 34.7358 17.6249 34.1202C17.6019 33.2246 17.1724 32.409 16.4477 31.8832L16.405 31.852C15.7661 31.3886 14.9869 31.202 14.211 31.3262C13.4388 31.4501 12.7616 31.8677 12.3038 32.5023C11.973 32.961 11.3248 33.859 10.5538 34.9269C9.55629 33.7508 8.80957 32.4647 8.32945 31.0915C7.65281 29.1586 7.61508 27.4226 7.76941 25.3555C7.85789 24.1417 8.03332 22.9733 8.29078 21.883C8.40234 21.4106 8.10984 20.9372 7.63734 20.8256C7.16496 20.7141 6.69152 21.0066 6.57996 21.4791C6.35953 22.4126 6.19582 23.3968 6.08941 24.4127H4.5375C4.30922 24.4127 4.08633 24.4354 3.87 24.4772L3.6723 17.6446C3.59402 14.9202 5.37762 12.5364 8.00965 11.8474C8.23828 11.7875 8.43328 11.6381 8.55047 11.4328C10.5785 7.87852 14.3768 5.6707 18.4629 ...

Ignored nodes: comments, script, style
[36m<html>[39m
  [36m<head />[39m
  [36m<body[39m
    [33mstyle[39m=[32m""[39m
  [36m>[39m
    [36m<div>[39m
      [36m<div[39m
        [33mclass[39m=[32m"MuiBox-root css-0"[39m
        [33mstyle[39m=[32m"text-align: center;"[39m
      [36m>[39m
        [36m<div[39m
          [33mclass[39m=[32m"MuiBox-root css-1qm1lh"[39m
        [36m>[39m
          [36m<i />[39m
        [36m</div>[39m
        [36m<svg[39m
          [33mfill[39m=[32m"none"[39m
          [33mheight[39m=[32m"60"[39m
          [33mviewBox[39m=[32m"0 0 60 60"[39m
          [33mwidth[39m=[32m"60"[39m
          [33mxmlns[39m=[32m"http://www.w3.org/2000/svg"[39m
        [36m>[39m
          [36m<mask[39m
            [33mheight[39m=[32m"60"[39m
            [33mid[39m=[32m"mask0_9764_174328"[39m
            [33mmaskUnits[39m=[32m"userSpaceOnUse"[39m
            [33mstyle[39m=[32m"mask-type: alpha;"[39m
            [33mwidth[39m=[32m"58"[39m
            [33mx[39m=[32m"1"[39m
            [33my[39m=[32m"0"[39m
          [36m>[39m
            [36m<path[39m
              [33mclip-rule[39m=[32m"evenodd"[39m
              [33md[39m=[32m"M54.7909 0H39.3668C37.2505 0 35.5289 1.7216 35.5289 3.83789V10.7925C32.6366 6.63785 27.827 3.91289 22.3922 3.91289H18.4629C13.8681 3.91289 9.58875 6.33176 7.20762 10.2492C3.97617 11.2624 1.81699 14.2724 1.9152 17.695L2.13715 25.3643C1.45359 26.0055 1.02539 26.9157 1.02539 27.9247V28.7497C1.02539 30.6857 2.60086 32.2607 4.5375 32.2607H6.89355C7.49332 33.7441 8.36602 35.1282 9.49781 36.3893L8.7055 37.4865L8.67176 37.5333C7.5016 39.1537 5.62645 41.7505 5.47758 41.9569C5.41395 42.0451 5.36719 42.1446 5.33977 42.2498L1.2859 57.8452C1.15078 58.3649 1.26164 58.9068 1.59023 59.3316C1.91871 59.7564 2.41523 60.0001 2.95219 60.0001H35.6473C36.2334 60.0001 36.7985 59.754 37.1978 59.325C37.5971 58.8959 37.8022 58.3143 37.7602 57.7283L37.4273 53.1725C37.3438 52.0195 37.0377 50.9161 36.5174 49.8928C36.2972 49.4602 35.768 49.2877 35.3355 49.5077C34.9029 49.7277 34.7305 50.2569 34.9505 50.6896C35.3641 51.5031 35.6075 52.3812 35.6741 53.3002L36.0069 57.8555C36.0168 57.9921 35.951 58.0847 35.9112 58.1276C35.8713 58.1705 35.7838 58.2424 35.6473 58.2424H31.5934V54.6512C31.5934 54.1658 31.2 53.7723 30.7145 53.7723C30.229 53.7723 29.8356 54.1658 29.8356 54.6512V58.2422H10.5913L12.8339 49.6153C12.8413 49.587 12.8668 49.5672 12.8961 49.5672H16.7794C17.5675 49.5672 18.3103 49.371 18.9632 49.0263C19.5275 49.1287 20.1057 49.1814 20.6871 49.1814C23.152 49.1814 25.5043 48.2398 27.2264 46.5807L27.2297 46.5813L27.2752 46.5907C27.3457 46.6047 27.4167 46.6158 27.8623 46.6852C28.2225 46.7414 28.8275 46.8357 29.8748 47.0005C30.8295 47.1497 31.7235 47.4894 32.5325 48.0102C32.6797 48.105 32.8445 48.1502 33.0075 48.1502C33.2964 48.1502 33.5794 48.008 33.7473 47.747C34.01 47.3389 33.8922 46.795 33.484 46.5322C32.4676 45.8779 31.3446 45.4512 30.1466 45.2639C29.1814 45.1021 28.5914 45.0157 28.204 44.959C27.6861 44.8832 27.53 44.8603 27.3234 44.781C26.689 44.5362 26.2552 43.9322 26.2443 43.2271C27.2836 42.7809 28.0172 41.7652 28.0264 40.586C28.0294 40.2616 27.9789 39.9456 27.8804 39.6468C29.9595 38.4143 32.9405 36.0819 34.4816 32.2605H36.1359C38.0719 32.2605 39.6469 30.6855 39.6469 28.7496V27.9246C39.6469 26.8455 39.1574 25.8789 38.3895 25.2341V22.9727C38.7068 23.0564 39.0354 23.1 39.3669 23.1H42.1348C42.4546 23.1 42.7148 23.3602 42.7148 23.6801V26.1762C42.7148 26.7967 43.0942 27.3273 43.6814 27.528C43.8377 27.5815 43.9968 27.6074 44.1531 27.6074C44.5839 27.6074 44.9943 27.4107 45.2725 27.0513L48.1805 23.3045C48.2815 23.1745 48.4336 23.1 48.5977 23.1H54.7922C56.9085 23.1 58.6301 21.3784 58.6301 19.2621V3.83789C58.6301 1.7216 56.9079 0 54.7909 0ZM2.7832 28.7496V27.9246C2.7832 26.9573 3.57012 26.1703 4.5375 26.1703H5.96367C5.9032 27.6986 5.94281 28.957 6.32449 30.5027H4.5375C3.57012 30.5027 2.7832 29.7163 2.7832 28.7496ZM21.473 44.8737C21.473 45.813 21.1945 46.6881 20.7173 47.4227C22.5095 47.4158 24.2221 46.8012 25.5584 45.7098C24.953 45.1362 24.5627 44.3471 24.4961 43.4692H21.473V44.8737ZM25.0658 41.7113H21.274C20.4144 41.7113 19.7152 42.4105 19.7152 43.2701V44.8736C19.7152 46.4923 18.3982 47.8093 16.7794 47.8093H12.8961C12.0666 47.8093 11.3414 48.3701 11.1327 49.173L8.775 58.2422H2.99906L6.99961 42.8516L8.39896 40.9136C10.2219 38.3889 13.221 34.2355 13.7295 33.5304C13.9119 33.2775 14.1818 33.111 14.4893 33.0616C14.8004 33.0116 15.1144 33.0872 15.3716 33.2739L15.4145 33.3052C15.6938 33.5078 15.8589 33.8211 15.868 34.1721C15.876 34.4099 15.8078 34.6386 15.6698 34.8349L14.0316 37.1756C13.7263 37.6104 13.6889 38.1734 13.9338 38.6448C14.179 39.1165 14.6617 39.4096 15.1936 39.4096H25.1177C25.4254 39.4096 25.7146 39.5295 25.9323 39.7471C26.1519 39.9668 26.2714 40.2591 26.2686 40.5711C26.2637 41.1998 25.7241 41.7113 25.0658 41.7113ZM36.1359 30.5027C37.1026 30.5027 37.8891 29.7163 37.8891 28.7496V27.9246C37.8891 26.9573 37.1026 26.1703 36.1359 26.1703H35.4117C35.4267 26.5519 35.435 26.9398 35.435 27.3316C35.435 28.4125 35.3048 29.4743 35.0509 30.5027H36.1359ZM36.1359 24.4125H35.286C35.183 23.4253 35.0259 22.4693 34.8158 21.5616C34.4052 19.795 32.8461 18.4895 31.0242 18.387C27.619 18.1961 24.146 17.3132 20.9802 15.8336C20.0938 15.4201 19.0233 15.7056 18.4897 16.4978C18.2883 16.7971 17.865 17.0148 17.4875 17.0062C16.8722 16.9991 16.1955 16.661 15.3586 15.9425C14.7942 15.4571 14.2255 14.8889 13.6207 14.2059C13.1858 13.7136 12.5602 13.431 11.9041 13.4304H11.9019C11.2498 13.4304 10.6277 13.71 10.1948 14.198C9.3491 15.1523 8.61539 16.248 8.0141 17.4544C7.79754 17.8888 7.97414 18.4165 8.40856 18.6332C8.84309 18.8497 9.37066 18.6731 9.58734 18.2387C10.12 17.1702 10.767 16.2029 11.5103 15.3642C11.646 15.2113 11.8137 15.1883 11.902 15.1883C11.9927 15.1897 12.1638 15.2119 12.3041 15.3707C12.9629 16.1146 13.5872 16.7377 14.2131 17.2759C14.9483 17.9071 16.0856 18.7481 17.4667 18.7641C18.4448 18.774 19.4146 18.2716 19.9478 17.4797C20.0009 17.4008 20.1307 17.377 20.2365 17.4264C23.6029 18.9996 27.2992 19.9386 30.9255 20.1421C31.973 20.201 32.8686 20.9483 33.1035 21.9588C33.3504 23.0256 33.5195 24.1682 33.6059 25.3569C33.6532 25.9908 33.6772 26.6552 33.6772 27.3318C33.6772 28.6293 33.4648 29.8942 33.0457 31.0916C31.7326 34.8457 28.7939 37.0882 26.8429 38.218C26.3459 37.8505 25.747 37.6519 25.1177 37.6519H15.8439L17.1089 35.8444C17.4673 35.3344 17.6456 34.7358 17.6249 34.1202C17.6019 33.2246 17.1724 32.409 16.4477 31.8832L16.405 31.852C15.7661 31.3886 14.9869 31.202 14.211 31.3262C13.4388 31.4501 12.7616 31.8677 12.3038 32.5023C11.973 32.961 11.3248 33.859 10.5538 34.9269C9.55629 33.7508 8.80957 32.4647 8.32945 31.0915C7.65281 29.1586 7.61508 27.4226 7.76941 25.3555C7.85789 24.1417 8.03332 22.9733 8.29078 21.883C8.40234 21.4106 8.10984 20.9372 7.63734 20.8256C7.16496 20.7141 6.69152 21.0066 6.57996 21.4791C6.35953 22.4126 6.19582 23.3968 6.08941 24.4127H4.5375C4.30922 24.4127 4.08633 24.4354 3.87 24.4772L3.6723 17.6446C3.59402 14.9202 5.37762 12.5364 8...
[90m [2m❯[22m Proxy.waitForWrapper node_modules/@testing-library/dom/dist/wait-for.js:[2m163:27[22m[39m
[36m [2m❯[22m src/views/onboardingRequest/cancel/__tests__/CancelRequestComponent.test.tsx:[2m57:9[22m[39m
    [90m 55| [39m  mockedLocation[33m.[39msearch [33m=[39m [32m'jwt=wrongJwt'[39m[33m;[39m
    [90m 56| [39m  [34mrender[39m([33m<[39m[33mCancelRequestComponent[39m [33m/[39m[33m>[39m)[33m;[39m
    [90m 57| [39m  await waitFor(() => screen.getByText('La pagina che cercavi non è di…
    [90m   | [39m        [31m^[39m
    [90m 58| [39m  const assistanceButton = screen.getByText('Contatta l\u2019assistenz…
    [90m 59| [39m

[31m[2m⎯⎯⎯⎯⎯⎯⎯⎯⎯⎯⎯⎯⎯⎯⎯⎯⎯⎯⎯⎯⎯⎯[55/58]⎯[22m[39m

[41m[1m FAIL [22m[49m src/views/onboardingRequest/cancel/__tests__/CancelRequestComponent.test.tsx[2m > [22mTest: The onboarding request can't be cancel because is already approved
[31m[1mTestingLibraryElementError[22m[39m: Unable to find an element with the text: La richiesta di adesione è stata accettata. This could be because the text is broken up by multiple elements. In this case, you can provide a function for your text matcher to make your matcher more flexible.

Ignored nodes: comments, script, style
[36m<body[39m
  [33mstyle[39m=[32m""[39m
[36m>[39m
  [36m<div>[39m
    [36m<div[39m
      [33mclass[39m=[32m"MuiBox-root css-0"[39m
      [33mstyle[39m=[32m"text-align: center;"[39m
    [36m>[39m
      [36m<div[39m
        [33mclass[39m=[32m"MuiBox-root css-1qm1lh"[39m
      [36m>[39m
        [36m<i />[39m
      [36m</div>[39m
      [36m<svg[39m
        [33mfill[39m=[32m"none"[39m
        [33mheight[39m=[32m"60"[39m
        [33mviewBox[39m=[32m"0 0 60 60"[39m
        [33mwidth[39m=[32m"60"[39m
        [33mxmlns[39m=[32m"http://www.w3.org/2000/svg"[39m
      [36m>[39m
        [36m<mask[39m
          [33mheight[39m=[32m"60"[39m
          [33mid[39m=[32m"mask0_9764_174328"[39m
          [33mmaskUnits[39m=[32m"userSpaceOnUse"[39m
          [33mstyle[39m=[32m"mask-type: alpha;"[39m
          [33mwidth[39m=[32m"58"[39m
          [33mx[39m=[32m"1"[39m
          [33my[39m=[32m"0"[39m
        [36m>[39m
          [36m<path[39m
            [33mclip-rule[39m=[32m"evenodd"[39m
            [33md[39m=[32m"M54.7909 0H39.3668C37.2505 0 35.5289 1.7216 35.5289 3.83789V10.7925C32.6366 6.63785 27.827 3.91289 22.3922 3.91289H18.4629C13.8681 3.91289 9.58875 6.33176 7.20762 10.2492C3.97617 11.2624 1.81699 14.2724 1.9152 17.695L2.13715 25.3643C1.45359 26.0055 1.02539 26.9157 1.02539 27.9247V28.7497C1.02539 30.6857 2.60086 32.2607 4.5375 32.2607H6.89355C7.49332 33.7441 8.36602 35.1282 9.49781 36.3893L8.7055 37.4865L8.67176 37.5333C7.5016 39.1537 5.62645 41.7505 5.47758 41.9569C5.41395 42.0451 5.36719 42.1446 5.33977 42.2498L1.2859 57.8452C1.15078 58.3649 1.26164 58.9068 1.59023 59.3316C1.91871 59.7564 2.41523 60.0001 2.95219 60.0001H35.6473C36.2334 60.0001 36.7985 59.754 37.1978 59.325C37.5971 58.8959 37.8022 58.3143 37.7602 57.7283L37.4273 53.1725C37.3438 52.0195 37.0377 50.9161 36.5174 49.8928C36.2972 49.4602 35.768 49.2877 35.3355 49.5077C34.9029 49.7277 34.7305 50.2569 34.9505 50.6896C35.3641 51.5031 35.6075 52.3812 35.6741 53.3002L36.0069 57.8555C36.0168 57.9921 35.951 58.0847 35.9112 58.1276C35.8713 58.1705 35.7838 58.2424 35.6473 58.2424H31.5934V54.6512C31.5934 54.1658 31.2 53.7723 30.7145 53.7723C30.229 53.7723 29.8356 54.1658 29.8356 54.6512V58.2422H10.5913L12.8339 49.6153C12.8413 49.587 12.8668 49.5672 12.8961 49.5672H16.7794C17.5675 49.5672 18.3103 49.371 18.9632 49.0263C19.5275 49.1287 20.1057 49.1814 20.6871 49.1814C23.152 49.1814 25.5043 48.2398 27.2264 46.5807L27.2297 46.5813L27.2752 46.5907C27.3457 46.6047 27.4167 46.6158 27.8623 46.6852C28.2225 46.7414 28.8275 46.8357 29.8748 47.0005C30.8295 47.1497 31.7235 47.4894 32.5325 48.0102C32.6797 48.105 32.8445 48.1502 33.0075 48.1502C33.2964 48.1502 33.5794 48.008 33.7473 47.747C34.01 47.3389 33.8922 46.795 33.484 46.5322C32.4676 45.8779 31.3446 45.4512 30.1466 45.2639C29.1814 45.1021 28.5914 45.0157 28.204 44.959C27.6861 44.8832 27.53 44.8603 27.3234 44.781C26.689 44.5362 26.2552 43.9322 26.2443 43.2271C27.2836 42.7809 28.0172 41.7652 28.0264 40.586C28.0294 40.2616 27.9789 39.9456 27.8804 39.6468C29.9595 38.4143 32.9405 36.0819 34.4816 32.2605H36.1359C38.0719 32.2605 39.6469 30.6855 39.6469 28.7496V27.9246C39.6469 26.8455 39.1574 25.8789 38.3895 25.2341V22.9727C38.7068 23.0564 39.0354 23.1 39.3669 23.1H42.1348C42.4546 23.1 42.7148 23.3602 42.7148 23.6801V26.1762C42.7148 26.7967 43.0942 27.3273 43.6814 27.528C43.8377 27.5815 43.9968 27.6074 44.1531 27.6074C44.5839 27.6074 44.9943 27.4107 45.2725 27.0513L48.1805 23.3045C48.2815 23.1745 48.4336 23.1 48.5977 23.1H54.7922C56.9085 23.1 58.6301 21.3784 58.6301 19.2621V3.83789C58.6301 1.7216 56.9079 0 54.7909 0ZM2.7832 28.7496V27.9246C2.7832 26.9573 3.57012 26.1703 4.5375 26.1703H5.96367C5.9032 27.6986 5.94281 28.957 6.32449 30.5027H4.5375C3.57012 30.5027 2.7832 29.7163 2.7832 28.7496ZM21.473 44.8737C21.473 45.813 21.1945 46.6881 20.7173 47.4227C22.5095 47.4158 24.2221 46.8012 25.5584 45.7098C24.953 45.1362 24.5627 44.3471 24.4961 43.4692H21.473V44.8737ZM25.0658 41.7113H21.274C20.4144 41.7113 19.7152 42.4105 19.7152 43.2701V44.8736C19.7152 46.4923 18.3982 47.8093 16.7794 47.8093H12.8961C12.0666 47.8093 11.3414 48.3701 11.1327 49.173L8.775 58.2422H2.99906L6.99961 42.8516L8.39896 40.9136C10.2219 38.3889 13.221 34.2355 13.7295 33.5304C13.9119 33.2775 14.1818 33.111 14.4893 33.0616C14.8004 33.0116 15.1144 33.0872 15.3716 33.2739L15.4145 33.3052C15.6938 33.5078 15.8589 33.8211 15.868 34.1721C15.876 34.4099 15.8078 34.6386 15.6698 34.8349L14.0316 37.1756C13.7263 37.6104 13.6889 38.1734 13.9338 38.6448C14.179 39.1165 14.6617 39.4096 15.1936 39.4096H25.1177C25.4254 39.4096 25.7146 39.5295 25.9323 39.7471C26.1519 39.9668 26.2714 40.2591 26.2686 40.5711C26.2637 41.1998 25.7241 41.7113 25.0658 41.7113ZM36.1359 30.5027C37.1026 30.5027 37.8891 29.7163 37.8891 28.7496V27.9246C37.8891 26.9573 37.1026 26.1703 36.1359 26.1703H35.4117C35.4267 26.5519 35.435 26.9398 35.435 27.3316C35.435 28.4125 35.3048 29.4743 35.0509 30.5027H36.1359ZM36.1359 24.4125H35.286C35.183 23.4253 35.0259 22.4693 34.8158 21.5616C34.4052 19.795 32.8461 18.4895 31.0242 18.387C27.619 18.1961 24.146 17.3132 20.9802 15.8336C20.0938 15.4201 19.0233 15.7056 18.4897 16.4978C18.2883 16.7971 17.865 17.0148 17.4875 17.0062C16.8722 16.9991 16.1955 16.661 15.3586 15.9425C14.7942 15.4571 14.2255 14.8889 13.6207 14.2059C13.1858 13.7136 12.5602 13.431 11.9041 13.4304H11.9019C11.2498 13.4304 10.6277 13.71 10.1948 14.198C9.3491 15.1523 8.61539 16.248 8.0141 17.4544C7.79754 17.8888 7.97414 18.4165 8.40856 18.6332C8.84309 18.8497 9.37066 18.6731 9.58734 18.2387C10.12 17.1702 10.767 16.2029 11.5103 15.3642C11.646 15.2113 11.8137 15.1883 11.902 15.1883C11.9927 15.1897 12.1638 15.2119 12.3041 15.3707C12.9629 16.1146 13.5872 16.7377 14.2131 17.2759C14.9483 17.9071 16.0856 18.7481 17.4667 18.7641C18.4448 18.774 19.4146 18.2716 19.9478 17.4797C20.0009 17.4008 20.1307 17.377 20.2365 17.4264C23.6029 18.9996 27.2992 19.9386 30.9255 20.1421C31.973 20.201 32.8686 20.9483 33.1035 21.9588C33.3504 23.0256 33.5195 24.1682 33.6059 25.3569C33.6532 25.9908 33.6772 26.6552 33.6772 27.3318C33.6772 28.6293 33.4648 29.8942 33.0457 31.0916C31.7326 34.8457 28.7939 37.0882 26.8429 38.218C26.3459 37.8505 25.747 37.6519 25.1177 37.6519H15.8439L17.1089 35.8444C17.4673 35.3344 17.6456 34.7358 17.6249 34.1202C17.6019 33.2246 17.1724 32.409 16.4477 31.8832L16.405 31.852C15.7661 31.3886 14.9869 31.202 14.211 31.3262C13.4388 31.4501 12.7616 31.8677 12.3038 32.5023C11.973 32.961 11.3248 33.859 10.5538 34.9269C9.55629 33.7508 8.80957 32.4647 8.32945 31.0915C7.65281 29.1586 7.61508 27.4226 7.76941 25.3555C7.85789 24.1417 8.03332 22.9733 8.29078 21.883C8.40234 21.4106 8.10984 20.9372 7.63734 20.8256C7.16496 20.7141 6.69152 21.0066 6.57996 21.4791C6.35953 22.4126 6.19582 23.3968 6.08941 24.4127H4.5375C4.30922 24.4127 4.08633 24.4354 3.87 24.4772L3.6723 17.6446C3.59402 14.9202 5.37762 12.5364 8.00965 11.8474C8.23828 11.7875 8.43328 11.6381 8.55047 11.4328C10.5785 7.87852 14.3768 5.6707 18.4629 ...

Ignored nodes: comments, script, style
[36m<html>[39m
  [36m<head />[39m
  [36m<body[39m
    [33mstyle[39m=[32m""[39m
  [36m>[39m
    [36m<div>[39m
      [36m<div[39m
        [33mclass[39m=[32m"MuiBox-root css-0"[39m
        [33mstyle[39m=[32m"text-align: center;"[39m
      [36m>[39m
        [36m<div[39m
          [33mclass[39m=[32m"MuiBox-root css-1qm1lh"[39m
        [36m>[39m
          [36m<i />[39m
        [36m</div>[39m
        [36m<svg[39m
          [33mfill[39m=[32m"none"[39m
          [33mheight[39m=[32m"60"[39m
          [33mviewBox[39m=[32m"0 0 60 60"[39m
          [33mwidth[39m=[32m"60"[39m
          [33mxmlns[39m=[32m"http://www.w3.org/2000/svg"[39m
        [36m>[39m
          [36m<mask[39m
            [33mheight[39m=[32m"60"[39m
            [33mid[39m=[32m"mask0_9764_174328"[39m
            [33mmaskUnits[39m=[32m"userSpaceOnUse"[39m
            [33mstyle[39m=[32m"mask-type: alpha;"[39m
            [33mwidth[39m=[32m"58"[39m
            [33mx[39m=[32m"1"[39m
            [33my[39m=[32m"0"[39m
          [36m>[39m
            [36m<path[39m
              [33mclip-rule[39m=[32m"evenodd"[39m
              [33md[39m=[32m"M54.7909 0H39.3668C37.2505 0 35.5289 1.7216 35.5289 3.83789V10.7925C32.6366 6.63785 27.827 3.91289 22.3922 3.91289H18.4629C13.8681 3.91289 9.58875 6.33176 7.20762 10.2492C3.97617 11.2624 1.81699 14.2724 1.9152 17.695L2.13715 25.3643C1.45359 26.0055 1.02539 26.9157 1.02539 27.9247V28.7497C1.02539 30.6857 2.60086 32.2607 4.5375 32.2607H6.89355C7.49332 33.7441 8.36602 35.1282 9.49781 36.3893L8.7055 37.4865L8.67176 37.5333C7.5016 39.1537 5.62645 41.7505 5.47758 41.9569C5.41395 42.0451 5.36719 42.1446 5.33977 42.2498L1.2859 57.8452C1.15078 58.3649 1.26164 58.9068 1.59023 59.3316C1.91871 59.7564 2.41523 60.0001 2.95219 60.0001H35.6473C36.2334 60.0001 36.7985 59.754 37.1978 59.325C37.5971 58.8959 37.8022 58.3143 37.7602 57.7283L37.4273 53.1725C37.3438 52.0195 37.0377 50.9161 36.5174 49.8928C36.2972 49.4602 35.768 49.2877 35.3355 49.5077C34.9029 49.7277 34.7305 50.2569 34.9505 50.6896C35.3641 51.5031 35.6075 52.3812 35.6741 53.3002L36.0069 57.8555C36.0168 57.9921 35.951 58.0847 35.9112 58.1276C35.8713 58.1705 35.7838 58.2424 35.6473 58.2424H31.5934V54.6512C31.5934 54.1658 31.2 53.7723 30.7145 53.7723C30.229 53.7723 29.8356 54.1658 29.8356 54.6512V58.2422H10.5913L12.8339 49.6153C12.8413 49.587 12.8668 49.5672 12.8961 49.5672H16.7794C17.5675 49.5672 18.3103 49.371 18.9632 49.0263C19.5275 49.1287 20.1057 49.1814 20.6871 49.1814C23.152 49.1814 25.5043 48.2398 27.2264 46.5807L27.2297 46.5813L27.2752 46.5907C27.3457 46.6047 27.4167 46.6158 27.8623 46.6852C28.2225 46.7414 28.8275 46.8357 29.8748 47.0005C30.8295 47.1497 31.7235 47.4894 32.5325 48.0102C32.6797 48.105 32.8445 48.1502 33.0075 48.1502C33.2964 48.1502 33.5794 48.008 33.7473 47.747C34.01 47.3389 33.8922 46.795 33.484 46.5322C32.4676 45.8779 31.3446 45.4512 30.1466 45.2639C29.1814 45.1021 28.5914 45.0157 28.204 44.959C27.6861 44.8832 27.53 44.8603 27.3234 44.781C26.689 44.5362 26.2552 43.9322 26.2443 43.2271C27.2836 42.7809 28.0172 41.7652 28.0264 40.586C28.0294 40.2616 27.9789 39.9456 27.8804 39.6468C29.9595 38.4143 32.9405 36.0819 34.4816 32.2605H36.1359C38.0719 32.2605 39.6469 30.6855 39.6469 28.7496V27.9246C39.6469 26.8455 39.1574 25.8789 38.3895 25.2341V22.9727C38.7068 23.0564 39.0354 23.1 39.3669 23.1H42.1348C42.4546 23.1 42.7148 23.3602 42.7148 23.6801V26.1762C42.7148 26.7967 43.0942 27.3273 43.6814 27.528C43.8377 27.5815 43.9968 27.6074 44.1531 27.6074C44.5839 27.6074 44.9943 27.4107 45.2725 27.0513L48.1805 23.3045C48.2815 23.1745 48.4336 23.1 48.5977 23.1H54.7922C56.9085 23.1 58.6301 21.3784 58.6301 19.2621V3.83789C58.6301 1.7216 56.9079 0 54.7909 0ZM2.7832 28.7496V27.9246C2.7832 26.9573 3.57012 26.1703 4.5375 26.1703H5.96367C5.9032 27.6986 5.94281 28.957 6.32449 30.5027H4.5375C3.57012 30.5027 2.7832 29.7163 2.7832 28.7496ZM21.473 44.8737C21.473 45.813 21.1945 46.6881 20.7173 47.4227C22.5095 47.4158 24.2221 46.8012 25.5584 45.7098C24.953 45.1362 24.5627 44.3471 24.4961 43.4692H21.473V44.8737ZM25.0658 41.7113H21.274C20.4144 41.7113 19.7152 42.4105 19.7152 43.2701V44.8736C19.7152 46.4923 18.3982 47.8093 16.7794 47.8093H12.8961C12.0666 47.8093 11.3414 48.3701 11.1327 49.173L8.775 58.2422H2.99906L6.99961 42.8516L8.39896 40.9136C10.2219 38.3889 13.221 34.2355 13.7295 33.5304C13.9119 33.2775 14.1818 33.111 14.4893 33.0616C14.8004 33.0116 15.1144 33.0872 15.3716 33.2739L15.4145 33.3052C15.6938 33.5078 15.8589 33.8211 15.868 34.1721C15.876 34.4099 15.8078 34.6386 15.6698 34.8349L14.0316 37.1756C13.7263 37.6104 13.6889 38.1734 13.9338 38.6448C14.179 39.1165 14.6617 39.4096 15.1936 39.4096H25.1177C25.4254 39.4096 25.7146 39.5295 25.9323 39.7471C26.1519 39.9668 26.2714 40.2591 26.2686 40.5711C26.2637 41.1998 25.7241 41.7113 25.0658 41.7113ZM36.1359 30.5027C37.1026 30.5027 37.8891 29.7163 37.8891 28.7496V27.9246C37.8891 26.9573 37.1026 26.1703 36.1359 26.1703H35.4117C35.4267 26.5519 35.435 26.9398 35.435 27.3316C35.435 28.4125 35.3048 29.4743 35.0509 30.5027H36.1359ZM36.1359 24.4125H35.286C35.183 23.4253 35.0259 22.4693 34.8158 21.5616C34.4052 19.795 32.8461 18.4895 31.0242 18.387C27.619 18.1961 24.146 17.3132 20.9802 15.8336C20.0938 15.4201 19.0233 15.7056 18.4897 16.4978C18.2883 16.7971 17.865 17.0148 17.4875 17.0062C16.8722 16.9991 16.1955 16.661 15.3586 15.9425C14.7942 15.4571 14.2255 14.8889 13.6207 14.2059C13.1858 13.7136 12.5602 13.431 11.9041 13.4304H11.9019C11.2498 13.4304 10.6277 13.71 10.1948 14.198C9.3491 15.1523 8.61539 16.248 8.0141 17.4544C7.79754 17.8888 7.97414 18.4165 8.40856 18.6332C8.84309 18.8497 9.37066 18.6731 9.58734 18.2387C10.12 17.1702 10.767 16.2029 11.5103 15.3642C11.646 15.2113 11.8137 15.1883 11.902 15.1883C11.9927 15.1897 12.1638 15.2119 12.3041 15.3707C12.9629 16.1146 13.5872 16.7377 14.2131 17.2759C14.9483 17.9071 16.0856 18.7481 17.4667 18.7641C18.4448 18.774 19.4146 18.2716 19.9478 17.4797C20.0009 17.4008 20.1307 17.377 20.2365 17.4264C23.6029 18.9996 27.2992 19.9386 30.9255 20.1421C31.973 20.201 32.8686 20.9483 33.1035 21.9588C33.3504 23.0256 33.5195 24.1682 33.6059 25.3569C33.6532 25.9908 33.6772 26.6552 33.6772 27.3318C33.6772 28.6293 33.4648 29.8942 33.0457 31.0916C31.7326 34.8457 28.7939 37.0882 26.8429 38.218C26.3459 37.8505 25.747 37.6519 25.1177 37.6519H15.8439L17.1089 35.8444C17.4673 35.3344 17.6456 34.7358 17.6249 34.1202C17.6019 33.2246 17.1724 32.409 16.4477 31.8832L16.405 31.852C15.7661 31.3886 14.9869 31.202 14.211 31.3262C13.4388 31.4501 12.7616 31.8677 12.3038 32.5023C11.973 32.961 11.3248 33.859 10.5538 34.9269C9.55629 33.7508 8.80957 32.4647 8.32945 31.0915C7.65281 29.1586 7.61508 27.4226 7.76941 25.3555C7.85789 24.1417 8.03332 22.9733 8.29078 21.883C8.40234 21.4106 8.10984 20.9372 7.63734 20.8256C7.16496 20.7141 6.69152 21.0066 6.57996 21.4791C6.35953 22.4126 6.19582 23.3968 6.08941 24.4127H4.5375C4.30922 24.4127 4.08633 24.4354 3.87 24.4772L3.6723 17.6446C3.59402 14.9202 5.37762 12.5364 8...
[90m [2m❯[22m Proxy.waitForWrapper node_modules/@testing-library/dom/dist/wait-for.js:[2m163:27[22m[39m
[36m [2m❯[22m src/views/onboardingRequest/cancel/__tests__/CancelRequestComponent.test.tsx:[2m68:9[22m[39m
    [90m 66| [39m  [34mrender[39m([33m<[39m[33mCancelRequestComponent[39m [33m/[39m[33m>[39m)[33m;[39m
    [90m 67| [39m
    [90m 68| [39m  await waitFor(() => screen.getByText('La richiesta di adesione è sta…
    [90m   | [39m        [31m^[39m
    [90m 69| [39m  [35mconst[39m login [33m=[39m screen[33m.[39m[34mgetByText[39m([32m'Accedi'[39m)[33m;[39m
    [90m 70| [39m

[31m[2m⎯⎯⎯⎯⎯⎯⎯⎯⎯⎯⎯⎯⎯⎯⎯⎯⎯⎯⎯⎯⎯⎯[56/58]⎯[22m[39m

[41m[1m FAIL [22m[49m src/views/onboardingRequest/cancel/__tests__/CancelRequestComponent.test.tsx[2m > [22mTest: The onboarding request can't be cancel because is expired
[31m[1mTestingLibraryElementError[22m[39m: Unable to find an element with the text: La richiesta di adesione è scaduta. This could be because the text is broken up by multiple elements. In this case, you can provide a function for your text matcher to make your matcher more flexible.

Ignored nodes: comments, script, style
[36m<body[39m
  [33mstyle[39m=[32m""[39m
[36m>[39m
  [36m<div>[39m
    [36m<div[39m
      [33mclass[39m=[32m"MuiBox-root css-0"[39m
      [33mstyle[39m=[32m"text-align: center;"[39m
    [36m>[39m
      [36m<div[39m
        [33mclass[39m=[32m"MuiBox-root css-1qm1lh"[39m
      [36m>[39m
        [36m<i />[39m
      [36m</div>[39m
      [36m<svg[39m
        [33mfill[39m=[32m"none"[39m
        [33mheight[39m=[32m"60"[39m
        [33mviewBox[39m=[32m"0 0 60 60"[39m
        [33mwidth[39m=[32m"60"[39m
        [33mxmlns[39m=[32m"http://www.w3.org/2000/svg"[39m
      [36m>[39m
        [36m<mask[39m
          [33mheight[39m=[32m"60"[39m
          [33mid[39m=[32m"mask0_9764_174328"[39m
          [33mmaskUnits[39m=[32m"userSpaceOnUse"[39m
          [33mstyle[39m=[32m"mask-type: alpha;"[39m
          [33mwidth[39m=[32m"58"[39m
          [33mx[39m=[32m"1"[39m
          [33my[39m=[32m"0"[39m
        [36m>[39m
          [36m<path[39m
            [33mclip-rule[39m=[32m"evenodd"[39m
            [33md[39m=[32m"M54.7909 0H39.3668C37.2505 0 35.5289 1.7216 35.5289 3.83789V10.7925C32.6366 6.63785 27.827 3.91289 22.3922 3.91289H18.4629C13.8681 3.91289 9.58875 6.33176 7.20762 10.2492C3.97617 11.2624 1.81699 14.2724 1.9152 17.695L2.13715 25.3643C1.45359 26.0055 1.02539 26.9157 1.02539 27.9247V28.7497C1.02539 30.6857 2.60086 32.2607 4.5375 32.2607H6.89355C7.49332 33.7441 8.36602 35.1282 9.49781 36.3893L8.7055 37.4865L8.67176 37.5333C7.5016 39.1537 5.62645 41.7505 5.47758 41.9569C5.41395 42.0451 5.36719 42.1446 5.33977 42.2498L1.2859 57.8452C1.15078 58.3649 1.26164 58.9068 1.59023 59.3316C1.91871 59.7564 2.41523 60.0001 2.95219 60.0001H35.6473C36.2334 60.0001 36.7985 59.754 37.1978 59.325C37.5971 58.8959 37.8022 58.3143 37.7602 57.7283L37.4273 53.1725C37.3438 52.0195 37.0377 50.9161 36.5174 49.8928C36.2972 49.4602 35.768 49.2877 35.3355 49.5077C34.9029 49.7277 34.7305 50.2569 34.9505 50.6896C35.3641 51.5031 35.6075 52.3812 35.6741 53.3002L36.0069 57.8555C36.0168 57.9921 35.951 58.0847 35.9112 58.1276C35.8713 58.1705 35.7838 58.2424 35.6473 58.2424H31.5934V54.6512C31.5934 54.1658 31.2 53.7723 30.7145 53.7723C30.229 53.7723 29.8356 54.1658 29.8356 54.6512V58.2422H10.5913L12.8339 49.6153C12.8413 49.587 12.8668 49.5672 12.8961 49.5672H16.7794C17.5675 49.5672 18.3103 49.371 18.9632 49.0263C19.5275 49.1287 20.1057 49.1814 20.6871 49.1814C23.152 49.1814 25.5043 48.2398 27.2264 46.5807L27.2297 46.5813L27.2752 46.5907C27.3457 46.6047 27.4167 46.6158 27.8623 46.6852C28.2225 46.7414 28.8275 46.8357 29.8748 47.0005C30.8295 47.1497 31.7235 47.4894 32.5325 48.0102C32.6797 48.105 32.8445 48.1502 33.0075 48.1502C33.2964 48.1502 33.5794 48.008 33.7473 47.747C34.01 47.3389 33.8922 46.795 33.484 46.5322C32.4676 45.8779 31.3446 45.4512 30.1466 45.2639C29.1814 45.1021 28.5914 45.0157 28.204 44.959C27.6861 44.8832 27.53 44.8603 27.3234 44.781C26.689 44.5362 26.2552 43.9322 26.2443 43.2271C27.2836 42.7809 28.0172 41.7652 28.0264 40.586C28.0294 40.2616 27.9789 39.9456 27.8804 39.6468C29.9595 38.4143 32.9405 36.0819 34.4816 32.2605H36.1359C38.0719 32.2605 39.6469 30.6855 39.6469 28.7496V27.9246C39.6469 26.8455 39.1574 25.8789 38.3895 25.2341V22.9727C38.7068 23.0564 39.0354 23.1 39.3669 23.1H42.1348C42.4546 23.1 42.7148 23.3602 42.7148 23.6801V26.1762C42.7148 26.7967 43.0942 27.3273 43.6814 27.528C43.8377 27.5815 43.9968 27.6074 44.1531 27.6074C44.5839 27.6074 44.9943 27.4107 45.2725 27.0513L48.1805 23.3045C48.2815 23.1745 48.4336 23.1 48.5977 23.1H54.7922C56.9085 23.1 58.6301 21.3784 58.6301 19.2621V3.83789C58.6301 1.7216 56.9079 0 54.7909 0ZM2.7832 28.7496V27.9246C2.7832 26.9573 3.57012 26.1703 4.5375 26.1703H5.96367C5.9032 27.6986 5.94281 28.957 6.32449 30.5027H4.5375C3.57012 30.5027 2.7832 29.7163 2.7832 28.7496ZM21.473 44.8737C21.473 45.813 21.1945 46.6881 20.7173 47.4227C22.5095 47.4158 24.2221 46.8012 25.5584 45.7098C24.953 45.1362 24.5627 44.3471 24.4961 43.4692H21.473V44.8737ZM25.0658 41.7113H21.274C20.4144 41.7113 19.7152 42.4105 19.7152 43.2701V44.8736C19.7152 46.4923 18.3982 47.8093 16.7794 47.8093H12.8961C12.0666 47.8093 11.3414 48.3701 11.1327 49.173L8.775 58.2422H2.99906L6.99961 42.8516L8.39896 40.9136C10.2219 38.3889 13.221 34.2355 13.7295 33.5304C13.9119 33.2775 14.1818 33.111 14.4893 33.0616C14.8004 33.0116 15.1144 33.0872 15.3716 33.2739L15.4145 33.3052C15.6938 33.5078 15.8589 33.8211 15.868 34.1721C15.876 34.4099 15.8078 34.6386 15.6698 34.8349L14.0316 37.1756C13.7263 37.6104 13.6889 38.1734 13.9338 38.6448C14.179 39.1165 14.6617 39.4096 15.1936 39.4096H25.1177C25.4254 39.4096 25.7146 39.5295 25.9323 39.7471C26.1519 39.9668 26.2714 40.2591 26.2686 40.5711C26.2637 41.1998 25.7241 41.7113 25.0658 41.7113ZM36.1359 30.5027C37.1026 30.5027 37.8891 29.7163 37.8891 28.7496V27.9246C37.8891 26.9573 37.1026 26.1703 36.1359 26.1703H35.4117C35.4267 26.5519 35.435 26.9398 35.435 27.3316C35.435 28.4125 35.3048 29.4743 35.0509 30.5027H36.1359ZM36.1359 24.4125H35.286C35.183 23.4253 35.0259 22.4693 34.8158 21.5616C34.4052 19.795 32.8461 18.4895 31.0242 18.387C27.619 18.1961 24.146 17.3132 20.9802 15.8336C20.0938 15.4201 19.0233 15.7056 18.4897 16.4978C18.2883 16.7971 17.865 17.0148 17.4875 17.0062C16.8722 16.9991 16.1955 16.661 15.3586 15.9425C14.7942 15.4571 14.2255 14.8889 13.6207 14.2059C13.1858 13.7136 12.5602 13.431 11.9041 13.4304H11.9019C11.2498 13.4304 10.6277 13.71 10.1948 14.198C9.3491 15.1523 8.61539 16.248 8.0141 17.4544C7.79754 17.8888 7.97414 18.4165 8.40856 18.6332C8.84309 18.8497 9.37066 18.6731 9.58734 18.2387C10.12 17.1702 10.767 16.2029 11.5103 15.3642C11.646 15.2113 11.8137 15.1883 11.902 15.1883C11.9927 15.1897 12.1638 15.2119 12.3041 15.3707C12.9629 16.1146 13.5872 16.7377 14.2131 17.2759C14.9483 17.9071 16.0856 18.7481 17.4667 18.7641C18.4448 18.774 19.4146 18.2716 19.9478 17.4797C20.0009 17.4008 20.1307 17.377 20.2365 17.4264C23.6029 18.9996 27.2992 19.9386 30.9255 20.1421C31.973 20.201 32.8686 20.9483 33.1035 21.9588C33.3504 23.0256 33.5195 24.1682 33.6059 25.3569C33.6532 25.9908 33.6772 26.6552 33.6772 27.3318C33.6772 28.6293 33.4648 29.8942 33.0457 31.0916C31.7326 34.8457 28.7939 37.0882 26.8429 38.218C26.3459 37.8505 25.747 37.6519 25.1177 37.6519H15.8439L17.1089 35.8444C17.4673 35.3344 17.6456 34.7358 17.6249 34.1202C17.6019 33.2246 17.1724 32.409 16.4477 31.8832L16.405 31.852C15.7661 31.3886 14.9869 31.202 14.211 31.3262C13.4388 31.4501 12.7616 31.8677 12.3038 32.5023C11.973 32.961 11.3248 33.859 10.5538 34.9269C9.55629 33.7508 8.80957 32.4647 8.32945 31.0915C7.65281 29.1586 7.61508 27.4226 7.76941 25.3555C7.85789 24.1417 8.03332 22.9733 8.29078 21.883C8.40234 21.4106 8.10984 20.9372 7.63734 20.8256C7.16496 20.7141 6.69152 21.0066 6.57996 21.4791C6.35953 22.4126 6.19582 23.3968 6.08941 24.4127H4.5375C4.30922 24.4127 4.08633 24.4354 3.87 24.4772L3.6723 17.6446C3.59402 14.9202 5.37762 12.5364 8.00965 11.8474C8.23828 11.7875 8.43328 11.6381 8.55047 11.4328C10.5785 7.87852 14.3768 5.6707 18.4629 ...

Ignored nodes: comments, script, style
[36m<html>[39m
  [36m<head />[39m
  [36m<body[39m
    [33mstyle[39m=[32m""[39m
  [36m>[39m
    [36m<div>[39m
      [36m<div[39m
        [33mclass[39m=[32m"MuiBox-root css-0"[39m
        [33mstyle[39m=[32m"text-align: center;"[39m
      [36m>[39m
        [36m<div[39m
          [33mclass[39m=[32m"MuiBox-root css-1qm1lh"[39m
        [36m>[39m
          [36m<i />[39m
        [36m</div>[39m
        [36m<svg[39m
          [33mfill[39m=[32m"none"[39m
          [33mheight[39m=[32m"60"[39m
          [33mviewBox[39m=[32m"0 0 60 60"[39m
          [33mwidth[39m=[32m"60"[39m
          [33mxmlns[39m=[32m"http://www.w3.org/2000/svg"[39m
        [36m>[39m
          [36m<mask[39m
            [33mheight[39m=[32m"60"[39m
            [33mid[39m=[32m"mask0_9764_174328"[39m
            [33mmaskUnits[39m=[32m"userSpaceOnUse"[39m
            [33mstyle[39m=[32m"mask-type: alpha;"[39m
            [33mwidth[39m=[32m"58"[39m
            [33mx[39m=[32m"1"[39m
            [33my[39m=[32m"0"[39m
          [36m>[39m
            [36m<path[39m
              [33mclip-rule[39m=[32m"evenodd"[39m
              [33md[39m=[32m"M54.7909 0H39.3668C37.2505 0 35.5289 1.7216 35.5289 3.83789V10.7925C32.6366 6.63785 27.827 3.91289 22.3922 3.91289H18.4629C13.8681 3.91289 9.58875 6.33176 7.20762 10.2492C3.97617 11.2624 1.81699 14.2724 1.9152 17.695L2.13715 25.3643C1.45359 26.0055 1.02539 26.9157 1.02539 27.9247V28.7497C1.02539 30.6857 2.60086 32.2607 4.5375 32.2607H6.89355C7.49332 33.7441 8.36602 35.1282 9.49781 36.3893L8.7055 37.4865L8.67176 37.5333C7.5016 39.1537 5.62645 41.7505 5.47758 41.9569C5.41395 42.0451 5.36719 42.1446 5.33977 42.2498L1.2859 57.8452C1.15078 58.3649 1.26164 58.9068 1.59023 59.3316C1.91871 59.7564 2.41523 60.0001 2.95219 60.0001H35.6473C36.2334 60.0001 36.7985 59.754 37.1978 59.325C37.5971 58.8959 37.8022 58.3143 37.7602 57.7283L37.4273 53.1725C37.3438 52.0195 37.0377 50.9161 36.5174 49.8928C36.2972 49.4602 35.768 49.2877 35.3355 49.5077C34.9029 49.7277 34.7305 50.2569 34.9505 50.6896C35.3641 51.5031 35.6075 52.3812 35.6741 53.3002L36.0069 57.8555C36.0168 57.9921 35.951 58.0847 35.9112 58.1276C35.8713 58.1705 35.7838 58.2424 35.6473 58.2424H31.5934V54.6512C31.5934 54.1658 31.2 53.7723 30.7145 53.7723C30.229 53.7723 29.8356 54.1658 29.8356 54.6512V58.2422H10.5913L12.8339 49.6153C12.8413 49.587 12.8668 49.5672 12.8961 49.5672H16.7794C17.5675 49.5672 18.3103 49.371 18.9632 49.0263C19.5275 49.1287 20.1057 49.1814 20.6871 49.1814C23.152 49.1814 25.5043 48.2398 27.2264 46.5807L27.2297 46.5813L27.2752 46.5907C27.3457 46.6047 27.4167 46.6158 27.8623 46.6852C28.2225 46.7414 28.8275 46.8357 29.8748 47.0005C30.8295 47.1497 31.7235 47.4894 32.5325 48.0102C32.6797 48.105 32.8445 48.1502 33.0075 48.1502C33.2964 48.1502 33.5794 48.008 33.7473 47.747C34.01 47.3389 33.8922 46.795 33.484 46.5322C32.4676 45.8779 31.3446 45.4512 30.1466 45.2639C29.1814 45.1021 28.5914 45.0157 28.204 44.959C27.6861 44.8832 27.53 44.8603 27.3234 44.781C26.689 44.5362 26.2552 43.9322 26.2443 43.2271C27.2836 42.7809 28.0172 41.7652 28.0264 40.586C28.0294 40.2616 27.9789 39.9456 27.8804 39.6468C29.9595 38.4143 32.9405 36.0819 34.4816 32.2605H36.1359C38.0719 32.2605 39.6469 30.6855 39.6469 28.7496V27.9246C39.6469 26.8455 39.1574 25.8789 38.3895 25.2341V22.9727C38.7068 23.0564 39.0354 23.1 39.3669 23.1H42.1348C42.4546 23.1 42.7148 23.3602 42.7148 23.6801V26.1762C42.7148 26.7967 43.0942 27.3273 43.6814 27.528C43.8377 27.5815 43.9968 27.6074 44.1531 27.6074C44.5839 27.6074 44.9943 27.4107 45.2725 27.0513L48.1805 23.3045C48.2815 23.1745 48.4336 23.1 48.5977 23.1H54.7922C56.9085 23.1 58.6301 21.3784 58.6301 19.2621V3.83789C58.6301 1.7216 56.9079 0 54.7909 0ZM2.7832 28.7496V27.9246C2.7832 26.9573 3.57012 26.1703 4.5375 26.1703H5.96367C5.9032 27.6986 5.94281 28.957 6.32449 30.5027H4.5375C3.57012 30.5027 2.7832 29.7163 2.7832 28.7496ZM21.473 44.8737C21.473 45.813 21.1945 46.6881 20.7173 47.4227C22.5095 47.4158 24.2221 46.8012 25.5584 45.7098C24.953 45.1362 24.5627 44.3471 24.4961 43.4692H21.473V44.8737ZM25.0658 41.7113H21.274C20.4144 41.7113 19.7152 42.4105 19.7152 43.2701V44.8736C19.7152 46.4923 18.3982 47.8093 16.7794 47.8093H12.8961C12.0666 47.8093 11.3414 48.3701 11.1327 49.173L8.775 58.2422H2.99906L6.99961 42.8516L8.39896 40.9136C10.2219 38.3889 13.221 34.2355 13.7295 33.5304C13.9119 33.2775 14.1818 33.111 14.4893 33.0616C14.8004 33.0116 15.1144 33.0872 15.3716 33.2739L15.4145 33.3052C15.6938 33.5078 15.8589 33.8211 15.868 34.1721C15.876 34.4099 15.8078 34.6386 15.6698 34.8349L14.0316 37.1756C13.7263 37.6104 13.6889 38.1734 13.9338 38.6448C14.179 39.1165 14.6617 39.4096 15.1936 39.4096H25.1177C25.4254 39.4096 25.7146 39.5295 25.9323 39.7471C26.1519 39.9668 26.2714 40.2591 26.2686 40.5711C26.2637 41.1998 25.7241 41.7113 25.0658 41.7113ZM36.1359 30.5027C37.1026 30.5027 37.8891 29.7163 37.8891 28.7496V27.9246C37.8891 26.9573 37.1026 26.1703 36.1359 26.1703H35.4117C35.4267 26.5519 35.435 26.9398 35.435 27.3316C35.435 28.4125 35.3048 29.4743 35.0509 30.5027H36.1359ZM36.1359 24.4125H35.286C35.183 23.4253 35.0259 22.4693 34.8158 21.5616C34.4052 19.795 32.8461 18.4895 31.0242 18.387C27.619 18.1961 24.146 17.3132 20.9802 15.8336C20.0938 15.4201 19.0233 15.7056 18.4897 16.4978C18.2883 16.7971 17.865 17.0148 17.4875 17.0062C16.8722 16.9991 16.1955 16.661 15.3586 15.9425C14.7942 15.4571 14.2255 14.8889 13.6207 14.2059C13.1858 13.7136 12.5602 13.431 11.9041 13.4304H11.9019C11.2498 13.4304 10.6277 13.71 10.1948 14.198C9.3491 15.1523 8.61539 16.248 8.0141 17.4544C7.79754 17.8888 7.97414 18.4165 8.40856 18.6332C8.84309 18.8497 9.37066 18.6731 9.58734 18.2387C10.12 17.1702 10.767 16.2029 11.5103 15.3642C11.646 15.2113 11.8137 15.1883 11.902 15.1883C11.9927 15.1897 12.1638 15.2119 12.3041 15.3707C12.9629 16.1146 13.5872 16.7377 14.2131 17.2759C14.9483 17.9071 16.0856 18.7481 17.4667 18.7641C18.4448 18.774 19.4146 18.2716 19.9478 17.4797C20.0009 17.4008 20.1307 17.377 20.2365 17.4264C23.6029 18.9996 27.2992 19.9386 30.9255 20.1421C31.973 20.201 32.8686 20.9483 33.1035 21.9588C33.3504 23.0256 33.5195 24.1682 33.6059 25.3569C33.6532 25.9908 33.6772 26.6552 33.6772 27.3318C33.6772 28.6293 33.4648 29.8942 33.0457 31.0916C31.7326 34.8457 28.7939 37.0882 26.8429 38.218C26.3459 37.8505 25.747 37.6519 25.1177 37.6519H15.8439L17.1089 35.8444C17.4673 35.3344 17.6456 34.7358 17.6249 34.1202C17.6019 33.2246 17.1724 32.409 16.4477 31.8832L16.405 31.852C15.7661 31.3886 14.9869 31.202 14.211 31.3262C13.4388 31.4501 12.7616 31.8677 12.3038 32.5023C11.973 32.961 11.3248 33.859 10.5538 34.9269C9.55629 33.7508 8.80957 32.4647 8.32945 31.0915C7.65281 29.1586 7.61508 27.4226 7.76941 25.3555C7.85789 24.1417 8.03332 22.9733 8.29078 21.883C8.40234 21.4106 8.10984 20.9372 7.63734 20.8256C7.16496 20.7141 6.69152 21.0066 6.57996 21.4791C6.35953 22.4126 6.19582 23.3968 6.08941 24.4127H4.5375C4.30922 24.4127 4.08633 24.4354 3.87 24.4772L3.6723 17.6446C3.59402 14.9202 5.37762 12.5364 8...
[90m [2m❯[22m Proxy.waitForWrapper node_modules/@testing-library/dom/dist/wait-for.js:[2m163:27[22m[39m
[36m [2m❯[22m src/views/onboardingRequest/cancel/__tests__/CancelRequestComponent.test.tsx:[2m86:9[22m[39m
    [90m 84| [39m  [34mrender[39m([33m<[39m[33mCancelRequestComponent[39m [33m/[39m[33m>[39m)[33m;[39m
    [90m 85| [39m
    [90m 86| [39m  await waitFor(() => screen.getByText('La richiesta di adesione è sca…
    [90m   | [39m        [31m^[39m
    [90m 87| [39m  [35mconst[39m login [33m=[39m screen[33m.[39m[34mgetByText[39m([32m'Torna alla home'[39m)[33m;[39m
    [90m 88| [39m

[31m[2m⎯⎯⎯⎯⎯⎯⎯⎯⎯⎯⎯⎯⎯⎯⎯⎯⎯⎯⎯⎯⎯⎯[57/58]⎯[22m[39m

[41m[1m FAIL [22m[49m src/views/onboardingRequest/cancel/__tests__/CancelRequestComponent.test.tsx[2m > [22mTest: The jwt exist and the request is correctly retrieved, cancel onboarding request flow is started and correcly deleted
[31m[1mAssertionError[22m: expected "fetchWithLogs" to be called 1 times, but got 0 times[39m
[36m [2m❯[22m src/views/onboardingRequest/cancel/__tests__/CancelRequestComponent.test.tsx:[2m116:28[22m[39m
    [90m114| [39m
    [90m115| [39m  expect(mockedLocation.assign).toHaveBeenCalledWith(ENV.URL_FE.LANDIN…
    [90m116| [39m  [34mexpect[39m(fetchWithLogsSpy)[33m.[39m[34mtoBeCalledTimes[39m([34m1[39m)[33m;[39m
    [90m   | [39m                           [31m^[39m
    [90m117| [39m})[33m;[39m
    [90m118| [39m

[31m[2m⎯⎯⎯⎯⎯⎯⎯⎯⎯⎯⎯⎯⎯⎯⎯⎯⎯⎯⎯⎯⎯⎯[58/58]⎯[22m[39m


[2m Test Files [22m [1m[31m12 failed[39m[22m[2m | [22m[1m[32m13 passed[39m[22m[90m (25)[39m
[2m      Tests [22m [1m[31m58 failed[39m[22m[2m | [22m[1m[32m79 passed[39m[22m[90m (137)[39m
[2m   Start at [22m 19:29:02
[2m   Duration [22m 1129.57s[2m (transform 113.71s, setup 10.21s, import 12096.46s, tests 162.88s, environment 51.01s)[22m

error Command failed with exit code 1.
info Visit https://yarnpkg.com/en/docs/cli/run for documentation about this command.
